2026-10-08 14:28:09,381 INFO o.a.j.u.JMeterUtils: Setting Locale to en_EN
2026-10-08 14:28:09,394 INFO o.a.j.JMeter: Loading user properties from: /Users/ridwan/Downloads/apache-jmeter-5.6.3/bin/user.properties
2026-10-08 14:28:09,394 INFO o.a.j.JMeter: Loading system properties from: /Users/ridwan/Downloads/apache-jmeter-5.6.3/bin/system.properties
2026-10-08 14:28:09,394 INFO o.a.j.JMeter: Loading additional properties from: /Users/ridwan/Documents/GitHub/ICT3113_A1_P1-3/loadtest/triage.properties
2026-10-08 14:28:09,395 INFO o.a.j.JMeter: Setting JMeter property: host=172.20.10.2
2026-10-08 14:28:09,395 INFO o.a.j.JMeter: Setting JMeter property: port=8000
2026-10-08 14:28:09,395 INFO o.a.j.JMeter: Setting JMeter property: rate=1.45
2026-10-08 14:28:09,395 INFO o.a.j.JMeter: Setting JMeter property: rate_end=1.45
2026-10-08 14:28:09,395 INFO o.a.j.JMeter: Setting JMeter property: search_rate=2.9
2026-10-08 14:28:09,395 INFO o.a.j.JMeter: Setting JMeter property: duration=10
2026-10-08 14:28:09,395 INFO o.a.j.JMeter: Setting JMeter property: drain=5
2026-10-08 14:28:09,395 INFO o.a.j.JMeter: Setting JMeter property: timeout_ms=600000
2026-10-08 14:28:09,395 INFO o.a.j.JMeter: Setting JMeter property: data=/Users/ridwan/Documents/GitHub/ICT3113_A1_P1-3/loadtest/data/tickets.tsv
2026-10-08 14:28:09,398 INFO o.a.j.JMeter: Copyright (c) 1998-2024 The Apache Software Foundation
2026-10-08 14:28:09,398 INFO o.a.j.JMeter: Version 5.6.3
2026-10-08 14:28:09,398 INFO o.a.j.JMeter: java.version=17.0.17
2026-10-08 14:28:09,398 INFO o.a.j.JMeter: java.vm.name=OpenJDK 64-Bit Server VM
2026-10-08 14:28:09,398 INFO o.a.j.JMeter: os.name=Mac OS X
2026-10-08 14:28:09,398 INFO o.a.j.JMeter: os.arch=aarch64
2026-10-08 14:28:09,398 INFO o.a.j.JMeter: os.version=26.5
2026-10-08 14:28:09,398 INFO o.a.j.JMeter: file.encoding=UTF-8
2026-10-08 14:28:09,398 INFO o.a.j.JMeter: java.awt.headless=true
2026-10-08 14:28:09,398 INFO o.a.j.JMeter: Max memory     =1073741824
2026-10-08 14:28:09,398 INFO o.a.j.JMeter: Available Processors =10
2026-10-08 14:28:09,402 INFO o.a.j.JMeter: Default Locale=English (EN)
2026-10-08 14:28:09,402 INFO o.a.j.JMeter: JMeter  Locale=English (EN)
2026-10-08 14:28:09,402 INFO o.a.j.JMeter: JMeterHome=/Users/ridwan/Downloads/apache-jmeter-5.6.3
2026-10-08 14:28:09,402 INFO o.a.j.JMeter: user.dir  =/Users/ridwan/Documents/GitHub/ICT3113_A1_P1-3
2026-10-08 14:28:09,402 INFO o.a.j.JMeter: PWD       =/Users/ridwan/Documents/GitHub/ICT3113_A1_P1-3
2026-10-08 14:28:09,404 INFO o.a.j.JMeter: IP: 127.0.0.1 Name: Muhammads-MacBook-Air-4.local FullName: localhost
2026-10-08 14:28:09,410 INFO o.a.j.s.FileServer: Default base='/Users/ridwan/Documents/GitHub/ICT3113_A1_P1-3'
2026-10-08 14:28:09,411 INFO o.a.j.s.FileServer: Set new base='/Users/ridwan/Documents/GitHub/ICT3113_A1_P1-3/loadtest'
2026-10-08 14:28:09,475 INFO o.a.j.s.SaveService: Testplan (JMX) version: 2.2. Testlog (JTL) version: 2.2
2026-10-08 14:28:09,487 INFO o.a.j.s.SaveService: Using SaveService properties version 5.0
2026-10-08 14:28:09,488 INFO o.a.j.s.SaveService: Using SaveService properties file encoding UTF-8
2026-10-08 14:28:09,489 INFO o.a.j.s.SaveService: Loading file: /Users/ridwan/Documents/GitHub/ICT3113_A1_P1-3/loadtest/triage.jmx
2026-10-08 14:28:09,516 INFO o.a.j.p.h.s.HTTPSamplerBase: Parser for text/html is org.apache.jmeter.protocol.http.parser.LagartoBasedHtmlParser
2026-10-08 14:28:09,517 INFO o.a.j.p.h.s.HTTPSamplerBase: Parser for application/xhtml+xml is org.apache.jmeter.protocol.http.parser.LagartoBasedHtmlParser
2026-10-08 14:28:09,517 INFO o.a.j.p.h.s.HTTPSamplerBase: Parser for application/xml is org.apache.jmeter.protocol.http.parser.LagartoBasedHtmlParser
2026-10-08 14:28:09,517 INFO o.a.j.p.h.s.HTTPSamplerBase: Parser for text/xml is org.apache.jmeter.protocol.http.parser.LagartoBasedHtmlParser
2026-10-08 14:28:09,517 INFO o.a.j.p.h.s.HTTPSamplerBase: Parser for text/vnd.wap.wml is org.apache.jmeter.protocol.http.parser.RegexpHTMLParser
2026-10-08 14:28:09,517 INFO o.a.j.p.h.s.HTTPSamplerBase: Parser for text/css is org.apache.jmeter.protocol.http.parser.CssParser
2026-10-08 14:28:09,523 INFO o.a.j.JMeter: Creating summariser <summary>
2026-10-08 14:28:09,530 INFO o.a.j.e.StandardJMeterEngine: Running the test!
2026-10-08 14:28:09,530 INFO o.a.j.s.SampleEvent: List of sample_variables: [rid, row]
2026-10-08 14:28:09,530 INFO o.a.j.s.SampleEvent: List of sample_variables: [rid, row]
2026-10-08 14:28:09,532 INFO o.a.j.e.u.CompoundVariable: Note: Function class names must contain the string: '.functions.'
2026-10-08 14:28:09,532 INFO o.a.j.e.u.CompoundVariable: Note: Function class names must not contain the string: '.gui.'
2026-10-08 14:28:09,675 INFO o.a.j.JMeter: Running test (1791440889675)
2026-10-08 14:28:09,683 INFO o.a.j.e.StandardJMeterEngine: Starting ThreadGroup: 1 : Ticket intake (POST /tickets)
2026-10-08 14:28:09,683 INFO o.a.j.e.StandardJMeterEngine: Starting 0 threads for group Ticket intake (POST /tickets).
2026-10-08 14:28:09,683 INFO o.a.j.e.StandardJMeterEngine: Thread will continue on error
2026-10-08 14:28:09,683 INFO o.a.j.t.o.OpenModelThreadGroup: Starting OpenModelThreadGroup#1 with schedule rate(1.45/min) random_arrivals(10 min) rate(1.45/min) pause(5 min)
2026-10-08 14:28:09,697 INFO o.a.j.e.StandardJMeterEngine: Starting ThreadGroup: 2 : Agent searches (GET /search)
2026-10-08 14:28:09,697 INFO o.a.j.e.StandardJMeterEngine: Starting 0 threads for group Agent searches (GET /search).
2026-10-08 14:28:09,697 INFO o.a.j.e.StandardJMeterEngine: Thread will continue on error
2026-10-08 14:28:09,697 INFO o.a.j.t.o.OpenModelThreadGroup: Thread starting init
2026-10-08 14:28:09,697 INFO o.a.j.t.o.OpenModelThreadGroup: Starting OpenModelThreadGroup#2 with schedule rate(2.9/min) random_arrivals(10 min) rate(2.9/min) pause(5 min)
2026-10-08 14:28:09,697 INFO o.a.j.e.StandardJMeterEngine: All thread groups have been started
2026-10-08 14:28:09,697 INFO o.a.j.t.o.OpenModelThreadGroup: Thread starting init
2026-10-08 14:28:09,698 INFO o.a.j.t.o.PoissonArrivalsRamp: Generating 29 events, beginRate = 0.04833333333333333 / sec, endRate = 0.04833333333333333 / sec, duration = 600.0 sec
2026-10-08 14:28:09,698 INFO o.a.j.t.o.PoissonArrivalsRamp: Generating 14 events, beginRate = 0.024166666666666666 / sec, endRate = 0.024166666666666666 / sec, duration = 600.0 sec
2026-10-08 14:28:27,222 INFO o.a.j.t.JMeterThread: Thread started: Agent searches (GET /search) 2-1
2026-10-08 14:28:27,441 INFO o.a.j.p.h.s.HTTPHCAbstractImpl: Local host = Muhammads-MacBook-Air-4.local
2026-10-08 14:28:27,443 INFO o.a.j.p.h.s.HTTPHC4Impl: HTTP request retry count = 0
2026-10-08 14:28:27,443 INFO o.a.j.s.SampleResult: Note: Sample TimeStamps are START times
2026-10-08 14:28:27,443 INFO o.a.j.s.SampleResult: sampleresult.default.encoding is set to UTF-8
2026-10-08 14:28:27,443 INFO o.a.j.s.SampleResult: sampleresult.useNanoTime=true
2026-10-08 14:28:27,443 INFO o.a.j.s.SampleResult: sampleresult.nanoThreadSleep=5000
2026-10-08 14:28:27,573 INFO o.a.j.t.JMeterThread: Thread is done: Agent searches (GET /search) 2-1
2026-10-08 14:28:27,573 INFO o.a.j.t.JMeterThread: Thread finished: Agent searches (GET /search) 2-1
2026-10-08 14:28:32,418 INFO o.a.j.t.JMeterThread: Thread started: Ticket intake (POST /tickets) 1-1
2026-10-08 14:28:32,419 INFO o.a.j.s.FileServer: Stored: /Users/ridwan/Documents/GitHub/ICT3113_A1_P1-3/loadtest/data/tickets.tsv
2026-10-08 14:28:34,431 INFO o.a.j.r.Summariser: summary +      2 in 00:00:25 =    0.1/s Avg:  1052 Min:   111 Max:  1994 Err:     0 (0.00%) Active: 1 Started: 2 Finished: 1
2026-10-08 14:28:34,431 INFO o.a.j.t.JMeterThread: Thread is done: Ticket intake (POST /tickets) 1-1
2026-10-08 14:28:34,431 INFO o.a.j.t.JMeterThread: Thread finished: Ticket intake (POST /tickets) 1-1
2026-10-08 14:28:38,934 INFO o.a.j.t.JMeterThread: Thread started: Agent searches (GET /search) 2-2
2026-10-08 14:28:39,040 INFO o.a.j.t.JMeterThread: Thread is done: Agent searches (GET /search) 2-2
2026-10-08 14:28:39,040 INFO o.a.j.t.JMeterThread: Thread finished: Agent searches (GET /search) 2-2
2026-10-08 14:28:48,958 INFO o.a.j.t.JMeterThread: Thread started: Ticket intake (POST /tickets) 1-2
2026-10-08 14:28:52,929 INFO o.a.j.t.JMeterThread: Thread is done: Ticket intake (POST /tickets) 1-2
2026-10-08 14:28:52,930 INFO o.a.j.t.JMeterThread: Thread finished: Ticket intake (POST /tickets) 1-2
2026-10-08 14:29:07,136 INFO o.a.j.t.JMeterThread: Thread started: Agent searches (GET /search) 2-3
2026-10-08 14:29:07,195 INFO o.a.j.t.JMeterThread: Thread is done: Agent searches (GET /search) 2-3
2026-10-08 14:29:07,195 INFO o.a.j.t.JMeterThread: Thread finished: Agent searches (GET /search) 2-3
2026-10-08 14:29:10,992 INFO o.a.j.t.JMeterThread: Thread started: Agent searches (GET /search) 2-4
2026-10-08 14:29:11,099 INFO o.a.j.t.JMeterThread: Thread is done: Agent searches (GET /search) 2-4
2026-10-08 14:29:11,100 INFO o.a.j.t.JMeterThread: Thread finished: Agent searches (GET /search) 2-4
2026-10-08 14:29:16,160 INFO o.a.j.t.JMeterThread: Thread started: Agent searches (GET /search) 2-5
2026-10-08 14:29:16,238 INFO o.a.j.t.JMeterThread: Thread is done: Agent searches (GET /search) 2-5
2026-10-08 14:29:16,239 INFO o.a.j.t.JMeterThread: Thread finished: Agent searches (GET /search) 2-5
2026-10-08 14:29:33,055 INFO o.a.j.t.JMeterThread: Thread started: Ticket intake (POST /tickets) 1-3
2026-10-08 14:29:36,212 INFO o.a.j.t.JMeterThread: Thread started: Agent searches (GET /search) 2-6
2026-10-08 14:29:36,278 INFO o.a.j.t.JMeterThread: Thread is done: Agent searches (GET /search) 2-6
2026-10-08 14:29:36,278 INFO o.a.j.t.JMeterThread: Thread finished: Agent searches (GET /search) 2-6
2026-10-08 14:29:38,611 INFO o.a.j.t.JMeterThread: Thread is done: Ticket intake (POST /tickets) 1-3
2026-10-08 14:29:38,611 INFO o.a.j.t.JMeterThread: Thread finished: Ticket intake (POST /tickets) 1-3
2026-10-08 14:29:45,173 INFO o.a.j.t.JMeterThread: Thread started: Ticket intake (POST /tickets) 1-4
2026-10-08 14:29:47,745 INFO o.a.j.t.JMeterThread: Thread is done: Ticket intake (POST /tickets) 1-4
2026-10-08 14:29:47,745 INFO o.a.j.t.JMeterThread: Thread finished: Ticket intake (POST /tickets) 1-4
2026-10-08 14:30:25,472 INFO o.a.j.t.JMeterThread: Thread started: Agent searches (GET /search) 2-7
2026-10-08 14:30:25,530 INFO o.a.j.t.JMeterThread: Thread is done: Agent searches (GET /search) 2-7
2026-10-08 14:30:25,530 INFO o.a.j.t.JMeterThread: Thread finished: Agent searches (GET /search) 2-7
2026-10-08 14:30:41,846 INFO o.a.j.t.JMeterThread: Thread started: Ticket intake (POST /tickets) 1-5
2026-10-08 14:30:43,582 INFO o.a.j.t.JMeterThread: Thread is done: Ticket intake (POST /tickets) 1-5
2026-10-08 14:30:43,582 INFO o.a.j.t.JMeterThread: Thread finished: Ticket intake (POST /tickets) 1-5
2026-10-08 14:30:51,979 INFO o.a.j.t.JMeterThread: Thread started: Agent searches (GET /search) 2-8
2026-10-08 14:30:52,010 INFO o.a.j.t.JMeterThread: Thread is done: Agent searches (GET /search) 2-8
2026-10-08 14:30:52,010 INFO o.a.j.t.JMeterThread: Thread finished: Agent searches (GET /search) 2-8
2026-10-08 14:30:52,659 INFO o.a.j.t.JMeterThread: Thread started: Agent searches (GET /search) 2-9
2026-10-08 14:30:52,715 INFO o.a.j.t.JMeterThread: Thread is done: Agent searches (GET /search) 2-9
2026-10-08 14:30:52,715 INFO o.a.j.t.JMeterThread: Thread finished: Agent searches (GET /search) 2-9
2026-10-08 14:31:25,415 INFO o.a.j.t.JMeterThread: Thread started: Agent searches (GET /search) 2-10
2026-10-08 14:31:25,474 INFO o.a.j.t.JMeterThread: Thread is done: Agent searches (GET /search) 2-10
2026-10-08 14:31:25,474 INFO o.a.j.t.JMeterThread: Thread finished: Agent searches (GET /search) 2-10
2026-10-08 14:31:35,268 INFO o.a.j.t.JMeterThread: Thread started: Agent searches (GET /search) 2-11
2026-10-08 14:31:35,331 INFO o.a.j.r.Summariser: summary +     14 in 00:03:01 =    0.1/s Avg:  1032 Min:    27 Max:  5552 Err:     0 (0.00%) Active: 1 Started: 16 Finished: 15
2026-10-08 14:31:35,332 INFO o.a.j.r.Summariser: summary =     16 in 00:03:26 =    0.1/s Avg:  1035 Min:    27 Max:  5552 Err:     0 (0.00%)
2026-10-08 14:31:35,333 INFO o.a.j.t.JMeterThread: Thread is done: Agent searches (GET /search) 2-11
2026-10-08 14:31:35,333 INFO o.a.j.t.JMeterThread: Thread finished: Agent searches (GET /search) 2-11
2026-10-08 14:31:36,355 INFO o.a.j.t.JMeterThread: Thread started: Ticket intake (POST /tickets) 1-6
2026-10-08 14:31:39,735 INFO o.a.j.t.JMeterThread: Thread is done: Ticket intake (POST /tickets) 1-6
2026-10-08 14:31:39,735 INFO o.a.j.t.JMeterThread: Thread finished: Ticket intake (POST /tickets) 1-6
2026-10-08 14:32:12,220 INFO o.a.j.t.JMeterThread: Thread started: Agent searches (GET /search) 2-12
2026-10-08 14:32:12,262 INFO o.a.j.t.JMeterThread: Thread is done: Agent searches (GET /search) 2-12
2026-10-08 14:32:12,262 INFO o.a.j.t.JMeterThread: Thread finished: Agent searches (GET /search) 2-12
2026-10-08 14:32:40,164 INFO o.a.j.t.JMeterThread: Thread started: Agent searches (GET /search) 2-13
2026-10-08 14:32:40,217 INFO o.a.j.t.JMeterThread: Thread is done: Agent searches (GET /search) 2-13
2026-10-08 14:32:40,217 INFO o.a.j.t.JMeterThread: Thread finished: Agent searches (GET /search) 2-13
2026-10-08 14:32:57,108 INFO o.a.j.t.JMeterThread: Thread started: Ticket intake (POST /tickets) 1-7
2026-10-08 14:32:59,603 INFO o.a.j.t.JMeterThread: Thread is done: Ticket intake (POST /tickets) 1-7
2026-10-08 14:32:59,603 INFO o.a.j.t.JMeterThread: Thread finished: Ticket intake (POST /tickets) 1-7
2026-10-08 14:33:12,600 INFO o.a.j.t.JMeterThread: Thread started: Ticket intake (POST /tickets) 1-8
2026-10-08 14:33:17,015 INFO o.a.j.t.JMeterThread: Thread is done: Ticket intake (POST /tickets) 1-8
2026-10-08 14:33:17,015 INFO o.a.j.t.JMeterThread: Thread finished: Ticket intake (POST /tickets) 1-8
2026-10-08 14:33:23,549 INFO o.a.j.t.JMeterThread: Thread started: Agent searches (GET /search) 2-14
2026-10-08 14:33:23,710 INFO o.a.j.t.JMeterThread: Thread is done: Agent searches (GET /search) 2-14
2026-10-08 14:33:23,711 INFO o.a.j.t.JMeterThread: Thread finished: Agent searches (GET /search) 2-14
2026-10-08 14:33:31,731 INFO o.a.j.t.JMeterThread: Thread started: Agent searches (GET /search) 2-15
2026-10-08 14:33:31,796 INFO o.a.j.r.Summariser: summary +      7 in 00:01:56 =    0.1/s Avg:  1511 Min:    37 Max:  4410 Err:     0 (0.00%) Active: 1 Started: 23 Finished: 22
2026-10-08 14:33:31,797 INFO o.a.j.r.Summariser: summary =     23 in 00:05:22 =    0.1/s Avg:  1180 Min:    27 Max:  5552 Err:     0 (0.00%)
2026-10-08 14:33:31,797 INFO o.a.j.t.JMeterThread: Thread is done: Agent searches (GET /search) 2-15
2026-10-08 14:33:31,797 INFO o.a.j.t.JMeterThread: Thread finished: Agent searches (GET /search) 2-15
2026-10-08 14:33:44,353 INFO o.a.j.t.JMeterThread: Thread started: Agent searches (GET /search) 2-16
2026-10-08 14:33:44,494 INFO o.a.j.t.JMeterThread: Thread is done: Agent searches (GET /search) 2-16
2026-10-08 14:33:44,494 INFO o.a.j.t.JMeterThread: Thread finished: Agent searches (GET /search) 2-16
2026-10-08 14:33:48,230 INFO o.a.j.t.JMeterThread: Thread started: Ticket intake (POST /tickets) 1-9
2026-10-08 14:33:52,523 INFO o.a.j.t.JMeterThread: Thread is done: Ticket intake (POST /tickets) 1-9
2026-10-08 14:33:52,523 INFO o.a.j.t.JMeterThread: Thread finished: Ticket intake (POST /tickets) 1-9
2026-10-08 14:34:06,932 INFO o.a.j.t.JMeterThread: Thread started: Ticket intake (POST /tickets) 1-10
2026-10-08 14:34:07,596 INFO o.a.j.t.JMeterThread: Thread started: Ticket intake (POST /tickets) 1-11
2026-10-08 14:34:08,409 INFO o.a.j.t.JMeterThread: Thread is done: Ticket intake (POST /tickets) 1-10
2026-10-08 14:34:08,409 INFO o.a.j.t.JMeterThread: Thread finished: Ticket intake (POST /tickets) 1-10
2026-10-08 14:34:12,823 INFO o.a.j.t.JMeterThread: Thread is done: Ticket intake (POST /tickets) 1-11
2026-10-08 14:34:12,824 INFO o.a.j.t.JMeterThread: Thread finished: Ticket intake (POST /tickets) 1-11
2026-10-08 14:35:01,896 INFO o.a.j.t.JMeterThread: Thread started: Agent searches (GET /search) 2-17
2026-10-08 14:35:02,010 INFO o.a.j.r.Summariser: summary +      5 in 00:01:30 =    0.1/s Avg:  2246 Min:   110 Max:  5224 Err:     0 (0.00%) Active: 1 Started: 28 Finished: 27
2026-10-08 14:35:02,011 INFO o.a.j.r.Summariser: summary =     28 in 00:06:52 =    0.1/s Avg:  1370 Min:    27 Max:  5552 Err:     0 (0.00%)
2026-10-08 14:35:02,011 INFO o.a.j.t.JMeterThread: Thread is done: Agent searches (GET /search) 2-17
2026-10-08 14:35:02,011 INFO o.a.j.t.JMeterThread: Thread finished: Agent searches (GET /search) 2-17
2026-10-08 14:35:06,818 INFO o.a.j.t.JMeterThread: Thread started: Agent searches (GET /search) 2-18
2026-10-08 14:35:06,926 INFO o.a.j.t.JMeterThread: Thread is done: Agent searches (GET /search) 2-18
2026-10-08 14:35:06,927 INFO o.a.j.t.JMeterThread: Thread finished: Agent searches (GET /search) 2-18
2026-10-08 14:35:29,642 INFO o.a.j.t.JMeterThread: Thread started: Agent searches (GET /search) 2-19
2026-10-08 14:35:29,761 INFO o.a.j.t.JMeterThread: Thread is done: Agent searches (GET /search) 2-19
2026-10-08 14:35:29,761 INFO o.a.j.t.JMeterThread: Thread finished: Agent searches (GET /search) 2-19
2026-10-08 14:35:32,845 INFO o.a.j.t.JMeterThread: Thread started: Agent searches (GET /search) 2-20
2026-10-08 14:35:32,936 INFO o.a.j.r.Summariser: summary +      3 in 00:00:31 =    0.1/s Avg:   102 Min:    87 Max:   115 Err:     0 (0.00%) Active: 1 Started: 31 Finished: 30
2026-10-08 14:35:32,937 INFO o.a.j.r.Summariser: summary =     31 in 00:07:23 =    0.1/s Avg:  1247 Min:    27 Max:  5552 Err:     0 (0.00%)
2026-10-08 14:35:32,937 INFO o.a.j.t.JMeterThread: Thread is done: Agent searches (GET /search) 2-20
2026-10-08 14:35:32,937 INFO o.a.j.t.JMeterThread: Thread finished: Agent searches (GET /search) 2-20
2026-10-08 14:35:39,828 INFO o.a.j.t.JMeterThread: Thread started: Agent searches (GET /search) 2-21
2026-10-08 14:35:39,902 INFO o.a.j.t.JMeterThread: Thread is done: Agent searches (GET /search) 2-21
2026-10-08 14:35:39,903 INFO o.a.j.t.JMeterThread: Thread finished: Agent searches (GET /search) 2-21
2026-10-08 14:35:48,798 INFO o.a.j.t.JMeterThread: Thread started: Agent searches (GET /search) 2-22
2026-10-08 14:35:48,909 INFO o.a.j.t.JMeterThread: Thread is done: Agent searches (GET /search) 2-22
2026-10-08 14:35:48,910 INFO o.a.j.t.JMeterThread: Thread finished: Agent searches (GET /search) 2-22
2026-10-08 14:36:13,633 INFO o.a.j.t.JMeterThread: Thread started: Agent searches (GET /search) 2-23
2026-10-08 14:36:13,862 INFO o.a.j.t.JMeterThread: Thread is done: Agent searches (GET /search) 2-23
2026-10-08 14:36:13,863 INFO o.a.j.t.JMeterThread: Thread finished: Agent searches (GET /search) 2-23
2026-10-08 14:36:16,971 INFO o.a.j.t.JMeterThread: Thread started: Agent searches (GET /search) 2-24
2026-10-08 14:36:17,137 INFO o.a.j.t.JMeterThread: Thread is done: Agent searches (GET /search) 2-24
2026-10-08 14:36:17,137 INFO o.a.j.t.JMeterThread: Thread finished: Agent searches (GET /search) 2-24
2026-10-08 14:36:18,935 INFO o.a.j.t.JMeterThread: Thread started: Agent searches (GET /search) 2-25
2026-10-08 14:36:19,018 INFO o.a.j.t.JMeterThread: Thread is done: Agent searches (GET /search) 2-25
2026-10-08 14:36:19,019 INFO o.a.j.t.JMeterThread: Thread finished: Agent searches (GET /search) 2-25
2026-10-08 14:37:15,597 INFO o.a.j.t.JMeterThread: Thread started: Ticket intake (POST /tickets) 1-12
2026-10-08 14:37:18,561 INFO o.a.j.t.JMeterThread: Thread started: Ticket intake (POST /tickets) 1-13
2026-10-08 14:37:18,974 INFO o.a.j.t.JMeterThread: Thread is done: Ticket intake (POST /tickets) 1-12
2026-10-08 14:37:18,975 INFO o.a.j.t.JMeterThread: Thread finished: Ticket intake (POST /tickets) 1-12
2026-10-08 14:37:20,513 INFO o.a.j.t.JMeterThread: Thread is done: Ticket intake (POST /tickets) 1-13
2026-10-08 14:37:20,513 INFO o.a.j.t.JMeterThread: Thread finished: Ticket intake (POST /tickets) 1-13
2026-10-08 14:37:30,858 INFO o.a.j.t.JMeterThread: Thread started: Agent searches (GET /search) 2-26
2026-10-08 14:37:31,009 INFO o.a.j.r.Summariser: summary +      8 in 00:01:58 =    0.1/s Avg:   764 Min:    70 Max:  3372 Err:     0 (0.00%) Active: 1 Started: 39 Finished: 38
2026-10-08 14:37:31,010 INFO o.a.j.r.Summariser: summary =     39 in 00:09:21 =    0.1/s Avg:  1148 Min:    27 Max:  5552 Err:     0 (0.00%)
2026-10-08 14:37:31,010 INFO o.a.j.t.JMeterThread: Thread is done: Agent searches (GET /search) 2-26
2026-10-08 14:37:31,011 INFO o.a.j.t.JMeterThread: Thread finished: Agent searches (GET /search) 2-26
2026-10-08 14:37:40,161 INFO o.a.j.t.JMeterThread: Thread started: Agent searches (GET /search) 2-27
2026-10-08 14:37:40,251 INFO o.a.j.t.JMeterThread: Thread is done: Agent searches (GET /search) 2-27
2026-10-08 14:37:40,251 INFO o.a.j.t.JMeterThread: Thread finished: Agent searches (GET /search) 2-27
2026-10-08 14:37:46,842 INFO o.a.j.t.JMeterThread: Thread started: Agent searches (GET /search) 2-28
2026-10-08 14:37:47,013 INFO o.a.j.t.JMeterThread: Thread is done: Agent searches (GET /search) 2-28
2026-10-08 14:37:47,013 INFO o.a.j.t.JMeterThread: Thread finished: Agent searches (GET /search) 2-28
2026-10-08 14:37:47,360 INFO o.a.j.t.o.EvenArrivalsRamp: Generating 0 events, beginRate = 0.0 / sec, endRate = 0.0 / sec, duration = 300.0 sec
2026-10-08 14:37:47,360 INFO o.a.j.t.JMeterThread: Thread started: Ticket intake (POST /tickets) 1-14
2026-10-08 14:37:47,360 INFO o.a.j.t.o.OpenModelThreadGroup: There will be no more events, so will wait for 322 sec till the end of the schedule
2026-10-08 14:37:50,511 INFO o.a.j.t.JMeterThread: Thread is done: Ticket intake (POST /tickets) 1-14
2026-10-08 14:37:50,511 INFO o.a.j.t.JMeterThread: Thread finished: Ticket intake (POST /tickets) 1-14
2026-10-08 14:38:04,445 INFO o.a.j.t.o.EvenArrivalsRamp: Generating 0 events, beginRate = 0.0 / sec, endRate = 0.0 / sec, duration = 300.0 sec
2026-10-08 14:38:04,445 INFO o.a.j.t.JMeterThread: Thread started: Agent searches (GET /search) 2-29
2026-10-08 14:38:04,446 INFO o.a.j.t.o.OpenModelThreadGroup: There will be no more events, so will wait for 305 sec till the end of the schedule
2026-10-08 14:38:04,692 INFO o.a.j.r.Summariser: summary +      4 in 00:00:34 =    0.1/s Avg:   910 Min:    85 Max:  3148 Err:     0 (0.00%) Active: 1 Started: 43 Finished: 42
2026-10-08 14:38:04,692 INFO o.a.j.r.Summariser: summary =     43 in 00:09:55 =    0.1/s Avg:  1126 Min:    27 Max:  5552 Err:     0 (0.00%)
2026-10-08 14:38:04,693 INFO o.a.j.t.JMeterThread: Thread is done: Agent searches (GET /search) 2-29
2026-10-08 14:38:04,693 INFO o.a.j.t.JMeterThread: Thread finished: Agent searches (GET /search) 2-29
2026-10-08 14:43:09,513 INFO o.a.j.t.o.OpenModelThreadGroup: There will be no more events, will shutdown the thread pool
2026-10-08 14:43:09,513 INFO o.a.j.t.o.OpenModelThreadGroup: There will be no more events, will shutdown the thread pool
2026-10-08 14:43:09,515 INFO o.a.j.t.o.OpenModelThreadGroup: Thread starting done
2026-10-08 14:43:09,515 INFO o.a.j.t.o.OpenModelThreadGroup: Thread starting done
2026-10-08 14:43:09,515 INFO o.a.j.e.StandardJMeterEngine: Notifying test listeners of end of test
2026-10-08 14:43:09,516 INFO o.a.j.s.FileServer: Close: /Users/ridwan/Documents/GitHub/ICT3113_A1_P1-3/loadtest/data/tickets.tsv
2026-10-08 14:43:09,521 INFO o.a.j.r.Summariser: summary =     43 in 00:15:00 =    0.0/s Avg:  1126 Min:    27 Max:  5552 Err:     0 (0.00%)
2026-10-08 14:43:09,521 INFO o.a.j.e.StandardJMeterEngine: Forced JVM shutdown requested at end of test
