2026-10-08 14:53:25,097 INFO o.a.j.u.JMeterUtils: Setting Locale to en_EN
2026-10-08 14:53:25,107 INFO o.a.j.JMeter: Loading user properties from: /Users/ridwan/Downloads/apache-jmeter-5.6.3/bin/user.properties
2026-10-08 14:53:25,107 INFO o.a.j.JMeter: Loading system properties from: /Users/ridwan/Downloads/apache-jmeter-5.6.3/bin/system.properties
2026-10-08 14:53:25,107 INFO o.a.j.JMeter: Loading additional properties from: /Users/ridwan/Documents/GitHub/ICT3113_A1_P1-3/loadtest/triage.properties
2026-10-08 14:53:25,107 INFO o.a.j.JMeter: Setting JMeter property: host=172.20.10.2
2026-10-08 14:53:25,107 INFO o.a.j.JMeter: Setting JMeter property: port=8000
2026-10-08 14:53:25,107 INFO o.a.j.JMeter: Setting JMeter property: rate=1.45
2026-10-08 14:53:25,107 INFO o.a.j.JMeter: Setting JMeter property: rate_end=1.45
2026-10-08 14:53:25,107 INFO o.a.j.JMeter: Setting JMeter property: search_rate=2.9
2026-10-08 14:53:25,108 INFO o.a.j.JMeter: Setting JMeter property: duration=10
2026-10-08 14:53:25,108 INFO o.a.j.JMeter: Setting JMeter property: drain=5
2026-10-08 14:53:25,108 INFO o.a.j.JMeter: Setting JMeter property: timeout_ms=600000
2026-10-08 14:53:25,108 INFO o.a.j.JMeter: Setting JMeter property: data=/Users/ridwan/Documents/GitHub/ICT3113_A1_P1-3/loadtest/data/tickets.tsv
2026-10-08 14:53:25,110 INFO o.a.j.JMeter: Copyright (c) 1998-2024 The Apache Software Foundation
2026-10-08 14:53:25,110 INFO o.a.j.JMeter: Version 5.6.3
2026-10-08 14:53:25,110 INFO o.a.j.JMeter: java.version=17.0.17
2026-10-08 14:53:25,110 INFO o.a.j.JMeter: java.vm.name=OpenJDK 64-Bit Server VM
2026-10-08 14:53:25,110 INFO o.a.j.JMeter: os.name=Mac OS X
2026-10-08 14:53:25,110 INFO o.a.j.JMeter: os.arch=aarch64
2026-10-08 14:53:25,110 INFO o.a.j.JMeter: os.version=26.5
2026-10-08 14:53:25,110 INFO o.a.j.JMeter: file.encoding=UTF-8
2026-10-08 14:53:25,110 INFO o.a.j.JMeter: java.awt.headless=true
2026-10-08 14:53:25,110 INFO o.a.j.JMeter: Max memory     =1073741824
2026-10-08 14:53:25,110 INFO o.a.j.JMeter: Available Processors =10
2026-10-08 14:53:25,114 INFO o.a.j.JMeter: Default Locale=English (EN)
2026-10-08 14:53:25,114 INFO o.a.j.JMeter: JMeter  Locale=English (EN)
2026-10-08 14:53:25,114 INFO o.a.j.JMeter: JMeterHome=/Users/ridwan/Downloads/apache-jmeter-5.6.3
2026-10-08 14:53:25,114 INFO o.a.j.JMeter: user.dir  =/Users/ridwan/Documents/GitHub/ICT3113_A1_P1-3
2026-10-08 14:53:25,114 INFO o.a.j.JMeter: PWD       =/Users/ridwan/Documents/GitHub/ICT3113_A1_P1-3
2026-10-08 14:53:25,116 INFO o.a.j.JMeter: IP: 127.0.0.1 Name: Muhammads-MacBook-Air-4.local FullName: localhost
2026-10-08 14:53:25,122 INFO o.a.j.s.FileServer: Default base='/Users/ridwan/Documents/GitHub/ICT3113_A1_P1-3'
2026-10-08 14:53:25,123 INFO o.a.j.s.FileServer: Set new base='/Users/ridwan/Documents/GitHub/ICT3113_A1_P1-3/loadtest'
2026-10-08 14:53:25,185 INFO o.a.j.s.SaveService: Testplan (JMX) version: 2.2. Testlog (JTL) version: 2.2
2026-10-08 14:53:25,198 INFO o.a.j.s.SaveService: Using SaveService properties version 5.0
2026-10-08 14:53:25,198 INFO o.a.j.s.SaveService: Using SaveService properties file encoding UTF-8
2026-10-08 14:53:25,199 INFO o.a.j.s.SaveService: Loading file: /Users/ridwan/Documents/GitHub/ICT3113_A1_P1-3/loadtest/triage.jmx
2026-10-08 14:53:25,227 INFO o.a.j.p.h.s.HTTPSamplerBase: Parser for text/html is org.apache.jmeter.protocol.http.parser.LagartoBasedHtmlParser
2026-10-08 14:53:25,227 INFO o.a.j.p.h.s.HTTPSamplerBase: Parser for application/xhtml+xml is org.apache.jmeter.protocol.http.parser.LagartoBasedHtmlParser
2026-10-08 14:53:25,227 INFO o.a.j.p.h.s.HTTPSamplerBase: Parser for application/xml is org.apache.jmeter.protocol.http.parser.LagartoBasedHtmlParser
2026-10-08 14:53:25,227 INFO o.a.j.p.h.s.HTTPSamplerBase: Parser for text/xml is org.apache.jmeter.protocol.http.parser.LagartoBasedHtmlParser
2026-10-08 14:53:25,227 INFO o.a.j.p.h.s.HTTPSamplerBase: Parser for text/vnd.wap.wml is org.apache.jmeter.protocol.http.parser.RegexpHTMLParser
2026-10-08 14:53:25,227 INFO o.a.j.p.h.s.HTTPSamplerBase: Parser for text/css is org.apache.jmeter.protocol.http.parser.CssParser
2026-10-08 14:53:25,234 INFO o.a.j.JMeter: Creating summariser <summary>
2026-10-08 14:53:25,240 INFO o.a.j.e.StandardJMeterEngine: Running the test!
2026-10-08 14:53:25,241 INFO o.a.j.s.SampleEvent: List of sample_variables: [rid, row]
2026-10-08 14:53:25,241 INFO o.a.j.s.SampleEvent: List of sample_variables: [rid, row]
2026-10-08 14:53:25,242 INFO o.a.j.e.u.CompoundVariable: Note: Function class names must contain the string: '.functions.'
2026-10-08 14:53:25,242 INFO o.a.j.e.u.CompoundVariable: Note: Function class names must not contain the string: '.gui.'
2026-10-08 14:53:25,334 INFO o.a.j.JMeter: Running test (1791442405334)
2026-10-08 14:53:25,342 INFO o.a.j.e.StandardJMeterEngine: Starting ThreadGroup: 1 : Ticket intake (POST /tickets)
2026-10-08 14:53:25,342 INFO o.a.j.e.StandardJMeterEngine: Starting 0 threads for group Ticket intake (POST /tickets).
2026-10-08 14:53:25,342 INFO o.a.j.e.StandardJMeterEngine: Thread will continue on error
2026-10-08 14:53:25,342 INFO o.a.j.t.o.OpenModelThreadGroup: Starting OpenModelThreadGroup#1 with schedule rate(1.45/min) random_arrivals(10 min) rate(1.45/min) pause(5 min)
2026-10-08 14:53:25,356 INFO o.a.j.e.StandardJMeterEngine: Starting ThreadGroup: 2 : Agent searches (GET /search)
2026-10-08 14:53:25,356 INFO o.a.j.e.StandardJMeterEngine: Starting 0 threads for group Agent searches (GET /search).
2026-10-08 14:53:25,356 INFO o.a.j.e.StandardJMeterEngine: Thread will continue on error
2026-10-08 14:53:25,356 INFO o.a.j.t.o.OpenModelThreadGroup: Thread starting init
2026-10-08 14:53:25,356 INFO o.a.j.t.o.OpenModelThreadGroup: Starting OpenModelThreadGroup#2 with schedule rate(2.9/min) random_arrivals(10 min) rate(2.9/min) pause(5 min)
2026-10-08 14:53:25,356 INFO o.a.j.e.StandardJMeterEngine: All thread groups have been started
2026-10-08 14:53:25,356 INFO o.a.j.t.o.OpenModelThreadGroup: Thread starting init
2026-10-08 14:53:25,357 INFO o.a.j.t.o.PoissonArrivalsRamp: Generating 29 events, beginRate = 0.04833333333333333 / sec, endRate = 0.04833333333333333 / sec, duration = 600.0 sec
2026-10-08 14:53:25,357 INFO o.a.j.t.o.PoissonArrivalsRamp: Generating 14 events, beginRate = 0.024166666666666666 / sec, endRate = 0.024166666666666666 / sec, duration = 600.0 sec
2026-10-08 14:53:51,367 INFO o.a.j.t.JMeterThread: Thread started: Agent searches (GET /search) 2-1
2026-10-08 14:53:51,626 INFO o.a.j.p.h.s.HTTPHCAbstractImpl: Local host = Muhammads-MacBook-Air-4.local
2026-10-08 14:53:51,628 INFO o.a.j.p.h.s.HTTPHC4Impl: HTTP request retry count = 0
2026-10-08 14:53:51,628 INFO o.a.j.s.SampleResult: Note: Sample TimeStamps are START times
2026-10-08 14:53:51,628 INFO o.a.j.s.SampleResult: sampleresult.default.encoding is set to UTF-8
2026-10-08 14:53:51,628 INFO o.a.j.s.SampleResult: sampleresult.useNanoTime=true
2026-10-08 14:53:51,628 INFO o.a.j.s.SampleResult: sampleresult.nanoThreadSleep=5000
2026-10-08 14:53:51,772 INFO o.a.j.t.JMeterThread: Thread is done: Agent searches (GET /search) 2-1
2026-10-08 14:53:51,772 INFO o.a.j.t.JMeterThread: Thread finished: Agent searches (GET /search) 2-1
2026-10-08 14:54:20,779 INFO o.a.j.t.JMeterThread: Thread started: Ticket intake (POST /tickets) 1-1
2026-10-08 14:54:20,780 INFO o.a.j.s.FileServer: Stored: /Users/ridwan/Documents/GitHub/ICT3113_A1_P1-3/loadtest/data/tickets.tsv
2026-10-08 14:54:22,845 INFO o.a.j.t.JMeterThread: Thread is done: Ticket intake (POST /tickets) 1-1
2026-10-08 14:54:22,845 INFO o.a.j.t.JMeterThread: Thread finished: Ticket intake (POST /tickets) 1-1
2026-10-08 14:54:30,459 INFO o.a.j.t.JMeterThread: Thread started: Ticket intake (POST /tickets) 1-2
2026-10-08 14:54:34,259 INFO o.a.j.r.Summariser: summary +      3 in 00:01:09 =    0.0/s Avg:  1986 Min:   123 Max:  3795 Err:     0 (0.00%) Active: 1 Started: 3 Finished: 2
2026-10-08 14:54:34,259 INFO o.a.j.t.JMeterThread: Thread is done: Ticket intake (POST /tickets) 1-2
2026-10-08 14:54:34,259 INFO o.a.j.t.JMeterThread: Thread finished: Ticket intake (POST /tickets) 1-2
2026-10-08 14:54:36,032 INFO o.a.j.t.JMeterThread: Thread started: Agent searches (GET /search) 2-2
2026-10-08 14:54:36,100 INFO o.a.j.t.JMeterThread: Thread is done: Agent searches (GET /search) 2-2
2026-10-08 14:54:36,100 INFO o.a.j.t.JMeterThread: Thread finished: Agent searches (GET /search) 2-2
2026-10-08 14:54:54,481 INFO o.a.j.t.JMeterThread: Thread started: Ticket intake (POST /tickets) 1-3
2026-10-08 14:55:00,565 INFO o.a.j.t.JMeterThread: Thread started: Agent searches (GET /search) 2-3
2026-10-08 14:55:00,636 INFO o.a.j.r.Summariser: summary +      2 in 00:00:26 =    0.1/s Avg:    65 Min:    64 Max:    66 Err:     0 (0.00%) Active: 2 Started: 6 Finished: 4
2026-10-08 14:55:00,636 INFO o.a.j.r.Summariser: summary =      5 in 00:01:35 =    0.1/s Avg:  1218 Min:    64 Max:  3795 Err:     0 (0.00%)
2026-10-08 14:55:00,637 INFO o.a.j.t.JMeterThread: Thread is done: Agent searches (GET /search) 2-3
2026-10-08 14:55:00,637 INFO o.a.j.t.JMeterThread: Thread finished: Agent searches (GET /search) 2-3
2026-10-08 14:55:00,856 INFO o.a.j.t.JMeterThread: Thread is done: Ticket intake (POST /tickets) 1-3
2026-10-08 14:55:00,857 INFO o.a.j.t.JMeterThread: Thread finished: Ticket intake (POST /tickets) 1-3
2026-10-08 14:55:13,308 INFO o.a.j.t.JMeterThread: Thread started: Ticket intake (POST /tickets) 1-4
2026-10-08 14:55:21,676 INFO o.a.j.t.JMeterThread: Thread is done: Ticket intake (POST /tickets) 1-4
2026-10-08 14:55:21,676 INFO o.a.j.t.JMeterThread: Thread finished: Ticket intake (POST /tickets) 1-4
2026-10-08 14:55:24,803 INFO o.a.j.t.JMeterThread: Thread started: Ticket intake (POST /tickets) 1-5
2026-10-08 14:55:28,717 INFO o.a.j.t.JMeterThread: Thread is done: Ticket intake (POST /tickets) 1-5
2026-10-08 14:55:28,718 INFO o.a.j.t.JMeterThread: Thread finished: Ticket intake (POST /tickets) 1-5
2026-10-08 14:55:33,897 INFO o.a.j.t.JMeterThread: Thread started: Ticket intake (POST /tickets) 1-6
2026-10-08 14:55:38,802 INFO o.a.j.t.JMeterThread: Thread is done: Ticket intake (POST /tickets) 1-6
2026-10-08 14:55:38,802 INFO o.a.j.t.JMeterThread: Thread finished: Ticket intake (POST /tickets) 1-6
2026-10-08 14:56:05,149 INFO o.a.j.t.JMeterThread: Thread started: Agent searches (GET /search) 2-4
2026-10-08 14:56:05,214 INFO o.a.j.r.Summariser: summary +      5 in 00:01:05 =    0.1/s Avg:  4721 Min:    61 Max:  8365 Err:     0 (0.00%) Active: 1 Started: 10 Finished: 9
2026-10-08 14:56:05,215 INFO o.a.j.r.Summariser: summary =     10 in 00:02:40 =    0.1/s Avg:  2969 Min:    61 Max:  8365 Err:     0 (0.00%)
2026-10-08 14:56:05,215 INFO o.a.j.t.JMeterThread: Thread is done: Agent searches (GET /search) 2-4
2026-10-08 14:56:05,215 INFO o.a.j.t.JMeterThread: Thread finished: Agent searches (GET /search) 2-4
2026-10-08 14:56:31,388 INFO o.a.j.t.JMeterThread: Thread started: Agent searches (GET /search) 2-5
2026-10-08 14:56:31,432 INFO o.a.j.r.Summariser: summary +      1 in 00:00:26 =    0.0/s Avg:    40 Min:    40 Max:    40 Err:     0 (0.00%) Active: 1 Started: 11 Finished: 10
2026-10-08 14:56:31,432 INFO o.a.j.r.Summariser: summary =     11 in 00:03:06 =    0.1/s Avg:  2703 Min:    40 Max:  8365 Err:     0 (0.00%)
2026-10-08 14:56:31,433 INFO o.a.j.t.JMeterThread: Thread is done: Agent searches (GET /search) 2-5
2026-10-08 14:56:31,433 INFO o.a.j.t.JMeterThread: Thread finished: Agent searches (GET /search) 2-5
2026-10-08 14:56:39,580 INFO o.a.j.t.JMeterThread: Thread started: Agent searches (GET /search) 2-6
2026-10-08 14:56:39,628 INFO o.a.j.t.JMeterThread: Thread is done: Agent searches (GET /search) 2-6
2026-10-08 14:56:39,628 INFO o.a.j.t.JMeterThread: Thread finished: Agent searches (GET /search) 2-6
2026-10-08 14:56:47,633 INFO o.a.j.t.JMeterThread: Thread started: Ticket intake (POST /tickets) 1-7
2026-10-08 14:56:47,853 INFO o.a.j.t.JMeterThread: Thread started: Agent searches (GET /search) 2-7
2026-10-08 14:56:47,908 INFO o.a.j.t.JMeterThread: Thread is done: Agent searches (GET /search) 2-7
2026-10-08 14:56:47,908 INFO o.a.j.t.JMeterThread: Thread finished: Agent searches (GET /search) 2-7
2026-10-08 14:56:50,500 INFO o.a.j.t.JMeterThread: Thread is done: Ticket intake (POST /tickets) 1-7
2026-10-08 14:56:50,501 INFO o.a.j.t.JMeterThread: Thread finished: Ticket intake (POST /tickets) 1-7
2026-10-08 14:57:08,400 INFO o.a.j.t.JMeterThread: Thread started: Agent searches (GET /search) 2-8
2026-10-08 14:57:08,454 INFO o.a.j.t.JMeterThread: Thread is done: Agent searches (GET /search) 2-8
2026-10-08 14:57:08,454 INFO o.a.j.t.JMeterThread: Thread finished: Agent searches (GET /search) 2-8
2026-10-08 14:57:13,281 INFO o.a.j.t.JMeterThread: Thread started: Agent searches (GET /search) 2-9
2026-10-08 14:57:13,327 INFO o.a.j.t.JMeterThread: Thread is done: Agent searches (GET /search) 2-9
2026-10-08 14:57:13,327 INFO o.a.j.t.JMeterThread: Thread finished: Agent searches (GET /search) 2-9
2026-10-08 14:57:14,688 INFO o.a.j.t.JMeterThread: Thread started: Agent searches (GET /search) 2-10
2026-10-08 14:57:14,743 INFO o.a.j.t.JMeterThread: Thread is done: Agent searches (GET /search) 2-10
2026-10-08 14:57:14,743 INFO o.a.j.t.JMeterThread: Thread finished: Agent searches (GET /search) 2-10
2026-10-08 14:57:29,583 INFO o.a.j.t.JMeterThread: Thread started: Agent searches (GET /search) 2-11
2026-10-08 14:57:29,675 INFO o.a.j.t.JMeterThread: Thread is done: Agent searches (GET /search) 2-11
2026-10-08 14:57:29,675 INFO o.a.j.t.JMeterThread: Thread finished: Agent searches (GET /search) 2-11
2026-10-08 14:57:49,895 INFO o.a.j.t.JMeterThread: Thread started: Agent searches (GET /search) 2-12
2026-10-08 14:57:49,970 INFO o.a.j.t.JMeterThread: Thread is done: Agent searches (GET /search) 2-12
2026-10-08 14:57:49,971 INFO o.a.j.t.JMeterThread: Thread finished: Agent searches (GET /search) 2-12
2026-10-08 14:57:58,213 INFO o.a.j.t.JMeterThread: Thread started: Agent searches (GET /search) 2-13
2026-10-08 14:57:58,281 INFO o.a.j.t.JMeterThread: Thread is done: Agent searches (GET /search) 2-13
2026-10-08 14:57:58,282 INFO o.a.j.t.JMeterThread: Thread finished: Agent searches (GET /search) 2-13
2026-10-08 14:57:59,474 INFO o.a.j.t.JMeterThread: Thread started: Agent searches (GET /search) 2-14
2026-10-08 14:57:59,511 INFO o.a.j.t.JMeterThread: Thread is done: Agent searches (GET /search) 2-14
2026-10-08 14:57:59,512 INFO o.a.j.t.JMeterThread: Thread finished: Agent searches (GET /search) 2-14
2026-10-08 14:58:06,594 INFO o.a.j.t.JMeterThread: Thread started: Ticket intake (POST /tickets) 1-8
2026-10-08 14:58:11,471 INFO o.a.j.t.JMeterThread: Thread is done: Ticket intake (POST /tickets) 1-8
2026-10-08 14:58:11,472 INFO o.a.j.t.JMeterThread: Thread finished: Ticket intake (POST /tickets) 1-8
2026-10-08 14:58:35,568 INFO o.a.j.t.JMeterThread: Thread started: Ticket intake (POST /tickets) 1-9
2026-10-08 14:58:41,162 INFO o.a.j.t.JMeterThread: Thread is done: Ticket intake (POST /tickets) 1-9
2026-10-08 14:58:41,162 INFO o.a.j.t.JMeterThread: Thread finished: Ticket intake (POST /tickets) 1-9
2026-10-08 14:58:42,271 INFO o.a.j.t.JMeterThread: Thread started: Ticket intake (POST /tickets) 1-10
2026-10-08 14:58:49,137 INFO o.a.j.t.JMeterThread: Thread is done: Ticket intake (POST /tickets) 1-10
2026-10-08 14:58:49,138 INFO o.a.j.t.JMeterThread: Thread finished: Ticket intake (POST /tickets) 1-10
2026-10-08 14:58:57,085 INFO o.a.j.t.JMeterThread: Thread started: Agent searches (GET /search) 2-15
2026-10-08 14:58:57,121 INFO o.a.j.t.JMeterThread: Thread is done: Agent searches (GET /search) 2-15
2026-10-08 14:58:57,121 INFO o.a.j.t.JMeterThread: Thread finished: Agent searches (GET /search) 2-15
2026-10-08 14:59:03,476 INFO o.a.j.t.JMeterThread: Thread started: Ticket intake (POST /tickets) 1-11
2026-10-08 14:59:09,093 INFO o.a.j.t.JMeterThread: Thread is done: Ticket intake (POST /tickets) 1-11
2026-10-08 14:59:09,093 INFO o.a.j.t.JMeterThread: Thread finished: Ticket intake (POST /tickets) 1-11
2026-10-08 14:59:26,584 INFO o.a.j.t.JMeterThread: Thread started: Agent searches (GET /search) 2-16
2026-10-08 14:59:26,634 INFO o.a.j.t.JMeterThread: Thread is done: Agent searches (GET /search) 2-16
2026-10-08 14:59:26,634 INFO o.a.j.t.JMeterThread: Thread finished: Agent searches (GET /search) 2-16
2026-10-08 14:59:32,600 INFO o.a.j.t.JMeterThread: Thread started: Agent searches (GET /search) 2-17
2026-10-08 14:59:32,638 INFO o.a.j.r.Summariser: summary +     17 in 00:03:01 =    0.1/s Avg:  1553 Min:    32 Max:  6863 Err:     0 (0.00%) Active: 1 Started: 28 Finished: 27
2026-10-08 14:59:32,639 INFO o.a.j.r.Summariser: summary =     28 in 00:06:07 =    0.1/s Avg:  2005 Min:    32 Max:  8365 Err:     0 (0.00%)
2026-10-08 14:59:32,639 INFO o.a.j.t.JMeterThread: Thread is done: Agent searches (GET /search) 2-17
2026-10-08 14:59:32,640 INFO o.a.j.t.JMeterThread: Thread finished: Agent searches (GET /search) 2-17
2026-10-08 14:59:56,583 INFO o.a.j.t.JMeterThread: Thread started: Agent searches (GET /search) 2-18
2026-10-08 14:59:56,622 INFO o.a.j.t.JMeterThread: Thread is done: Agent searches (GET /search) 2-18
2026-10-08 14:59:56,622 INFO o.a.j.t.JMeterThread: Thread finished: Agent searches (GET /search) 2-18
2026-10-08 15:00:13,439 INFO o.a.j.t.JMeterThread: Thread started: Agent searches (GET /search) 2-19
2026-10-08 15:00:13,588 INFO o.a.j.t.JMeterThread: Thread is done: Agent searches (GET /search) 2-19
2026-10-08 15:00:13,589 INFO o.a.j.t.JMeterThread: Thread finished: Agent searches (GET /search) 2-19
2026-10-08 15:00:28,160 INFO o.a.j.t.JMeterThread: Thread started: Agent searches (GET /search) 2-20
2026-10-08 15:00:28,329 INFO o.a.j.t.JMeterThread: Thread is done: Agent searches (GET /search) 2-20
2026-10-08 15:00:28,329 INFO o.a.j.t.JMeterThread: Thread finished: Agent searches (GET /search) 2-20
2026-10-08 15:00:29,717 INFO o.a.j.t.JMeterThread: Thread started: Ticket intake (POST /tickets) 1-12
2026-10-08 15:00:32,834 INFO o.a.j.r.Summariser: summary +      4 in 00:01:00 =    0.1/s Avg:   864 Min:    35 Max:  3113 Err:     0 (0.00%) Active: 1 Started: 32 Finished: 31
2026-10-08 15:00:32,835 INFO o.a.j.r.Summariser: summary =     32 in 00:07:08 =    0.1/s Avg:  1862 Min:    32 Max:  8365 Err:     0 (0.00%)
2026-10-08 15:00:32,835 INFO o.a.j.t.JMeterThread: Thread is done: Ticket intake (POST /tickets) 1-12
2026-10-08 15:00:32,836 INFO o.a.j.t.JMeterThread: Thread finished: Ticket intake (POST /tickets) 1-12
2026-10-08 15:00:49,927 INFO o.a.j.t.JMeterThread: Thread started: Ticket intake (POST /tickets) 1-13
2026-10-08 15:00:51,836 INFO o.a.j.t.JMeterThread: Thread started: Agent searches (GET /search) 2-21
2026-10-08 15:00:51,981 INFO o.a.j.t.JMeterThread: Thread is done: Agent searches (GET /search) 2-21
2026-10-08 15:00:51,981 INFO o.a.j.t.JMeterThread: Thread finished: Agent searches (GET /search) 2-21
2026-10-08 15:00:52,140 INFO o.a.j.t.JMeterThread: Thread is done: Ticket intake (POST /tickets) 1-13
2026-10-08 15:00:52,141 INFO o.a.j.t.JMeterThread: Thread finished: Ticket intake (POST /tickets) 1-13
2026-10-08 15:00:54,310 INFO o.a.j.t.JMeterThread: Thread started: Agent searches (GET /search) 2-22
2026-10-08 15:00:54,378 INFO o.a.j.t.JMeterThread: Thread is done: Agent searches (GET /search) 2-22
2026-10-08 15:00:54,378 INFO o.a.j.t.JMeterThread: Thread finished: Agent searches (GET /search) 2-22
2026-10-08 15:01:03,924 INFO o.a.j.t.JMeterThread: Thread started: Agent searches (GET /search) 2-23
2026-10-08 15:01:03,993 INFO o.a.j.r.Summariser: summary +      4 in 00:00:31 =    0.1/s Avg:   619 Min:    64 Max:  2209 Err:     0 (0.00%) Active: 1 Started: 36 Finished: 35
2026-10-08 15:01:03,993 INFO o.a.j.r.Summariser: summary =     36 in 00:07:39 =    0.1/s Avg:  1724 Min:    32 Max:  8365 Err:     0 (0.00%)
2026-10-08 15:01:03,993 INFO o.a.j.t.JMeterThread: Thread is done: Agent searches (GET /search) 2-23
2026-10-08 15:01:03,994 INFO o.a.j.t.JMeterThread: Thread finished: Agent searches (GET /search) 2-23
2026-10-08 15:01:25,556 INFO o.a.j.t.JMeterThread: Thread started: Agent searches (GET /search) 2-24
2026-10-08 15:01:25,602 INFO o.a.j.t.JMeterThread: Thread is done: Agent searches (GET /search) 2-24
2026-10-08 15:01:25,603 INFO o.a.j.t.JMeterThread: Thread finished: Agent searches (GET /search) 2-24
2026-10-08 15:02:03,359 INFO o.a.j.t.JMeterThread: Thread started: Agent searches (GET /search) 2-25
2026-10-08 15:02:03,390 INFO o.a.j.r.Summariser: summary +      2 in 00:00:59 =    0.0/s Avg:    35 Min:    28 Max:    43 Err:     0 (0.00%) Active: 1 Started: 38 Finished: 37
2026-10-08 15:02:03,390 INFO o.a.j.r.Summariser: summary =     38 in 00:08:38 =    0.1/s Avg:  1635 Min:    28 Max:  8365 Err:     0 (0.00%)
2026-10-08 15:02:03,391 INFO o.a.j.t.JMeterThread: Thread is done: Agent searches (GET /search) 2-25
2026-10-08 15:02:03,391 INFO o.a.j.t.JMeterThread: Thread finished: Agent searches (GET /search) 2-25
2026-10-08 15:02:41,770 INFO o.a.j.t.JMeterThread: Thread started: Agent searches (GET /search) 2-26
2026-10-08 15:02:41,813 INFO o.a.j.t.JMeterThread: Thread is done: Agent searches (GET /search) 2-26
2026-10-08 15:02:41,813 INFO o.a.j.t.JMeterThread: Thread finished: Agent searches (GET /search) 2-26
2026-10-08 15:02:42,364 INFO o.a.j.t.o.EvenArrivalsRamp: Generating 0 events, beginRate = 0.0 / sec, endRate = 0.0 / sec, duration = 300.0 sec
2026-10-08 15:02:42,365 INFO o.a.j.t.o.OpenModelThreadGroup: There will be no more events, so will wait for 342 sec till the end of the schedule
2026-10-08 15:02:42,365 INFO o.a.j.t.JMeterThread: Thread started: Ticket intake (POST /tickets) 1-14
2026-10-08 15:02:46,217 INFO o.a.j.t.JMeterThread: Thread is done: Ticket intake (POST /tickets) 1-14
2026-10-08 15:02:46,218 INFO o.a.j.t.JMeterThread: Thread finished: Ticket intake (POST /tickets) 1-14
2026-10-08 15:03:08,729 INFO o.a.j.t.JMeterThread: Thread started: Agent searches (GET /search) 2-27
2026-10-08 15:03:08,801 INFO o.a.j.t.JMeterThread: Thread is done: Agent searches (GET /search) 2-27
2026-10-08 15:03:08,801 INFO o.a.j.t.JMeterThread: Thread finished: Agent searches (GET /search) 2-27
2026-10-08 15:03:22,868 INFO o.a.j.t.JMeterThread: Thread started: Agent searches (GET /search) 2-28
2026-10-08 15:03:22,948 INFO o.a.j.t.JMeterThread: Thread is done: Agent searches (GET /search) 2-28
2026-10-08 15:03:22,949 INFO o.a.j.t.JMeterThread: Thread finished: Agent searches (GET /search) 2-28
2026-10-08 15:03:24,368 INFO o.a.j.t.o.EvenArrivalsRamp: Generating 0 events, beginRate = 0.0 / sec, endRate = 0.0 / sec, duration = 300.0 sec
2026-10-08 15:03:24,368 INFO o.a.j.t.JMeterThread: Thread started: Agent searches (GET /search) 2-29
2026-10-08 15:03:24,368 INFO o.a.j.t.o.OpenModelThreadGroup: There will be no more events, so will wait for 300 sec till the end of the schedule
2026-10-08 15:03:24,419 INFO o.a.j.t.JMeterThread: Thread is done: Agent searches (GET /search) 2-29
2026-10-08 15:03:24,420 INFO o.a.j.t.JMeterThread: Thread finished: Agent searches (GET /search) 2-29
2026-10-08 15:08:25,239 INFO o.a.j.t.o.OpenModelThreadGroup: There will be no more events, will shutdown the thread pool
2026-10-08 15:08:25,239 INFO o.a.j.t.o.OpenModelThreadGroup: There will be no more events, will shutdown the thread pool
2026-10-08 15:08:25,243 INFO o.a.j.t.o.OpenModelThreadGroup: Thread starting done
2026-10-08 15:08:25,244 INFO o.a.j.t.o.OpenModelThreadGroup: Thread starting done
2026-10-08 15:08:25,245 INFO o.a.j.e.StandardJMeterEngine: Notifying test listeners of end of test
2026-10-08 15:08:25,246 INFO o.a.j.s.FileServer: Close: /Users/ridwan/Documents/GitHub/ICT3113_A1_P1-3/loadtest/data/tickets.tsv
2026-10-08 15:08:25,266 INFO o.a.j.r.Summariser: summary +      5 in 00:06:22 =    0.0/s Avg:   816 Min:    38 Max:  3849 Err:     0 (0.00%) Active: 0 Started: 43 Finished: 43
2026-10-08 15:08:25,267 INFO o.a.j.r.Summariser: summary =     43 in 00:15:00 =    0.0/s Avg:  1540 Min:    28 Max:  8365 Err:     0 (0.00%)
2026-10-08 15:08:25,268 INFO o.a.j.e.StandardJMeterEngine: Forced JVM shutdown requested at end of test
