2026-10-08 16:40:41,328 INFO o.a.j.u.JMeterUtils: Setting Locale to en_EN
2026-10-08 16:40:41,338 INFO o.a.j.JMeter: Loading user properties from: /Users/ridwan/Downloads/apache-jmeter-5.6.3/bin/user.properties
2026-10-08 16:40:41,339 INFO o.a.j.JMeter: Loading system properties from: /Users/ridwan/Downloads/apache-jmeter-5.6.3/bin/system.properties
2026-10-08 16:40:41,339 INFO o.a.j.JMeter: Loading additional properties from: /Users/ridwan/Documents/GitHub/ICT3113_A1_P1-3/loadtest/triage.properties
2026-10-08 16:40:41,339 INFO o.a.j.JMeter: Setting JMeter property: host=172.20.10.2
2026-10-08 16:40:41,339 INFO o.a.j.JMeter: Setting JMeter property: port=8000
2026-10-08 16:40:41,339 INFO o.a.j.JMeter: Setting JMeter property: rate=1.73
2026-10-08 16:40:41,339 INFO o.a.j.JMeter: Setting JMeter property: rate_end=1.73
2026-10-08 16:40:41,339 INFO o.a.j.JMeter: Setting JMeter property: search_rate=3.5
2026-10-08 16:40:41,339 INFO o.a.j.JMeter: Setting JMeter property: duration=10
2026-10-08 16:40:41,339 INFO o.a.j.JMeter: Setting JMeter property: drain=5
2026-10-08 16:40:41,339 INFO o.a.j.JMeter: Setting JMeter property: timeout_ms=600000
2026-10-08 16:40:41,339 INFO o.a.j.JMeter: Setting JMeter property: data=/Users/ridwan/Documents/GitHub/ICT3113_A1_P1-3/loadtest/data/tickets.tsv
2026-10-08 16:40:41,342 INFO o.a.j.JMeter: Copyright (c) 1998-2024 The Apache Software Foundation
2026-10-08 16:40:41,342 INFO o.a.j.JMeter: Version 5.6.3
2026-10-08 16:40:41,342 INFO o.a.j.JMeter: java.version=17.0.17
2026-10-08 16:40:41,342 INFO o.a.j.JMeter: java.vm.name=OpenJDK 64-Bit Server VM
2026-10-08 16:40:41,342 INFO o.a.j.JMeter: os.name=Mac OS X
2026-10-08 16:40:41,342 INFO o.a.j.JMeter: os.arch=aarch64
2026-10-08 16:40:41,342 INFO o.a.j.JMeter: os.version=26.5
2026-10-08 16:40:41,342 INFO o.a.j.JMeter: file.encoding=UTF-8
2026-10-08 16:40:41,342 INFO o.a.j.JMeter: java.awt.headless=true
2026-10-08 16:40:41,342 INFO o.a.j.JMeter: Max memory     =1073741824
2026-10-08 16:40:41,342 INFO o.a.j.JMeter: Available Processors =10
2026-10-08 16:40:41,346 INFO o.a.j.JMeter: Default Locale=English (EN)
2026-10-08 16:40:41,346 INFO o.a.j.JMeter: JMeter  Locale=English (EN)
2026-10-08 16:40:41,346 INFO o.a.j.JMeter: JMeterHome=/Users/ridwan/Downloads/apache-jmeter-5.6.3
2026-10-08 16:40:41,346 INFO o.a.j.JMeter: user.dir  =/Users/ridwan/Documents/GitHub/ICT3113_A1_P1-3
2026-10-08 16:40:41,346 INFO o.a.j.JMeter: PWD       =/Users/ridwan/Documents/GitHub/ICT3113_A1_P1-3
2026-10-08 16:40:41,348 INFO o.a.j.JMeter: IP: 127.0.0.1 Name: Muhammads-MacBook-Air-4.local FullName: localhost
2026-10-08 16:40:41,354 INFO o.a.j.s.FileServer: Default base='/Users/ridwan/Documents/GitHub/ICT3113_A1_P1-3'
2026-10-08 16:40:41,354 INFO o.a.j.s.FileServer: Set new base='/Users/ridwan/Documents/GitHub/ICT3113_A1_P1-3/loadtest'
2026-10-08 16:40:41,418 INFO o.a.j.s.SaveService: Testplan (JMX) version: 2.2. Testlog (JTL) version: 2.2
2026-10-08 16:40:41,430 INFO o.a.j.s.SaveService: Using SaveService properties version 5.0
2026-10-08 16:40:41,431 INFO o.a.j.s.SaveService: Using SaveService properties file encoding UTF-8
2026-10-08 16:40:41,432 INFO o.a.j.s.SaveService: Loading file: /Users/ridwan/Documents/GitHub/ICT3113_A1_P1-3/loadtest/triage.jmx
2026-10-08 16:40:41,464 INFO o.a.j.p.h.s.HTTPSamplerBase: Parser for text/html is org.apache.jmeter.protocol.http.parser.LagartoBasedHtmlParser
2026-10-08 16:40:41,464 INFO o.a.j.p.h.s.HTTPSamplerBase: Parser for application/xhtml+xml is org.apache.jmeter.protocol.http.parser.LagartoBasedHtmlParser
2026-10-08 16:40:41,464 INFO o.a.j.p.h.s.HTTPSamplerBase: Parser for application/xml is org.apache.jmeter.protocol.http.parser.LagartoBasedHtmlParser
2026-10-08 16:40:41,464 INFO o.a.j.p.h.s.HTTPSamplerBase: Parser for text/xml is org.apache.jmeter.protocol.http.parser.LagartoBasedHtmlParser
2026-10-08 16:40:41,464 INFO o.a.j.p.h.s.HTTPSamplerBase: Parser for text/vnd.wap.wml is org.apache.jmeter.protocol.http.parser.RegexpHTMLParser
2026-10-08 16:40:41,464 INFO o.a.j.p.h.s.HTTPSamplerBase: Parser for text/css is org.apache.jmeter.protocol.http.parser.CssParser
2026-10-08 16:40:41,471 INFO o.a.j.JMeter: Creating summariser <summary>
2026-10-08 16:40:41,480 INFO o.a.j.e.StandardJMeterEngine: Running the test!
2026-10-08 16:40:41,480 INFO o.a.j.s.SampleEvent: List of sample_variables: [rid, row]
2026-10-08 16:40:41,480 INFO o.a.j.s.SampleEvent: List of sample_variables: [rid, row]
2026-10-08 16:40:41,483 INFO o.a.j.e.u.CompoundVariable: Note: Function class names must contain the string: '.functions.'
2026-10-08 16:40:41,483 INFO o.a.j.e.u.CompoundVariable: Note: Function class names must not contain the string: '.gui.'
2026-10-08 16:40:41,613 INFO o.a.j.JMeter: Running test (1791448841613)
2026-10-08 16:40:41,621 INFO o.a.j.e.StandardJMeterEngine: Starting ThreadGroup: 1 : Ticket intake (POST /tickets)
2026-10-08 16:40:41,621 INFO o.a.j.e.StandardJMeterEngine: Starting 0 threads for group Ticket intake (POST /tickets).
2026-10-08 16:40:41,621 INFO o.a.j.e.StandardJMeterEngine: Thread will continue on error
2026-10-08 16:40:41,621 INFO o.a.j.t.o.OpenModelThreadGroup: Starting OpenModelThreadGroup#1 with schedule rate(1.73/min) random_arrivals(10 min) rate(1.73/min) pause(5 min)
2026-10-08 16:40:41,635 INFO o.a.j.e.StandardJMeterEngine: Starting ThreadGroup: 2 : Agent searches (GET /search)
2026-10-08 16:40:41,635 INFO o.a.j.e.StandardJMeterEngine: Starting 0 threads for group Agent searches (GET /search).
2026-10-08 16:40:41,635 INFO o.a.j.e.StandardJMeterEngine: Thread will continue on error
2026-10-08 16:40:41,635 INFO o.a.j.t.o.OpenModelThreadGroup: Thread starting init
2026-10-08 16:40:41,635 INFO o.a.j.t.o.OpenModelThreadGroup: Starting OpenModelThreadGroup#2 with schedule rate(3.5/min) random_arrivals(10 min) rate(3.5/min) pause(5 min)
2026-10-08 16:40:41,635 INFO o.a.j.e.StandardJMeterEngine: All thread groups have been started
2026-10-08 16:40:41,636 INFO o.a.j.t.o.OpenModelThreadGroup: Thread starting init
2026-10-08 16:40:41,636 INFO o.a.j.t.o.PoissonArrivalsRamp: Generating 35 events, beginRate = 0.058333333333333334 / sec, endRate = 0.058333333333333334 / sec, duration = 600.0 sec
2026-10-08 16:40:41,636 INFO o.a.j.t.o.PoissonArrivalsRamp: Generating 17 events, beginRate = 0.028833333333333332 / sec, endRate = 0.028833333333333332 / sec, duration = 600.0 sec
2026-10-08 16:40:41,733 INFO o.a.j.t.JMeterThread: Thread started: Agent searches (GET /search) 2-1
2026-10-08 16:40:41,946 INFO o.a.j.p.h.s.HTTPHCAbstractImpl: Local host = Muhammads-MacBook-Air-4.local
2026-10-08 16:40:41,948 INFO o.a.j.p.h.s.HTTPHC4Impl: HTTP request retry count = 0
2026-10-08 16:40:41,949 INFO o.a.j.s.SampleResult: Note: Sample TimeStamps are START times
2026-10-08 16:40:41,949 INFO o.a.j.s.SampleResult: sampleresult.default.encoding is set to UTF-8
2026-10-08 16:40:41,949 INFO o.a.j.s.SampleResult: sampleresult.useNanoTime=true
2026-10-08 16:40:41,949 INFO o.a.j.s.SampleResult: sampleresult.nanoThreadSleep=5000
2026-10-08 16:40:42,086 INFO o.a.j.t.JMeterThread: Thread is done: Agent searches (GET /search) 2-1
2026-10-08 16:40:42,086 INFO o.a.j.t.JMeterThread: Thread finished: Agent searches (GET /search) 2-1
2026-10-08 16:40:55,683 INFO o.a.j.t.JMeterThread: Thread started: Ticket intake (POST /tickets) 1-1
2026-10-08 16:40:55,684 INFO o.a.j.s.FileServer: Stored: /Users/ridwan/Documents/GitHub/ICT3113_A1_P1-3/loadtest/data/tickets.tsv
2026-10-08 16:40:56,630 INFO o.a.j.t.JMeterThread: Thread started: Agent searches (GET /search) 2-2
2026-10-08 16:40:56,714 INFO o.a.j.t.JMeterThread: Thread is done: Agent searches (GET /search) 2-2
2026-10-08 16:40:56,714 INFO o.a.j.t.JMeterThread: Thread finished: Agent searches (GET /search) 2-2
2026-10-08 16:40:57,515 INFO o.a.j.t.JMeterThread: Thread is done: Ticket intake (POST /tickets) 1-1
2026-10-08 16:40:57,515 INFO o.a.j.t.JMeterThread: Thread finished: Ticket intake (POST /tickets) 1-1
2026-10-08 16:41:00,507 INFO o.a.j.t.JMeterThread: Thread started: Ticket intake (POST /tickets) 1-2
2026-10-08 16:41:00,816 INFO o.a.j.t.JMeterThread: Thread started: Agent searches (GET /search) 2-3
2026-10-08 16:41:00,978 INFO o.a.j.r.Summariser: summary +      4 in 00:00:19 =    0.2/s Avg:   539 Min:    79 Max:  1806 Err:     0 (0.00%) Active: 2 Started: 5 Finished: 3
2026-10-08 16:41:00,979 INFO o.a.j.t.JMeterThread: Thread is done: Agent searches (GET /search) 2-3
2026-10-08 16:41:00,979 INFO o.a.j.t.JMeterThread: Thread finished: Agent searches (GET /search) 2-3
2026-10-08 16:41:04,353 INFO o.a.j.t.JMeterThread: Thread is done: Ticket intake (POST /tickets) 1-2
2026-10-08 16:41:04,353 INFO o.a.j.t.JMeterThread: Thread finished: Ticket intake (POST /tickets) 1-2
2026-10-08 16:41:06,822 INFO o.a.j.t.JMeterThread: Thread started: Ticket intake (POST /tickets) 1-3
2026-10-08 16:41:12,383 INFO o.a.j.t.JMeterThread: Thread is done: Ticket intake (POST /tickets) 1-3
2026-10-08 16:41:12,383 INFO o.a.j.t.JMeterThread: Thread finished: Ticket intake (POST /tickets) 1-3
2026-10-08 16:41:33,066 INFO o.a.j.t.JMeterThread: Thread started: Ticket intake (POST /tickets) 1-4
2026-10-08 16:41:34,906 INFO o.a.j.t.JMeterThread: Thread started: Agent searches (GET /search) 2-4
2026-10-08 16:41:35,089 INFO o.a.j.r.Summariser: summary +      3 in 00:00:34 =    0.1/s Avg:  3191 Min:   178 Max:  5555 Err:     0 (0.00%) Active: 2 Started: 8 Finished: 6
2026-10-08 16:41:35,090 INFO o.a.j.r.Summariser: summary =      7 in 00:00:53 =    0.1/s Avg:  1675 Min:    79 Max:  5555 Err:     0 (0.00%)
2026-10-08 16:41:35,091 INFO o.a.j.t.JMeterThread: Thread is done: Agent searches (GET /search) 2-4
2026-10-08 16:41:35,091 INFO o.a.j.t.JMeterThread: Thread finished: Agent searches (GET /search) 2-4
2026-10-08 16:41:35,936 INFO o.a.j.t.JMeterThread: Thread is done: Ticket intake (POST /tickets) 1-4
2026-10-08 16:41:35,937 INFO o.a.j.t.JMeterThread: Thread finished: Ticket intake (POST /tickets) 1-4
2026-10-08 16:41:41,001 INFO o.a.j.t.JMeterThread: Thread started: Agent searches (GET /search) 2-5
2026-10-08 16:41:41,035 INFO o.a.j.t.JMeterThread: Thread is done: Agent searches (GET /search) 2-5
2026-10-08 16:41:41,035 INFO o.a.j.t.JMeterThread: Thread finished: Agent searches (GET /search) 2-5
2026-10-08 16:41:42,328 INFO o.a.j.t.JMeterThread: Thread started: Ticket intake (POST /tickets) 1-5
2026-10-08 16:41:43,670 INFO o.a.j.t.JMeterThread: Thread is done: Ticket intake (POST /tickets) 1-5
2026-10-08 16:41:43,670 INFO o.a.j.t.JMeterThread: Thread finished: Ticket intake (POST /tickets) 1-5
2026-10-08 16:41:59,557 INFO o.a.j.t.JMeterThread: Thread started: Agent searches (GET /search) 2-6
2026-10-08 16:41:59,648 INFO o.a.j.t.JMeterThread: Thread is done: Agent searches (GET /search) 2-6
2026-10-08 16:41:59,649 INFO o.a.j.t.JMeterThread: Thread finished: Agent searches (GET /search) 2-6
2026-10-08 16:42:00,803 INFO o.a.j.t.JMeterThread: Thread started: Agent searches (GET /search) 2-7
2026-10-08 16:42:00,984 INFO o.a.j.r.Summariser: summary +      5 in 00:00:26 =    0.2/s Avg:   899 Min:    30 Max:  2866 Err:     0 (0.00%) Active: 1 Started: 12 Finished: 11
2026-10-08 16:42:00,985 INFO o.a.j.r.Summariser: summary =     12 in 00:01:19 =    0.2/s Avg:  1352 Min:    30 Max:  5555 Err:     0 (0.00%)
2026-10-08 16:42:00,985 INFO o.a.j.t.JMeterThread: Thread is done: Agent searches (GET /search) 2-7
2026-10-08 16:42:00,985 INFO o.a.j.t.JMeterThread: Thread finished: Agent searches (GET /search) 2-7
2026-10-08 16:42:01,720 INFO o.a.j.t.JMeterThread: Thread started: Agent searches (GET /search) 2-8
2026-10-08 16:42:01,797 INFO o.a.j.t.JMeterThread: Thread is done: Agent searches (GET /search) 2-8
2026-10-08 16:42:01,797 INFO o.a.j.t.JMeterThread: Thread finished: Agent searches (GET /search) 2-8
2026-10-08 16:42:33,702 INFO o.a.j.t.JMeterThread: Thread started: Agent searches (GET /search) 2-9
2026-10-08 16:42:33,791 INFO o.a.j.r.Summariser: summary +      2 in 00:00:33 =    0.1/s Avg:    78 Min:    74 Max:    83 Err:     0 (0.00%) Active: 1 Started: 14 Finished: 13
2026-10-08 16:42:33,792 INFO o.a.j.r.Summariser: summary =     14 in 00:01:52 =    0.1/s Avg:  1170 Min:    30 Max:  5555 Err:     0 (0.00%)
2026-10-08 16:42:33,792 INFO o.a.j.t.JMeterThread: Thread is done: Agent searches (GET /search) 2-9
2026-10-08 16:42:33,792 INFO o.a.j.t.JMeterThread: Thread finished: Agent searches (GET /search) 2-9
2026-10-08 16:43:02,212 INFO o.a.j.t.JMeterThread: Thread started: Agent searches (GET /search) 2-10
2026-10-08 16:43:02,365 INFO o.a.j.r.Summariser: summary +      1 in 00:00:29 =    0.0/s Avg:   149 Min:   149 Max:   149 Err:     0 (0.00%) Active: 1 Started: 15 Finished: 14
2026-10-08 16:43:02,366 INFO o.a.j.r.Summariser: summary =     15 in 00:02:21 =    0.1/s Avg:  1102 Min:    30 Max:  5555 Err:     0 (0.00%)
2026-10-08 16:43:02,367 INFO o.a.j.t.JMeterThread: Thread is done: Agent searches (GET /search) 2-10
2026-10-08 16:43:02,367 INFO o.a.j.t.JMeterThread: Thread finished: Agent searches (GET /search) 2-10
2026-10-08 16:43:26,324 INFO o.a.j.t.JMeterThread: Thread started: Agent searches (GET /search) 2-11
2026-10-08 16:43:26,434 INFO o.a.j.t.JMeterThread: Thread is done: Agent searches (GET /search) 2-11
2026-10-08 16:43:26,434 INFO o.a.j.t.JMeterThread: Thread finished: Agent searches (GET /search) 2-11
2026-10-08 16:43:27,177 INFO o.a.j.t.JMeterThread: Thread started: Agent searches (GET /search) 2-12
2026-10-08 16:43:27,227 INFO o.a.j.t.JMeterThread: Thread is done: Agent searches (GET /search) 2-12
2026-10-08 16:43:27,228 INFO o.a.j.t.JMeterThread: Thread finished: Agent searches (GET /search) 2-12
2026-10-08 16:43:34,858 INFO o.a.j.t.JMeterThread: Thread started: Agent searches (GET /search) 2-13
2026-10-08 16:43:34,970 INFO o.a.j.r.Summariser: summary +      3 in 00:00:33 =    0.1/s Avg:    85 Min:    46 Max:   107 Err:     0 (0.00%) Active: 1 Started: 18 Finished: 17
2026-10-08 16:43:34,970 INFO o.a.j.r.Summariser: summary =     18 in 00:02:53 =    0.1/s Avg:   932 Min:    30 Max:  5555 Err:     0 (0.00%)
2026-10-08 16:43:34,971 INFO o.a.j.t.JMeterThread: Thread is done: Agent searches (GET /search) 2-13
2026-10-08 16:43:34,971 INFO o.a.j.t.JMeterThread: Thread finished: Agent searches (GET /search) 2-13
2026-10-08 16:43:40,958 INFO o.a.j.t.JMeterThread: Thread started: Ticket intake (POST /tickets) 1-6
2026-10-08 16:43:44,716 INFO o.a.j.t.JMeterThread: Thread is done: Ticket intake (POST /tickets) 1-6
2026-10-08 16:43:44,716 INFO o.a.j.t.JMeterThread: Thread finished: Ticket intake (POST /tickets) 1-6
2026-10-08 16:44:05,184 INFO o.a.j.t.JMeterThread: Thread started: Agent searches (GET /search) 2-14
2026-10-08 16:44:05,340 INFO o.a.j.r.Summariser: summary +      2 in 00:00:30 =    0.1/s Avg:  1953 Min:   152 Max:  3755 Err:     0 (0.00%) Active: 1 Started: 20 Finished: 19
2026-10-08 16:44:05,341 INFO o.a.j.r.Summariser: summary =     20 in 00:03:24 =    0.1/s Avg:  1035 Min:    30 Max:  5555 Err:     0 (0.00%)
2026-10-08 16:44:05,341 INFO o.a.j.t.JMeterThread: Thread is done: Agent searches (GET /search) 2-14
2026-10-08 16:44:05,341 INFO o.a.j.t.JMeterThread: Thread finished: Agent searches (GET /search) 2-14
2026-10-08 16:44:14,459 INFO o.a.j.t.JMeterThread: Thread started: Agent searches (GET /search) 2-15
2026-10-08 16:44:14,557 INFO o.a.j.t.JMeterThread: Thread is done: Agent searches (GET /search) 2-15
2026-10-08 16:44:14,557 INFO o.a.j.t.JMeterThread: Thread finished: Agent searches (GET /search) 2-15
2026-10-08 16:44:23,947 INFO o.a.j.t.JMeterThread: Thread started: Agent searches (GET /search) 2-16
2026-10-08 16:44:23,983 INFO o.a.j.t.JMeterThread: Thread is done: Agent searches (GET /search) 2-16
2026-10-08 16:44:23,983 INFO o.a.j.t.JMeterThread: Thread finished: Agent searches (GET /search) 2-16
2026-10-08 16:44:31,595 INFO o.a.j.t.JMeterThread: Thread started: Ticket intake (POST /tickets) 1-7
2026-10-08 16:44:33,808 INFO o.a.j.r.Summariser: summary +      3 in 00:00:28 =    0.1/s Avg:   777 Min:    31 Max:  2209 Err:     0 (0.00%) Active: 1 Started: 23 Finished: 22
2026-10-08 16:44:33,808 INFO o.a.j.r.Summariser: summary =     23 in 00:03:52 =    0.1/s Avg:  1001 Min:    30 Max:  5555 Err:     0 (0.00%)
2026-10-08 16:44:33,809 INFO o.a.j.t.JMeterThread: Thread is done: Ticket intake (POST /tickets) 1-7
2026-10-08 16:44:33,809 INFO o.a.j.t.JMeterThread: Thread finished: Ticket intake (POST /tickets) 1-7
2026-10-08 16:44:36,592 INFO o.a.j.t.JMeterThread: Thread started: Agent searches (GET /search) 2-17
2026-10-08 16:44:36,756 INFO o.a.j.t.JMeterThread: Thread is done: Agent searches (GET /search) 2-17
2026-10-08 16:44:36,757 INFO o.a.j.t.JMeterThread: Thread finished: Agent searches (GET /search) 2-17
2026-10-08 16:44:48,714 INFO o.a.j.t.JMeterThread: Thread started: Ticket intake (POST /tickets) 1-8
2026-10-08 16:44:53,119 INFO o.a.j.t.JMeterThread: Thread is done: Ticket intake (POST /tickets) 1-8
2026-10-08 16:44:53,119 INFO o.a.j.t.JMeterThread: Thread finished: Ticket intake (POST /tickets) 1-8
2026-10-08 16:45:14,925 INFO o.a.j.t.JMeterThread: Thread started: Agent searches (GET /search) 2-18
2026-10-08 16:45:15,134 INFO o.a.j.t.JMeterThread: Thread is done: Agent searches (GET /search) 2-18
2026-10-08 16:45:15,134 INFO o.a.j.t.JMeterThread: Thread finished: Agent searches (GET /search) 2-18
2026-10-08 16:45:20,042 INFO o.a.j.t.JMeterThread: Thread started: Ticket intake (POST /tickets) 1-9
2026-10-08 16:45:21,703 INFO o.a.j.t.JMeterThread: Thread started: Agent searches (GET /search) 2-19
2026-10-08 16:45:21,791 INFO o.a.j.t.JMeterThread: Thread is done: Agent searches (GET /search) 2-19
2026-10-08 16:45:21,792 INFO o.a.j.t.JMeterThread: Thread finished: Agent searches (GET /search) 2-19
2026-10-08 16:45:24,587 INFO o.a.j.t.JMeterThread: Thread is done: Ticket intake (POST /tickets) 1-9
2026-10-08 16:45:24,587 INFO o.a.j.t.JMeterThread: Thread finished: Ticket intake (POST /tickets) 1-9
2026-10-08 16:45:28,908 INFO o.a.j.t.JMeterThread: Thread started: Agent searches (GET /search) 2-20
2026-10-08 16:45:29,002 INFO o.a.j.t.JMeterThread: Thread is done: Agent searches (GET /search) 2-20
2026-10-08 16:45:29,002 INFO o.a.j.t.JMeterThread: Thread finished: Agent searches (GET /search) 2-20
2026-10-08 16:45:29,545 INFO o.a.j.t.JMeterThread: Thread started: Ticket intake (POST /tickets) 1-10
2026-10-08 16:45:31,156 INFO o.a.j.r.Summariser: summary +      7 in 00:00:57 =    0.1/s Avg:  1584 Min:    84 Max:  4542 Err:     0 (0.00%) Active: 1 Started: 30 Finished: 29
2026-10-08 16:45:31,157 INFO o.a.j.r.Summariser: summary =     30 in 00:04:50 =    0.1/s Avg:  1137 Min:    30 Max:  5555 Err:     0 (0.00%)
2026-10-08 16:45:31,157 INFO o.a.j.t.JMeterThread: Thread is done: Ticket intake (POST /tickets) 1-10
2026-10-08 16:45:31,157 INFO o.a.j.t.JMeterThread: Thread finished: Ticket intake (POST /tickets) 1-10
2026-10-08 16:45:32,772 INFO o.a.j.t.JMeterThread: Thread started: Agent searches (GET /search) 2-21
2026-10-08 16:45:32,850 INFO o.a.j.t.JMeterThread: Thread is done: Agent searches (GET /search) 2-21
2026-10-08 16:45:32,850 INFO o.a.j.t.JMeterThread: Thread finished: Agent searches (GET /search) 2-21
2026-10-08 16:45:59,714 INFO o.a.j.t.JMeterThread: Thread started: Agent searches (GET /search) 2-22
2026-10-08 16:45:59,838 INFO o.a.j.t.JMeterThread: Thread is done: Agent searches (GET /search) 2-22
2026-10-08 16:45:59,838 INFO o.a.j.t.JMeterThread: Thread finished: Agent searches (GET /search) 2-22
2026-10-08 16:46:15,476 INFO o.a.j.t.JMeterThread: Thread started: Agent searches (GET /search) 2-23
2026-10-08 16:46:15,678 INFO o.a.j.t.JMeterThread: Thread is done: Agent searches (GET /search) 2-23
2026-10-08 16:46:15,678 INFO o.a.j.t.JMeterThread: Thread finished: Agent searches (GET /search) 2-23
2026-10-08 16:46:25,069 INFO o.a.j.t.JMeterThread: Thread started: Agent searches (GET /search) 2-24
2026-10-08 16:46:25,117 INFO o.a.j.t.JMeterThread: Thread is done: Agent searches (GET /search) 2-24
2026-10-08 16:46:25,118 INFO o.a.j.t.JMeterThread: Thread finished: Agent searches (GET /search) 2-24
2026-10-08 16:46:28,960 INFO o.a.j.t.JMeterThread: Thread started: Agent searches (GET /search) 2-25
2026-10-08 16:46:29,025 INFO o.a.j.t.JMeterThread: Thread is done: Agent searches (GET /search) 2-25
2026-10-08 16:46:29,025 INFO o.a.j.t.JMeterThread: Thread finished: Agent searches (GET /search) 2-25
2026-10-08 16:46:30,422 INFO o.a.j.t.JMeterThread: Thread started: Ticket intake (POST /tickets) 1-11
2026-10-08 16:46:32,703 INFO o.a.j.t.JMeterThread: Thread started: Ticket intake (POST /tickets) 1-12
2026-10-08 16:46:35,523 INFO o.a.j.r.Summariser: summary +      6 in 00:01:04 =    0.1/s Avg:   932 Min:    43 Max:  5097 Err:     0 (0.00%) Active: 2 Started: 37 Finished: 35
2026-10-08 16:46:35,524 INFO o.a.j.r.Summariser: summary =     36 in 00:05:54 =    0.1/s Avg:  1103 Min:    30 Max:  5555 Err:     0 (0.00%)
2026-10-08 16:46:35,524 INFO o.a.j.t.JMeterThread: Thread is done: Ticket intake (POST /tickets) 1-11
2026-10-08 16:46:35,524 INFO o.a.j.t.JMeterThread: Thread finished: Ticket intake (POST /tickets) 1-11
2026-10-08 16:46:38,037 INFO o.a.j.t.JMeterThread: Thread is done: Ticket intake (POST /tickets) 1-12
2026-10-08 16:46:38,037 INFO o.a.j.t.JMeterThread: Thread finished: Ticket intake (POST /tickets) 1-12
2026-10-08 16:46:39,856 INFO o.a.j.t.JMeterThread: Thread started: Agent searches (GET /search) 2-26
2026-10-08 16:46:40,054 INFO o.a.j.t.JMeterThread: Thread is done: Agent searches (GET /search) 2-26
2026-10-08 16:46:40,055 INFO o.a.j.t.JMeterThread: Thread finished: Agent searches (GET /search) 2-26
2026-10-08 16:46:41,919 INFO o.a.j.t.JMeterThread: Thread started: Agent searches (GET /search) 2-27
2026-10-08 16:46:42,013 INFO o.a.j.t.JMeterThread: Thread is done: Agent searches (GET /search) 2-27
2026-10-08 16:46:42,013 INFO o.a.j.t.JMeterThread: Thread finished: Agent searches (GET /search) 2-27
2026-10-08 16:46:57,179 INFO o.a.j.t.JMeterThread: Thread started: Ticket intake (POST /tickets) 1-13
2026-10-08 16:46:58,810 INFO o.a.j.t.JMeterThread: Thread is done: Ticket intake (POST /tickets) 1-13
2026-10-08 16:46:58,810 INFO o.a.j.t.JMeterThread: Thread finished: Ticket intake (POST /tickets) 1-13
2026-10-08 16:47:01,991 INFO o.a.j.t.JMeterThread: Thread started: Ticket intake (POST /tickets) 1-14
2026-10-08 16:47:07,387 INFO o.a.j.t.JMeterThread: Thread is done: Ticket intake (POST /tickets) 1-14
2026-10-08 16:47:07,387 INFO o.a.j.t.JMeterThread: Thread finished: Ticket intake (POST /tickets) 1-14
2026-10-08 16:47:13,028 INFO o.a.j.t.JMeterThread: Thread started: Ticket intake (POST /tickets) 1-15
2026-10-08 16:47:16,479 INFO o.a.j.t.JMeterThread: Thread started: Agent searches (GET /search) 2-28
2026-10-08 16:47:16,687 INFO o.a.j.t.JMeterThread: Thread is done: Agent searches (GET /search) 2-28
2026-10-08 16:47:16,688 INFO o.a.j.t.JMeterThread: Thread finished: Agent searches (GET /search) 2-28
2026-10-08 16:47:16,921 INFO o.a.j.t.JMeterThread: Thread is done: Ticket intake (POST /tickets) 1-15
2026-10-08 16:47:16,921 INFO o.a.j.t.JMeterThread: Thread finished: Ticket intake (POST /tickets) 1-15
2026-10-08 16:47:24,896 INFO o.a.j.t.JMeterThread: Thread started: Agent searches (GET /search) 2-29
2026-10-08 16:47:25,035 INFO o.a.j.t.JMeterThread: Thread is done: Agent searches (GET /search) 2-29
2026-10-08 16:47:25,035 INFO o.a.j.t.JMeterThread: Thread finished: Agent searches (GET /search) 2-29
2026-10-08 16:47:48,328 INFO o.a.j.t.JMeterThread: Thread started: Agent searches (GET /search) 2-30
2026-10-08 16:47:48,383 INFO o.a.j.t.JMeterThread: Thread is done: Agent searches (GET /search) 2-30
2026-10-08 16:47:48,384 INFO o.a.j.t.JMeterThread: Thread finished: Agent searches (GET /search) 2-30
2026-10-08 16:48:29,790 INFO o.a.j.t.JMeterThread: Thread started: Ticket intake (POST /tickets) 1-16
2026-10-08 16:48:31,772 INFO o.a.j.r.Summariser: summary +     10 in 00:01:56 =    0.1/s Avg:  1888 Min:    51 Max:  5392 Err:     0 (0.00%) Active: 1 Started: 46 Finished: 45
2026-10-08 16:48:31,772 INFO o.a.j.r.Summariser: summary =     46 in 00:07:50 =    0.1/s Avg:  1273 Min:    30 Max:  5555 Err:     0 (0.00%)
2026-10-08 16:48:31,772 INFO o.a.j.t.JMeterThread: Thread is done: Ticket intake (POST /tickets) 1-16
2026-10-08 16:48:31,773 INFO o.a.j.t.JMeterThread: Thread finished: Ticket intake (POST /tickets) 1-16
2026-10-08 16:48:47,865 INFO o.a.j.t.JMeterThread: Thread started: Agent searches (GET /search) 2-31
2026-10-08 16:48:47,946 INFO o.a.j.t.JMeterThread: Thread is done: Agent searches (GET /search) 2-31
2026-10-08 16:48:47,947 INFO o.a.j.t.JMeterThread: Thread finished: Agent searches (GET /search) 2-31
2026-10-08 16:49:15,913 INFO o.a.j.t.JMeterThread: Thread started: Agent searches (GET /search) 2-32
2026-10-08 16:49:16,076 INFO o.a.j.t.JMeterThread: Thread is done: Agent searches (GET /search) 2-32
2026-10-08 16:49:16,077 INFO o.a.j.t.JMeterThread: Thread finished: Agent searches (GET /search) 2-32
2026-10-08 16:49:16,147 INFO o.a.j.t.JMeterThread: Thread started: Agent searches (GET /search) 2-33
2026-10-08 16:49:16,240 INFO o.a.j.t.JMeterThread: Thread is done: Agent searches (GET /search) 2-33
2026-10-08 16:49:16,240 INFO o.a.j.t.JMeterThread: Thread finished: Agent searches (GET /search) 2-33
2026-10-08 16:49:51,208 INFO o.a.j.t.o.EvenArrivalsRamp: Generating 0 events, beginRate = 0.0 / sec, endRate = 0.0 / sec, duration = 300.0 sec
2026-10-08 16:49:51,209 INFO o.a.j.t.JMeterThread: Thread started: Ticket intake (POST /tickets) 1-17
2026-10-08 16:49:51,209 INFO o.a.j.t.o.OpenModelThreadGroup: There will be no more events, so will wait for 350 sec till the end of the schedule
2026-10-08 16:49:53,345 INFO o.a.j.t.JMeterThread: Thread started: Agent searches (GET /search) 2-34
2026-10-08 16:49:53,483 INFO o.a.j.t.JMeterThread: Thread is done: Agent searches (GET /search) 2-34
2026-10-08 16:49:53,483 INFO o.a.j.t.JMeterThread: Thread finished: Agent searches (GET /search) 2-34
2026-10-08 16:49:53,794 INFO o.a.j.t.JMeterThread: Thread is done: Ticket intake (POST /tickets) 1-17
2026-10-08 16:49:53,795 INFO o.a.j.t.JMeterThread: Thread finished: Ticket intake (POST /tickets) 1-17
2026-10-08 16:49:54,183 INFO o.a.j.t.JMeterThread: Thread started: Agent searches (GET /search) 2-35
2026-10-08 16:49:54,183 INFO o.a.j.t.o.EvenArrivalsRamp: Generating 0 events, beginRate = 0.0 / sec, endRate = 0.0 / sec, duration = 300.0 sec
2026-10-08 16:49:54,183 INFO o.a.j.t.o.OpenModelThreadGroup: There will be no more events, so will wait for 347 sec till the end of the schedule
2026-10-08 16:49:54,227 INFO o.a.j.t.JMeterThread: Thread is done: Agent searches (GET /search) 2-35
2026-10-08 16:49:54,227 INFO o.a.j.t.JMeterThread: Thread finished: Agent searches (GET /search) 2-35
2026-10-08 16:55:41,409 INFO o.a.j.t.o.OpenModelThreadGroup: There will be no more events, will shutdown the thread pool
2026-10-08 16:55:41,409 INFO o.a.j.t.o.OpenModelThreadGroup: There will be no more events, will shutdown the thread pool
2026-10-08 16:55:41,411 INFO o.a.j.t.o.OpenModelThreadGroup: Thread starting done
2026-10-08 16:55:41,411 INFO o.a.j.t.o.OpenModelThreadGroup: Thread starting done
2026-10-08 16:55:41,411 INFO o.a.j.e.StandardJMeterEngine: Notifying test listeners of end of test
2026-10-08 16:55:41,411 INFO o.a.j.s.FileServer: Close: /Users/ridwan/Documents/GitHub/ICT3113_A1_P1-3/loadtest/data/tickets.tsv
2026-10-08 16:55:41,419 INFO o.a.j.r.Summariser: summary +      6 in 00:07:10 =    0.0/s Avg:   514 Min:    41 Max:  2582 Err:     0 (0.00%) Active: 0 Started: 52 Finished: 52
2026-10-08 16:55:41,420 INFO o.a.j.r.Summariser: summary =     52 in 00:15:00 =    0.1/s Avg:  1186 Min:    30 Max:  5555 Err:     0 (0.00%)
2026-10-08 16:55:41,420 INFO o.a.j.e.StandardJMeterEngine: Forced JVM shutdown requested at end of test
