2026-10-08 15:36:22,471 INFO o.a.j.u.JMeterUtils: Setting Locale to en_EN
2026-10-08 15:36:22,481 INFO o.a.j.JMeter: Loading user properties from: /Users/ridwan/Downloads/apache-jmeter-5.6.3/bin/user.properties
2026-10-08 15:36:22,481 INFO o.a.j.JMeter: Loading system properties from: /Users/ridwan/Downloads/apache-jmeter-5.6.3/bin/system.properties
2026-10-08 15:36:22,481 INFO o.a.j.JMeter: Loading additional properties from: /Users/ridwan/Documents/GitHub/ICT3113_A1_P1-3/loadtest/triage.properties
2026-10-08 15:36:22,482 INFO o.a.j.JMeter: Setting JMeter property: host=172.20.10.2
2026-10-08 15:36:22,482 INFO o.a.j.JMeter: Setting JMeter property: port=8000
2026-10-08 15:36:22,482 INFO o.a.j.JMeter: Setting JMeter property: rate=1.73
2026-10-08 15:36:22,482 INFO o.a.j.JMeter: Setting JMeter property: rate_end=1.73
2026-10-08 15:36:22,482 INFO o.a.j.JMeter: Setting JMeter property: search_rate=3.5
2026-10-08 15:36:22,482 INFO o.a.j.JMeter: Setting JMeter property: duration=10
2026-10-08 15:36:22,482 INFO o.a.j.JMeter: Setting JMeter property: drain=5
2026-10-08 15:36:22,482 INFO o.a.j.JMeter: Setting JMeter property: timeout_ms=600000
2026-10-08 15:36:22,482 INFO o.a.j.JMeter: Setting JMeter property: data=/Users/ridwan/Documents/GitHub/ICT3113_A1_P1-3/loadtest/data/tickets.tsv
2026-10-08 15:36:22,484 INFO o.a.j.JMeter: Copyright (c) 1998-2024 The Apache Software Foundation
2026-10-08 15:36:22,484 INFO o.a.j.JMeter: Version 5.6.3
2026-10-08 15:36:22,484 INFO o.a.j.JMeter: java.version=17.0.17
2026-10-08 15:36:22,484 INFO o.a.j.JMeter: java.vm.name=OpenJDK 64-Bit Server VM
2026-10-08 15:36:22,484 INFO o.a.j.JMeter: os.name=Mac OS X
2026-10-08 15:36:22,484 INFO o.a.j.JMeter: os.arch=aarch64
2026-10-08 15:36:22,484 INFO o.a.j.JMeter: os.version=26.5
2026-10-08 15:36:22,484 INFO o.a.j.JMeter: file.encoding=UTF-8
2026-10-08 15:36:22,485 INFO o.a.j.JMeter: java.awt.headless=true
2026-10-08 15:36:22,485 INFO o.a.j.JMeter: Max memory     =1073741824
2026-10-08 15:36:22,485 INFO o.a.j.JMeter: Available Processors =10
2026-10-08 15:36:22,489 INFO o.a.j.JMeter: Default Locale=English (EN)
2026-10-08 15:36:22,489 INFO o.a.j.JMeter: JMeter  Locale=English (EN)
2026-10-08 15:36:22,489 INFO o.a.j.JMeter: JMeterHome=/Users/ridwan/Downloads/apache-jmeter-5.6.3
2026-10-08 15:36:22,489 INFO o.a.j.JMeter: user.dir  =/Users/ridwan/Documents/GitHub/ICT3113_A1_P1-3
2026-10-08 15:36:22,489 INFO o.a.j.JMeter: PWD       =/Users/ridwan/Documents/GitHub/ICT3113_A1_P1-3
2026-10-08 15:36:22,491 INFO o.a.j.JMeter: IP: 127.0.0.1 Name: Muhammads-MacBook-Air-4.local FullName: localhost
2026-10-08 15:36:22,497 INFO o.a.j.s.FileServer: Default base='/Users/ridwan/Documents/GitHub/ICT3113_A1_P1-3'
2026-10-08 15:36:22,497 INFO o.a.j.s.FileServer: Set new base='/Users/ridwan/Documents/GitHub/ICT3113_A1_P1-3/loadtest'
2026-10-08 15:36:22,557 INFO o.a.j.s.SaveService: Testplan (JMX) version: 2.2. Testlog (JTL) version: 2.2
2026-10-08 15:36:22,569 INFO o.a.j.s.SaveService: Using SaveService properties version 5.0
2026-10-08 15:36:22,570 INFO o.a.j.s.SaveService: Using SaveService properties file encoding UTF-8
2026-10-08 15:36:22,571 INFO o.a.j.s.SaveService: Loading file: /Users/ridwan/Documents/GitHub/ICT3113_A1_P1-3/loadtest/triage.jmx
2026-10-08 15:36:22,599 INFO o.a.j.p.h.s.HTTPSamplerBase: Parser for text/html is org.apache.jmeter.protocol.http.parser.LagartoBasedHtmlParser
2026-10-08 15:36:22,599 INFO o.a.j.p.h.s.HTTPSamplerBase: Parser for application/xhtml+xml is org.apache.jmeter.protocol.http.parser.LagartoBasedHtmlParser
2026-10-08 15:36:22,599 INFO o.a.j.p.h.s.HTTPSamplerBase: Parser for application/xml is org.apache.jmeter.protocol.http.parser.LagartoBasedHtmlParser
2026-10-08 15:36:22,599 INFO o.a.j.p.h.s.HTTPSamplerBase: Parser for text/xml is org.apache.jmeter.protocol.http.parser.LagartoBasedHtmlParser
2026-10-08 15:36:22,599 INFO o.a.j.p.h.s.HTTPSamplerBase: Parser for text/vnd.wap.wml is org.apache.jmeter.protocol.http.parser.RegexpHTMLParser
2026-10-08 15:36:22,599 INFO o.a.j.p.h.s.HTTPSamplerBase: Parser for text/css is org.apache.jmeter.protocol.http.parser.CssParser
2026-10-08 15:36:22,606 INFO o.a.j.JMeter: Creating summariser <summary>
2026-10-08 15:36:22,612 INFO o.a.j.e.StandardJMeterEngine: Running the test!
2026-10-08 15:36:22,612 INFO o.a.j.s.SampleEvent: List of sample_variables: [rid, row]
2026-10-08 15:36:22,612 INFO o.a.j.s.SampleEvent: List of sample_variables: [rid, row]
2026-10-08 15:36:22,614 INFO o.a.j.e.u.CompoundVariable: Note: Function class names must contain the string: '.functions.'
2026-10-08 15:36:22,614 INFO o.a.j.e.u.CompoundVariable: Note: Function class names must not contain the string: '.gui.'
2026-10-08 15:36:22,706 INFO o.a.j.JMeter: Running test (1791444982706)
2026-10-08 15:36:22,714 INFO o.a.j.e.StandardJMeterEngine: Starting ThreadGroup: 1 : Ticket intake (POST /tickets)
2026-10-08 15:36:22,714 INFO o.a.j.e.StandardJMeterEngine: Starting 0 threads for group Ticket intake (POST /tickets).
2026-10-08 15:36:22,714 INFO o.a.j.e.StandardJMeterEngine: Thread will continue on error
2026-10-08 15:36:22,714 INFO o.a.j.t.o.OpenModelThreadGroup: Starting OpenModelThreadGroup#1 with schedule rate(1.73/min) random_arrivals(10 min) rate(1.73/min) pause(5 min)
2026-10-08 15:36:22,727 INFO o.a.j.e.StandardJMeterEngine: Starting ThreadGroup: 2 : Agent searches (GET /search)
2026-10-08 15:36:22,727 INFO o.a.j.e.StandardJMeterEngine: Starting 0 threads for group Agent searches (GET /search).
2026-10-08 15:36:22,727 INFO o.a.j.e.StandardJMeterEngine: Thread will continue on error
2026-10-08 15:36:22,727 INFO o.a.j.t.o.OpenModelThreadGroup: Thread starting init
2026-10-08 15:36:22,728 INFO o.a.j.t.o.OpenModelThreadGroup: Starting OpenModelThreadGroup#2 with schedule rate(3.5/min) random_arrivals(10 min) rate(3.5/min) pause(5 min)
2026-10-08 15:36:22,728 INFO o.a.j.e.StandardJMeterEngine: All thread groups have been started
2026-10-08 15:36:22,728 INFO o.a.j.t.o.OpenModelThreadGroup: Thread starting init
2026-10-08 15:36:22,729 INFO o.a.j.t.o.PoissonArrivalsRamp: Generating 17 events, beginRate = 0.028833333333333332 / sec, endRate = 0.028833333333333332 / sec, duration = 600.0 sec
2026-10-08 15:36:22,729 INFO o.a.j.t.o.PoissonArrivalsRamp: Generating 35 events, beginRate = 0.058333333333333334 / sec, endRate = 0.058333333333333334 / sec, duration = 600.0 sec
2026-10-08 15:36:24,516 INFO o.a.j.t.JMeterThread: Thread started: Agent searches (GET /search) 2-1
2026-10-08 15:36:24,741 INFO o.a.j.p.h.s.HTTPHCAbstractImpl: Local host = Muhammads-MacBook-Air-4.local
2026-10-08 15:36:24,743 INFO o.a.j.p.h.s.HTTPHC4Impl: HTTP request retry count = 0
2026-10-08 15:36:24,744 INFO o.a.j.s.SampleResult: Note: Sample TimeStamps are START times
2026-10-08 15:36:24,744 INFO o.a.j.s.SampleResult: sampleresult.default.encoding is set to UTF-8
2026-10-08 15:36:24,744 INFO o.a.j.s.SampleResult: sampleresult.useNanoTime=true
2026-10-08 15:36:24,744 INFO o.a.j.s.SampleResult: sampleresult.nanoThreadSleep=5000
2026-10-08 15:36:24,939 INFO o.a.j.t.JMeterThread: Thread is done: Agent searches (GET /search) 2-1
2026-10-08 15:36:24,939 INFO o.a.j.t.JMeterThread: Thread finished: Agent searches (GET /search) 2-1
2026-10-08 15:36:30,864 INFO o.a.j.t.JMeterThread: Thread started: Agent searches (GET /search) 2-2
2026-10-08 15:36:30,953 INFO o.a.j.r.Summariser: summary +      2 in 00:00:08 =    0.2/s Avg:   127 Min:    81 Max:   174 Err:     0 (0.00%) Active: 1 Started: 2 Finished: 1
2026-10-08 15:36:30,954 INFO o.a.j.t.JMeterThread: Thread is done: Agent searches (GET /search) 2-2
2026-10-08 15:36:30,954 INFO o.a.j.t.JMeterThread: Thread finished: Agent searches (GET /search) 2-2
2026-10-08 15:36:34,444 INFO o.a.j.t.JMeterThread: Thread started: Agent searches (GET /search) 2-3
2026-10-08 15:36:34,476 INFO o.a.j.t.JMeterThread: Thread is done: Agent searches (GET /search) 2-3
2026-10-08 15:36:34,477 INFO o.a.j.t.JMeterThread: Thread finished: Agent searches (GET /search) 2-3
2026-10-08 15:36:46,956 INFO o.a.j.t.JMeterThread: Thread started: Agent searches (GET /search) 2-4
2026-10-08 15:36:47,061 INFO o.a.j.t.JMeterThread: Thread is done: Agent searches (GET /search) 2-4
2026-10-08 15:36:47,061 INFO o.a.j.t.JMeterThread: Thread finished: Agent searches (GET /search) 2-4
2026-10-08 15:36:49,578 INFO o.a.j.t.JMeterThread: Thread started: Ticket intake (POST /tickets) 1-1
2026-10-08 15:36:49,579 INFO o.a.j.s.FileServer: Stored: /Users/ridwan/Documents/GitHub/ICT3113_A1_P1-3/loadtest/data/tickets.tsv
2026-10-08 15:36:51,747 INFO o.a.j.t.JMeterThread: Thread is done: Ticket intake (POST /tickets) 1-1
2026-10-08 15:36:51,747 INFO o.a.j.t.JMeterThread: Thread finished: Ticket intake (POST /tickets) 1-1
2026-10-08 15:37:07,799 INFO o.a.j.t.JMeterThread: Thread started: Ticket intake (POST /tickets) 1-2
2026-10-08 15:37:11,585 INFO o.a.j.t.JMeterThread: Thread is done: Ticket intake (POST /tickets) 1-2
2026-10-08 15:37:11,585 INFO o.a.j.t.JMeterThread: Thread finished: Ticket intake (POST /tickets) 1-2
2026-10-08 15:37:36,384 INFO o.a.j.t.JMeterThread: Thread started: Agent searches (GET /search) 2-5
2026-10-08 15:37:36,429 INFO o.a.j.t.JMeterThread: Thread is done: Agent searches (GET /search) 2-5
2026-10-08 15:37:36,430 INFO o.a.j.t.JMeterThread: Thread finished: Agent searches (GET /search) 2-5
2026-10-08 15:37:54,226 INFO o.a.j.t.JMeterThread: Thread started: Ticket intake (POST /tickets) 1-3
2026-10-08 15:37:56,182 INFO o.a.j.t.JMeterThread: Thread started: Agent searches (GET /search) 2-6
2026-10-08 15:37:56,322 INFO o.a.j.t.JMeterThread: Thread is done: Agent searches (GET /search) 2-6
2026-10-08 15:37:56,323 INFO o.a.j.t.JMeterThread: Thread finished: Agent searches (GET /search) 2-6
2026-10-08 15:38:00,156 INFO o.a.j.r.Summariser: summary +      7 in 00:01:29 =    0.1/s Avg:  1737 Min:    28 Max:  5926 Err:     0 (0.00%) Active: 1 Started: 9 Finished: 8
2026-10-08 15:38:00,157 INFO o.a.j.r.Summariser: summary =      9 in 00:01:37 =    0.1/s Avg:  1379 Min:    28 Max:  5926 Err:     0 (0.00%)
2026-10-08 15:38:00,158 INFO o.a.j.t.JMeterThread: Thread is done: Ticket intake (POST /tickets) 1-3
2026-10-08 15:38:00,158 INFO o.a.j.t.JMeterThread: Thread finished: Ticket intake (POST /tickets) 1-3
2026-10-08 15:38:00,932 INFO o.a.j.t.JMeterThread: Thread started: Ticket intake (POST /tickets) 1-4
2026-10-08 15:38:03,527 INFO o.a.j.t.JMeterThread: Thread is done: Ticket intake (POST /tickets) 1-4
2026-10-08 15:38:03,528 INFO o.a.j.t.JMeterThread: Thread finished: Ticket intake (POST /tickets) 1-4
2026-10-08 15:38:12,805 INFO o.a.j.t.JMeterThread: Thread started: Ticket intake (POST /tickets) 1-5
2026-10-08 15:38:14,160 INFO o.a.j.t.JMeterThread: Thread is done: Ticket intake (POST /tickets) 1-5
2026-10-08 15:38:14,161 INFO o.a.j.t.JMeterThread: Thread finished: Ticket intake (POST /tickets) 1-5
2026-10-08 15:38:18,484 INFO o.a.j.t.JMeterThread: Thread started: Agent searches (GET /search) 2-7
2026-10-08 15:38:18,631 INFO o.a.j.t.JMeterThread: Thread is done: Agent searches (GET /search) 2-7
2026-10-08 15:38:18,631 INFO o.a.j.t.JMeterThread: Thread finished: Agent searches (GET /search) 2-7
2026-10-08 15:38:31,010 INFO o.a.j.t.JMeterThread: Thread started: Agent searches (GET /search) 2-8
2026-10-08 15:38:31,070 INFO o.a.j.r.Summariser: summary +      4 in 00:00:31 =    0.1/s Avg:  1034 Min:    55 Max:  2589 Err:     0 (0.00%) Active: 1 Started: 13 Finished: 12
2026-10-08 15:38:31,071 INFO o.a.j.r.Summariser: summary =     13 in 00:02:08 =    0.1/s Avg:  1273 Min:    28 Max:  5926 Err:     0 (0.00%)
2026-10-08 15:38:31,071 INFO o.a.j.t.JMeterThread: Thread is done: Agent searches (GET /search) 2-8
2026-10-08 15:38:31,071 INFO o.a.j.t.JMeterThread: Thread finished: Agent searches (GET /search) 2-8
2026-10-08 15:38:42,775 INFO o.a.j.t.JMeterThread: Thread started: Agent searches (GET /search) 2-9
2026-10-08 15:38:42,875 INFO o.a.j.t.JMeterThread: Thread is done: Agent searches (GET /search) 2-9
2026-10-08 15:38:42,875 INFO o.a.j.t.JMeterThread: Thread finished: Agent searches (GET /search) 2-9
2026-10-08 15:39:04,008 INFO o.a.j.t.JMeterThread: Thread started: Agent searches (GET /search) 2-10
2026-10-08 15:39:04,072 INFO o.a.j.r.Summariser: summary +      2 in 00:00:33 =    0.1/s Avg:    77 Min:    59 Max:    96 Err:     0 (0.00%) Active: 1 Started: 15 Finished: 14
2026-10-08 15:39:04,073 INFO o.a.j.r.Summariser: summary =     15 in 00:02:41 =    0.1/s Avg:  1114 Min:    28 Max:  5926 Err:     0 (0.00%)
2026-10-08 15:39:04,073 INFO o.a.j.t.JMeterThread: Thread is done: Agent searches (GET /search) 2-10
2026-10-08 15:39:04,073 INFO o.a.j.t.JMeterThread: Thread finished: Agent searches (GET /search) 2-10
2026-10-08 15:39:12,890 INFO o.a.j.t.JMeterThread: Thread started: Agent searches (GET /search) 2-11
2026-10-08 15:39:12,950 INFO o.a.j.t.JMeterThread: Thread is done: Agent searches (GET /search) 2-11
2026-10-08 15:39:12,950 INFO o.a.j.t.JMeterThread: Thread finished: Agent searches (GET /search) 2-11
2026-10-08 15:39:15,727 INFO o.a.j.t.JMeterThread: Thread started: Agent searches (GET /search) 2-12
2026-10-08 15:39:15,840 INFO o.a.j.t.JMeterThread: Thread is done: Agent searches (GET /search) 2-12
2026-10-08 15:39:15,840 INFO o.a.j.t.JMeterThread: Thread finished: Agent searches (GET /search) 2-12
2026-10-08 15:39:29,098 INFO o.a.j.t.JMeterThread: Thread started: Agent searches (GET /search) 2-13
2026-10-08 15:39:29,160 INFO o.a.j.t.JMeterThread: Thread is done: Agent searches (GET /search) 2-13
2026-10-08 15:39:29,160 INFO o.a.j.t.JMeterThread: Thread finished: Agent searches (GET /search) 2-13
2026-10-08 15:39:33,663 INFO o.a.j.t.JMeterThread: Thread started: Agent searches (GET /search) 2-14
2026-10-08 15:39:33,723 INFO o.a.j.r.Summariser: summary +      4 in 00:00:30 =    0.1/s Avg:    69 Min:    56 Max:   109 Err:     0 (0.00%) Active: 1 Started: 19 Finished: 18
2026-10-08 15:39:33,724 INFO o.a.j.r.Summariser: summary =     19 in 00:03:11 =    0.1/s Avg:   894 Min:    28 Max:  5926 Err:     0 (0.00%)
2026-10-08 15:39:33,724 INFO o.a.j.t.JMeterThread: Thread is done: Agent searches (GET /search) 2-14
2026-10-08 15:39:33,724 INFO o.a.j.t.JMeterThread: Thread finished: Agent searches (GET /search) 2-14
2026-10-08 15:39:34,188 INFO o.a.j.t.JMeterThread: Thread started: Agent searches (GET /search) 2-15
2026-10-08 15:39:34,241 INFO o.a.j.t.JMeterThread: Thread is done: Agent searches (GET /search) 2-15
2026-10-08 15:39:34,241 INFO o.a.j.t.JMeterThread: Thread finished: Agent searches (GET /search) 2-15
2026-10-08 15:39:53,948 INFO o.a.j.t.JMeterThread: Thread started: Ticket intake (POST /tickets) 1-6
2026-10-08 15:39:56,541 INFO o.a.j.t.JMeterThread: Thread started: Agent searches (GET /search) 2-16
2026-10-08 15:39:56,587 INFO o.a.j.t.JMeterThread: Thread is done: Agent searches (GET /search) 2-16
2026-10-08 15:39:56,587 INFO o.a.j.t.JMeterThread: Thread finished: Agent searches (GET /search) 2-16
2026-10-08 15:39:57,833 INFO o.a.j.t.JMeterThread: Thread is done: Ticket intake (POST /tickets) 1-6
2026-10-08 15:39:57,833 INFO o.a.j.t.JMeterThread: Thread finished: Ticket intake (POST /tickets) 1-6
2026-10-08 15:40:05,607 INFO o.a.j.t.JMeterThread: Thread started: Agent searches (GET /search) 2-17
2026-10-08 15:40:05,697 INFO o.a.j.r.Summariser: summary +      4 in 00:00:32 =    0.1/s Avg:  1014 Min:    42 Max:  3881 Err:     0 (0.00%) Active: 1 Started: 23 Finished: 22
2026-10-08 15:40:05,697 INFO o.a.j.r.Summariser: summary =     23 in 00:03:43 =    0.1/s Avg:   915 Min:    28 Max:  5926 Err:     0 (0.00%)
2026-10-08 15:40:05,698 INFO o.a.j.t.JMeterThread: Thread is done: Agent searches (GET /search) 2-17
2026-10-08 15:40:05,698 INFO o.a.j.t.JMeterThread: Thread finished: Agent searches (GET /search) 2-17
2026-10-08 15:40:25,813 INFO o.a.j.t.JMeterThread: Thread started: Ticket intake (POST /tickets) 1-7
2026-10-08 15:40:27,562 INFO o.a.j.t.JMeterThread: Thread started: Agent searches (GET /search) 2-18
2026-10-08 15:40:27,677 INFO o.a.j.t.JMeterThread: Thread is done: Agent searches (GET /search) 2-18
2026-10-08 15:40:27,678 INFO o.a.j.t.JMeterThread: Thread finished: Agent searches (GET /search) 2-18
2026-10-08 15:40:28,162 INFO o.a.j.t.JMeterThread: Thread is done: Ticket intake (POST /tickets) 1-7
2026-10-08 15:40:28,162 INFO o.a.j.t.JMeterThread: Thread finished: Ticket intake (POST /tickets) 1-7
2026-10-08 15:40:42,200 INFO o.a.j.t.JMeterThread: Thread started: Agent searches (GET /search) 2-19
2026-10-08 15:40:42,349 INFO o.a.j.t.JMeterThread: Thread is done: Agent searches (GET /search) 2-19
2026-10-08 15:40:42,349 INFO o.a.j.t.JMeterThread: Thread finished: Agent searches (GET /search) 2-19
2026-10-08 15:40:56,165 INFO o.a.j.t.JMeterThread: Thread started: Ticket intake (POST /tickets) 1-8
2026-10-08 15:41:00,675 INFO o.a.j.r.Summariser: summary +      4 in 00:00:55 =    0.1/s Avg:  1776 Min:   111 Max:  4504 Err:     0 (0.00%) Active: 1 Started: 27 Finished: 26
2026-10-08 15:41:00,676 INFO o.a.j.r.Summariser: summary =     27 in 00:04:38 =    0.1/s Avg:  1042 Min:    28 Max:  5926 Err:     0 (0.00%)
2026-10-08 15:41:00,676 INFO o.a.j.t.JMeterThread: Thread is done: Ticket intake (POST /tickets) 1-8
2026-10-08 15:41:00,676 INFO o.a.j.t.JMeterThread: Thread finished: Ticket intake (POST /tickets) 1-8
2026-10-08 15:41:03,598 INFO o.a.j.t.JMeterThread: Thread started: Agent searches (GET /search) 2-20
2026-10-08 15:41:03,670 INFO o.a.j.t.JMeterThread: Thread is done: Agent searches (GET /search) 2-20
2026-10-08 15:41:03,670 INFO o.a.j.t.JMeterThread: Thread finished: Agent searches (GET /search) 2-20
2026-10-08 15:41:07,283 INFO o.a.j.t.JMeterThread: Thread started: Agent searches (GET /search) 2-21
2026-10-08 15:41:07,349 INFO o.a.j.t.JMeterThread: Thread is done: Agent searches (GET /search) 2-21
2026-10-08 15:41:07,350 INFO o.a.j.t.JMeterThread: Thread finished: Agent searches (GET /search) 2-21
2026-10-08 15:41:18,892 INFO o.a.j.t.JMeterThread: Thread started: Agent searches (GET /search) 2-22
2026-10-08 15:41:18,935 INFO o.a.j.t.JMeterThread: Thread is done: Agent searches (GET /search) 2-22
2026-10-08 15:41:18,935 INFO o.a.j.t.JMeterThread: Thread finished: Agent searches (GET /search) 2-22
2026-10-08 15:41:19,177 INFO o.a.j.t.JMeterThread: Thread started: Agent searches (GET /search) 2-23
2026-10-08 15:41:19,342 INFO o.a.j.t.JMeterThread: Thread is done: Agent searches (GET /search) 2-23
2026-10-08 15:41:19,343 INFO o.a.j.t.JMeterThread: Thread finished: Agent searches (GET /search) 2-23
2026-10-08 15:41:32,195 INFO o.a.j.t.JMeterThread: Thread started: Agent searches (GET /search) 2-24
2026-10-08 15:41:32,634 INFO o.a.j.r.Summariser: summary +      5 in 00:00:32 =    0.2/s Avg:   153 Min:    39 Max:   435 Err:     0 (0.00%) Active: 1 Started: 32 Finished: 31
2026-10-08 15:41:32,635 INFO o.a.j.r.Summariser: summary =     32 in 00:05:10 =    0.1/s Avg:   903 Min:    28 Max:  5926 Err:     0 (0.00%)
2026-10-08 15:41:32,635 INFO o.a.j.t.JMeterThread: Thread is done: Agent searches (GET /search) 2-24
2026-10-08 15:41:32,635 INFO o.a.j.t.JMeterThread: Thread finished: Agent searches (GET /search) 2-24
2026-10-08 15:41:39,637 INFO o.a.j.t.JMeterThread: Thread started: Agent searches (GET /search) 2-25
2026-10-08 15:41:39,679 INFO o.a.j.t.JMeterThread: Thread is done: Agent searches (GET /search) 2-25
2026-10-08 15:41:39,680 INFO o.a.j.t.JMeterThread: Thread finished: Agent searches (GET /search) 2-25
2026-10-08 15:41:45,267 INFO o.a.j.t.JMeterThread: Thread started: Ticket intake (POST /tickets) 1-9
2026-10-08 15:41:47,261 INFO o.a.j.t.JMeterThread: Thread started: Ticket intake (POST /tickets) 1-10
2026-10-08 15:41:50,118 INFO o.a.j.t.JMeterThread: Thread is done: Ticket intake (POST /tickets) 1-9
2026-10-08 15:41:50,118 INFO o.a.j.t.JMeterThread: Thread finished: Ticket intake (POST /tickets) 1-9
2026-10-08 15:41:51,531 INFO o.a.j.t.JMeterThread: Thread is done: Ticket intake (POST /tickets) 1-10
2026-10-08 15:41:51,531 INFO o.a.j.t.JMeterThread: Thread finished: Ticket intake (POST /tickets) 1-10
2026-10-08 15:42:01,197 INFO o.a.j.t.JMeterThread: Thread started: Ticket intake (POST /tickets) 1-11
2026-10-08 15:42:06,096 INFO o.a.j.t.JMeterThread: Thread is done: Ticket intake (POST /tickets) 1-11
2026-10-08 15:42:06,097 INFO o.a.j.t.JMeterThread: Thread finished: Ticket intake (POST /tickets) 1-11
2026-10-08 15:42:16,518 INFO o.a.j.t.JMeterThread: Thread started: Ticket intake (POST /tickets) 1-12
2026-10-08 15:42:19,864 INFO o.a.j.t.JMeterThread: Thread is done: Ticket intake (POST /tickets) 1-12
2026-10-08 15:42:19,865 INFO o.a.j.t.JMeterThread: Thread finished: Ticket intake (POST /tickets) 1-12
2026-10-08 15:42:20,136 INFO o.a.j.t.JMeterThread: Thread started: Ticket intake (POST /tickets) 1-13
2026-10-08 15:42:21,581 INFO o.a.j.t.JMeterThread: Thread started: Ticket intake (POST /tickets) 1-14
2026-10-08 15:42:22,693 INFO o.a.j.t.JMeterThread: Thread is done: Ticket intake (POST /tickets) 1-13
2026-10-08 15:42:22,694 INFO o.a.j.t.JMeterThread: Thread finished: Ticket intake (POST /tickets) 1-13
2026-10-08 15:42:27,420 INFO o.a.j.t.JMeterThread: Thread is done: Ticket intake (POST /tickets) 1-14
2026-10-08 15:42:27,420 INFO o.a.j.t.JMeterThread: Thread finished: Ticket intake (POST /tickets) 1-14
2026-10-08 15:42:37,725 INFO o.a.j.t.JMeterThread: Thread started: Agent searches (GET /search) 2-26
2026-10-08 15:42:37,775 INFO o.a.j.t.JMeterThread: Thread is done: Agent searches (GET /search) 2-26
2026-10-08 15:42:37,776 INFO o.a.j.t.JMeterThread: Thread finished: Agent searches (GET /search) 2-26
2026-10-08 15:43:08,032 INFO o.a.j.t.JMeterThread: Thread started: Agent searches (GET /search) 2-27
2026-10-08 15:43:08,090 INFO o.a.j.t.JMeterThread: Thread is done: Agent searches (GET /search) 2-27
2026-10-08 15:43:08,091 INFO o.a.j.t.JMeterThread: Thread finished: Agent searches (GET /search) 2-27
2026-10-08 15:43:09,100 INFO o.a.j.t.JMeterThread: Thread started: Agent searches (GET /search) 2-28
2026-10-08 15:43:09,166 INFO o.a.j.t.JMeterThread: Thread is done: Agent searches (GET /search) 2-28
2026-10-08 15:43:09,166 INFO o.a.j.t.JMeterThread: Thread finished: Agent searches (GET /search) 2-28
2026-10-08 15:43:24,990 INFO o.a.j.t.JMeterThread: Thread started: Agent searches (GET /search) 2-29
2026-10-08 15:43:25,079 INFO o.a.j.t.JMeterThread: Thread is done: Agent searches (GET /search) 2-29
2026-10-08 15:43:25,079 INFO o.a.j.t.JMeterThread: Thread finished: Agent searches (GET /search) 2-29
2026-10-08 15:43:46,261 INFO o.a.j.t.JMeterThread: Thread started: Agent searches (GET /search) 2-30
2026-10-08 15:43:47,358 INFO o.a.j.t.JMeterThread: Thread is done: Agent searches (GET /search) 2-30
2026-10-08 15:43:47,358 INFO o.a.j.t.JMeterThread: Thread finished: Agent searches (GET /search) 2-30
2026-10-08 15:43:47,639 INFO o.a.j.t.JMeterThread: Thread started: Agent searches (GET /search) 2-31
2026-10-08 15:43:47,778 INFO o.a.j.t.JMeterThread: Thread is done: Agent searches (GET /search) 2-31
2026-10-08 15:43:47,778 INFO o.a.j.t.JMeterThread: Thread finished: Agent searches (GET /search) 2-31
2026-10-08 15:43:49,424 INFO o.a.j.t.JMeterThread: Thread started: Ticket intake (POST /tickets) 1-15
2026-10-08 15:43:50,859 INFO o.a.j.t.JMeterThread: Thread started: Agent searches (GET /search) 2-32
2026-10-08 15:43:51,062 INFO o.a.j.t.JMeterThread: Thread is done: Agent searches (GET /search) 2-32
2026-10-08 15:43:51,062 INFO o.a.j.t.JMeterThread: Thread finished: Agent searches (GET /search) 2-32
2026-10-08 15:43:53,829 INFO o.a.j.t.JMeterThread: Thread is done: Ticket intake (POST /tickets) 1-15
2026-10-08 15:43:53,829 INFO o.a.j.t.JMeterThread: Thread finished: Ticket intake (POST /tickets) 1-15
2026-10-08 15:44:00,937 INFO o.a.j.t.JMeterThread: Thread started: Agent searches (GET /search) 2-33
2026-10-08 15:44:00,986 INFO o.a.j.r.Summariser: summary +     16 in 00:02:28 =    0.1/s Avg:  1993 Min:    38 Max:  5835 Err:     0 (0.00%) Active: 1 Started: 48 Finished: 47
2026-10-08 15:44:00,986 INFO o.a.j.r.Summariser: summary =     48 in 00:07:38 =    0.1/s Avg:  1267 Min:    28 Max:  5926 Err:     0 (0.00%)
2026-10-08 15:44:00,987 INFO o.a.j.t.JMeterThread: Thread is done: Agent searches (GET /search) 2-33
2026-10-08 15:44:00,987 INFO o.a.j.t.JMeterThread: Thread finished: Agent searches (GET /search) 2-33
2026-10-08 15:44:53,958 INFO o.a.j.t.JMeterThread: Thread started: Ticket intake (POST /tickets) 1-16
2026-10-08 15:44:55,474 INFO o.a.j.t.JMeterThread: Thread is done: Ticket intake (POST /tickets) 1-16
2026-10-08 15:44:55,474 INFO o.a.j.t.JMeterThread: Thread finished: Ticket intake (POST /tickets) 1-16
2026-10-08 15:45:04,805 INFO o.a.j.t.o.EvenArrivalsRamp: Generating 0 events, beginRate = 0.0 / sec, endRate = 0.0 / sec, duration = 300.0 sec
2026-10-08 15:45:04,806 INFO o.a.j.t.JMeterThread: Thread started: Ticket intake (POST /tickets) 1-17
2026-10-08 15:45:04,806 INFO o.a.j.t.o.OpenModelThreadGroup: There will be no more events, so will wait for 377 sec till the end of the schedule
2026-10-08 15:45:07,555 INFO o.a.j.t.JMeterThread: Thread is done: Ticket intake (POST /tickets) 1-17
2026-10-08 15:45:07,555 INFO o.a.j.t.JMeterThread: Thread finished: Ticket intake (POST /tickets) 1-17
2026-10-08 15:45:19,973 INFO o.a.j.t.JMeterThread: Thread started: Agent searches (GET /search) 2-34
2026-10-08 15:45:20,125 INFO o.a.j.t.JMeterThread: Thread is done: Agent searches (GET /search) 2-34
2026-10-08 15:45:20,125 INFO o.a.j.t.JMeterThread: Thread finished: Agent searches (GET /search) 2-34
2026-10-08 15:45:50,853 INFO o.a.j.t.o.EvenArrivalsRamp: Generating 0 events, beginRate = 0.0 / sec, endRate = 0.0 / sec, duration = 300.0 sec
2026-10-08 15:45:50,853 INFO o.a.j.t.JMeterThread: Thread started: Agent searches (GET /search) 2-35
2026-10-08 15:45:50,853 INFO o.a.j.t.o.OpenModelThreadGroup: There will be no more events, so will wait for 331 sec till the end of the schedule
2026-10-08 15:45:51,090 INFO o.a.j.t.JMeterThread: Thread is done: Agent searches (GET /search) 2-35
2026-10-08 15:45:51,090 INFO o.a.j.t.JMeterThread: Thread finished: Agent searches (GET /search) 2-35
2026-10-08 15:51:22,683 INFO o.a.j.t.o.OpenModelThreadGroup: There will be no more events, will shutdown the thread pool
2026-10-08 15:51:22,685 INFO o.a.j.t.o.OpenModelThreadGroup: Thread starting done
2026-10-08 15:51:22,688 INFO o.a.j.t.o.OpenModelThreadGroup: There will be no more events, will shutdown the thread pool
2026-10-08 15:51:22,688 INFO o.a.j.t.o.OpenModelThreadGroup: Thread starting done
2026-10-08 15:51:22,688 INFO o.a.j.e.StandardJMeterEngine: Notifying test listeners of end of test
2026-10-08 15:51:22,689 INFO o.a.j.s.FileServer: Close: /Users/ridwan/Documents/GitHub/ICT3113_A1_P1-3/loadtest/data/tickets.tsv
2026-10-08 15:51:22,695 INFO o.a.j.r.Summariser: summary +      4 in 00:07:22 =    0.0/s Avg:  1159 Min:   147 Max:  2746 Err:     0 (0.00%) Active: 0 Started: 52 Finished: 52
2026-10-08 15:51:22,696 INFO o.a.j.r.Summariser: summary =     52 in 00:15:00 =    0.1/s Avg:  1258 Min:    28 Max:  5926 Err:     0 (0.00%)
2026-10-08 15:51:22,696 INFO o.a.j.e.StandardJMeterEngine: Forced JVM shutdown requested at end of test
