2026-10-08 16:03:07,131 INFO o.a.j.u.JMeterUtils: Setting Locale to en_EN
2026-10-08 16:03:07,141 INFO o.a.j.JMeter: Loading user properties from: /Users/ridwan/Downloads/apache-jmeter-5.6.3/bin/user.properties
2026-10-08 16:03:07,141 INFO o.a.j.JMeter: Loading system properties from: /Users/ridwan/Downloads/apache-jmeter-5.6.3/bin/system.properties
2026-10-08 16:03:07,141 INFO o.a.j.JMeter: Loading additional properties from: /Users/ridwan/Documents/GitHub/ICT3113_A1_P1-3/loadtest/triage.properties
2026-10-08 16:03:07,142 INFO o.a.j.JMeter: Setting JMeter property: host=172.20.10.2
2026-10-08 16:03:07,142 INFO o.a.j.JMeter: Setting JMeter property: port=8000
2026-10-08 16:03:07,142 INFO o.a.j.JMeter: Setting JMeter property: rate=1.73
2026-10-08 16:03:07,142 INFO o.a.j.JMeter: Setting JMeter property: rate_end=1.73
2026-10-08 16:03:07,142 INFO o.a.j.JMeter: Setting JMeter property: search_rate=3.5
2026-10-08 16:03:07,142 INFO o.a.j.JMeter: Setting JMeter property: duration=10
2026-10-08 16:03:07,142 INFO o.a.j.JMeter: Setting JMeter property: drain=5
2026-10-08 16:03:07,142 INFO o.a.j.JMeter: Setting JMeter property: timeout_ms=600000
2026-10-08 16:03:07,142 INFO o.a.j.JMeter: Setting JMeter property: data=/Users/ridwan/Documents/GitHub/ICT3113_A1_P1-3/loadtest/data/tickets.tsv
2026-10-08 16:03:07,144 INFO o.a.j.JMeter: Copyright (c) 1998-2024 The Apache Software Foundation
2026-10-08 16:03:07,145 INFO o.a.j.JMeter: Version 5.6.3
2026-10-08 16:03:07,145 INFO o.a.j.JMeter: java.version=17.0.17
2026-10-08 16:03:07,145 INFO o.a.j.JMeter: java.vm.name=OpenJDK 64-Bit Server VM
2026-10-08 16:03:07,145 INFO o.a.j.JMeter: os.name=Mac OS X
2026-10-08 16:03:07,145 INFO o.a.j.JMeter: os.arch=aarch64
2026-10-08 16:03:07,145 INFO o.a.j.JMeter: os.version=26.5
2026-10-08 16:03:07,145 INFO o.a.j.JMeter: file.encoding=UTF-8
2026-10-08 16:03:07,145 INFO o.a.j.JMeter: java.awt.headless=true
2026-10-08 16:03:07,145 INFO o.a.j.JMeter: Max memory     =1073741824
2026-10-08 16:03:07,145 INFO o.a.j.JMeter: Available Processors =10
2026-10-08 16:03:07,149 INFO o.a.j.JMeter: Default Locale=English (EN)
2026-10-08 16:03:07,149 INFO o.a.j.JMeter: JMeter  Locale=English (EN)
2026-10-08 16:03:07,149 INFO o.a.j.JMeter: JMeterHome=/Users/ridwan/Downloads/apache-jmeter-5.6.3
2026-10-08 16:03:07,149 INFO o.a.j.JMeter: user.dir  =/Users/ridwan/Documents/GitHub/ICT3113_A1_P1-3
2026-10-08 16:03:07,149 INFO o.a.j.JMeter: PWD       =/Users/ridwan/Documents/GitHub/ICT3113_A1_P1-3
2026-10-08 16:03:07,150 INFO o.a.j.JMeter: IP: 127.0.0.1 Name: Muhammads-MacBook-Air-4.local FullName: localhost
2026-10-08 16:03:07,156 INFO o.a.j.s.FileServer: Default base='/Users/ridwan/Documents/GitHub/ICT3113_A1_P1-3'
2026-10-08 16:03:07,157 INFO o.a.j.s.FileServer: Set new base='/Users/ridwan/Documents/GitHub/ICT3113_A1_P1-3/loadtest'
2026-10-08 16:03:07,217 INFO o.a.j.s.SaveService: Testplan (JMX) version: 2.2. Testlog (JTL) version: 2.2
2026-10-08 16:03:07,229 INFO o.a.j.s.SaveService: Using SaveService properties version 5.0
2026-10-08 16:03:07,230 INFO o.a.j.s.SaveService: Using SaveService properties file encoding UTF-8
2026-10-08 16:03:07,231 INFO o.a.j.s.SaveService: Loading file: /Users/ridwan/Documents/GitHub/ICT3113_A1_P1-3/loadtest/triage.jmx
2026-10-08 16:03:07,259 INFO o.a.j.p.h.s.HTTPSamplerBase: Parser for text/html is org.apache.jmeter.protocol.http.parser.LagartoBasedHtmlParser
2026-10-08 16:03:07,259 INFO o.a.j.p.h.s.HTTPSamplerBase: Parser for application/xhtml+xml is org.apache.jmeter.protocol.http.parser.LagartoBasedHtmlParser
2026-10-08 16:03:07,259 INFO o.a.j.p.h.s.HTTPSamplerBase: Parser for application/xml is org.apache.jmeter.protocol.http.parser.LagartoBasedHtmlParser
2026-10-08 16:03:07,259 INFO o.a.j.p.h.s.HTTPSamplerBase: Parser for text/xml is org.apache.jmeter.protocol.http.parser.LagartoBasedHtmlParser
2026-10-08 16:03:07,259 INFO o.a.j.p.h.s.HTTPSamplerBase: Parser for text/vnd.wap.wml is org.apache.jmeter.protocol.http.parser.RegexpHTMLParser
2026-10-08 16:03:07,259 INFO o.a.j.p.h.s.HTTPSamplerBase: Parser for text/css is org.apache.jmeter.protocol.http.parser.CssParser
2026-10-08 16:03:07,266 INFO o.a.j.JMeter: Creating summariser <summary>
2026-10-08 16:03:07,273 INFO o.a.j.e.StandardJMeterEngine: Running the test!
2026-10-08 16:03:07,273 INFO o.a.j.s.SampleEvent: List of sample_variables: [rid, row]
2026-10-08 16:03:07,273 INFO o.a.j.s.SampleEvent: List of sample_variables: [rid, row]
2026-10-08 16:03:07,274 INFO o.a.j.e.u.CompoundVariable: Note: Function class names must contain the string: '.functions.'
2026-10-08 16:03:07,274 INFO o.a.j.e.u.CompoundVariable: Note: Function class names must not contain the string: '.gui.'
2026-10-08 16:03:07,368 INFO o.a.j.JMeter: Running test (1791446587368)
2026-10-08 16:03:07,375 INFO o.a.j.e.StandardJMeterEngine: Starting ThreadGroup: 1 : Ticket intake (POST /tickets)
2026-10-08 16:03:07,376 INFO o.a.j.e.StandardJMeterEngine: Starting 0 threads for group Ticket intake (POST /tickets).
2026-10-08 16:03:07,376 INFO o.a.j.e.StandardJMeterEngine: Thread will continue on error
2026-10-08 16:03:07,376 INFO o.a.j.t.o.OpenModelThreadGroup: Starting OpenModelThreadGroup#1 with schedule rate(1.73/min) random_arrivals(10 min) rate(1.73/min) pause(5 min)
2026-10-08 16:03:07,389 INFO o.a.j.e.StandardJMeterEngine: Starting ThreadGroup: 2 : Agent searches (GET /search)
2026-10-08 16:03:07,389 INFO o.a.j.e.StandardJMeterEngine: Starting 0 threads for group Agent searches (GET /search).
2026-10-08 16:03:07,389 INFO o.a.j.e.StandardJMeterEngine: Thread will continue on error
2026-10-08 16:03:07,389 INFO o.a.j.t.o.OpenModelThreadGroup: Thread starting init
2026-10-08 16:03:07,389 INFO o.a.j.t.o.OpenModelThreadGroup: Starting OpenModelThreadGroup#2 with schedule rate(3.5/min) random_arrivals(10 min) rate(3.5/min) pause(5 min)
2026-10-08 16:03:07,389 INFO o.a.j.e.StandardJMeterEngine: All thread groups have been started
2026-10-08 16:03:07,390 INFO o.a.j.t.o.OpenModelThreadGroup: Thread starting init
2026-10-08 16:03:07,391 INFO o.a.j.t.o.PoissonArrivalsRamp: Generating 35 events, beginRate = 0.058333333333333334 / sec, endRate = 0.058333333333333334 / sec, duration = 600.0 sec
2026-10-08 16:03:07,391 INFO o.a.j.t.o.PoissonArrivalsRamp: Generating 17 events, beginRate = 0.028833333333333332 / sec, endRate = 0.028833333333333332 / sec, duration = 600.0 sec
2026-10-08 16:03:18,633 INFO o.a.j.t.JMeterThread: Thread started: Agent searches (GET /search) 2-1
2026-10-08 16:03:18,858 INFO o.a.j.p.h.s.HTTPHCAbstractImpl: Local host = Muhammads-MacBook-Air-4.local
2026-10-08 16:03:18,860 INFO o.a.j.p.h.s.HTTPHC4Impl: HTTP request retry count = 0
2026-10-08 16:03:18,861 INFO o.a.j.s.SampleResult: Note: Sample TimeStamps are START times
2026-10-08 16:03:18,861 INFO o.a.j.s.SampleResult: sampleresult.default.encoding is set to UTF-8
2026-10-08 16:03:18,861 INFO o.a.j.s.SampleResult: sampleresult.useNanoTime=true
2026-10-08 16:03:18,861 INFO o.a.j.s.SampleResult: sampleresult.nanoThreadSleep=5000
2026-10-08 16:03:19,071 INFO o.a.j.t.JMeterThread: Thread is done: Agent searches (GET /search) 2-1
2026-10-08 16:03:19,071 INFO o.a.j.t.JMeterThread: Thread finished: Agent searches (GET /search) 2-1
2026-10-08 16:03:22,605 INFO o.a.j.t.JMeterThread: Thread started: Ticket intake (POST /tickets) 1-1
2026-10-08 16:03:22,606 INFO o.a.j.s.FileServer: Stored: /Users/ridwan/Documents/GitHub/ICT3113_A1_P1-3/loadtest/data/tickets.tsv
2026-10-08 16:03:24,193 INFO o.a.j.t.JMeterThread: Thread is done: Ticket intake (POST /tickets) 1-1
2026-10-08 16:03:24,193 INFO o.a.j.t.JMeterThread: Thread finished: Ticket intake (POST /tickets) 1-1
2026-10-08 16:04:01,029 INFO o.a.j.t.JMeterThread: Thread started: Agent searches (GET /search) 2-2
2026-10-08 16:04:01,146 INFO o.a.j.r.Summariser: summary +      3 in 00:00:54 =    0.1/s Avg:   620 Min:   106 Max:  1564 Err:     0 (0.00%) Active: 1 Started: 3 Finished: 2
2026-10-08 16:04:01,146 INFO o.a.j.t.JMeterThread: Thread is done: Agent searches (GET /search) 2-2
2026-10-08 16:04:01,147 INFO o.a.j.t.JMeterThread: Thread finished: Agent searches (GET /search) 2-2
2026-10-08 16:04:11,292 INFO o.a.j.t.JMeterThread: Thread started: Agent searches (GET /search) 2-3
2026-10-08 16:04:11,801 INFO o.a.j.t.JMeterThread: Thread is done: Agent searches (GET /search) 2-3
2026-10-08 16:04:11,801 INFO o.a.j.t.JMeterThread: Thread finished: Agent searches (GET /search) 2-3
2026-10-08 16:04:22,417 INFO o.a.j.t.JMeterThread: Thread started: Agent searches (GET /search) 2-4
2026-10-08 16:04:22,538 INFO o.a.j.t.JMeterThread: Thread started: Agent searches (GET /search) 2-5
2026-10-08 16:04:22,558 INFO o.a.j.t.JMeterThread: Thread is done: Agent searches (GET /search) 2-4
2026-10-08 16:04:22,558 INFO o.a.j.t.JMeterThread: Thread finished: Agent searches (GET /search) 2-4
2026-10-08 16:04:22,743 INFO o.a.j.t.JMeterThread: Thread is done: Agent searches (GET /search) 2-5
2026-10-08 16:04:22,743 INFO o.a.j.t.JMeterThread: Thread finished: Agent searches (GET /search) 2-5
2026-10-08 16:04:23,006 INFO o.a.j.t.JMeterThread: Thread started: Agent searches (GET /search) 2-6
2026-10-08 16:04:23,311 INFO o.a.j.t.JMeterThread: Thread is done: Agent searches (GET /search) 2-6
2026-10-08 16:04:23,311 INFO o.a.j.t.JMeterThread: Thread finished: Agent searches (GET /search) 2-6
2026-10-08 16:04:32,167 INFO o.a.j.t.JMeterThread: Thread started: Agent searches (GET /search) 2-7
2026-10-08 16:04:32,630 INFO o.a.j.r.Summariser: summary +      5 in 00:00:31 =    0.2/s Avg:   319 Min:   137 Max:   504 Err:     0 (0.00%) Active: 1 Started: 8 Finished: 7
2026-10-08 16:04:32,631 INFO o.a.j.r.Summariser: summary =      8 in 00:01:25 =    0.1/s Avg:   432 Min:   106 Max:  1564 Err:     0 (0.00%)
2026-10-08 16:04:32,631 INFO o.a.j.t.JMeterThread: Thread is done: Agent searches (GET /search) 2-7
2026-10-08 16:04:32,631 INFO o.a.j.t.JMeterThread: Thread finished: Agent searches (GET /search) 2-7
2026-10-08 16:05:10,212 INFO o.a.j.t.JMeterThread: Thread started: Ticket intake (POST /tickets) 1-2
2026-10-08 16:05:14,437 INFO o.a.j.t.JMeterThread: Thread started: Agent searches (GET /search) 2-8
2026-10-08 16:05:14,637 INFO o.a.j.t.JMeterThread: Thread is done: Ticket intake (POST /tickets) 1-2
2026-10-08 16:05:14,637 INFO o.a.j.t.JMeterThread: Thread finished: Ticket intake (POST /tickets) 1-2
2026-10-08 16:05:14,670 INFO o.a.j.t.JMeterThread: Thread is done: Agent searches (GET /search) 2-8
2026-10-08 16:05:14,670 INFO o.a.j.t.JMeterThread: Thread finished: Agent searches (GET /search) 2-8
2026-10-08 16:05:21,089 INFO o.a.j.t.JMeterThread: Thread started: Agent searches (GET /search) 2-9
2026-10-08 16:05:21,314 INFO o.a.j.t.JMeterThread: Thread is done: Agent searches (GET /search) 2-9
2026-10-08 16:05:21,314 INFO o.a.j.t.JMeterThread: Thread finished: Agent searches (GET /search) 2-9
2026-10-08 16:05:29,260 INFO o.a.j.t.JMeterThread: Thread started: Agent searches (GET /search) 2-10
2026-10-08 16:05:29,318 INFO o.a.j.t.JMeterThread: Thread is done: Agent searches (GET /search) 2-10
2026-10-08 16:05:29,319 INFO o.a.j.t.JMeterThread: Thread finished: Agent searches (GET /search) 2-10
2026-10-08 16:05:49,406 INFO o.a.j.t.JMeterThread: Thread started: Ticket intake (POST /tickets) 1-3
2026-10-08 16:05:50,817 INFO o.a.j.t.JMeterThread: Thread started: Ticket intake (POST /tickets) 1-4
2026-10-08 16:05:55,062 INFO o.a.j.t.JMeterThread: Thread is done: Ticket intake (POST /tickets) 1-3
2026-10-08 16:05:55,062 INFO o.a.j.t.JMeterThread: Thread finished: Ticket intake (POST /tickets) 1-3
2026-10-08 16:05:57,534 INFO o.a.j.t.JMeterThread: Thread is done: Ticket intake (POST /tickets) 1-4
2026-10-08 16:05:57,534 INFO o.a.j.t.JMeterThread: Thread finished: Ticket intake (POST /tickets) 1-4
2026-10-08 16:06:21,730 INFO o.a.j.t.JMeterThread: Thread started: Agent searches (GET /search) 2-11
2026-10-08 16:06:21,815 INFO o.a.j.t.JMeterThread: Thread is done: Agent searches (GET /search) 2-11
2026-10-08 16:06:21,816 INFO o.a.j.t.JMeterThread: Thread finished: Agent searches (GET /search) 2-11
2026-10-08 16:06:40,586 INFO o.a.j.t.JMeterThread: Thread started: Agent searches (GET /search) 2-12
2026-10-08 16:06:40,695 INFO o.a.j.t.JMeterThread: Thread is done: Agent searches (GET /search) 2-12
2026-10-08 16:06:40,695 INFO o.a.j.t.JMeterThread: Thread finished: Agent searches (GET /search) 2-12
2026-10-08 16:06:44,744 INFO o.a.j.t.JMeterThread: Thread started: Agent searches (GET /search) 2-13
2026-10-08 16:06:44,869 INFO o.a.j.t.JMeterThread: Thread is done: Agent searches (GET /search) 2-13
2026-10-08 16:06:44,870 INFO o.a.j.t.JMeterThread: Thread finished: Agent searches (GET /search) 2-13
2026-10-08 16:06:46,055 INFO o.a.j.t.JMeterThread: Thread started: Agent searches (GET /search) 2-14
2026-10-08 16:06:46,804 INFO o.a.j.t.JMeterThread: Thread is done: Agent searches (GET /search) 2-14
2026-10-08 16:06:46,804 INFO o.a.j.t.JMeterThread: Thread finished: Agent searches (GET /search) 2-14
2026-10-08 16:06:46,919 INFO o.a.j.t.JMeterThread: Thread started: Ticket intake (POST /tickets) 1-5
2026-10-08 16:06:48,674 INFO o.a.j.t.JMeterThread: Thread is done: Ticket intake (POST /tickets) 1-5
2026-10-08 16:06:48,674 INFO o.a.j.t.JMeterThread: Thread finished: Ticket intake (POST /tickets) 1-5
2026-10-08 16:07:28,356 INFO o.a.j.t.JMeterThread: Thread started: Agent searches (GET /search) 2-15
2026-10-08 16:07:28,810 INFO o.a.j.t.JMeterThread: Thread is done: Agent searches (GET /search) 2-15
2026-10-08 16:07:28,811 INFO o.a.j.t.JMeterThread: Thread finished: Agent searches (GET /search) 2-15
2026-10-08 16:07:31,483 INFO o.a.j.t.JMeterThread: Thread started: Agent searches (GET /search) 2-16
2026-10-08 16:07:31,746 INFO o.a.j.r.Summariser: summary +     13 in 00:02:59 =    0.1/s Avg:  1599 Min:    54 Max:  6712 Err:     0 (0.00%) Active: 1 Started: 21 Finished: 20
2026-10-08 16:07:31,746 INFO o.a.j.r.Summariser: summary =     21 in 00:04:24 =    0.1/s Avg:  1155 Min:    54 Max:  6712 Err:     0 (0.00%)
2026-10-08 16:07:31,747 INFO o.a.j.t.JMeterThread: Thread is done: Agent searches (GET /search) 2-16
2026-10-08 16:07:31,747 INFO o.a.j.t.JMeterThread: Thread finished: Agent searches (GET /search) 2-16
2026-10-08 16:07:36,671 INFO o.a.j.t.JMeterThread: Thread started: Agent searches (GET /search) 2-17
2026-10-08 16:07:36,715 INFO o.a.j.t.JMeterThread: Thread is done: Agent searches (GET /search) 2-17
2026-10-08 16:07:36,716 INFO o.a.j.t.JMeterThread: Thread finished: Agent searches (GET /search) 2-17
2026-10-08 16:07:39,550 INFO o.a.j.t.JMeterThread: Thread started: Agent searches (GET /search) 2-18
2026-10-08 16:07:40,171 INFO o.a.j.t.JMeterThread: Thread is done: Agent searches (GET /search) 2-18
2026-10-08 16:07:40,171 INFO o.a.j.t.JMeterThread: Thread finished: Agent searches (GET /search) 2-18
2026-10-08 16:07:43,629 INFO o.a.j.t.JMeterThread: Thread started: Ticket intake (POST /tickets) 1-6
2026-10-08 16:07:47,105 INFO o.a.j.t.JMeterThread: Thread is done: Ticket intake (POST /tickets) 1-6
2026-10-08 16:07:47,105 INFO o.a.j.t.JMeterThread: Thread finished: Ticket intake (POST /tickets) 1-6
2026-10-08 16:07:49,099 INFO o.a.j.t.JMeterThread: Thread started: Agent searches (GET /search) 2-19
2026-10-08 16:07:49,188 INFO o.a.j.t.JMeterThread: Thread is done: Agent searches (GET /search) 2-19
2026-10-08 16:07:49,188 INFO o.a.j.t.JMeterThread: Thread finished: Agent searches (GET /search) 2-19
2026-10-08 16:08:14,165 INFO o.a.j.t.JMeterThread: Thread started: Ticket intake (POST /tickets) 1-7
2026-10-08 16:08:17,337 INFO o.a.j.t.JMeterThread: Thread is done: Ticket intake (POST /tickets) 1-7
2026-10-08 16:08:17,338 INFO o.a.j.t.JMeterThread: Thread finished: Ticket intake (POST /tickets) 1-7
2026-10-08 16:08:37,633 INFO o.a.j.t.JMeterThread: Thread started: Agent searches (GET /search) 2-20
2026-10-08 16:08:37,826 INFO o.a.j.t.JMeterThread: Thread is done: Agent searches (GET /search) 2-20
2026-10-08 16:08:37,827 INFO o.a.j.t.JMeterThread: Thread finished: Agent searches (GET /search) 2-20
2026-10-08 16:08:40,496 INFO o.a.j.t.JMeterThread: Thread started: Agent searches (GET /search) 2-21
2026-10-08 16:08:41,617 INFO o.a.j.t.JMeterThread: Thread is done: Agent searches (GET /search) 2-21
2026-10-08 16:08:41,617 INFO o.a.j.t.JMeterThread: Thread finished: Agent searches (GET /search) 2-21
2026-10-08 16:08:55,171 INFO o.a.j.t.JMeterThread: Thread started: Agent searches (GET /search) 2-22
2026-10-08 16:08:55,431 INFO o.a.j.t.JMeterThread: Thread is done: Agent searches (GET /search) 2-22
2026-10-08 16:08:55,431 INFO o.a.j.t.JMeterThread: Thread finished: Agent searches (GET /search) 2-22
2026-10-08 16:08:59,269 INFO o.a.j.t.JMeterThread: Thread started: Ticket intake (POST /tickets) 1-8
2026-10-08 16:09:04,237 INFO o.a.j.r.Summariser: summary +      9 in 00:01:32 =    0.1/s Avg:  1545 Min:    41 Max:  4961 Err:     0 (0.00%) Active: 1 Started: 30 Finished: 29
2026-10-08 16:09:04,237 INFO o.a.j.r.Summariser: summary =     30 in 00:05:57 =    0.1/s Avg:  1272 Min:    41 Max:  6712 Err:     0 (0.00%)
2026-10-08 16:09:04,238 INFO o.a.j.t.JMeterThread: Thread is done: Ticket intake (POST /tickets) 1-8
2026-10-08 16:09:04,238 INFO o.a.j.t.JMeterThread: Thread finished: Ticket intake (POST /tickets) 1-8
2026-10-08 16:09:13,639 INFO o.a.j.t.JMeterThread: Thread started: Ticket intake (POST /tickets) 1-9
2026-10-08 16:09:16,913 INFO o.a.j.t.JMeterThread: Thread started: Agent searches (GET /search) 2-23
2026-10-08 16:09:17,162 INFO o.a.j.t.JMeterThread: Thread is done: Agent searches (GET /search) 2-23
2026-10-08 16:09:17,162 INFO o.a.j.t.JMeterThread: Thread finished: Agent searches (GET /search) 2-23
2026-10-08 16:09:18,022 INFO o.a.j.t.JMeterThread: Thread is done: Ticket intake (POST /tickets) 1-9
2026-10-08 16:09:18,023 INFO o.a.j.t.JMeterThread: Thread finished: Ticket intake (POST /tickets) 1-9
2026-10-08 16:09:27,610 INFO o.a.j.t.JMeterThread: Thread started: Agent searches (GET /search) 2-24
2026-10-08 16:09:27,702 INFO o.a.j.t.JMeterThread: Thread is done: Agent searches (GET /search) 2-24
2026-10-08 16:09:27,703 INFO o.a.j.t.JMeterThread: Thread finished: Agent searches (GET /search) 2-24
2026-10-08 16:09:29,338 INFO o.a.j.t.JMeterThread: Thread started: Agent searches (GET /search) 2-25
2026-10-08 16:09:29,428 INFO o.a.j.t.JMeterThread: Thread is done: Agent searches (GET /search) 2-25
2026-10-08 16:09:29,428 INFO o.a.j.t.JMeterThread: Thread finished: Agent searches (GET /search) 2-25
2026-10-08 16:09:30,311 INFO o.a.j.t.JMeterThread: Thread started: Ticket intake (POST /tickets) 1-10
2026-10-08 16:09:31,693 INFO o.a.j.r.Summariser: summary +      5 in 00:00:27 =    0.2/s Avg:  1235 Min:    86 Max:  4380 Err:     0 (0.00%) Active: 1 Started: 35 Finished: 34
2026-10-08 16:09:31,694 INFO o.a.j.r.Summariser: summary =     35 in 00:06:24 =    0.1/s Avg:  1266 Min:    41 Max:  6712 Err:     0 (0.00%)
2026-10-08 16:09:31,694 INFO o.a.j.t.JMeterThread: Thread is done: Ticket intake (POST /tickets) 1-10
2026-10-08 16:09:31,694 INFO o.a.j.t.JMeterThread: Thread finished: Ticket intake (POST /tickets) 1-10
2026-10-08 16:09:37,354 INFO o.a.j.t.JMeterThread: Thread started: Agent searches (GET /search) 2-26
2026-10-08 16:09:37,813 INFO o.a.j.t.JMeterThread: Thread is done: Agent searches (GET /search) 2-26
2026-10-08 16:09:37,813 INFO o.a.j.t.JMeterThread: Thread finished: Agent searches (GET /search) 2-26
2026-10-08 16:09:43,783 INFO o.a.j.t.JMeterThread: Thread started: Ticket intake (POST /tickets) 1-11
2026-10-08 16:09:48,890 INFO o.a.j.t.JMeterThread: Thread is done: Ticket intake (POST /tickets) 1-11
2026-10-08 16:09:48,890 INFO o.a.j.t.JMeterThread: Thread finished: Ticket intake (POST /tickets) 1-11
2026-10-08 16:09:53,715 INFO o.a.j.t.JMeterThread: Thread started: Ticket intake (POST /tickets) 1-12
2026-10-08 16:09:57,209 INFO o.a.j.t.JMeterThread: Thread is done: Ticket intake (POST /tickets) 1-12
2026-10-08 16:09:57,209 INFO o.a.j.t.JMeterThread: Thread finished: Ticket intake (POST /tickets) 1-12
2026-10-08 16:10:12,547 INFO o.a.j.t.JMeterThread: Thread started: Agent searches (GET /search) 2-27
2026-10-08 16:10:12,619 INFO o.a.j.t.JMeterThread: Thread is done: Agent searches (GET /search) 2-27
2026-10-08 16:10:12,620 INFO o.a.j.t.JMeterThread: Thread finished: Agent searches (GET /search) 2-27
2026-10-08 16:10:48,784 INFO o.a.j.t.JMeterThread: Thread started: Agent searches (GET /search) 2-28
2026-10-08 16:10:49,413 INFO o.a.j.t.JMeterThread: Thread is done: Agent searches (GET /search) 2-28
2026-10-08 16:10:49,413 INFO o.a.j.t.JMeterThread: Thread finished: Agent searches (GET /search) 2-28
2026-10-08 16:10:58,515 INFO o.a.j.t.JMeterThread: Thread started: Ticket intake (POST /tickets) 1-13
2026-10-08 16:11:00,666 INFO o.a.j.r.Summariser: summary +      6 in 00:01:29 =    0.1/s Avg:  1981 Min:    69 Max:  5104 Err:     0 (0.00%) Active: 1 Started: 41 Finished: 40
2026-10-08 16:11:00,667 INFO o.a.j.r.Summariser: summary =     41 in 00:07:53 =    0.1/s Avg:  1371 Min:    41 Max:  6712 Err:     0 (0.00%)
2026-10-08 16:11:00,667 INFO o.a.j.t.JMeterThread: Thread is done: Ticket intake (POST /tickets) 1-13
2026-10-08 16:11:00,667 INFO o.a.j.t.JMeterThread: Thread finished: Ticket intake (POST /tickets) 1-13
2026-10-08 16:11:11,335 INFO o.a.j.t.JMeterThread: Thread started: Ticket intake (POST /tickets) 1-14
2026-10-08 16:11:11,588 INFO o.a.j.t.JMeterThread: Thread started: Agent searches (GET /search) 2-29
2026-10-08 16:11:11,857 INFO o.a.j.t.JMeterThread: Thread is done: Agent searches (GET /search) 2-29
2026-10-08 16:11:11,857 INFO o.a.j.t.JMeterThread: Thread finished: Agent searches (GET /search) 2-29
2026-10-08 16:11:15,034 INFO o.a.j.t.JMeterThread: Thread is done: Ticket intake (POST /tickets) 1-14
2026-10-08 16:11:15,034 INFO o.a.j.t.JMeterThread: Thread finished: Ticket intake (POST /tickets) 1-14
2026-10-08 16:11:28,005 INFO o.a.j.t.JMeterThread: Thread started: Agent searches (GET /search) 2-30
2026-10-08 16:11:28,039 INFO o.a.j.t.JMeterThread: Thread is done: Agent searches (GET /search) 2-30
2026-10-08 16:11:28,040 INFO o.a.j.t.JMeterThread: Thread finished: Agent searches (GET /search) 2-30
2026-10-08 16:11:31,586 INFO o.a.j.t.JMeterThread: Thread started: Agent searches (GET /search) 2-31
2026-10-08 16:11:31,695 INFO o.a.j.r.Summariser: summary +      4 in 00:00:31 =    0.1/s Avg:  1023 Min:    31 Max:  3694 Err:     0 (0.00%) Active: 1 Started: 45 Finished: 44
2026-10-08 16:11:31,695 INFO o.a.j.r.Summariser: summary =     45 in 00:08:24 =    0.1/s Avg:  1340 Min:    31 Max:  6712 Err:     0 (0.00%)
2026-10-08 16:11:31,696 INFO o.a.j.t.JMeterThread: Thread is done: Agent searches (GET /search) 2-31
2026-10-08 16:11:31,696 INFO o.a.j.t.JMeterThread: Thread finished: Agent searches (GET /search) 2-31
2026-10-08 16:11:50,491 INFO o.a.j.t.JMeterThread: Thread started: Agent searches (GET /search) 2-32
2026-10-08 16:11:50,545 INFO o.a.j.t.JMeterThread: Thread is done: Agent searches (GET /search) 2-32
2026-10-08 16:11:50,546 INFO o.a.j.t.JMeterThread: Thread finished: Agent searches (GET /search) 2-32
2026-10-08 16:11:52,034 INFO o.a.j.t.JMeterThread: Thread started: Agent searches (GET /search) 2-33
2026-10-08 16:11:52,189 INFO o.a.j.t.JMeterThread: Thread is done: Agent searches (GET /search) 2-33
2026-10-08 16:11:52,190 INFO o.a.j.t.JMeterThread: Thread finished: Agent searches (GET /search) 2-33
2026-10-08 16:11:59,789 INFO o.a.j.t.JMeterThread: Thread started: Agent searches (GET /search) 2-34
2026-10-08 16:11:59,979 INFO o.a.j.t.JMeterThread: Thread is done: Agent searches (GET /search) 2-34
2026-10-08 16:11:59,980 INFO o.a.j.t.JMeterThread: Thread finished: Agent searches (GET /search) 2-34
2026-10-08 16:12:17,174 INFO o.a.j.t.o.EvenArrivalsRamp: Generating 0 events, beginRate = 0.0 / sec, endRate = 0.0 / sec, duration = 300.0 sec
2026-10-08 16:12:17,174 INFO o.a.j.t.JMeterThread: Thread started: Agent searches (GET /search) 2-35
2026-10-08 16:12:17,174 INFO o.a.j.t.o.OpenModelThreadGroup: There will be no more events, so will wait for 350 sec till the end of the schedule
2026-10-08 16:12:17,286 INFO o.a.j.t.JMeterThread: Thread is done: Agent searches (GET /search) 2-35
2026-10-08 16:12:17,286 INFO o.a.j.t.JMeterThread: Thread finished: Agent searches (GET /search) 2-35
2026-10-08 16:12:48,909 INFO o.a.j.t.JMeterThread: Thread started: Ticket intake (POST /tickets) 1-15
2026-10-08 16:12:53,332 INFO o.a.j.t.JMeterThread: Thread is done: Ticket intake (POST /tickets) 1-15
2026-10-08 16:12:53,333 INFO o.a.j.t.JMeterThread: Thread finished: Ticket intake (POST /tickets) 1-15
2026-10-08 16:13:00,643 INFO o.a.j.t.JMeterThread: Thread started: Ticket intake (POST /tickets) 1-16
2026-10-08 16:13:01,495 INFO o.a.j.t.o.EvenArrivalsRamp: Generating 0 events, beginRate = 0.0 / sec, endRate = 0.0 / sec, duration = 300.0 sec
2026-10-08 16:13:01,496 INFO o.a.j.t.o.OpenModelThreadGroup: There will be no more events, so will wait for 305 sec till the end of the schedule
2026-10-08 16:13:01,496 INFO o.a.j.t.JMeterThread: Thread started: Ticket intake (POST /tickets) 1-17
2026-10-08 16:13:02,434 INFO o.a.j.r.Summariser: summary +      6 in 00:01:31 =    0.1/s Avg:  1117 Min:    51 Max:  4420 Err:     0 (0.00%) Active: 2 Started: 52 Finished: 50
2026-10-08 16:13:02,435 INFO o.a.j.r.Summariser: summary =     51 in 00:09:55 =    0.1/s Avg:  1314 Min:    31 Max:  6712 Err:     0 (0.00%)
2026-10-08 16:13:02,435 INFO o.a.j.t.JMeterThread: Thread is done: Ticket intake (POST /tickets) 1-16
2026-10-08 16:13:02,435 INFO o.a.j.t.JMeterThread: Thread finished: Ticket intake (POST /tickets) 1-16
2026-10-08 16:13:05,205 INFO o.a.j.t.JMeterThread: Thread is done: Ticket intake (POST /tickets) 1-17
2026-10-08 16:13:05,206 INFO o.a.j.t.JMeterThread: Thread finished: Ticket intake (POST /tickets) 1-17
2026-10-08 16:18:07,344 INFO o.a.j.t.o.OpenModelThreadGroup: There will be no more events, will shutdown the thread pool
2026-10-08 16:18:07,344 INFO o.a.j.t.o.OpenModelThreadGroup: There will be no more events, will shutdown the thread pool
2026-10-08 16:18:07,346 INFO o.a.j.t.o.OpenModelThreadGroup: Thread starting done
2026-10-08 16:18:07,347 INFO o.a.j.t.o.OpenModelThreadGroup: Thread starting done
2026-10-08 16:18:07,347 INFO o.a.j.e.StandardJMeterEngine: Notifying test listeners of end of test
2026-10-08 16:18:07,347 INFO o.a.j.s.FileServer: Close: /Users/ridwan/Documents/GitHub/ICT3113_A1_P1-3/loadtest/data/tickets.tsv
2026-10-08 16:18:07,356 INFO o.a.j.r.Summariser: summary +      1 in 00:05:05 =    0.0/s Avg:  3706 Min:  3706 Max:  3706 Err:     0 (0.00%) Active: 0 Started: 52 Finished: 52
2026-10-08 16:18:07,356 INFO o.a.j.r.Summariser: summary =     52 in 00:15:00 =    0.1/s Avg:  1360 Min:    31 Max:  6712 Err:     0 (0.00%)
2026-10-08 16:18:07,357 INFO o.a.j.e.StandardJMeterEngine: Forced JVM shutdown requested at end of test
