2026-10-08 17:28:55,882 INFO o.a.j.u.JMeterUtils: Setting Locale to en_EN
2026-10-08 17:28:55,890 INFO o.a.j.JMeter: Loading user properties from: /Users/ridwan/Downloads/apache-jmeter-5.6.3/bin/user.properties
2026-10-08 17:28:55,890 INFO o.a.j.JMeter: Loading system properties from: /Users/ridwan/Downloads/apache-jmeter-5.6.3/bin/system.properties
2026-10-08 17:28:55,890 INFO o.a.j.JMeter: Loading additional properties from: /Users/ridwan/Documents/GitHub/ICT3113_A1_P1-3/loadtest/triage.properties
2026-10-08 17:28:55,890 INFO o.a.j.JMeter: Setting JMeter property: host=172.20.10.2
2026-10-08 17:28:55,890 INFO o.a.j.JMeter: Setting JMeter property: port=8000
2026-10-08 17:28:55,890 INFO o.a.j.JMeter: Setting JMeter property: rate=3.5
2026-10-08 17:28:55,890 INFO o.a.j.JMeter: Setting JMeter property: rate_end=3.5
2026-10-08 17:28:55,890 INFO o.a.j.JMeter: Setting JMeter property: search_rate=7
2026-10-08 17:28:55,891 INFO o.a.j.JMeter: Setting JMeter property: duration=10
2026-10-08 17:28:55,891 INFO o.a.j.JMeter: Setting JMeter property: drain=5
2026-10-08 17:28:55,891 INFO o.a.j.JMeter: Setting JMeter property: timeout_ms=600000
2026-10-08 17:28:55,891 INFO o.a.j.JMeter: Setting JMeter property: data=/Users/ridwan/Documents/GitHub/ICT3113_A1_P1-3/loadtest/data/tickets.tsv
2026-10-08 17:28:55,893 INFO o.a.j.JMeter: Copyright (c) 1998-2024 The Apache Software Foundation
2026-10-08 17:28:55,893 INFO o.a.j.JMeter: Version 5.6.3
2026-10-08 17:28:55,893 INFO o.a.j.JMeter: java.version=17.0.17
2026-10-08 17:28:55,893 INFO o.a.j.JMeter: java.vm.name=OpenJDK 64-Bit Server VM
2026-10-08 17:28:55,893 INFO o.a.j.JMeter: os.name=Mac OS X
2026-10-08 17:28:55,893 INFO o.a.j.JMeter: os.arch=aarch64
2026-10-08 17:28:55,893 INFO o.a.j.JMeter: os.version=26.5
2026-10-08 17:28:55,893 INFO o.a.j.JMeter: file.encoding=UTF-8
2026-10-08 17:28:55,893 INFO o.a.j.JMeter: java.awt.headless=true
2026-10-08 17:28:55,893 INFO o.a.j.JMeter: Max memory     =1073741824
2026-10-08 17:28:55,893 INFO o.a.j.JMeter: Available Processors =10
2026-10-08 17:28:55,896 INFO o.a.j.JMeter: Default Locale=English (EN)
2026-10-08 17:28:55,896 INFO o.a.j.JMeter: JMeter  Locale=English (EN)
2026-10-08 17:28:55,896 INFO o.a.j.JMeter: JMeterHome=/Users/ridwan/Downloads/apache-jmeter-5.6.3
2026-10-08 17:28:55,896 INFO o.a.j.JMeter: user.dir  =/Users/ridwan/Documents/GitHub/ICT3113_A1_P1-3
2026-10-08 17:28:55,896 INFO o.a.j.JMeter: PWD       =/Users/ridwan/Documents/GitHub/ICT3113_A1_P1-3
2026-10-08 17:28:55,898 INFO o.a.j.JMeter: IP: 127.0.0.1 Name: Muhammads-MacBook-Air-4.local FullName: localhost
2026-10-08 17:28:55,903 INFO o.a.j.s.FileServer: Default base='/Users/ridwan/Documents/GitHub/ICT3113_A1_P1-3'
2026-10-08 17:28:55,904 INFO o.a.j.s.FileServer: Set new base='/Users/ridwan/Documents/GitHub/ICT3113_A1_P1-3/loadtest'
2026-10-08 17:28:55,957 INFO o.a.j.s.SaveService: Testplan (JMX) version: 2.2. Testlog (JTL) version: 2.2
2026-10-08 17:28:55,966 INFO o.a.j.s.SaveService: Using SaveService properties version 5.0
2026-10-08 17:28:55,967 INFO o.a.j.s.SaveService: Using SaveService properties file encoding UTF-8
2026-10-08 17:28:55,967 INFO o.a.j.s.SaveService: Loading file: /Users/ridwan/Documents/GitHub/ICT3113_A1_P1-3/loadtest/triage.jmx
2026-10-08 17:28:55,993 INFO o.a.j.p.h.s.HTTPSamplerBase: Parser for text/html is org.apache.jmeter.protocol.http.parser.LagartoBasedHtmlParser
2026-10-08 17:28:55,993 INFO o.a.j.p.h.s.HTTPSamplerBase: Parser for application/xhtml+xml is org.apache.jmeter.protocol.http.parser.LagartoBasedHtmlParser
2026-10-08 17:28:55,993 INFO o.a.j.p.h.s.HTTPSamplerBase: Parser for application/xml is org.apache.jmeter.protocol.http.parser.LagartoBasedHtmlParser
2026-10-08 17:28:55,993 INFO o.a.j.p.h.s.HTTPSamplerBase: Parser for text/xml is org.apache.jmeter.protocol.http.parser.LagartoBasedHtmlParser
2026-10-08 17:28:55,993 INFO o.a.j.p.h.s.HTTPSamplerBase: Parser for text/vnd.wap.wml is org.apache.jmeter.protocol.http.parser.RegexpHTMLParser
2026-10-08 17:28:55,993 INFO o.a.j.p.h.s.HTTPSamplerBase: Parser for text/css is org.apache.jmeter.protocol.http.parser.CssParser
2026-10-08 17:28:55,999 INFO o.a.j.JMeter: Creating summariser <summary>
2026-10-08 17:28:56,004 INFO o.a.j.e.StandardJMeterEngine: Running the test!
2026-10-08 17:28:56,005 INFO o.a.j.s.SampleEvent: List of sample_variables: [rid, row]
2026-10-08 17:28:56,005 INFO o.a.j.s.SampleEvent: List of sample_variables: [rid, row]
2026-10-08 17:28:56,006 INFO o.a.j.e.u.CompoundVariable: Note: Function class names must contain the string: '.functions.'
2026-10-08 17:28:56,006 INFO o.a.j.e.u.CompoundVariable: Note: Function class names must not contain the string: '.gui.'
2026-10-08 17:28:56,085 INFO o.a.j.JMeter: Running test (1791451736085)
2026-10-08 17:28:56,093 INFO o.a.j.e.StandardJMeterEngine: Starting ThreadGroup: 1 : Ticket intake (POST /tickets)
2026-10-08 17:28:56,093 INFO o.a.j.e.StandardJMeterEngine: Starting 0 threads for group Ticket intake (POST /tickets).
2026-10-08 17:28:56,093 INFO o.a.j.e.StandardJMeterEngine: Thread will continue on error
2026-10-08 17:28:56,093 INFO o.a.j.t.o.OpenModelThreadGroup: Starting OpenModelThreadGroup#1 with schedule rate(3.5/min) random_arrivals(10 min) rate(3.5/min) pause(5 min)
2026-10-08 17:28:56,106 INFO o.a.j.e.StandardJMeterEngine: Starting ThreadGroup: 2 : Agent searches (GET /search)
2026-10-08 17:28:56,106 INFO o.a.j.e.StandardJMeterEngine: Starting 0 threads for group Agent searches (GET /search).
2026-10-08 17:28:56,106 INFO o.a.j.e.StandardJMeterEngine: Thread will continue on error
2026-10-08 17:28:56,106 INFO o.a.j.t.o.OpenModelThreadGroup: Thread starting init
2026-10-08 17:28:56,106 INFO o.a.j.t.o.OpenModelThreadGroup: Starting OpenModelThreadGroup#2 with schedule rate(7/min) random_arrivals(10 min) rate(7/min) pause(5 min)
2026-10-08 17:28:56,106 INFO o.a.j.e.StandardJMeterEngine: All thread groups have been started
2026-10-08 17:28:56,106 INFO o.a.j.t.o.OpenModelThreadGroup: Thread starting init
2026-10-08 17:28:56,107 INFO o.a.j.t.o.PoissonArrivalsRamp: Generating 70 events, beginRate = 0.11666666666666667 / sec, endRate = 0.11666666666666667 / sec, duration = 600.0 sec
2026-10-08 17:28:56,107 INFO o.a.j.t.o.PoissonArrivalsRamp: Generating 35 events, beginRate = 0.058333333333333334 / sec, endRate = 0.058333333333333334 / sec, duration = 600.0 sec
2026-10-08 17:29:00,393 INFO o.a.j.t.JMeterThread: Thread started: Agent searches (GET /search) 2-1
2026-10-08 17:29:00,601 INFO o.a.j.p.h.s.HTTPHCAbstractImpl: Local host = Muhammads-MacBook-Air-4.local
2026-10-08 17:29:00,602 INFO o.a.j.p.h.s.HTTPHC4Impl: HTTP request retry count = 0
2026-10-08 17:29:00,603 INFO o.a.j.s.SampleResult: Note: Sample TimeStamps are START times
2026-10-08 17:29:00,603 INFO o.a.j.s.SampleResult: sampleresult.default.encoding is set to UTF-8
2026-10-08 17:29:00,603 INFO o.a.j.s.SampleResult: sampleresult.useNanoTime=true
2026-10-08 17:29:00,603 INFO o.a.j.s.SampleResult: sampleresult.nanoThreadSleep=5000
2026-10-08 17:29:00,697 INFO o.a.j.r.Summariser: summary +      1 in 00:00:05 =    0.2/s Avg:    75 Min:    75 Max:    75 Err:     0 (0.00%) Active: 1 Started: 1 Finished: 0
2026-10-08 17:29:00,697 INFO o.a.j.t.JMeterThread: Thread is done: Agent searches (GET /search) 2-1
2026-10-08 17:29:00,697 INFO o.a.j.t.JMeterThread: Thread finished: Agent searches (GET /search) 2-1
2026-10-08 17:29:02,554 INFO o.a.j.t.JMeterThread: Thread started: Agent searches (GET /search) 2-2
2026-10-08 17:29:02,641 INFO o.a.j.t.JMeterThread: Thread is done: Agent searches (GET /search) 2-2
2026-10-08 17:29:02,642 INFO o.a.j.t.JMeterThread: Thread finished: Agent searches (GET /search) 2-2
2026-10-08 17:29:06,335 INFO o.a.j.t.JMeterThread: Thread started: Ticket intake (POST /tickets) 1-1
2026-10-08 17:29:06,336 INFO o.a.j.s.FileServer: Stored: /Users/ridwan/Documents/GitHub/ICT3113_A1_P1-3/loadtest/data/tickets.tsv
2026-10-08 17:29:06,343 INFO o.a.j.t.JMeterThread: Thread started: Agent searches (GET /search) 2-3
2026-10-08 17:29:06,610 INFO o.a.j.t.JMeterThread: Thread is done: Agent searches (GET /search) 2-3
2026-10-08 17:29:06,610 INFO o.a.j.t.JMeterThread: Thread finished: Agent searches (GET /search) 2-3
2026-10-08 17:29:08,355 INFO o.a.j.t.JMeterThread: Thread is done: Ticket intake (POST /tickets) 1-1
2026-10-08 17:29:08,355 INFO o.a.j.t.JMeterThread: Thread finished: Ticket intake (POST /tickets) 1-1
2026-10-08 17:29:09,382 INFO o.a.j.t.JMeterThread: Thread started: Agent searches (GET /search) 2-4
2026-10-08 17:29:09,611 INFO o.a.j.t.JMeterThread: Thread is done: Agent searches (GET /search) 2-4
2026-10-08 17:29:09,611 INFO o.a.j.t.JMeterThread: Thread finished: Agent searches (GET /search) 2-4
2026-10-08 17:29:12,918 INFO o.a.j.t.JMeterThread: Thread started: Agent searches (GET /search) 2-5
2026-10-08 17:29:12,989 INFO o.a.j.t.JMeterThread: Thread is done: Agent searches (GET /search) 2-5
2026-10-08 17:29:12,989 INFO o.a.j.t.JMeterThread: Thread finished: Agent searches (GET /search) 2-5
2026-10-08 17:29:21,401 INFO o.a.j.t.JMeterThread: Thread started: Agent searches (GET /search) 2-6
2026-10-08 17:29:21,769 INFO o.a.j.t.JMeterThread: Thread is done: Agent searches (GET /search) 2-6
2026-10-08 17:29:21,770 INFO o.a.j.t.JMeterThread: Thread finished: Agent searches (GET /search) 2-6
2026-10-08 17:29:34,673 INFO o.a.j.t.JMeterThread: Thread started: Agent searches (GET /search) 2-7
2026-10-08 17:29:34,900 INFO o.a.j.r.Summariser: summary +      7 in 00:00:34 =    0.2/s Avg:   459 Min:    67 Max:  1993 Err:     0 (0.00%) Active: 1 Started: 8 Finished: 7
2026-10-08 17:29:34,901 INFO o.a.j.r.Summariser: summary =      8 in 00:00:39 =    0.2/s Avg:   411 Min:    67 Max:  1993 Err:     0 (0.00%)
2026-10-08 17:29:34,902 INFO o.a.j.t.JMeterThread: Thread is done: Agent searches (GET /search) 2-7
2026-10-08 17:29:34,902 INFO o.a.j.t.JMeterThread: Thread finished: Agent searches (GET /search) 2-7
2026-10-08 17:29:41,990 INFO o.a.j.t.JMeterThread: Thread started: Agent searches (GET /search) 2-8
2026-10-08 17:29:42,146 INFO o.a.j.t.JMeterThread: Thread is done: Agent searches (GET /search) 2-8
2026-10-08 17:29:42,146 INFO o.a.j.t.JMeterThread: Thread finished: Agent searches (GET /search) 2-8
2026-10-08 17:29:59,939 INFO o.a.j.t.JMeterThread: Thread started: Ticket intake (POST /tickets) 1-2
2026-10-08 17:30:05,285 INFO o.a.j.r.Summariser: summary +      2 in 00:00:30 =    0.1/s Avg:  2747 Min:   152 Max:  5342 Err:     0 (0.00%) Active: 1 Started: 10 Finished: 9
2026-10-08 17:30:05,286 INFO o.a.j.r.Summariser: summary =     10 in 00:01:09 =    0.1/s Avg:   878 Min:    67 Max:  5342 Err:     0 (0.00%)
2026-10-08 17:30:05,287 INFO o.a.j.t.JMeterThread: Thread is done: Ticket intake (POST /tickets) 1-2
2026-10-08 17:30:05,287 INFO o.a.j.t.JMeterThread: Thread finished: Ticket intake (POST /tickets) 1-2
2026-10-08 17:30:10,259 INFO o.a.j.t.JMeterThread: Thread started: Ticket intake (POST /tickets) 1-3
2026-10-08 17:30:15,193 INFO o.a.j.t.JMeterThread: Thread started: Agent searches (GET /search) 2-9
2026-10-08 17:30:15,739 INFO o.a.j.t.JMeterThread: Thread is done: Ticket intake (POST /tickets) 1-3
2026-10-08 17:30:15,739 INFO o.a.j.t.JMeterThread: Thread finished: Ticket intake (POST /tickets) 1-3
2026-10-08 17:30:15,757 INFO o.a.j.t.JMeterThread: Thread is done: Agent searches (GET /search) 2-9
2026-10-08 17:30:15,758 INFO o.a.j.t.JMeterThread: Thread finished: Agent searches (GET /search) 2-9
2026-10-08 17:30:16,190 INFO o.a.j.t.JMeterThread: Thread started: Ticket intake (POST /tickets) 1-4
2026-10-08 17:30:18,788 INFO o.a.j.t.JMeterThread: Thread is done: Ticket intake (POST /tickets) 1-4
2026-10-08 17:30:18,789 INFO o.a.j.t.JMeterThread: Thread finished: Ticket intake (POST /tickets) 1-4
2026-10-08 17:30:26,208 INFO o.a.j.t.JMeterThread: Thread started: Agent searches (GET /search) 2-10
2026-10-08 17:30:26,366 INFO o.a.j.t.JMeterThread: Thread is done: Agent searches (GET /search) 2-10
2026-10-08 17:30:26,366 INFO o.a.j.t.JMeterThread: Thread finished: Agent searches (GET /search) 2-10
2026-10-08 17:30:39,716 INFO o.a.j.t.JMeterThread: Thread started: Ticket intake (POST /tickets) 1-5
2026-10-08 17:30:41,261 INFO o.a.j.t.JMeterThread: Thread is done: Ticket intake (POST /tickets) 1-5
2026-10-08 17:30:41,261 INFO o.a.j.t.JMeterThread: Thread finished: Ticket intake (POST /tickets) 1-5
2026-10-08 17:31:02,780 INFO o.a.j.t.JMeterThread: Thread started: Ticket intake (POST /tickets) 1-6
2026-10-08 17:31:04,808 INFO o.a.j.t.JMeterThread: Thread started: Agent searches (GET /search) 2-11
2026-10-08 17:31:04,956 INFO o.a.j.t.JMeterThread: Thread started: Agent searches (GET /search) 2-12
2026-10-08 17:31:04,959 INFO o.a.j.r.Summariser: summary +      6 in 00:01:00 =    0.1/s Avg:  1745 Min:   147 Max:  5475 Err:     0 (0.00%) Active: 3 Started: 18 Finished: 15
2026-10-08 17:31:04,959 INFO o.a.j.r.Summariser: summary =     16 in 00:02:09 =    0.1/s Avg:  1203 Min:    67 Max:  5475 Err:     0 (0.00%)
2026-10-08 17:31:04,960 INFO o.a.j.t.JMeterThread: Thread is done: Agent searches (GET /search) 2-11
2026-10-08 17:31:04,960 INFO o.a.j.t.JMeterThread: Thread finished: Agent searches (GET /search) 2-11
2026-10-08 17:31:05,089 INFO o.a.j.t.JMeterThread: Thread is done: Agent searches (GET /search) 2-12
2026-10-08 17:31:05,089 INFO o.a.j.t.JMeterThread: Thread finished: Agent searches (GET /search) 2-12
2026-10-08 17:31:06,426 INFO o.a.j.t.JMeterThread: Thread is done: Ticket intake (POST /tickets) 1-6
2026-10-08 17:31:06,427 INFO o.a.j.t.JMeterThread: Thread finished: Ticket intake (POST /tickets) 1-6
2026-10-08 17:31:11,054 INFO o.a.j.t.JMeterThread: Thread started: Ticket intake (POST /tickets) 1-7
2026-10-08 17:31:13,493 INFO o.a.j.t.JMeterThread: Thread is done: Ticket intake (POST /tickets) 1-7
2026-10-08 17:31:13,493 INFO o.a.j.t.JMeterThread: Thread finished: Ticket intake (POST /tickets) 1-7
2026-10-08 17:31:15,152 INFO o.a.j.t.JMeterThread: Thread started: Agent searches (GET /search) 2-13
2026-10-08 17:31:15,343 INFO o.a.j.t.JMeterThread: Thread is done: Agent searches (GET /search) 2-13
2026-10-08 17:31:15,343 INFO o.a.j.t.JMeterThread: Thread finished: Agent searches (GET /search) 2-13
2026-10-08 17:31:40,872 INFO o.a.j.t.JMeterThread: Thread started: Agent searches (GET /search) 2-14
2026-10-08 17:31:41,054 INFO o.a.j.t.JMeterThread: Thread is done: Agent searches (GET /search) 2-14
2026-10-08 17:31:41,054 INFO o.a.j.t.JMeterThread: Thread finished: Agent searches (GET /search) 2-14
2026-10-08 17:31:43,231 INFO o.a.j.t.JMeterThread: Thread started: Agent searches (GET /search) 2-15
2026-10-08 17:31:43,308 INFO o.a.j.t.JMeterThread: Thread is done: Agent searches (GET /search) 2-15
2026-10-08 17:31:43,308 INFO o.a.j.t.JMeterThread: Thread finished: Agent searches (GET /search) 2-15
2026-10-08 17:31:47,126 INFO o.a.j.t.JMeterThread: Thread started: Agent searches (GET /search) 2-16
2026-10-08 17:31:47,301 INFO o.a.j.t.JMeterThread: Thread is done: Agent searches (GET /search) 2-16
2026-10-08 17:31:47,301 INFO o.a.j.t.JMeterThread: Thread finished: Agent searches (GET /search) 2-16
2026-10-08 17:31:47,866 INFO o.a.j.t.JMeterThread: Thread started: Agent searches (GET /search) 2-17
2026-10-08 17:31:48,738 INFO o.a.j.t.JMeterThread: Thread is done: Agent searches (GET /search) 2-17
2026-10-08 17:31:48,738 INFO o.a.j.t.JMeterThread: Thread finished: Agent searches (GET /search) 2-17
2026-10-08 17:31:49,446 INFO o.a.j.t.JMeterThread: Thread started: Ticket intake (POST /tickets) 1-8
2026-10-08 17:31:53,936 INFO o.a.j.t.JMeterThread: Thread is done: Ticket intake (POST /tickets) 1-8
2026-10-08 17:31:53,937 INFO o.a.j.t.JMeterThread: Thread finished: Ticket intake (POST /tickets) 1-8
2026-10-08 17:32:00,590 INFO o.a.j.t.JMeterThread: Thread started: Agent searches (GET /search) 2-18
2026-10-08 17:32:00,774 INFO o.a.j.r.Summariser: summary +     10 in 00:00:56 =    0.2/s Avg:  1234 Min:    73 Max:  4487 Err:     0 (0.00%) Active: 1 Started: 26 Finished: 25
2026-10-08 17:32:00,774 INFO o.a.j.r.Summariser: summary =     26 in 00:03:05 =    0.1/s Avg:  1215 Min:    67 Max:  5475 Err:     0 (0.00%)
2026-10-08 17:32:00,775 INFO o.a.j.t.JMeterThread: Thread is done: Agent searches (GET /search) 2-18
2026-10-08 17:32:00,775 INFO o.a.j.t.JMeterThread: Thread finished: Agent searches (GET /search) 2-18
2026-10-08 17:32:04,621 INFO o.a.j.t.JMeterThread: Thread started: Agent searches (GET /search) 2-19
2026-10-08 17:32:04,756 INFO o.a.j.t.JMeterThread: Thread is done: Agent searches (GET /search) 2-19
2026-10-08 17:32:04,756 INFO o.a.j.t.JMeterThread: Thread finished: Agent searches (GET /search) 2-19
2026-10-08 17:32:08,842 INFO o.a.j.t.JMeterThread: Thread started: Agent searches (GET /search) 2-20
2026-10-08 17:32:08,962 INFO o.a.j.t.JMeterThread: Thread is done: Agent searches (GET /search) 2-20
2026-10-08 17:32:08,963 INFO o.a.j.t.JMeterThread: Thread finished: Agent searches (GET /search) 2-20
2026-10-08 17:32:23,454 INFO o.a.j.t.JMeterThread: Thread started: Ticket intake (POST /tickets) 1-9
2026-10-08 17:32:23,792 INFO o.a.j.t.JMeterThread: Thread started: Agent searches (GET /search) 2-21
2026-10-08 17:32:23,945 INFO o.a.j.t.JMeterThread: Thread is done: Agent searches (GET /search) 2-21
2026-10-08 17:32:23,946 INFO o.a.j.t.JMeterThread: Thread finished: Agent searches (GET /search) 2-21
2026-10-08 17:32:27,751 INFO o.a.j.t.JMeterThread: Thread started: Ticket intake (POST /tickets) 1-10
2026-10-08 17:32:28,209 INFO o.a.j.t.JMeterThread: Thread is done: Ticket intake (POST /tickets) 1-9
2026-10-08 17:32:28,209 INFO o.a.j.t.JMeterThread: Thread finished: Ticket intake (POST /tickets) 1-9
2026-10-08 17:32:29,577 INFO o.a.j.t.JMeterThread: Thread is done: Ticket intake (POST /tickets) 1-10
2026-10-08 17:32:29,578 INFO o.a.j.t.JMeterThread: Thread finished: Ticket intake (POST /tickets) 1-10
2026-10-08 17:33:09,011 INFO o.a.j.t.JMeterThread: Thread started: Agent searches (GET /search) 2-22
2026-10-08 17:33:09,166 INFO o.a.j.t.JMeterThread: Thread is done: Agent searches (GET /search) 2-22
2026-10-08 17:33:09,166 INFO o.a.j.t.JMeterThread: Thread finished: Agent searches (GET /search) 2-22
2026-10-08 17:33:28,843 INFO o.a.j.t.JMeterThread: Thread started: Agent searches (GET /search) 2-23
2026-10-08 17:33:28,988 INFO o.a.j.t.JMeterThread: Thread is done: Agent searches (GET /search) 2-23
2026-10-08 17:33:28,989 INFO o.a.j.t.JMeterThread: Thread finished: Agent searches (GET /search) 2-23
2026-10-08 17:33:36,769 INFO o.a.j.t.JMeterThread: Thread started: Agent searches (GET /search) 2-24
2026-10-08 17:33:36,955 INFO o.a.j.t.JMeterThread: Thread is done: Agent searches (GET /search) 2-24
2026-10-08 17:33:36,955 INFO o.a.j.t.JMeterThread: Thread finished: Agent searches (GET /search) 2-24
2026-10-08 17:33:37,327 INFO o.a.j.t.JMeterThread: Thread started: Ticket intake (POST /tickets) 1-11
2026-10-08 17:33:42,698 INFO o.a.j.t.JMeterThread: Thread is done: Ticket intake (POST /tickets) 1-11
2026-10-08 17:33:42,698 INFO o.a.j.t.JMeterThread: Thread finished: Ticket intake (POST /tickets) 1-11
2026-10-08 17:33:43,171 INFO o.a.j.t.JMeterThread: Thread started: Agent searches (GET /search) 2-25
2026-10-08 17:33:43,321 INFO o.a.j.t.JMeterThread: Thread is done: Agent searches (GET /search) 2-25
2026-10-08 17:33:43,321 INFO o.a.j.t.JMeterThread: Thread finished: Agent searches (GET /search) 2-25
2026-10-08 17:33:44,319 INFO o.a.j.t.JMeterThread: Thread started: Agent searches (GET /search) 2-26
2026-10-08 17:33:44,436 INFO o.a.j.t.JMeterThread: Thread is done: Agent searches (GET /search) 2-26
2026-10-08 17:33:44,436 INFO o.a.j.t.JMeterThread: Thread finished: Agent searches (GET /search) 2-26
2026-10-08 17:33:45,176 INFO o.a.j.t.JMeterThread: Thread started: Agent searches (GET /search) 2-27
2026-10-08 17:33:45,474 INFO o.a.j.t.JMeterThread: Thread is done: Agent searches (GET /search) 2-27
2026-10-08 17:33:45,474 INFO o.a.j.t.JMeterThread: Thread finished: Agent searches (GET /search) 2-27
2026-10-08 17:33:57,075 INFO o.a.j.t.JMeterThread: Thread started: Agent searches (GET /search) 2-28
2026-10-08 17:33:57,255 INFO o.a.j.t.JMeterThread: Thread is done: Agent searches (GET /search) 2-28
2026-10-08 17:33:57,255 INFO o.a.j.t.JMeterThread: Thread finished: Agent searches (GET /search) 2-28
2026-10-08 17:34:01,567 INFO o.a.j.t.JMeterThread: Thread started: Agent searches (GET /search) 2-29
2026-10-08 17:34:01,944 INFO o.a.j.r.Summariser: summary +     14 in 00:02:01 =    0.1/s Avg:   993 Min:   114 Max:  5367 Err:     0 (0.00%) Active: 1 Started: 40 Finished: 39
2026-10-08 17:34:01,946 INFO o.a.j.r.Summariser: summary =     40 in 00:05:06 =    0.1/s Avg:  1137 Min:    67 Max:  5475 Err:     0 (0.00%)
2026-10-08 17:34:01,946 INFO o.a.j.t.JMeterThread: Thread is done: Agent searches (GET /search) 2-29
2026-10-08 17:34:01,946 INFO o.a.j.t.JMeterThread: Thread finished: Agent searches (GET /search) 2-29
2026-10-08 17:34:03,580 INFO o.a.j.t.JMeterThread: Thread started: Agent searches (GET /search) 2-30
2026-10-08 17:34:03,700 INFO o.a.j.t.JMeterThread: Thread is done: Agent searches (GET /search) 2-30
2026-10-08 17:34:03,701 INFO o.a.j.t.JMeterThread: Thread finished: Agent searches (GET /search) 2-30
2026-10-08 17:34:03,761 INFO o.a.j.t.JMeterThread: Thread started: Ticket intake (POST /tickets) 1-12
2026-10-08 17:34:06,340 INFO o.a.j.t.JMeterThread: Thread is done: Ticket intake (POST /tickets) 1-12
2026-10-08 17:34:06,340 INFO o.a.j.t.JMeterThread: Thread finished: Ticket intake (POST /tickets) 1-12
2026-10-08 17:34:07,778 INFO o.a.j.t.JMeterThread: Thread started: Ticket intake (POST /tickets) 1-13
2026-10-08 17:34:09,497 INFO o.a.j.t.JMeterThread: Thread started: Agent searches (GET /search) 2-31
2026-10-08 17:34:09,640 INFO o.a.j.t.JMeterThread: Thread is done: Agent searches (GET /search) 2-31
2026-10-08 17:34:09,640 INFO o.a.j.t.JMeterThread: Thread finished: Agent searches (GET /search) 2-31
2026-10-08 17:34:10,127 INFO o.a.j.t.JMeterThread: Thread is done: Ticket intake (POST /tickets) 1-13
2026-10-08 17:34:10,127 INFO o.a.j.t.JMeterThread: Thread finished: Ticket intake (POST /tickets) 1-13
2026-10-08 17:34:15,341 INFO o.a.j.t.JMeterThread: Thread started: Agent searches (GET /search) 2-32
2026-10-08 17:34:15,452 INFO o.a.j.t.JMeterThread: Thread is done: Agent searches (GET /search) 2-32
2026-10-08 17:34:15,453 INFO o.a.j.t.JMeterThread: Thread finished: Agent searches (GET /search) 2-32
2026-10-08 17:34:20,749 INFO o.a.j.t.JMeterThread: Thread started: Agent searches (GET /search) 2-33
2026-10-08 17:34:20,803 INFO o.a.j.t.JMeterThread: Thread is done: Agent searches (GET /search) 2-33
2026-10-08 17:34:20,803 INFO o.a.j.t.JMeterThread: Thread finished: Agent searches (GET /search) 2-33
2026-10-08 17:34:26,742 INFO o.a.j.t.JMeterThread: Thread started: Agent searches (GET /search) 2-34
2026-10-08 17:34:26,898 INFO o.a.j.t.JMeterThread: Thread is done: Agent searches (GET /search) 2-34
2026-10-08 17:34:26,898 INFO o.a.j.t.JMeterThread: Thread finished: Agent searches (GET /search) 2-34
2026-10-08 17:34:27,132 INFO o.a.j.t.JMeterThread: Thread started: Agent searches (GET /search) 2-35
2026-10-08 17:34:27,251 INFO o.a.j.t.JMeterThread: Thread is done: Agent searches (GET /search) 2-35
2026-10-08 17:34:27,251 INFO o.a.j.t.JMeterThread: Thread finished: Agent searches (GET /search) 2-35
2026-10-08 17:34:36,119 INFO o.a.j.t.JMeterThread: Thread started: Ticket intake (POST /tickets) 1-14
2026-10-08 17:34:40,043 INFO o.a.j.t.JMeterThread: Thread started: Ticket intake (POST /tickets) 1-15
2026-10-08 17:34:43,023 INFO o.a.j.t.JMeterThread: Thread is done: Ticket intake (POST /tickets) 1-14
2026-10-08 17:34:43,023 INFO o.a.j.t.JMeterThread: Thread finished: Ticket intake (POST /tickets) 1-14
2026-10-08 17:34:44,202 INFO o.a.j.t.JMeterThread: Thread started: Agent searches (GET /search) 2-36
2026-10-08 17:34:44,433 INFO o.a.j.t.JMeterThread: Thread is done: Agent searches (GET /search) 2-36
2026-10-08 17:34:44,434 INFO o.a.j.t.JMeterThread: Thread finished: Agent searches (GET /search) 2-36
2026-10-08 17:34:48,910 INFO o.a.j.t.JMeterThread: Thread started: Agent searches (GET /search) 2-37
2026-10-08 17:34:49,110 INFO o.a.j.t.JMeterThread: Thread is done: Agent searches (GET /search) 2-37
2026-10-08 17:34:49,110 INFO o.a.j.t.JMeterThread: Thread finished: Agent searches (GET /search) 2-37
2026-10-08 17:34:51,424 INFO o.a.j.t.JMeterThread: Thread is done: Ticket intake (POST /tickets) 1-15
2026-10-08 17:34:51,424 INFO o.a.j.t.JMeterThread: Thread finished: Ticket intake (POST /tickets) 1-15
2026-10-08 17:34:55,223 INFO o.a.j.t.JMeterThread: Thread started: Ticket intake (POST /tickets) 1-16
2026-10-08 17:34:59,567 INFO o.a.j.t.JMeterThread: Thread is done: Ticket intake (POST /tickets) 1-16
2026-10-08 17:34:59,568 INFO o.a.j.t.JMeterThread: Thread finished: Ticket intake (POST /tickets) 1-16
2026-10-08 17:35:10,906 INFO o.a.j.t.JMeterThread: Thread started: Agent searches (GET /search) 2-38
2026-10-08 17:35:11,054 INFO o.a.j.t.JMeterThread: Thread is done: Agent searches (GET /search) 2-38
2026-10-08 17:35:11,054 INFO o.a.j.t.JMeterThread: Thread finished: Agent searches (GET /search) 2-38
2026-10-08 17:35:23,979 INFO o.a.j.t.JMeterThread: Thread started: Ticket intake (POST /tickets) 1-17
2026-10-08 17:35:27,060 INFO o.a.j.t.JMeterThread: Thread started: Agent searches (GET /search) 2-39
2026-10-08 17:35:27,540 INFO o.a.j.t.JMeterThread: Thread is done: Agent searches (GET /search) 2-39
2026-10-08 17:35:27,540 INFO o.a.j.t.JMeterThread: Thread finished: Agent searches (GET /search) 2-39
2026-10-08 17:35:28,783 INFO o.a.j.t.JMeterThread: Thread is done: Ticket intake (POST /tickets) 1-17
2026-10-08 17:35:28,783 INFO o.a.j.t.JMeterThread: Thread finished: Ticket intake (POST /tickets) 1-17
2026-10-08 17:35:31,322 INFO o.a.j.t.JMeterThread: Thread started: Ticket intake (POST /tickets) 1-18
2026-10-08 17:35:31,997 INFO o.a.j.t.JMeterThread: Thread started: Agent searches (GET /search) 2-40
2026-10-08 17:35:32,152 INFO o.a.j.r.Summariser: summary +     17 in 00:01:30 =    0.2/s Avg:  2012 Min:    51 Max: 11377 Err:     0 (0.00%) Active: 2 Started: 58 Finished: 56
2026-10-08 17:35:32,152 INFO o.a.j.r.Summariser: summary =     57 in 00:06:36 =    0.1/s Avg:  1398 Min:    51 Max: 11377 Err:     0 (0.00%)
2026-10-08 17:35:32,153 INFO o.a.j.t.JMeterThread: Thread is done: Agent searches (GET /search) 2-40
2026-10-08 17:35:32,153 INFO o.a.j.t.JMeterThread: Thread finished: Agent searches (GET /search) 2-40
2026-10-08 17:35:33,516 INFO o.a.j.t.JMeterThread: Thread started: Ticket intake (POST /tickets) 1-19
2026-10-08 17:35:34,006 INFO o.a.j.t.JMeterThread: Thread is done: Ticket intake (POST /tickets) 1-18
2026-10-08 17:35:34,006 INFO o.a.j.t.JMeterThread: Thread finished: Ticket intake (POST /tickets) 1-18
2026-10-08 17:35:36,630 INFO o.a.j.t.JMeterThread: Thread is done: Ticket intake (POST /tickets) 1-19
2026-10-08 17:35:36,631 INFO o.a.j.t.JMeterThread: Thread finished: Ticket intake (POST /tickets) 1-19
2026-10-08 17:35:51,177 INFO o.a.j.t.JMeterThread: Thread started: Agent searches (GET /search) 2-41
2026-10-08 17:35:51,324 INFO o.a.j.t.JMeterThread: Thread is done: Agent searches (GET /search) 2-41
2026-10-08 17:35:51,324 INFO o.a.j.t.JMeterThread: Thread finished: Agent searches (GET /search) 2-41
2026-10-08 17:35:53,469 INFO o.a.j.t.JMeterThread: Thread started: Agent searches (GET /search) 2-42
2026-10-08 17:35:53,581 INFO o.a.j.t.JMeterThread: Thread is done: Agent searches (GET /search) 2-42
2026-10-08 17:35:53,581 INFO o.a.j.t.JMeterThread: Thread finished: Agent searches (GET /search) 2-42
2026-10-08 17:36:03,820 INFO o.a.j.t.JMeterThread: Thread started: Agent searches (GET /search) 2-43
2026-10-08 17:36:04,074 INFO o.a.j.r.Summariser: summary +      5 in 00:00:32 =    0.2/s Avg:  1258 Min:   109 Max:  3111 Err:     0 (0.00%) Active: 1 Started: 62 Finished: 61
2026-10-08 17:36:04,074 INFO o.a.j.r.Summariser: summary =     62 in 00:07:08 =    0.1/s Avg:  1387 Min:    51 Max: 11377 Err:     0 (0.00%)
2026-10-08 17:36:04,075 INFO o.a.j.t.JMeterThread: Thread is done: Agent searches (GET /search) 2-43
2026-10-08 17:36:04,075 INFO o.a.j.t.JMeterThread: Thread finished: Agent searches (GET /search) 2-43
2026-10-08 17:36:08,094 INFO o.a.j.t.JMeterThread: Thread started: Ticket intake (POST /tickets) 1-20
2026-10-08 17:36:08,123 INFO o.a.j.t.JMeterThread: Thread started: Ticket intake (POST /tickets) 1-21
2026-10-08 17:36:11,383 INFO o.a.j.t.JMeterThread: Thread is done: Ticket intake (POST /tickets) 1-20
2026-10-08 17:36:11,383 INFO o.a.j.t.JMeterThread: Thread finished: Ticket intake (POST /tickets) 1-20
2026-10-08 17:36:12,933 INFO o.a.j.t.JMeterThread: Thread is done: Ticket intake (POST /tickets) 1-21
2026-10-08 17:36:12,934 INFO o.a.j.t.JMeterThread: Thread finished: Ticket intake (POST /tickets) 1-21
2026-10-08 17:36:17,420 INFO o.a.j.t.JMeterThread: Thread started: Agent searches (GET /search) 2-44
2026-10-08 17:36:17,519 INFO o.a.j.t.JMeterThread: Thread is done: Agent searches (GET /search) 2-44
2026-10-08 17:36:17,519 INFO o.a.j.t.JMeterThread: Thread finished: Agent searches (GET /search) 2-44
2026-10-08 17:36:19,336 INFO o.a.j.t.JMeterThread: Thread started: Ticket intake (POST /tickets) 1-22
2026-10-08 17:36:19,539 INFO o.a.j.t.JMeterThread: Thread started: Ticket intake (POST /tickets) 1-23
2026-10-08 17:36:21,684 INFO o.a.j.t.JMeterThread: Thread is done: Ticket intake (POST /tickets) 1-22
2026-10-08 17:36:21,685 INFO o.a.j.t.JMeterThread: Thread finished: Ticket intake (POST /tickets) 1-22
2026-10-08 17:36:23,220 INFO o.a.j.t.JMeterThread: Thread started: Agent searches (GET /search) 2-45
2026-10-08 17:36:23,356 INFO o.a.j.t.JMeterThread: Thread is done: Agent searches (GET /search) 2-45
2026-10-08 17:36:23,356 INFO o.a.j.t.JMeterThread: Thread finished: Agent searches (GET /search) 2-45
2026-10-08 17:36:24,096 INFO o.a.j.t.JMeterThread: Thread is done: Ticket intake (POST /tickets) 1-23
2026-10-08 17:36:24,096 INFO o.a.j.t.JMeterThread: Thread finished: Ticket intake (POST /tickets) 1-23
2026-10-08 17:36:31,446 INFO o.a.j.t.JMeterThread: Thread started: Ticket intake (POST /tickets) 1-24
2026-10-08 17:36:35,749 INFO o.a.j.t.JMeterThread: Thread started: Agent searches (GET /search) 2-46
2026-10-08 17:36:35,915 INFO o.a.j.r.Summariser: summary +      7 in 00:00:32 =    0.2/s Avg:  2197 Min:    95 Max:  4807 Err:     0 (0.00%) Active: 2 Started: 70 Finished: 68
2026-10-08 17:36:35,916 INFO o.a.j.r.Summariser: summary =     69 in 00:07:40 =    0.2/s Avg:  1469 Min:    51 Max: 11377 Err:     0 (0.00%)
2026-10-08 17:36:35,916 INFO o.a.j.t.JMeterThread: Thread is done: Agent searches (GET /search) 2-46
2026-10-08 17:36:35,916 INFO o.a.j.t.JMeterThread: Thread finished: Agent searches (GET /search) 2-46
2026-10-08 17:36:36,211 INFO o.a.j.t.JMeterThread: Thread started: Agent searches (GET /search) 2-47
2026-10-08 17:36:36,331 INFO o.a.j.t.JMeterThread: Thread is done: Agent searches (GET /search) 2-47
2026-10-08 17:36:36,331 INFO o.a.j.t.JMeterThread: Thread finished: Agent searches (GET /search) 2-47
2026-10-08 17:36:36,789 INFO o.a.j.t.JMeterThread: Thread is done: Ticket intake (POST /tickets) 1-24
2026-10-08 17:36:36,790 INFO o.a.j.t.JMeterThread: Thread finished: Ticket intake (POST /tickets) 1-24
2026-10-08 17:36:41,607 INFO o.a.j.t.JMeterThread: Thread started: Agent searches (GET /search) 2-48
2026-10-08 17:36:41,914 INFO o.a.j.t.JMeterThread: Thread is done: Agent searches (GET /search) 2-48
2026-10-08 17:36:41,915 INFO o.a.j.t.JMeterThread: Thread finished: Agent searches (GET /search) 2-48
2026-10-08 17:36:45,336 INFO o.a.j.t.JMeterThread: Thread started: Agent searches (GET /search) 2-49
2026-10-08 17:36:45,369 INFO o.a.j.t.JMeterThread: Thread is done: Agent searches (GET /search) 2-49
2026-10-08 17:36:45,369 INFO o.a.j.t.JMeterThread: Thread finished: Agent searches (GET /search) 2-49
2026-10-08 17:36:48,539 INFO o.a.j.t.JMeterThread: Thread started: Ticket intake (POST /tickets) 1-25
2026-10-08 17:36:53,169 INFO o.a.j.t.JMeterThread: Thread is done: Ticket intake (POST /tickets) 1-25
2026-10-08 17:36:53,169 INFO o.a.j.t.JMeterThread: Thread finished: Ticket intake (POST /tickets) 1-25
2026-10-08 17:36:57,452 INFO o.a.j.t.JMeterThread: Thread started: Ticket intake (POST /tickets) 1-26
2026-10-08 17:37:01,799 INFO o.a.j.r.Summariser: summary +      6 in 00:00:26 =    0.2/s Avg:  2459 Min:    29 Max:  5340 Err:     0 (0.00%) Active: 1 Started: 75 Finished: 74
2026-10-08 17:37:01,799 INFO o.a.j.r.Summariser: summary =     75 in 00:08:06 =    0.2/s Avg:  1548 Min:    29 Max: 11377 Err:     0 (0.00%)
2026-10-08 17:37:01,800 INFO o.a.j.t.JMeterThread: Thread is done: Ticket intake (POST /tickets) 1-26
2026-10-08 17:37:01,800 INFO o.a.j.t.JMeterThread: Thread finished: Ticket intake (POST /tickets) 1-26
2026-10-08 17:37:02,656 INFO o.a.j.t.JMeterThread: Thread started: Agent searches (GET /search) 2-50
2026-10-08 17:37:02,787 INFO o.a.j.t.JMeterThread: Thread is done: Agent searches (GET /search) 2-50
2026-10-08 17:37:02,787 INFO o.a.j.t.JMeterThread: Thread finished: Agent searches (GET /search) 2-50
2026-10-08 17:37:04,884 INFO o.a.j.t.JMeterThread: Thread started: Agent searches (GET /search) 2-51
2026-10-08 17:37:05,031 INFO o.a.j.t.JMeterThread: Thread is done: Agent searches (GET /search) 2-51
2026-10-08 17:37:05,031 INFO o.a.j.t.JMeterThread: Thread finished: Agent searches (GET /search) 2-51
2026-10-08 17:37:06,008 INFO o.a.j.t.JMeterThread: Thread started: Agent searches (GET /search) 2-52
2026-10-08 17:37:06,078 INFO o.a.j.t.JMeterThread: Thread is done: Agent searches (GET /search) 2-52
2026-10-08 17:37:06,078 INFO o.a.j.t.JMeterThread: Thread finished: Agent searches (GET /search) 2-52
2026-10-08 17:37:12,355 INFO o.a.j.t.JMeterThread: Thread started: Agent searches (GET /search) 2-53
2026-10-08 17:37:12,501 INFO o.a.j.t.JMeterThread: Thread is done: Agent searches (GET /search) 2-53
2026-10-08 17:37:12,501 INFO o.a.j.t.JMeterThread: Thread finished: Agent searches (GET /search) 2-53
2026-10-08 17:37:14,863 INFO o.a.j.t.JMeterThread: Thread started: Agent searches (GET /search) 2-54
2026-10-08 17:37:14,985 INFO o.a.j.t.JMeterThread: Thread is done: Agent searches (GET /search) 2-54
2026-10-08 17:37:14,985 INFO o.a.j.t.JMeterThread: Thread finished: Agent searches (GET /search) 2-54
2026-10-08 17:37:15,194 INFO o.a.j.t.JMeterThread: Thread started: Agent searches (GET /search) 2-55
2026-10-08 17:37:15,373 INFO o.a.j.t.JMeterThread: Thread is done: Agent searches (GET /search) 2-55
2026-10-08 17:37:15,374 INFO o.a.j.t.JMeterThread: Thread finished: Agent searches (GET /search) 2-55
2026-10-08 17:37:22,280 INFO o.a.j.t.JMeterThread: Thread started: Ticket intake (POST /tickets) 1-27
2026-10-08 17:37:25,201 INFO o.a.j.t.JMeterThread: Thread is done: Ticket intake (POST /tickets) 1-27
2026-10-08 17:37:25,201 INFO o.a.j.t.JMeterThread: Thread finished: Ticket intake (POST /tickets) 1-27
2026-10-08 17:37:27,493 INFO o.a.j.t.JMeterThread: Thread started: Agent searches (GET /search) 2-56
2026-10-08 17:37:27,582 INFO o.a.j.t.JMeterThread: Thread is done: Agent searches (GET /search) 2-56
2026-10-08 17:37:27,582 INFO o.a.j.t.JMeterThread: Thread finished: Agent searches (GET /search) 2-56
2026-10-08 17:37:39,564 INFO o.a.j.t.JMeterThread: Thread started: Ticket intake (POST /tickets) 1-28
2026-10-08 17:37:42,431 INFO o.a.j.t.JMeterThread: Thread is done: Ticket intake (POST /tickets) 1-28
2026-10-08 17:37:42,431 INFO o.a.j.t.JMeterThread: Thread finished: Ticket intake (POST /tickets) 1-28
2026-10-08 17:37:46,253 INFO o.a.j.t.JMeterThread: Thread started: Ticket intake (POST /tickets) 1-29
2026-10-08 17:37:50,007 INFO o.a.j.t.JMeterThread: Thread is done: Ticket intake (POST /tickets) 1-29
2026-10-08 17:37:50,007 INFO o.a.j.t.JMeterThread: Thread finished: Ticket intake (POST /tickets) 1-29
2026-10-08 17:37:51,316 INFO o.a.j.t.JMeterThread: Thread started: Agent searches (GET /search) 2-57
2026-10-08 17:37:51,546 INFO o.a.j.t.JMeterThread: Thread is done: Agent searches (GET /search) 2-57
2026-10-08 17:37:51,546 INFO o.a.j.t.JMeterThread: Thread finished: Agent searches (GET /search) 2-57
2026-10-08 17:37:56,163 INFO o.a.j.t.JMeterThread: Thread started: Agent searches (GET /search) 2-58
2026-10-08 17:37:56,306 INFO o.a.j.t.JMeterThread: Thread is done: Agent searches (GET /search) 2-58
2026-10-08 17:37:56,306 INFO o.a.j.t.JMeterThread: Thread finished: Agent searches (GET /search) 2-58
2026-10-08 17:38:01,069 INFO o.a.j.t.JMeterThread: Thread started: Agent searches (GET /search) 2-59
2026-10-08 17:38:01,393 INFO o.a.j.t.JMeterThread: Thread started: Ticket intake (POST /tickets) 1-30
2026-10-08 17:38:01,470 INFO o.a.j.r.Summariser: summary +     13 in 00:01:00 =    0.2/s Avg:   857 Min:    65 Max:  3749 Err:     0 (0.00%) Active: 2 Started: 89 Finished: 87
2026-10-08 17:38:01,471 INFO o.a.j.r.Summariser: summary =     88 in 00:09:05 =    0.2/s Avg:  1446 Min:    29 Max: 11377 Err:     0 (0.00%)
2026-10-08 17:38:01,471 INFO o.a.j.t.JMeterThread: Thread is done: Agent searches (GET /search) 2-59
2026-10-08 17:38:01,471 INFO o.a.j.t.JMeterThread: Thread finished: Agent searches (GET /search) 2-59
2026-10-08 17:38:04,041 INFO o.a.j.t.JMeterThread: Thread is done: Ticket intake (POST /tickets) 1-30
2026-10-08 17:38:04,042 INFO o.a.j.t.JMeterThread: Thread finished: Ticket intake (POST /tickets) 1-30
2026-10-08 17:38:05,811 INFO o.a.j.t.JMeterThread: Thread started: Agent searches (GET /search) 2-60
2026-10-08 17:38:06,271 INFO o.a.j.t.JMeterThread: Thread is done: Agent searches (GET /search) 2-60
2026-10-08 17:38:06,271 INFO o.a.j.t.JMeterThread: Thread finished: Agent searches (GET /search) 2-60
2026-10-08 17:38:11,837 INFO o.a.j.t.JMeterThread: Thread started: Ticket intake (POST /tickets) 1-31
2026-10-08 17:38:12,300 INFO o.a.j.t.JMeterThread: Thread started: Ticket intake (POST /tickets) 1-32
2026-10-08 17:38:14,902 INFO o.a.j.t.JMeterThread: Thread started: Ticket intake (POST /tickets) 1-33
2026-10-08 17:38:15,421 INFO o.a.j.t.JMeterThread: Thread is done: Ticket intake (POST /tickets) 1-31
2026-10-08 17:38:15,421 INFO o.a.j.t.JMeterThread: Thread finished: Ticket intake (POST /tickets) 1-31
2026-10-08 17:38:17,138 INFO o.a.j.t.JMeterThread: Thread is done: Ticket intake (POST /tickets) 1-32
2026-10-08 17:38:17,139 INFO o.a.j.t.JMeterThread: Thread finished: Ticket intake (POST /tickets) 1-32
2026-10-08 17:38:19,251 INFO o.a.j.t.JMeterThread: Thread started: Ticket intake (POST /tickets) 1-34
2026-10-08 17:38:19,566 INFO o.a.j.t.JMeterThread: Thread is done: Ticket intake (POST /tickets) 1-33
2026-10-08 17:38:19,566 INFO o.a.j.t.JMeterThread: Thread finished: Ticket intake (POST /tickets) 1-33
2026-10-08 17:38:21,877 INFO o.a.j.t.JMeterThread: Thread started: Agent searches (GET /search) 2-61
2026-10-08 17:38:22,021 INFO o.a.j.t.JMeterThread: Thread is done: Agent searches (GET /search) 2-61
2026-10-08 17:38:22,022 INFO o.a.j.t.JMeterThread: Thread finished: Agent searches (GET /search) 2-61
2026-10-08 17:38:22,146 INFO o.a.j.t.o.EvenArrivalsRamp: Generating 0 events, beginRate = 0.0 / sec, endRate = 0.0 / sec, duration = 300.0 sec
2026-10-08 17:38:22,146 INFO o.a.j.t.JMeterThread: Thread started: Ticket intake (POST /tickets) 1-35
2026-10-08 17:38:22,147 INFO o.a.j.t.o.OpenModelThreadGroup: There will be no more events, so will wait for 333 sec till the end of the schedule
2026-10-08 17:38:24,611 INFO o.a.j.t.JMeterThread: Thread is done: Ticket intake (POST /tickets) 1-34
2026-10-08 17:38:24,612 INFO o.a.j.t.JMeterThread: Thread finished: Ticket intake (POST /tickets) 1-34
2026-10-08 17:38:26,146 INFO o.a.j.t.JMeterThread: Thread is done: Ticket intake (POST /tickets) 1-35
2026-10-08 17:38:26,146 INFO o.a.j.t.JMeterThread: Thread finished: Ticket intake (POST /tickets) 1-35
2026-10-08 17:38:32,793 INFO o.a.j.t.JMeterThread: Thread started: Agent searches (GET /search) 2-62
2026-10-08 17:38:32,942 INFO o.a.j.r.Summariser: summary +      9 in 00:00:31 =    0.3/s Avg:  2865 Min:   140 Max:  5353 Err:     0 (0.00%) Active: 1 Started: 97 Finished: 96
2026-10-08 17:38:32,942 INFO o.a.j.r.Summariser: summary =     97 in 00:09:37 =    0.2/s Avg:  1578 Min:    29 Max: 11377 Err:     0 (0.00%)
2026-10-08 17:38:32,943 INFO o.a.j.t.JMeterThread: Thread is done: Agent searches (GET /search) 2-62
2026-10-08 17:38:32,943 INFO o.a.j.t.JMeterThread: Thread finished: Agent searches (GET /search) 2-62
2026-10-08 17:38:37,129 INFO o.a.j.t.JMeterThread: Thread started: Agent searches (GET /search) 2-63
2026-10-08 17:38:37,293 INFO o.a.j.t.JMeterThread: Thread is done: Agent searches (GET /search) 2-63
2026-10-08 17:38:37,294 INFO o.a.j.t.JMeterThread: Thread finished: Agent searches (GET /search) 2-63
2026-10-08 17:38:37,459 INFO o.a.j.t.JMeterThread: Thread started: Agent searches (GET /search) 2-64
2026-10-08 17:38:37,546 INFO o.a.j.t.JMeterThread: Thread is done: Agent searches (GET /search) 2-64
2026-10-08 17:38:37,546 INFO o.a.j.t.JMeterThread: Thread finished: Agent searches (GET /search) 2-64
2026-10-08 17:38:41,690 INFO o.a.j.t.JMeterThread: Thread started: Agent searches (GET /search) 2-65
2026-10-08 17:38:41,845 INFO o.a.j.t.JMeterThread: Thread is done: Agent searches (GET /search) 2-65
2026-10-08 17:38:41,845 INFO o.a.j.t.JMeterThread: Thread finished: Agent searches (GET /search) 2-65
2026-10-08 17:38:41,963 INFO o.a.j.t.JMeterThread: Thread started: Agent searches (GET /search) 2-66
2026-10-08 17:38:42,050 INFO o.a.j.t.JMeterThread: Thread is done: Agent searches (GET /search) 2-66
2026-10-08 17:38:42,050 INFO o.a.j.t.JMeterThread: Thread finished: Agent searches (GET /search) 2-66
2026-10-08 17:38:45,918 INFO o.a.j.t.JMeterThread: Thread started: Agent searches (GET /search) 2-67
2026-10-08 17:38:46,032 INFO o.a.j.t.JMeterThread: Thread is done: Agent searches (GET /search) 2-67
2026-10-08 17:38:46,033 INFO o.a.j.t.JMeterThread: Thread finished: Agent searches (GET /search) 2-67
2026-10-08 17:38:48,503 INFO o.a.j.t.JMeterThread: Thread started: Agent searches (GET /search) 2-68
2026-10-08 17:38:48,701 INFO o.a.j.t.JMeterThread: Thread is done: Agent searches (GET /search) 2-68
2026-10-08 17:38:48,702 INFO o.a.j.t.JMeterThread: Thread finished: Agent searches (GET /search) 2-68
2026-10-08 17:38:53,601 INFO o.a.j.t.JMeterThread: Thread started: Agent searches (GET /search) 2-69
2026-10-08 17:38:53,827 INFO o.a.j.t.JMeterThread: Thread is done: Agent searches (GET /search) 2-69
2026-10-08 17:38:53,827 INFO o.a.j.t.JMeterThread: Thread finished: Agent searches (GET /search) 2-69
2026-10-08 17:38:53,867 INFO o.a.j.t.o.EvenArrivalsRamp: Generating 0 events, beginRate = 0.0 / sec, endRate = 0.0 / sec, duration = 300.0 sec
2026-10-08 17:38:53,867 INFO o.a.j.t.JMeterThread: Thread started: Agent searches (GET /search) 2-70
2026-10-08 17:38:53,867 INFO o.a.j.t.o.OpenModelThreadGroup: There will be no more events, so will wait for 302 sec till the end of the schedule
2026-10-08 17:38:53,930 INFO o.a.j.t.JMeterThread: Thread is done: Agent searches (GET /search) 2-70
2026-10-08 17:38:53,930 INFO o.a.j.t.JMeterThread: Thread finished: Agent searches (GET /search) 2-70
2026-10-08 17:43:56,012 INFO o.a.j.t.o.OpenModelThreadGroup: There will be no more events, will shutdown the thread pool
2026-10-08 17:43:56,014 INFO o.a.j.t.o.OpenModelThreadGroup: Thread starting done
2026-10-08 17:43:56,015 INFO o.a.j.t.o.OpenModelThreadGroup: There will be no more events, will shutdown the thread pool
2026-10-08 17:43:56,018 INFO o.a.j.t.o.OpenModelThreadGroup: Thread starting done
2026-10-08 17:43:56,019 INFO o.a.j.e.StandardJMeterEngine: Notifying test listeners of end of test
2026-10-08 17:43:56,019 INFO o.a.j.s.FileServer: Close: /Users/ridwan/Documents/GitHub/ICT3113_A1_P1-3/loadtest/data/tickets.tsv
2026-10-08 17:43:56,028 INFO o.a.j.r.Summariser: summary +      8 in 00:05:23 =    0.0/s Avg:   133 Min:    59 Max:   222 Err:     0 (0.00%) Active: 0 Started: 105 Finished: 105
2026-10-08 17:43:56,028 INFO o.a.j.r.Summariser: summary =    105 in 00:15:00 =    0.1/s Avg:  1468 Min:    29 Max: 11377 Err:     0 (0.00%)
2026-10-08 17:43:56,029 INFO o.a.j.e.StandardJMeterEngine: Forced JVM shutdown requested at end of test
