2026-10-08 18:57:08,225 INFO o.a.j.u.JMeterUtils: Setting Locale to en_EN
2026-10-08 18:57:08,235 INFO o.a.j.JMeter: Loading user properties from: /Users/ridwan/Downloads/apache-jmeter-5.6.3/bin/user.properties
2026-10-08 18:57:08,235 INFO o.a.j.JMeter: Loading system properties from: /Users/ridwan/Downloads/apache-jmeter-5.6.3/bin/system.properties
2026-10-08 18:57:08,235 INFO o.a.j.JMeter: Loading additional properties from: /Users/ridwan/Documents/GitHub/ICT3113_A1_P1-3/loadtest/triage.properties
2026-10-08 18:57:08,236 INFO o.a.j.JMeter: Setting JMeter property: host=172.20.10.2
2026-10-08 18:57:08,236 INFO o.a.j.JMeter: Setting JMeter property: port=8000
2026-10-08 18:57:08,236 INFO o.a.j.JMeter: Setting JMeter property: rate=7.2
2026-10-08 18:57:08,236 INFO o.a.j.JMeter: Setting JMeter property: rate_end=7.2
2026-10-08 18:57:08,236 INFO o.a.j.JMeter: Setting JMeter property: search_rate=7
2026-10-08 18:57:08,236 INFO o.a.j.JMeter: Setting JMeter property: duration=15
2026-10-08 18:57:08,236 INFO o.a.j.JMeter: Setting JMeter property: drain=10
2026-10-08 18:57:08,236 INFO o.a.j.JMeter: Setting JMeter property: timeout_ms=600000
2026-10-08 18:57:08,236 INFO o.a.j.JMeter: Setting JMeter property: data=/Users/ridwan/Documents/GitHub/ICT3113_A1_P1-3/loadtest/data/tickets.tsv
2026-10-08 18:57:08,238 INFO o.a.j.JMeter: Copyright (c) 1998-2024 The Apache Software Foundation
2026-10-08 18:57:08,238 INFO o.a.j.JMeter: Version 5.6.3
2026-10-08 18:57:08,238 INFO o.a.j.JMeter: java.version=17.0.17
2026-10-08 18:57:08,238 INFO o.a.j.JMeter: java.vm.name=OpenJDK 64-Bit Server VM
2026-10-08 18:57:08,239 INFO o.a.j.JMeter: os.name=Mac OS X
2026-10-08 18:57:08,239 INFO o.a.j.JMeter: os.arch=aarch64
2026-10-08 18:57:08,239 INFO o.a.j.JMeter: os.version=26.5
2026-10-08 18:57:08,239 INFO o.a.j.JMeter: file.encoding=UTF-8
2026-10-08 18:57:08,239 INFO o.a.j.JMeter: java.awt.headless=true
2026-10-08 18:57:08,239 INFO o.a.j.JMeter: Max memory     =1073741824
2026-10-08 18:57:08,239 INFO o.a.j.JMeter: Available Processors =10
2026-10-08 18:57:08,242 INFO o.a.j.JMeter: Default Locale=English (EN)
2026-10-08 18:57:08,243 INFO o.a.j.JMeter: JMeter  Locale=English (EN)
2026-10-08 18:57:08,243 INFO o.a.j.JMeter: JMeterHome=/Users/ridwan/Downloads/apache-jmeter-5.6.3
2026-10-08 18:57:08,243 INFO o.a.j.JMeter: user.dir  =/Users/ridwan/Documents/GitHub/ICT3113_A1_P1-3
2026-10-08 18:57:08,243 INFO o.a.j.JMeter: PWD       =/Users/ridwan/Documents/GitHub/ICT3113_A1_P1-3
2026-10-08 18:57:08,244 INFO o.a.j.JMeter: IP: 127.0.0.1 Name: Muhammads-MacBook-Air-4.local FullName: localhost
2026-10-08 18:57:08,250 INFO o.a.j.s.FileServer: Default base='/Users/ridwan/Documents/GitHub/ICT3113_A1_P1-3'
2026-10-08 18:57:08,251 INFO o.a.j.s.FileServer: Set new base='/Users/ridwan/Documents/GitHub/ICT3113_A1_P1-3/loadtest'
2026-10-08 18:57:08,313 INFO o.a.j.s.SaveService: Testplan (JMX) version: 2.2. Testlog (JTL) version: 2.2
2026-10-08 18:57:08,325 INFO o.a.j.s.SaveService: Using SaveService properties version 5.0
2026-10-08 18:57:08,326 INFO o.a.j.s.SaveService: Using SaveService properties file encoding UTF-8
2026-10-08 18:57:08,326 INFO o.a.j.s.SaveService: Loading file: /Users/ridwan/Documents/GitHub/ICT3113_A1_P1-3/loadtest/triage.jmx
2026-10-08 18:57:08,355 INFO o.a.j.p.h.s.HTTPSamplerBase: Parser for text/html is org.apache.jmeter.protocol.http.parser.LagartoBasedHtmlParser
2026-10-08 18:57:08,355 INFO o.a.j.p.h.s.HTTPSamplerBase: Parser for application/xhtml+xml is org.apache.jmeter.protocol.http.parser.LagartoBasedHtmlParser
2026-10-08 18:57:08,355 INFO o.a.j.p.h.s.HTTPSamplerBase: Parser for application/xml is org.apache.jmeter.protocol.http.parser.LagartoBasedHtmlParser
2026-10-08 18:57:08,355 INFO o.a.j.p.h.s.HTTPSamplerBase: Parser for text/xml is org.apache.jmeter.protocol.http.parser.LagartoBasedHtmlParser
2026-10-08 18:57:08,355 INFO o.a.j.p.h.s.HTTPSamplerBase: Parser for text/vnd.wap.wml is org.apache.jmeter.protocol.http.parser.RegexpHTMLParser
2026-10-08 18:57:08,355 INFO o.a.j.p.h.s.HTTPSamplerBase: Parser for text/css is org.apache.jmeter.protocol.http.parser.CssParser
2026-10-08 18:57:08,362 INFO o.a.j.JMeter: Creating summariser <summary>
2026-10-08 18:57:08,368 INFO o.a.j.e.StandardJMeterEngine: Running the test!
2026-10-08 18:57:08,368 INFO o.a.j.s.SampleEvent: List of sample_variables: [rid, row]
2026-10-08 18:57:08,368 INFO o.a.j.s.SampleEvent: List of sample_variables: [rid, row]
2026-10-08 18:57:08,370 INFO o.a.j.e.u.CompoundVariable: Note: Function class names must contain the string: '.functions.'
2026-10-08 18:57:08,370 INFO o.a.j.e.u.CompoundVariable: Note: Function class names must not contain the string: '.gui.'
2026-10-08 18:57:08,464 INFO o.a.j.JMeter: Running test (1791457028464)
2026-10-08 18:57:08,472 INFO o.a.j.e.StandardJMeterEngine: Starting ThreadGroup: 1 : Ticket intake (POST /tickets)
2026-10-08 18:57:08,472 INFO o.a.j.e.StandardJMeterEngine: Starting 0 threads for group Ticket intake (POST /tickets).
2026-10-08 18:57:08,472 INFO o.a.j.e.StandardJMeterEngine: Thread will continue on error
2026-10-08 18:57:08,472 INFO o.a.j.t.o.OpenModelThreadGroup: Starting OpenModelThreadGroup#1 with schedule rate(7.2/min) random_arrivals(15 min) rate(7.2/min) pause(10 min)
2026-10-08 18:57:08,485 INFO o.a.j.e.StandardJMeterEngine: Starting ThreadGroup: 2 : Agent searches (GET /search)
2026-10-08 18:57:08,485 INFO o.a.j.e.StandardJMeterEngine: Starting 0 threads for group Agent searches (GET /search).
2026-10-08 18:57:08,485 INFO o.a.j.e.StandardJMeterEngine: Thread will continue on error
2026-10-08 18:57:08,485 INFO o.a.j.t.o.OpenModelThreadGroup: Thread starting init
2026-10-08 18:57:08,486 INFO o.a.j.t.o.OpenModelThreadGroup: Starting OpenModelThreadGroup#2 with schedule rate(7/min) random_arrivals(15 min) rate(7/min) pause(10 min)
2026-10-08 18:57:08,486 INFO o.a.j.e.StandardJMeterEngine: All thread groups have been started
2026-10-08 18:57:08,486 INFO o.a.j.t.o.OpenModelThreadGroup: Thread starting init
2026-10-08 18:57:08,487 INFO o.a.j.t.o.PoissonArrivalsRamp: Generating 105 events, beginRate = 0.11666666666666667 / sec, endRate = 0.11666666666666667 / sec, duration = 900.0 sec
2026-10-08 18:57:08,487 INFO o.a.j.t.o.PoissonArrivalsRamp: Generating 108 events, beginRate = 0.12000000000000001 / sec, endRate = 0.12000000000000001 / sec, duration = 900.0 sec
2026-10-08 18:57:11,149 INFO o.a.j.t.JMeterThread: Thread started: Ticket intake (POST /tickets) 1-1
2026-10-08 18:57:11,150 INFO o.a.j.s.FileServer: Stored: /Users/ridwan/Documents/GitHub/ICT3113_A1_P1-3/loadtest/data/tickets.tsv
2026-10-08 18:57:11,355 INFO o.a.j.p.h.s.HTTPHCAbstractImpl: Local host = Muhammads-MacBook-Air-4.local
2026-10-08 18:57:11,357 INFO o.a.j.p.h.s.HTTPHC4Impl: HTTP request retry count = 0
2026-10-08 18:57:11,358 INFO o.a.j.s.SampleResult: Note: Sample TimeStamps are START times
2026-10-08 18:57:11,358 INFO o.a.j.s.SampleResult: sampleresult.default.encoding is set to UTF-8
2026-10-08 18:57:11,358 INFO o.a.j.s.SampleResult: sampleresult.useNanoTime=true
2026-10-08 18:57:11,358 INFO o.a.j.s.SampleResult: sampleresult.nanoThreadSleep=5000
2026-10-08 18:57:12,436 INFO o.a.j.t.JMeterThread: Thread started: Ticket intake (POST /tickets) 1-2
2026-10-08 18:57:13,051 INFO o.a.j.t.JMeterThread: Thread started: Ticket intake (POST /tickets) 1-3
2026-10-08 18:57:13,833 INFO o.a.j.t.JMeterThread: Thread is done: Ticket intake (POST /tickets) 1-1
2026-10-08 18:57:13,833 INFO o.a.j.t.JMeterThread: Thread finished: Ticket intake (POST /tickets) 1-1
2026-10-08 18:57:17,801 INFO o.a.j.t.JMeterThread: Thread is done: Ticket intake (POST /tickets) 1-2
2026-10-08 18:57:17,802 INFO o.a.j.t.JMeterThread: Thread finished: Ticket intake (POST /tickets) 1-2
2026-10-08 18:57:19,981 INFO o.a.j.t.JMeterThread: Thread started: Ticket intake (POST /tickets) 1-4
2026-10-08 18:57:21,067 INFO o.a.j.t.JMeterThread: Thread started: Ticket intake (POST /tickets) 1-5
2026-10-08 18:57:23,626 INFO o.a.j.t.JMeterThread: Thread is done: Ticket intake (POST /tickets) 1-3
2026-10-08 18:57:23,627 INFO o.a.j.t.JMeterThread: Thread finished: Ticket intake (POST /tickets) 1-3
2026-10-08 18:57:26,659 INFO o.a.j.t.JMeterThread: Thread is done: Ticket intake (POST /tickets) 1-4
2026-10-08 18:57:26,659 INFO o.a.j.t.JMeterThread: Thread finished: Ticket intake (POST /tickets) 1-4
2026-10-08 18:57:27,851 INFO o.a.j.t.JMeterThread: Thread is done: Ticket intake (POST /tickets) 1-5
2026-10-08 18:57:27,851 INFO o.a.j.t.JMeterThread: Thread finished: Ticket intake (POST /tickets) 1-5
2026-10-08 18:57:28,586 INFO o.a.j.t.JMeterThread: Thread started: Agent searches (GET /search) 2-1
2026-10-08 18:57:28,900 INFO o.a.j.t.JMeterThread: Thread is done: Agent searches (GET /search) 2-1
2026-10-08 18:57:28,901 INFO o.a.j.t.JMeterThread: Thread finished: Agent searches (GET /search) 2-1
2026-10-08 18:57:43,928 INFO o.a.j.t.JMeterThread: Thread started: Agent searches (GET /search) 2-2
2026-10-08 18:57:44,021 INFO o.a.j.t.JMeterThread: Thread is done: Agent searches (GET /search) 2-2
2026-10-08 18:57:44,021 INFO o.a.j.t.JMeterThread: Thread finished: Agent searches (GET /search) 2-2
2026-10-08 18:57:48,436 INFO o.a.j.t.JMeterThread: Thread started: Agent searches (GET /search) 2-3
2026-10-08 18:57:48,604 INFO o.a.j.t.JMeterThread: Thread is done: Agent searches (GET /search) 2-3
2026-10-08 18:57:48,604 INFO o.a.j.t.JMeterThread: Thread finished: Agent searches (GET /search) 2-3
2026-10-08 18:57:53,061 INFO o.a.j.t.JMeterThread: Thread started: Ticket intake (POST /tickets) 1-6
2026-10-08 18:57:54,816 INFO o.a.j.t.JMeterThread: Thread started: Agent searches (GET /search) 2-4
2026-10-08 18:57:54,961 INFO o.a.j.t.JMeterThread: Thread is done: Agent searches (GET /search) 2-4
2026-10-08 18:57:54,961 INFO o.a.j.t.JMeterThread: Thread finished: Agent searches (GET /search) 2-4
2026-10-08 18:57:58,230 INFO o.a.j.t.JMeterThread: Thread is done: Ticket intake (POST /tickets) 1-6
2026-10-08 18:57:58,230 INFO o.a.j.t.JMeterThread: Thread finished: Ticket intake (POST /tickets) 1-6
2026-10-08 18:58:00,445 INFO o.a.j.t.JMeterThread: Thread started: Ticket intake (POST /tickets) 1-7
2026-10-08 18:58:01,810 INFO o.a.j.t.JMeterThread: Thread started: Ticket intake (POST /tickets) 1-8
2026-10-08 18:58:04,028 INFO o.a.j.r.Summariser: summary +     11 in 00:00:56 =    0.2/s Avg:  3748 Min:    89 Max: 10571 Err:     0 (0.00%) Active: 2 Started: 12 Finished: 10
2026-10-08 18:58:04,029 INFO o.a.j.t.JMeterThread: Thread is done: Ticket intake (POST /tickets) 1-7
2026-10-08 18:58:04,029 INFO o.a.j.t.JMeterThread: Thread finished: Ticket intake (POST /tickets) 1-7
2026-10-08 18:58:04,040 INFO o.a.j.t.JMeterThread: Thread started: Ticket intake (POST /tickets) 1-9
2026-10-08 18:58:08,792 INFO o.a.j.t.JMeterThread: Thread started: Agent searches (GET /search) 2-5
2026-10-08 18:58:08,939 INFO o.a.j.t.JMeterThread: Thread started: Agent searches (GET /search) 2-6
2026-10-08 18:58:09,187 INFO o.a.j.t.JMeterThread: Thread is done: Agent searches (GET /search) 2-5
2026-10-08 18:58:09,187 INFO o.a.j.t.JMeterThread: Thread is done: Agent searches (GET /search) 2-6
2026-10-08 18:58:09,187 INFO o.a.j.t.JMeterThread: Thread finished: Agent searches (GET /search) 2-5
2026-10-08 18:58:09,187 INFO o.a.j.t.JMeterThread: Thread finished: Agent searches (GET /search) 2-6
2026-10-08 18:58:09,287 INFO o.a.j.t.JMeterThread: Thread is done: Ticket intake (POST /tickets) 1-8
2026-10-08 18:58:09,287 INFO o.a.j.t.JMeterThread: Thread finished: Ticket intake (POST /tickets) 1-8
2026-10-08 18:58:14,713 INFO o.a.j.t.JMeterThread: Thread started: Ticket intake (POST /tickets) 1-10
2026-10-08 18:58:15,155 INFO o.a.j.t.JMeterThread: Thread is done: Ticket intake (POST /tickets) 1-9
2026-10-08 18:58:15,156 INFO o.a.j.t.JMeterThread: Thread finished: Ticket intake (POST /tickets) 1-9
2026-10-08 18:58:17,400 INFO o.a.j.t.JMeterThread: Thread is done: Ticket intake (POST /tickets) 1-10
2026-10-08 18:58:17,400 INFO o.a.j.t.JMeterThread: Thread finished: Ticket intake (POST /tickets) 1-10
2026-10-08 18:58:24,275 INFO o.a.j.t.JMeterThread: Thread started: Agent searches (GET /search) 2-7
2026-10-08 18:58:24,438 INFO o.a.j.t.JMeterThread: Thread is done: Agent searches (GET /search) 2-7
2026-10-08 18:58:24,438 INFO o.a.j.t.JMeterThread: Thread finished: Agent searches (GET /search) 2-7
2026-10-08 18:58:28,643 INFO o.a.j.t.JMeterThread: Thread started: Ticket intake (POST /tickets) 1-11
2026-10-08 18:58:30,990 INFO o.a.j.t.JMeterThread: Thread started: Ticket intake (POST /tickets) 1-12
2026-10-08 18:58:31,968 INFO o.a.j.t.JMeterThread: Thread started: Agent searches (GET /search) 2-8
2026-10-08 18:58:32,360 INFO o.a.j.t.JMeterThread: Thread started: Agent searches (GET /search) 2-9
2026-10-08 18:58:32,394 INFO o.a.j.r.Summariser: summary +      7 in 00:00:28 =    0.2/s Avg:  3211 Min:   159 Max: 11111 Err:     0 (0.00%) Active: 4 Started: 21 Finished: 17
2026-10-08 18:58:32,394 INFO o.a.j.r.Summariser: summary =     18 in 00:01:24 =    0.2/s Avg:  3539 Min:    89 Max: 11111 Err:     0 (0.00%)
2026-10-08 18:58:32,395 INFO o.a.j.t.JMeterThread: Thread is done: Agent searches (GET /search) 2-8
2026-10-08 18:58:32,395 INFO o.a.j.t.JMeterThread: Thread finished: Agent searches (GET /search) 2-8
2026-10-08 18:58:32,534 INFO o.a.j.t.JMeterThread: Thread is done: Agent searches (GET /search) 2-9
2026-10-08 18:58:32,534 INFO o.a.j.t.JMeterThread: Thread finished: Agent searches (GET /search) 2-9
2026-10-08 18:58:35,157 INFO o.a.j.t.JMeterThread: Thread is done: Ticket intake (POST /tickets) 1-11
2026-10-08 18:58:35,158 INFO o.a.j.t.JMeterThread: Thread finished: Ticket intake (POST /tickets) 1-11
2026-10-08 18:58:36,527 INFO o.a.j.t.JMeterThread: Thread started: Ticket intake (POST /tickets) 1-13
2026-10-08 18:58:38,306 INFO o.a.j.t.JMeterThread: Thread is done: Ticket intake (POST /tickets) 1-12
2026-10-08 18:58:38,306 INFO o.a.j.t.JMeterThread: Thread finished: Ticket intake (POST /tickets) 1-12
2026-10-08 18:58:40,272 INFO o.a.j.t.JMeterThread: Thread started: Ticket intake (POST /tickets) 1-14
2026-10-08 18:58:40,388 INFO o.a.j.t.JMeterThread: Thread is done: Ticket intake (POST /tickets) 1-13
2026-10-08 18:58:40,388 INFO o.a.j.t.JMeterThread: Thread finished: Ticket intake (POST /tickets) 1-13
2026-10-08 18:58:45,393 INFO o.a.j.t.JMeterThread: Thread started: Ticket intake (POST /tickets) 1-15
2026-10-08 18:58:45,436 INFO o.a.j.t.JMeterThread: Thread started: Ticket intake (POST /tickets) 1-16
2026-10-08 18:58:46,422 INFO o.a.j.t.JMeterThread: Thread is done: Ticket intake (POST /tickets) 1-14
2026-10-08 18:58:46,423 INFO o.a.j.t.JMeterThread: Thread finished: Ticket intake (POST /tickets) 1-14
2026-10-08 18:58:49,117 INFO o.a.j.t.JMeterThread: Thread started: Agent searches (GET /search) 2-10
2026-10-08 18:58:49,233 INFO o.a.j.t.JMeterThread: Thread is done: Agent searches (GET /search) 2-10
2026-10-08 18:58:49,233 INFO o.a.j.t.JMeterThread: Thread finished: Agent searches (GET /search) 2-10
2026-10-08 18:58:50,802 INFO o.a.j.t.JMeterThread: Thread started: Agent searches (GET /search) 2-11
2026-10-08 18:58:51,032 INFO o.a.j.t.JMeterThread: Thread is done: Agent searches (GET /search) 2-11
2026-10-08 18:58:51,033 INFO o.a.j.t.JMeterThread: Thread finished: Agent searches (GET /search) 2-11
2026-10-08 18:58:51,386 INFO o.a.j.t.JMeterThread: Thread started: Agent searches (GET /search) 2-12
2026-10-08 18:58:51,516 INFO o.a.j.t.JMeterThread: Thread is done: Agent searches (GET /search) 2-12
2026-10-08 18:58:51,516 INFO o.a.j.t.JMeterThread: Thread finished: Agent searches (GET /search) 2-12
2026-10-08 18:58:52,070 INFO o.a.j.t.JMeterThread: Thread is done: Ticket intake (POST /tickets) 1-15
2026-10-08 18:58:52,071 INFO o.a.j.t.JMeterThread: Thread finished: Ticket intake (POST /tickets) 1-15
2026-10-08 18:58:53,971 INFO o.a.j.t.JMeterThread: Thread is done: Ticket intake (POST /tickets) 1-16
2026-10-08 18:58:53,971 INFO o.a.j.t.JMeterThread: Thread finished: Ticket intake (POST /tickets) 1-16
2026-10-08 18:58:54,494 INFO o.a.j.t.JMeterThread: Thread started: Ticket intake (POST /tickets) 1-17
2026-10-08 18:58:55,629 INFO o.a.j.t.JMeterThread: Thread started: Agent searches (GET /search) 2-13
2026-10-08 18:58:56,329 INFO o.a.j.t.JMeterThread: Thread is done: Agent searches (GET /search) 2-13
2026-10-08 18:58:56,329 INFO o.a.j.t.JMeterThread: Thread finished: Agent searches (GET /search) 2-13
2026-10-08 18:58:58,441 INFO o.a.j.t.JMeterThread: Thread is done: Ticket intake (POST /tickets) 1-17
2026-10-08 18:58:58,442 INFO o.a.j.t.JMeterThread: Thread finished: Ticket intake (POST /tickets) 1-17
2026-10-08 18:58:58,571 INFO o.a.j.t.JMeterThread: Thread started: Ticket intake (POST /tickets) 1-18
2026-10-08 18:59:00,552 INFO o.a.j.t.JMeterThread: Thread started: Ticket intake (POST /tickets) 1-19
2026-10-08 18:59:01,243 INFO o.a.j.r.Summariser: summary +     13 in 00:00:29 =    0.5/s Avg:  3613 Min:   112 Max:  8531 Err:     0 (0.00%) Active: 2 Started: 32 Finished: 30
2026-10-08 18:59:01,244 INFO o.a.j.r.Summariser: summary =     31 in 00:01:53 =    0.3/s Avg:  3570 Min:    89 Max: 11111 Err:     0 (0.00%)
2026-10-08 18:59:01,244 INFO o.a.j.t.JMeterThread: Thread is done: Ticket intake (POST /tickets) 1-18
2026-10-08 18:59:01,245 INFO o.a.j.t.JMeterThread: Thread finished: Ticket intake (POST /tickets) 1-18
2026-10-08 18:59:01,676 INFO o.a.j.t.JMeterThread: Thread started: Agent searches (GET /search) 2-14
2026-10-08 18:59:01,812 INFO o.a.j.t.JMeterThread: Thread is done: Agent searches (GET /search) 2-14
2026-10-08 18:59:01,813 INFO o.a.j.t.JMeterThread: Thread finished: Agent searches (GET /search) 2-14
2026-10-08 18:59:04,270 INFO o.a.j.t.JMeterThread: Thread started: Agent searches (GET /search) 2-15
2026-10-08 18:59:04,284 INFO o.a.j.t.JMeterThread: Thread is done: Ticket intake (POST /tickets) 1-19
2026-10-08 18:59:04,284 INFO o.a.j.t.JMeterThread: Thread finished: Ticket intake (POST /tickets) 1-19
2026-10-08 18:59:04,383 INFO o.a.j.t.JMeterThread: Thread is done: Agent searches (GET /search) 2-15
2026-10-08 18:59:04,383 INFO o.a.j.t.JMeterThread: Thread finished: Agent searches (GET /search) 2-15
2026-10-08 18:59:05,560 INFO o.a.j.t.JMeterThread: Thread started: Ticket intake (POST /tickets) 1-20
2026-10-08 18:59:09,500 INFO o.a.j.t.JMeterThread: Thread is done: Ticket intake (POST /tickets) 1-20
2026-10-08 18:59:09,500 INFO o.a.j.t.JMeterThread: Thread finished: Ticket intake (POST /tickets) 1-20
2026-10-08 18:59:09,611 INFO o.a.j.t.JMeterThread: Thread started: Agent searches (GET /search) 2-16
2026-10-08 18:59:09,698 INFO o.a.j.t.JMeterThread: Thread is done: Agent searches (GET /search) 2-16
2026-10-08 18:59:09,698 INFO o.a.j.t.JMeterThread: Thread finished: Agent searches (GET /search) 2-16
2026-10-08 18:59:14,013 INFO o.a.j.t.JMeterThread: Thread started: Agent searches (GET /search) 2-17
2026-10-08 18:59:14,518 INFO o.a.j.t.JMeterThread: Thread is done: Agent searches (GET /search) 2-17
2026-10-08 18:59:14,518 INFO o.a.j.t.JMeterThread: Thread finished: Agent searches (GET /search) 2-17
2026-10-08 18:59:16,112 INFO o.a.j.t.JMeterThread: Thread started: Agent searches (GET /search) 2-18
2026-10-08 18:59:16,289 INFO o.a.j.t.JMeterThread: Thread is done: Agent searches (GET /search) 2-18
2026-10-08 18:59:16,289 INFO o.a.j.t.JMeterThread: Thread finished: Agent searches (GET /search) 2-18
2026-10-08 18:59:21,166 INFO o.a.j.t.JMeterThread: Thread started: Ticket intake (POST /tickets) 1-21
2026-10-08 18:59:23,175 INFO o.a.j.t.JMeterThread: Thread is done: Ticket intake (POST /tickets) 1-21
2026-10-08 18:59:23,175 INFO o.a.j.t.JMeterThread: Thread finished: Ticket intake (POST /tickets) 1-21
2026-10-08 18:59:26,332 INFO o.a.j.t.JMeterThread: Thread started: Ticket intake (POST /tickets) 1-22
2026-10-08 18:59:31,272 INFO o.a.j.t.JMeterThread: Thread started: Agent searches (GET /search) 2-19
2026-10-08 18:59:31,676 INFO o.a.j.t.JMeterThread: Thread is done: Ticket intake (POST /tickets) 1-22
2026-10-08 18:59:31,676 INFO o.a.j.r.Summariser: summary +      9 in 00:00:30 =    0.3/s Avg:  1229 Min:    82 Max:  3936 Err:     0 (0.00%) Active: 2 Started: 41 Finished: 39
2026-10-08 18:59:31,677 INFO o.a.j.t.JMeterThread: Thread finished: Ticket intake (POST /tickets) 1-22
2026-10-08 18:59:31,677 INFO o.a.j.r.Summariser: summary =     40 in 00:02:23 =    0.3/s Avg:  3043 Min:    82 Max: 11111 Err:     0 (0.00%)
2026-10-08 18:59:31,677 INFO o.a.j.t.JMeterThread: Thread is done: Agent searches (GET /search) 2-19
2026-10-08 18:59:31,678 INFO o.a.j.t.JMeterThread: Thread finished: Agent searches (GET /search) 2-19
2026-10-08 18:59:31,820 INFO o.a.j.t.JMeterThread: Thread started: Ticket intake (POST /tickets) 1-23
2026-10-08 18:59:33,222 INFO o.a.j.t.JMeterThread: Thread started: Ticket intake (POST /tickets) 1-24
2026-10-08 18:59:35,299 INFO o.a.j.t.JMeterThread: Thread is done: Ticket intake (POST /tickets) 1-23
2026-10-08 18:59:35,299 INFO o.a.j.t.JMeterThread: Thread finished: Ticket intake (POST /tickets) 1-23
2026-10-08 18:59:37,517 INFO o.a.j.t.JMeterThread: Thread started: Ticket intake (POST /tickets) 1-25
2026-10-08 18:59:38,108 INFO o.a.j.t.JMeterThread: Thread started: Agent searches (GET /search) 2-20
2026-10-08 18:59:38,489 INFO o.a.j.t.JMeterThread: Thread is done: Agent searches (GET /search) 2-20
2026-10-08 18:59:38,489 INFO o.a.j.t.JMeterThread: Thread finished: Agent searches (GET /search) 2-20
2026-10-08 18:59:41,784 INFO o.a.j.t.JMeterThread: Thread is done: Ticket intake (POST /tickets) 1-24
2026-10-08 18:59:41,784 INFO o.a.j.t.JMeterThread: Thread finished: Ticket intake (POST /tickets) 1-24
2026-10-08 18:59:45,045 INFO o.a.j.t.JMeterThread: Thread started: Ticket intake (POST /tickets) 1-26
2026-10-08 18:59:47,183 INFO o.a.j.t.JMeterThread: Thread is done: Ticket intake (POST /tickets) 1-25
2026-10-08 18:59:47,184 INFO o.a.j.t.JMeterThread: Thread finished: Ticket intake (POST /tickets) 1-25
2026-10-08 18:59:52,107 INFO o.a.j.t.JMeterThread: Thread is done: Ticket intake (POST /tickets) 1-26
2026-10-08 18:59:52,108 INFO o.a.j.t.JMeterThread: Thread finished: Ticket intake (POST /tickets) 1-26
2026-10-08 18:59:52,305 INFO o.a.j.t.JMeterThread: Thread started: Agent searches (GET /search) 2-21
2026-10-08 18:59:52,409 INFO o.a.j.t.JMeterThread: Thread is done: Agent searches (GET /search) 2-21
2026-10-08 18:59:52,409 INFO o.a.j.t.JMeterThread: Thread finished: Agent searches (GET /search) 2-21
2026-10-08 19:00:00,572 INFO o.a.j.t.JMeterThread: Thread started: Ticket intake (POST /tickets) 1-27
2026-10-08 19:00:01,024 INFO o.a.j.t.JMeterThread: Thread started: Agent searches (GET /search) 2-22
2026-10-08 19:00:01,319 INFO o.a.j.r.Summariser: summary +      8 in 00:00:30 =    0.3/s Avg:  4357 Min:   100 Max:  9662 Err:     0 (0.00%) Active: 2 Started: 49 Finished: 47
2026-10-08 19:00:01,320 INFO o.a.j.r.Summariser: summary =     48 in 00:02:53 =    0.3/s Avg:  3262 Min:    82 Max: 11111 Err:     0 (0.00%)
2026-10-08 19:00:01,320 INFO o.a.j.t.JMeterThread: Thread is done: Agent searches (GET /search) 2-22
2026-10-08 19:00:01,321 INFO o.a.j.t.JMeterThread: Thread finished: Agent searches (GET /search) 2-22
2026-10-08 19:00:03,532 INFO o.a.j.t.JMeterThread: Thread is done: Ticket intake (POST /tickets) 1-27
2026-10-08 19:00:03,533 INFO o.a.j.t.JMeterThread: Thread finished: Ticket intake (POST /tickets) 1-27
2026-10-08 19:00:04,190 INFO o.a.j.t.JMeterThread: Thread started: Ticket intake (POST /tickets) 1-28
2026-10-08 19:00:06,729 INFO o.a.j.t.JMeterThread: Thread started: Ticket intake (POST /tickets) 1-29
2026-10-08 19:00:08,394 INFO o.a.j.t.JMeterThread: Thread started: Agent searches (GET /search) 2-23
2026-10-08 19:00:08,413 INFO o.a.j.t.JMeterThread: Thread is done: Ticket intake (POST /tickets) 1-28
2026-10-08 19:00:08,413 INFO o.a.j.t.JMeterThread: Thread finished: Ticket intake (POST /tickets) 1-28
2026-10-08 19:00:08,483 INFO o.a.j.t.JMeterThread: Thread is done: Agent searches (GET /search) 2-23
2026-10-08 19:00:08,484 INFO o.a.j.t.JMeterThread: Thread finished: Agent searches (GET /search) 2-23
2026-10-08 19:00:09,016 INFO o.a.j.t.JMeterThread: Thread started: Ticket intake (POST /tickets) 1-30
2026-10-08 19:00:11,584 INFO o.a.j.t.JMeterThread: Thread started: Agent searches (GET /search) 2-24
2026-10-08 19:00:11,887 INFO o.a.j.t.JMeterThread: Thread is done: Agent searches (GET /search) 2-24
2026-10-08 19:00:11,887 INFO o.a.j.t.JMeterThread: Thread finished: Agent searches (GET /search) 2-24
2026-10-08 19:00:12,222 INFO o.a.j.t.JMeterThread: Thread started: Ticket intake (POST /tickets) 1-31
2026-10-08 19:00:13,258 INFO o.a.j.t.JMeterThread: Thread is done: Ticket intake (POST /tickets) 1-29
2026-10-08 19:00:13,258 INFO o.a.j.t.JMeterThread: Thread finished: Ticket intake (POST /tickets) 1-29
2026-10-08 19:00:16,378 INFO o.a.j.t.JMeterThread: Thread is done: Ticket intake (POST /tickets) 1-30
2026-10-08 19:00:16,378 INFO o.a.j.t.JMeterThread: Thread finished: Ticket intake (POST /tickets) 1-30
2026-10-08 19:00:19,085 INFO o.a.j.t.JMeterThread: Thread started: Agent searches (GET /search) 2-25
2026-10-08 19:00:19,275 INFO o.a.j.t.JMeterThread: Thread is done: Agent searches (GET /search) 2-25
2026-10-08 19:00:19,275 INFO o.a.j.t.JMeterThread: Thread finished: Agent searches (GET /search) 2-25
2026-10-08 19:00:19,616 INFO o.a.j.t.JMeterThread: Thread is done: Ticket intake (POST /tickets) 1-31
2026-10-08 19:00:19,616 INFO o.a.j.t.JMeterThread: Thread finished: Ticket intake (POST /tickets) 1-31
2026-10-08 19:00:24,292 INFO o.a.j.t.JMeterThread: Thread started: Ticket intake (POST /tickets) 1-32
2026-10-08 19:00:25,668 INFO o.a.j.t.JMeterThread: Thread started: Ticket intake (POST /tickets) 1-33
2026-10-08 19:00:26,975 INFO o.a.j.t.JMeterThread: Thread started: Ticket intake (POST /tickets) 1-34
2026-10-08 19:00:27,354 INFO o.a.j.t.JMeterThread: Thread is done: Ticket intake (POST /tickets) 1-32
2026-10-08 19:00:27,355 INFO o.a.j.t.JMeterThread: Thread finished: Ticket intake (POST /tickets) 1-32
2026-10-08 19:00:29,933 INFO o.a.j.t.JMeterThread: Thread started: Agent searches (GET /search) 2-26
2026-10-08 19:00:30,056 INFO o.a.j.r.Summariser: summary +     10 in 00:00:29 =    0.3/s Avg:  3220 Min:    87 Max:  7391 Err:     0 (0.00%) Active: 3 Started: 60 Finished: 57
2026-10-08 19:00:30,057 INFO o.a.j.r.Summariser: summary =     58 in 00:03:22 =    0.3/s Avg:  3255 Min:    82 Max: 11111 Err:     0 (0.00%)
2026-10-08 19:00:30,057 INFO o.a.j.t.JMeterThread: Thread is done: Agent searches (GET /search) 2-26
2026-10-08 19:00:30,057 INFO o.a.j.t.JMeterThread: Thread finished: Agent searches (GET /search) 2-26
2026-10-08 19:00:30,500 INFO o.a.j.t.JMeterThread: Thread is done: Ticket intake (POST /tickets) 1-33
2026-10-08 19:00:30,501 INFO o.a.j.t.JMeterThread: Thread finished: Ticket intake (POST /tickets) 1-33
2026-10-08 19:00:32,601 INFO o.a.j.t.JMeterThread: Thread started: Ticket intake (POST /tickets) 1-35
2026-10-08 19:00:36,134 INFO o.a.j.t.JMeterThread: Thread is done: Ticket intake (POST /tickets) 1-34
2026-10-08 19:00:36,135 INFO o.a.j.t.JMeterThread: Thread finished: Ticket intake (POST /tickets) 1-34
2026-10-08 19:00:37,237 INFO o.a.j.t.JMeterThread: Thread started: Ticket intake (POST /tickets) 1-36
2026-10-08 19:00:38,247 INFO o.a.j.t.JMeterThread: Thread is done: Ticket intake (POST /tickets) 1-35
2026-10-08 19:00:38,247 INFO o.a.j.t.JMeterThread: Thread finished: Ticket intake (POST /tickets) 1-35
2026-10-08 19:00:41,701 INFO o.a.j.t.JMeterThread: Thread is done: Ticket intake (POST /tickets) 1-36
2026-10-08 19:00:41,701 INFO o.a.j.t.JMeterThread: Thread finished: Ticket intake (POST /tickets) 1-36
2026-10-08 19:00:45,538 INFO o.a.j.t.JMeterThread: Thread started: Agent searches (GET /search) 2-27
2026-10-08 19:00:45,723 INFO o.a.j.t.JMeterThread: Thread is done: Agent searches (GET /search) 2-27
2026-10-08 19:00:45,723 INFO o.a.j.t.JMeterThread: Thread finished: Agent searches (GET /search) 2-27
2026-10-08 19:00:46,604 INFO o.a.j.t.JMeterThread: Thread started: Ticket intake (POST /tickets) 1-37
2026-10-08 19:00:52,595 INFO o.a.j.t.JMeterThread: Thread is done: Ticket intake (POST /tickets) 1-37
2026-10-08 19:00:52,595 INFO o.a.j.t.JMeterThread: Thread finished: Ticket intake (POST /tickets) 1-37
2026-10-08 19:00:54,876 INFO o.a.j.t.JMeterThread: Thread started: Agent searches (GET /search) 2-28
2026-10-08 19:00:54,968 INFO o.a.j.t.JMeterThread: Thread is done: Agent searches (GET /search) 2-28
2026-10-08 19:00:54,968 INFO o.a.j.t.JMeterThread: Thread finished: Agent searches (GET /search) 2-28
2026-10-08 19:01:02,552 INFO o.a.j.t.JMeterThread: Thread started: Ticket intake (POST /tickets) 1-38
2026-10-08 19:01:03,151 INFO o.a.j.t.JMeterThread: Thread started: Agent searches (GET /search) 2-29
2026-10-08 19:01:03,337 INFO o.a.j.r.Summariser: summary +      8 in 00:00:33 =    0.2/s Avg:  3815 Min:    89 Max:  9156 Err:     0 (0.00%) Active: 2 Started: 67 Finished: 65
2026-10-08 19:01:03,337 INFO o.a.j.r.Summariser: summary =     66 in 00:03:55 =    0.3/s Avg:  3323 Min:    82 Max: 11111 Err:     0 (0.00%)
2026-10-08 19:01:03,338 INFO o.a.j.t.JMeterThread: Thread is done: Agent searches (GET /search) 2-29
2026-10-08 19:01:03,338 INFO o.a.j.t.JMeterThread: Thread finished: Agent searches (GET /search) 2-29
2026-10-08 19:01:04,260 INFO o.a.j.t.JMeterThread: Thread started: Ticket intake (POST /tickets) 1-39
2026-10-08 19:01:07,289 INFO o.a.j.t.JMeterThread: Thread is done: Ticket intake (POST /tickets) 1-38
2026-10-08 19:01:07,290 INFO o.a.j.t.JMeterThread: Thread finished: Ticket intake (POST /tickets) 1-38
2026-10-08 19:01:08,642 INFO o.a.j.t.JMeterThread: Thread started: Ticket intake (POST /tickets) 1-40
2026-10-08 19:01:08,734 INFO o.a.j.t.JMeterThread: Thread started: Ticket intake (POST /tickets) 1-41
2026-10-08 19:01:08,834 INFO o.a.j.t.JMeterThread: Thread is done: Ticket intake (POST /tickets) 1-39
2026-10-08 19:01:08,835 INFO o.a.j.t.JMeterThread: Thread finished: Ticket intake (POST /tickets) 1-39
2026-10-08 19:01:10,400 INFO o.a.j.t.JMeterThread: Thread is done: Ticket intake (POST /tickets) 1-40
2026-10-08 19:01:10,400 INFO o.a.j.t.JMeterThread: Thread finished: Ticket intake (POST /tickets) 1-40
2026-10-08 19:01:12,602 INFO o.a.j.t.JMeterThread: Thread started: Ticket intake (POST /tickets) 1-42
2026-10-08 19:01:13,818 INFO o.a.j.t.JMeterThread: Thread is done: Ticket intake (POST /tickets) 1-41
2026-10-08 19:01:13,818 INFO o.a.j.t.JMeterThread: Thread finished: Ticket intake (POST /tickets) 1-41
2026-10-08 19:01:20,587 INFO o.a.j.t.JMeterThread: Thread is done: Ticket intake (POST /tickets) 1-42
2026-10-08 19:01:20,587 INFO o.a.j.t.JMeterThread: Thread finished: Ticket intake (POST /tickets) 1-42
2026-10-08 19:01:23,544 INFO o.a.j.t.JMeterThread: Thread started: Agent searches (GET /search) 2-30
2026-10-08 19:01:23,879 INFO o.a.j.t.JMeterThread: Thread is done: Agent searches (GET /search) 2-30
2026-10-08 19:01:23,879 INFO o.a.j.t.JMeterThread: Thread finished: Agent searches (GET /search) 2-30
2026-10-08 19:01:24,962 INFO o.a.j.t.JMeterThread: Thread started: Agent searches (GET /search) 2-31
2026-10-08 19:01:25,489 INFO o.a.j.t.JMeterThread: Thread is done: Agent searches (GET /search) 2-31
2026-10-08 19:01:25,490 INFO o.a.j.t.JMeterThread: Thread finished: Agent searches (GET /search) 2-31
2026-10-08 19:01:29,926 INFO o.a.j.t.JMeterThread: Thread started: Ticket intake (POST /tickets) 1-43
2026-10-08 19:01:30,796 INFO o.a.j.t.JMeterThread: Thread started: Ticket intake (POST /tickets) 1-44
2026-10-08 19:01:33,682 INFO o.a.j.t.JMeterThread: Thread started: Agent searches (GET /search) 2-32
2026-10-08 19:01:34,294 INFO o.a.j.r.Summariser: summary +      8 in 00:00:31 =    0.3/s Avg:  3197 Min:   332 Max:  7981 Err:     0 (0.00%) Active: 3 Started: 76 Finished: 73
2026-10-08 19:01:34,294 INFO o.a.j.r.Summariser: summary =     74 in 00:04:26 =    0.3/s Avg:  3309 Min:    82 Max: 11111 Err:     0 (0.00%)
2026-10-08 19:01:34,295 INFO o.a.j.t.JMeterThread: Thread is done: Agent searches (GET /search) 2-32
2026-10-08 19:01:34,295 INFO o.a.j.t.JMeterThread: Thread finished: Agent searches (GET /search) 2-32
2026-10-08 19:01:35,080 INFO o.a.j.t.JMeterThread: Thread is done: Ticket intake (POST /tickets) 1-43
2026-10-08 19:01:35,080 INFO o.a.j.t.JMeterThread: Thread finished: Ticket intake (POST /tickets) 1-43
2026-10-08 19:01:39,006 INFO o.a.j.t.JMeterThread: Thread is done: Ticket intake (POST /tickets) 1-44
2026-10-08 19:01:39,007 INFO o.a.j.t.JMeterThread: Thread finished: Ticket intake (POST /tickets) 1-44
2026-10-08 19:01:40,794 INFO o.a.j.t.JMeterThread: Thread started: Ticket intake (POST /tickets) 1-45
2026-10-08 19:01:44,126 INFO o.a.j.t.JMeterThread: Thread started: Agent searches (GET /search) 2-33
2026-10-08 19:01:44,343 INFO o.a.j.t.JMeterThread: Thread is done: Agent searches (GET /search) 2-33
2026-10-08 19:01:44,345 INFO o.a.j.t.JMeterThread: Thread finished: Agent searches (GET /search) 2-33
2026-10-08 19:01:45,175 INFO o.a.j.t.JMeterThread: Thread started: Agent searches (GET /search) 2-34
2026-10-08 19:01:45,261 INFO o.a.j.t.JMeterThread: Thread is done: Agent searches (GET /search) 2-34
2026-10-08 19:01:45,261 INFO o.a.j.t.JMeterThread: Thread finished: Agent searches (GET /search) 2-34
2026-10-08 19:01:47,924 INFO o.a.j.t.JMeterThread: Thread is done: Ticket intake (POST /tickets) 1-45
2026-10-08 19:01:47,925 INFO o.a.j.t.JMeterThread: Thread finished: Ticket intake (POST /tickets) 1-45
2026-10-08 19:01:50,437 INFO o.a.j.t.JMeterThread: Thread started: Ticket intake (POST /tickets) 1-46
2026-10-08 19:01:53,660 INFO o.a.j.t.JMeterThread: Thread is done: Ticket intake (POST /tickets) 1-46
2026-10-08 19:01:53,661 INFO o.a.j.t.JMeterThread: Thread finished: Ticket intake (POST /tickets) 1-46
2026-10-08 19:01:59,445 INFO o.a.j.t.JMeterThread: Thread started: Ticket intake (POST /tickets) 1-47
2026-10-08 19:01:59,639 INFO o.a.j.t.JMeterThread: Thread started: Ticket intake (POST /tickets) 1-48
2026-10-08 19:02:00,521 INFO o.a.j.t.JMeterThread: Thread started: Agent searches (GET /search) 2-35
2026-10-08 19:02:00,688 INFO o.a.j.r.Summariser: summary +      7 in 00:00:26 =    0.3/s Avg:  3451 Min:    82 Max:  8206 Err:     0 (0.00%) Active: 3 Started: 83 Finished: 80
2026-10-08 19:02:00,689 INFO o.a.j.r.Summariser: summary =     81 in 00:04:52 =    0.3/s Avg:  3321 Min:    82 Max: 11111 Err:     0 (0.00%)
2026-10-08 19:02:00,689 INFO o.a.j.t.JMeterThread: Thread is done: Agent searches (GET /search) 2-35
2026-10-08 19:02:00,690 INFO o.a.j.t.JMeterThread: Thread finished: Agent searches (GET /search) 2-35
2026-10-08 19:02:01,227 INFO o.a.j.t.JMeterThread: Thread is done: Ticket intake (POST /tickets) 1-47
2026-10-08 19:02:01,228 INFO o.a.j.t.JMeterThread: Thread finished: Ticket intake (POST /tickets) 1-47
2026-10-08 19:02:02,199 INFO o.a.j.t.JMeterThread: Thread started: Agent searches (GET /search) 2-36
2026-10-08 19:02:02,354 INFO o.a.j.t.JMeterThread: Thread is done: Agent searches (GET /search) 2-36
2026-10-08 19:02:02,354 INFO o.a.j.t.JMeterThread: Thread finished: Agent searches (GET /search) 2-36
2026-10-08 19:02:03,545 INFO o.a.j.t.JMeterThread: Thread started: Ticket intake (POST /tickets) 1-49
2026-10-08 19:02:04,017 INFO o.a.j.t.JMeterThread: Thread is done: Ticket intake (POST /tickets) 1-48
2026-10-08 19:02:04,018 INFO o.a.j.t.JMeterThread: Thread finished: Ticket intake (POST /tickets) 1-48
2026-10-08 19:02:04,295 INFO o.a.j.t.JMeterThread: Thread started: Ticket intake (POST /tickets) 1-50
2026-10-08 19:02:05,319 INFO o.a.j.t.JMeterThread: Thread is done: Ticket intake (POST /tickets) 1-49
2026-10-08 19:02:05,319 INFO o.a.j.t.JMeterThread: Thread finished: Ticket intake (POST /tickets) 1-49
2026-10-08 19:02:07,687 INFO o.a.j.t.JMeterThread: Thread is done: Ticket intake (POST /tickets) 1-50
2026-10-08 19:02:07,687 INFO o.a.j.t.JMeterThread: Thread finished: Ticket intake (POST /tickets) 1-50
2026-10-08 19:02:09,077 INFO o.a.j.t.JMeterThread: Thread started: Ticket intake (POST /tickets) 1-51
2026-10-08 19:02:10,452 INFO o.a.j.t.JMeterThread: Thread started: Agent searches (GET /search) 2-37
2026-10-08 19:02:10,544 INFO o.a.j.t.JMeterThread: Thread is done: Agent searches (GET /search) 2-37
2026-10-08 19:02:10,545 INFO o.a.j.t.JMeterThread: Thread finished: Agent searches (GET /search) 2-37
2026-10-08 19:02:15,181 INFO o.a.j.t.JMeterThread: Thread is done: Ticket intake (POST /tickets) 1-51
2026-10-08 19:02:15,181 INFO o.a.j.t.JMeterThread: Thread finished: Ticket intake (POST /tickets) 1-51
2026-10-08 19:02:20,129 INFO o.a.j.t.JMeterThread: Thread started: Ticket intake (POST /tickets) 1-52
2026-10-08 19:02:20,422 INFO o.a.j.t.JMeterThread: Thread started: Agent searches (GET /search) 2-38
2026-10-08 19:02:20,724 INFO o.a.j.t.JMeterThread: Thread is done: Agent searches (GET /search) 2-38
2026-10-08 19:02:20,724 INFO o.a.j.t.JMeterThread: Thread finished: Agent searches (GET /search) 2-38
2026-10-08 19:02:24,481 INFO o.a.j.t.JMeterThread: Thread is done: Ticket intake (POST /tickets) 1-52
2026-10-08 19:02:24,481 INFO o.a.j.t.JMeterThread: Thread finished: Ticket intake (POST /tickets) 1-52
2026-10-08 19:02:25,375 INFO o.a.j.t.JMeterThread: Thread started: Agent searches (GET /search) 2-39
2026-10-08 19:02:25,434 INFO o.a.j.t.JMeterThread: Thread is done: Agent searches (GET /search) 2-39
2026-10-08 19:02:25,434 INFO o.a.j.t.JMeterThread: Thread finished: Agent searches (GET /search) 2-39
2026-10-08 19:02:32,161 INFO o.a.j.t.JMeterThread: Thread started: Agent searches (GET /search) 2-40
2026-10-08 19:02:32,565 INFO o.a.j.r.Summariser: summary +     11 in 00:00:32 =    0.3/s Avg:  2068 Min:    55 Max:  6099 Err:     0 (0.00%) Active: 1 Started: 92 Finished: 91
2026-10-08 19:02:32,566 INFO o.a.j.r.Summariser: summary =     92 in 00:05:24 =    0.3/s Avg:  3172 Min:    55 Max: 11111 Err:     0 (0.00%)
2026-10-08 19:02:32,566 INFO o.a.j.t.JMeterThread: Thread is done: Agent searches (GET /search) 2-40
2026-10-08 19:02:32,567 INFO o.a.j.t.JMeterThread: Thread finished: Agent searches (GET /search) 2-40
2026-10-08 19:02:32,913 INFO o.a.j.t.JMeterThread: Thread started: Ticket intake (POST /tickets) 1-53
2026-10-08 19:02:34,742 INFO o.a.j.t.JMeterThread: Thread started: Ticket intake (POST /tickets) 1-54
2026-10-08 19:02:37,026 INFO o.a.j.t.JMeterThread: Thread started: Agent searches (GET /search) 2-41
2026-10-08 19:02:37,388 INFO o.a.j.t.JMeterThread: Thread is done: Agent searches (GET /search) 2-41
2026-10-08 19:02:37,388 INFO o.a.j.t.JMeterThread: Thread finished: Agent searches (GET /search) 2-41
2026-10-08 19:02:39,974 INFO o.a.j.t.JMeterThread: Thread is done: Ticket intake (POST /tickets) 1-53
2026-10-08 19:02:39,975 INFO o.a.j.t.JMeterThread: Thread finished: Ticket intake (POST /tickets) 1-53
2026-10-08 19:02:42,076 INFO o.a.j.t.JMeterThread: Thread started: Agent searches (GET /search) 2-42
2026-10-08 19:02:42,216 INFO o.a.j.t.JMeterThread: Thread is done: Agent searches (GET /search) 2-42
2026-10-08 19:02:42,217 INFO o.a.j.t.JMeterThread: Thread finished: Agent searches (GET /search) 2-42
2026-10-08 19:02:43,120 INFO o.a.j.t.JMeterThread: Thread started: Agent searches (GET /search) 2-43
2026-10-08 19:02:43,149 INFO o.a.j.t.JMeterThread: Thread started: Ticket intake (POST /tickets) 1-55
2026-10-08 19:02:43,214 INFO o.a.j.t.JMeterThread: Thread is done: Agent searches (GET /search) 2-43
2026-10-08 19:02:43,214 INFO o.a.j.t.JMeterThread: Thread finished: Agent searches (GET /search) 2-43
2026-10-08 19:02:43,415 INFO o.a.j.t.JMeterThread: Thread is done: Ticket intake (POST /tickets) 1-54
2026-10-08 19:02:43,416 INFO o.a.j.t.JMeterThread: Thread finished: Ticket intake (POST /tickets) 1-54
2026-10-08 19:02:44,774 INFO o.a.j.t.JMeterThread: Thread started: Agent searches (GET /search) 2-44
2026-10-08 19:02:45,933 INFO o.a.j.t.JMeterThread: Thread is done: Agent searches (GET /search) 2-44
2026-10-08 19:02:45,933 INFO o.a.j.t.JMeterThread: Thread finished: Agent searches (GET /search) 2-44
2026-10-08 19:02:47,993 INFO o.a.j.t.JMeterThread: Thread started: Ticket intake (POST /tickets) 1-56
2026-10-08 19:02:48,205 INFO o.a.j.t.JMeterThread: Thread is done: Ticket intake (POST /tickets) 1-55
2026-10-08 19:02:48,205 INFO o.a.j.t.JMeterThread: Thread finished: Ticket intake (POST /tickets) 1-55
2026-10-08 19:02:48,302 INFO o.a.j.t.JMeterThread: Thread started: Agent searches (GET /search) 2-45
2026-10-08 19:02:48,400 INFO o.a.j.t.JMeterThread: Thread is done: Agent searches (GET /search) 2-45
2026-10-08 19:02:48,400 INFO o.a.j.t.JMeterThread: Thread finished: Agent searches (GET /search) 2-45
2026-10-08 19:02:48,695 INFO o.a.j.t.JMeterThread: Thread started: Agent searches (GET /search) 2-46
2026-10-08 19:02:48,911 INFO o.a.j.t.JMeterThread: Thread is done: Agent searches (GET /search) 2-46
2026-10-08 19:02:48,911 INFO o.a.j.t.JMeterThread: Thread finished: Agent searches (GET /search) 2-46
2026-10-08 19:02:49,063 INFO o.a.j.t.JMeterThread: Thread started: Ticket intake (POST /tickets) 1-57
2026-10-08 19:02:50,295 INFO o.a.j.t.JMeterThread: Thread started: Agent searches (GET /search) 2-47
2026-10-08 19:02:50,483 INFO o.a.j.t.JMeterThread: Thread is done: Agent searches (GET /search) 2-47
2026-10-08 19:02:50,483 INFO o.a.j.t.JMeterThread: Thread finished: Agent searches (GET /search) 2-47
2026-10-08 19:02:52,661 INFO o.a.j.t.JMeterThread: Thread is done: Ticket intake (POST /tickets) 1-56
2026-10-08 19:02:52,661 INFO o.a.j.t.JMeterThread: Thread finished: Ticket intake (POST /tickets) 1-56
2026-10-08 19:02:53,364 INFO o.a.j.t.JMeterThread: Thread started: Agent searches (GET /search) 2-48
2026-10-08 19:02:53,456 INFO o.a.j.t.JMeterThread: Thread is done: Agent searches (GET /search) 2-48
2026-10-08 19:02:53,456 INFO o.a.j.t.JMeterThread: Thread finished: Agent searches (GET /search) 2-48
2026-10-08 19:02:53,823 INFO o.a.j.t.JMeterThread: Thread started: Agent searches (GET /search) 2-49
2026-10-08 19:02:53,862 INFO o.a.j.t.JMeterThread: Thread is done: Ticket intake (POST /tickets) 1-57
2026-10-08 19:02:53,862 INFO o.a.j.t.JMeterThread: Thread finished: Ticket intake (POST /tickets) 1-57
2026-10-08 19:02:53,929 INFO o.a.j.t.JMeterThread: Thread is done: Agent searches (GET /search) 2-49
2026-10-08 19:02:53,930 INFO o.a.j.t.JMeterThread: Thread finished: Agent searches (GET /search) 2-49
2026-10-08 19:02:57,920 INFO o.a.j.t.JMeterThread: Thread started: Agent searches (GET /search) 2-50
2026-10-08 19:02:58,063 INFO o.a.j.t.JMeterThread: Thread is done: Agent searches (GET /search) 2-50
2026-10-08 19:02:58,063 INFO o.a.j.t.JMeterThread: Thread finished: Agent searches (GET /search) 2-50
2026-10-08 19:03:00,084 INFO o.a.j.t.JMeterThread: Thread started: Ticket intake (POST /tickets) 1-58
2026-10-08 19:03:02,463 INFO o.a.j.r.Summariser: summary +     16 in 00:00:30 =    0.5/s Avg:  2198 Min:    88 Max:  8671 Err:     0 (0.00%) Active: 1 Started: 108 Finished: 107
2026-10-08 19:03:02,463 INFO o.a.j.r.Summariser: summary =    108 in 00:05:54 =    0.3/s Avg:  3027 Min:    55 Max: 11111 Err:     0 (0.00%)
2026-10-08 19:03:02,464 INFO o.a.j.t.JMeterThread: Thread is done: Ticket intake (POST /tickets) 1-58
2026-10-08 19:03:02,464 INFO o.a.j.t.JMeterThread: Thread finished: Ticket intake (POST /tickets) 1-58
2026-10-08 19:03:02,579 INFO o.a.j.t.JMeterThread: Thread started: Ticket intake (POST /tickets) 1-59
2026-10-08 19:03:04,233 INFO o.a.j.t.JMeterThread: Thread is done: Ticket intake (POST /tickets) 1-59
2026-10-08 19:03:04,233 INFO o.a.j.t.JMeterThread: Thread finished: Ticket intake (POST /tickets) 1-59
2026-10-08 19:03:14,324 INFO o.a.j.t.JMeterThread: Thread started: Ticket intake (POST /tickets) 1-60
2026-10-08 19:03:16,766 INFO o.a.j.t.JMeterThread: Thread is done: Ticket intake (POST /tickets) 1-60
2026-10-08 19:03:16,766 INFO o.a.j.t.JMeterThread: Thread finished: Ticket intake (POST /tickets) 1-60
2026-10-08 19:03:18,021 INFO o.a.j.t.JMeterThread: Thread started: Ticket intake (POST /tickets) 1-61
2026-10-08 19:03:19,469 INFO o.a.j.t.JMeterThread: Thread is done: Ticket intake (POST /tickets) 1-61
2026-10-08 19:03:19,469 INFO o.a.j.t.JMeterThread: Thread finished: Ticket intake (POST /tickets) 1-61
2026-10-08 19:03:20,065 INFO o.a.j.t.JMeterThread: Thread started: Ticket intake (POST /tickets) 1-62
2026-10-08 19:03:21,948 INFO o.a.j.t.JMeterThread: Thread started: Ticket intake (POST /tickets) 1-63
2026-10-08 19:03:22,850 INFO o.a.j.t.JMeterThread: Thread is done: Ticket intake (POST /tickets) 1-62
2026-10-08 19:03:22,850 INFO o.a.j.t.JMeterThread: Thread finished: Ticket intake (POST /tickets) 1-62
2026-10-08 19:03:25,060 INFO o.a.j.t.JMeterThread: Thread started: Agent searches (GET /search) 2-51
2026-10-08 19:03:25,191 INFO o.a.j.t.JMeterThread: Thread is done: Agent searches (GET /search) 2-51
2026-10-08 19:03:25,191 INFO o.a.j.t.JMeterThread: Thread finished: Agent searches (GET /search) 2-51
2026-10-08 19:03:30,618 INFO o.a.j.r.Summariser: summary +      6 in 00:00:28 =    0.2/s Avg:  2851 Min:   128 Max:  8665 Err:     0 (0.00%) Active: 1 Started: 114 Finished: 113
2026-10-08 19:03:30,618 INFO o.a.j.r.Summariser: summary =    114 in 00:06:22 =    0.3/s Avg:  3018 Min:    55 Max: 11111 Err:     0 (0.00%)
2026-10-08 19:03:30,618 INFO o.a.j.t.JMeterThread: Thread is done: Ticket intake (POST /tickets) 1-63
2026-10-08 19:03:30,618 INFO o.a.j.t.JMeterThread: Thread finished: Ticket intake (POST /tickets) 1-63
2026-10-08 19:03:34,248 INFO o.a.j.t.JMeterThread: Thread started: Agent searches (GET /search) 2-52
2026-10-08 19:03:34,457 INFO o.a.j.t.JMeterThread: Thread is done: Agent searches (GET /search) 2-52
2026-10-08 19:03:34,457 INFO o.a.j.t.JMeterThread: Thread finished: Agent searches (GET /search) 2-52
2026-10-08 19:03:35,812 INFO o.a.j.t.JMeterThread: Thread started: Ticket intake (POST /tickets) 1-64
2026-10-08 19:03:39,737 INFO o.a.j.t.JMeterThread: Thread is done: Ticket intake (POST /tickets) 1-64
2026-10-08 19:03:39,737 INFO o.a.j.t.JMeterThread: Thread finished: Ticket intake (POST /tickets) 1-64
2026-10-08 19:03:44,598 INFO o.a.j.t.JMeterThread: Thread started: Agent searches (GET /search) 2-53
2026-10-08 19:03:45,131 INFO o.a.j.t.JMeterThread: Thread is done: Agent searches (GET /search) 2-53
2026-10-08 19:03:45,132 INFO o.a.j.t.JMeterThread: Thread finished: Agent searches (GET /search) 2-53
2026-10-08 19:03:49,842 INFO o.a.j.t.JMeterThread: Thread started: Agent searches (GET /search) 2-54
2026-10-08 19:03:50,224 INFO o.a.j.t.JMeterThread: Thread is done: Agent searches (GET /search) 2-54
2026-10-08 19:03:50,224 INFO o.a.j.t.JMeterThread: Thread finished: Agent searches (GET /search) 2-54
2026-10-08 19:03:51,754 INFO o.a.j.t.JMeterThread: Thread started: Agent searches (GET /search) 2-55
2026-10-08 19:03:52,247 INFO o.a.j.t.JMeterThread: Thread is done: Agent searches (GET /search) 2-55
2026-10-08 19:03:52,247 INFO o.a.j.t.JMeterThread: Thread finished: Agent searches (GET /search) 2-55
2026-10-08 19:03:54,915 INFO o.a.j.t.JMeterThread: Thread started: Ticket intake (POST /tickets) 1-65
2026-10-08 19:03:56,289 INFO o.a.j.t.JMeterThread: Thread started: Agent searches (GET /search) 2-56
2026-10-08 19:03:56,400 INFO o.a.j.t.JMeterThread: Thread is done: Agent searches (GET /search) 2-56
2026-10-08 19:03:56,400 INFO o.a.j.t.JMeterThread: Thread finished: Agent searches (GET /search) 2-56
2026-10-08 19:03:58,752 INFO o.a.j.t.JMeterThread: Thread is done: Ticket intake (POST /tickets) 1-65
2026-10-08 19:03:58,752 INFO o.a.j.t.JMeterThread: Thread finished: Ticket intake (POST /tickets) 1-65
2026-10-08 19:04:04,672 INFO o.a.j.t.JMeterThread: Thread started: Ticket intake (POST /tickets) 1-66
2026-10-08 19:04:07,547 INFO o.a.j.t.JMeterThread: Thread is done: Ticket intake (POST /tickets) 1-66
2026-10-08 19:04:07,547 INFO o.a.j.t.JMeterThread: Thread finished: Ticket intake (POST /tickets) 1-66
2026-10-08 19:04:07,579 INFO o.a.j.t.JMeterThread: Thread started: Agent searches (GET /search) 2-57
2026-10-08 19:04:07,894 INFO o.a.j.t.JMeterThread: Thread is done: Agent searches (GET /search) 2-57
2026-10-08 19:04:07,894 INFO o.a.j.t.JMeterThread: Thread finished: Agent searches (GET /search) 2-57
2026-10-08 19:04:09,704 INFO o.a.j.t.JMeterThread: Thread started: Agent searches (GET /search) 2-58
2026-10-08 19:04:09,967 INFO o.a.j.t.JMeterThread: Thread is done: Agent searches (GET /search) 2-58
2026-10-08 19:04:09,968 INFO o.a.j.t.JMeterThread: Thread finished: Agent searches (GET /search) 2-58
2026-10-08 19:04:13,215 INFO o.a.j.t.JMeterThread: Thread started: Ticket intake (POST /tickets) 1-67
2026-10-08 19:04:15,929 INFO o.a.j.t.JMeterThread: Thread started: Agent searches (GET /search) 2-59
2026-10-08 19:04:16,706 INFO o.a.j.t.JMeterThread: Thread is done: Agent searches (GET /search) 2-59
2026-10-08 19:04:16,707 INFO o.a.j.t.JMeterThread: Thread finished: Agent searches (GET /search) 2-59
2026-10-08 19:04:20,400 INFO o.a.j.t.JMeterThread: Thread is done: Ticket intake (POST /tickets) 1-67
2026-10-08 19:04:20,401 INFO o.a.j.t.JMeterThread: Thread finished: Ticket intake (POST /tickets) 1-67
2026-10-08 19:04:26,180 INFO o.a.j.t.JMeterThread: Thread started: Agent searches (GET /search) 2-60
2026-10-08 19:04:26,900 INFO o.a.j.t.JMeterThread: Thread is done: Agent searches (GET /search) 2-60
2026-10-08 19:04:26,901 INFO o.a.j.t.JMeterThread: Thread finished: Agent searches (GET /search) 2-60
2026-10-08 19:04:27,553 INFO o.a.j.t.JMeterThread: Thread started: Ticket intake (POST /tickets) 1-68
2026-10-08 19:04:28,723 INFO o.a.j.t.JMeterThread: Thread started: Ticket intake (POST /tickets) 1-69
2026-10-08 19:04:29,768 INFO o.a.j.t.JMeterThread: Thread started: Agent searches (GET /search) 2-61
2026-10-08 19:04:29,890 INFO o.a.j.t.JMeterThread: Thread started: Agent searches (GET /search) 2-62
2026-10-08 19:04:29,926 INFO o.a.j.t.JMeterThread: Thread is done: Agent searches (GET /search) 2-61
2026-10-08 19:04:29,926 INFO o.a.j.t.JMeterThread: Thread finished: Agent searches (GET /search) 2-61
2026-10-08 19:04:30,188 INFO o.a.j.r.Summariser: summary +     15 in 00:01:00 =    0.3/s Avg:  1468 Min:   108 Max:  7182 Err:     0 (0.00%) Active: 3 Started: 131 Finished: 128
2026-10-08 19:04:30,189 INFO o.a.j.r.Summariser: summary =    129 in 00:07:22 =    0.3/s Avg:  2838 Min:    55 Max: 11111 Err:     0 (0.00%)
2026-10-08 19:04:30,189 INFO o.a.j.t.JMeterThread: Thread is done: Agent searches (GET /search) 2-62
2026-10-08 19:04:30,189 INFO o.a.j.t.JMeterThread: Thread finished: Agent searches (GET /search) 2-62
2026-10-08 19:04:30,489 INFO o.a.j.t.JMeterThread: Thread started: Ticket intake (POST /tickets) 1-70
2026-10-08 19:04:30,597 INFO o.a.j.t.JMeterThread: Thread is done: Ticket intake (POST /tickets) 1-68
2026-10-08 19:04:30,597 INFO o.a.j.t.JMeterThread: Thread finished: Ticket intake (POST /tickets) 1-68
2026-10-08 19:04:32,849 INFO o.a.j.t.JMeterThread: Thread is done: Ticket intake (POST /tickets) 1-69
2026-10-08 19:04:32,849 INFO o.a.j.t.JMeterThread: Thread finished: Ticket intake (POST /tickets) 1-69
2026-10-08 19:04:35,041 INFO o.a.j.t.JMeterThread: Thread is done: Ticket intake (POST /tickets) 1-70
2026-10-08 19:04:35,041 INFO o.a.j.t.JMeterThread: Thread finished: Ticket intake (POST /tickets) 1-70
2026-10-08 19:04:36,909 INFO o.a.j.t.JMeterThread: Thread started: Agent searches (GET /search) 2-63
2026-10-08 19:04:37,218 INFO o.a.j.t.JMeterThread: Thread is done: Agent searches (GET /search) 2-63
2026-10-08 19:04:37,219 INFO o.a.j.t.JMeterThread: Thread finished: Agent searches (GET /search) 2-63
2026-10-08 19:04:38,101 INFO o.a.j.t.JMeterThread: Thread started: Ticket intake (POST /tickets) 1-71
2026-10-08 19:04:40,173 INFO o.a.j.t.JMeterThread: Thread started: Agent searches (GET /search) 2-64
2026-10-08 19:04:40,258 INFO o.a.j.t.JMeterThread: Thread is done: Agent searches (GET /search) 2-64
2026-10-08 19:04:40,258 INFO o.a.j.t.JMeterThread: Thread finished: Agent searches (GET /search) 2-64
2026-10-08 19:04:42,308 INFO o.a.j.t.JMeterThread: Thread is done: Ticket intake (POST /tickets) 1-71
2026-10-08 19:04:42,308 INFO o.a.j.t.JMeterThread: Thread finished: Ticket intake (POST /tickets) 1-71
2026-10-08 19:04:42,808 INFO o.a.j.t.JMeterThread: Thread started: Agent searches (GET /search) 2-65
2026-10-08 19:04:42,914 INFO o.a.j.t.JMeterThread: Thread is done: Agent searches (GET /search) 2-65
2026-10-08 19:04:42,914 INFO o.a.j.t.JMeterThread: Thread finished: Agent searches (GET /search) 2-65
2026-10-08 19:04:51,435 INFO o.a.j.t.JMeterThread: Thread started: Agent searches (GET /search) 2-66
2026-10-08 19:04:51,529 INFO o.a.j.t.JMeterThread: Thread is done: Agent searches (GET /search) 2-66
2026-10-08 19:04:51,529 INFO o.a.j.t.JMeterThread: Thread finished: Agent searches (GET /search) 2-66
2026-10-08 19:04:54,766 INFO o.a.j.t.JMeterThread: Thread started: Ticket intake (POST /tickets) 1-72
2026-10-08 19:04:56,396 INFO o.a.j.t.JMeterThread: Thread started: Agent searches (GET /search) 2-67
2026-10-08 19:04:56,608 INFO o.a.j.t.JMeterThread: Thread is done: Agent searches (GET /search) 2-67
2026-10-08 19:04:56,608 INFO o.a.j.t.JMeterThread: Thread finished: Agent searches (GET /search) 2-67
2026-10-08 19:04:57,970 INFO o.a.j.t.JMeterThread: Thread is done: Ticket intake (POST /tickets) 1-72
2026-10-08 19:04:57,970 INFO o.a.j.t.JMeterThread: Thread finished: Ticket intake (POST /tickets) 1-72
2026-10-08 19:05:07,216 INFO o.a.j.t.JMeterThread: Thread started: Ticket intake (POST /tickets) 1-73
2026-10-08 19:05:09,121 INFO o.a.j.t.JMeterThread: Thread started: Ticket intake (POST /tickets) 1-74
2026-10-08 19:05:10,359 INFO o.a.j.t.JMeterThread: Thread is done: Ticket intake (POST /tickets) 1-73
2026-10-08 19:05:10,359 INFO o.a.j.t.JMeterThread: Thread finished: Ticket intake (POST /tickets) 1-73
2026-10-08 19:05:13,030 INFO o.a.j.t.JMeterThread: Thread is done: Ticket intake (POST /tickets) 1-74
2026-10-08 19:05:13,030 INFO o.a.j.t.JMeterThread: Thread finished: Ticket intake (POST /tickets) 1-74
2026-10-08 19:05:17,219 INFO o.a.j.t.JMeterThread: Thread started: Ticket intake (POST /tickets) 1-75
2026-10-08 19:05:18,414 INFO o.a.j.t.JMeterThread: Thread started: Agent searches (GET /search) 2-68
2026-10-08 19:05:18,526 INFO o.a.j.t.JMeterThread: Thread is done: Agent searches (GET /search) 2-68
2026-10-08 19:05:18,526 INFO o.a.j.t.JMeterThread: Thread finished: Agent searches (GET /search) 2-68
2026-10-08 19:05:20,132 INFO o.a.j.t.JMeterThread: Thread is done: Ticket intake (POST /tickets) 1-75
2026-10-08 19:05:20,132 INFO o.a.j.t.JMeterThread: Thread finished: Ticket intake (POST /tickets) 1-75
2026-10-08 19:05:32,945 INFO o.a.j.t.JMeterThread: Thread started: Ticket intake (POST /tickets) 1-76
2026-10-08 19:05:36,421 INFO o.a.j.t.JMeterThread: Thread started: Ticket intake (POST /tickets) 1-77
2026-10-08 19:05:36,965 INFO o.a.j.t.JMeterThread: Thread started: Agent searches (GET /search) 2-69
2026-10-08 19:05:37,000 INFO o.a.j.t.JMeterThread: Thread started: Ticket intake (POST /tickets) 1-78
2026-10-08 19:05:37,087 INFO o.a.j.t.JMeterThread: Thread is done: Agent searches (GET /search) 2-69
2026-10-08 19:05:37,087 INFO o.a.j.t.JMeterThread: Thread finished: Agent searches (GET /search) 2-69
2026-10-08 19:05:38,022 INFO o.a.j.t.JMeterThread: Thread is done: Ticket intake (POST /tickets) 1-76
2026-10-08 19:05:38,023 INFO o.a.j.t.JMeterThread: Thread finished: Ticket intake (POST /tickets) 1-76
2026-10-08 19:05:42,935 INFO o.a.j.t.JMeterThread: Thread started: Ticket intake (POST /tickets) 1-79
2026-10-08 19:05:43,448 INFO o.a.j.t.JMeterThread: Thread is done: Ticket intake (POST /tickets) 1-77
2026-10-08 19:05:43,449 INFO o.a.j.t.JMeterThread: Thread finished: Ticket intake (POST /tickets) 1-77
2026-10-08 19:05:48,056 INFO o.a.j.t.JMeterThread: Thread is done: Ticket intake (POST /tickets) 1-78
2026-10-08 19:05:48,056 INFO o.a.j.t.JMeterThread: Thread finished: Ticket intake (POST /tickets) 1-78
2026-10-08 19:05:49,828 INFO o.a.j.t.JMeterThread: Thread is done: Ticket intake (POST /tickets) 1-79
2026-10-08 19:05:49,828 INFO o.a.j.t.JMeterThread: Thread finished: Ticket intake (POST /tickets) 1-79
2026-10-08 19:06:00,413 INFO o.a.j.t.JMeterThread: Thread started: Ticket intake (POST /tickets) 1-80
2026-10-08 19:06:01,360 INFO o.a.j.t.JMeterThread: Thread started: Ticket intake (POST /tickets) 1-81
2026-10-08 19:06:01,560 INFO o.a.j.r.Summariser: summary +     20 in 00:01:31 =    0.2/s Avg:  3063 Min:    82 Max: 11053 Err:     0 (0.00%) Active: 2 Started: 150 Finished: 148
2026-10-08 19:06:01,561 INFO o.a.j.r.Summariser: summary =    149 in 00:08:53 =    0.3/s Avg:  2868 Min:    55 Max: 11111 Err:     0 (0.00%)
2026-10-08 19:06:01,561 INFO o.a.j.t.JMeterThread: Thread is done: Ticket intake (POST /tickets) 1-80
2026-10-08 19:06:01,561 INFO o.a.j.t.JMeterThread: Thread finished: Ticket intake (POST /tickets) 1-80
2026-10-08 19:06:05,336 INFO o.a.j.t.JMeterThread: Thread is done: Ticket intake (POST /tickets) 1-81
2026-10-08 19:06:05,336 INFO o.a.j.t.JMeterThread: Thread finished: Ticket intake (POST /tickets) 1-81
2026-10-08 19:06:06,918 INFO o.a.j.t.JMeterThread: Thread started: Ticket intake (POST /tickets) 1-82
2026-10-08 19:06:11,799 INFO o.a.j.t.JMeterThread: Thread is done: Ticket intake (POST /tickets) 1-82
2026-10-08 19:06:11,800 INFO o.a.j.t.JMeterThread: Thread finished: Ticket intake (POST /tickets) 1-82
2026-10-08 19:06:12,691 INFO o.a.j.t.JMeterThread: Thread started: Ticket intake (POST /tickets) 1-83
2026-10-08 19:06:16,614 INFO o.a.j.t.JMeterThread: Thread is done: Ticket intake (POST /tickets) 1-83
2026-10-08 19:06:16,614 INFO o.a.j.t.JMeterThread: Thread finished: Ticket intake (POST /tickets) 1-83
2026-10-08 19:06:26,570 INFO o.a.j.t.JMeterThread: Thread started: Agent searches (GET /search) 2-70
2026-10-08 19:06:26,831 INFO o.a.j.t.JMeterThread: Thread is done: Agent searches (GET /search) 2-70
2026-10-08 19:06:26,831 INFO o.a.j.t.JMeterThread: Thread finished: Agent searches (GET /search) 2-70
2026-10-08 19:06:29,286 INFO o.a.j.t.JMeterThread: Thread started: Agent searches (GET /search) 2-71
2026-10-08 19:06:29,384 INFO o.a.j.t.JMeterThread: Thread is done: Agent searches (GET /search) 2-71
2026-10-08 19:06:29,384 INFO o.a.j.t.JMeterThread: Thread finished: Agent searches (GET /search) 2-71
2026-10-08 19:06:29,955 INFO o.a.j.t.JMeterThread: Thread started: Agent searches (GET /search) 2-72
2026-10-08 19:06:30,199 INFO o.a.j.r.Summariser: summary +      6 in 00:00:29 =    0.2/s Avg:  2227 Min:    95 Max:  4879 Err:     0 (0.00%) Active: 1 Started: 155 Finished: 154
2026-10-08 19:06:30,199 INFO o.a.j.r.Summariser: summary =    155 in 00:09:22 =    0.3/s Avg:  2843 Min:    55 Max: 11111 Err:     0 (0.00%)
2026-10-08 19:06:30,200 INFO o.a.j.t.JMeterThread: Thread is done: Agent searches (GET /search) 2-72
2026-10-08 19:06:30,200 INFO o.a.j.t.JMeterThread: Thread finished: Agent searches (GET /search) 2-72
2026-10-08 19:06:31,696 INFO o.a.j.t.JMeterThread: Thread started: Ticket intake (POST /tickets) 1-84
2026-10-08 19:06:36,861 INFO o.a.j.t.JMeterThread: Thread started: Ticket intake (POST /tickets) 1-85
2026-10-08 19:06:37,095 INFO o.a.j.t.JMeterThread: Thread is done: Ticket intake (POST /tickets) 1-84
2026-10-08 19:06:37,095 INFO o.a.j.t.JMeterThread: Thread finished: Ticket intake (POST /tickets) 1-84
2026-10-08 19:06:40,269 INFO o.a.j.t.JMeterThread: Thread is done: Ticket intake (POST /tickets) 1-85
2026-10-08 19:06:40,270 INFO o.a.j.t.JMeterThread: Thread finished: Ticket intake (POST /tickets) 1-85
2026-10-08 19:06:46,036 INFO o.a.j.t.JMeterThread: Thread started: Agent searches (GET /search) 2-73
2026-10-08 19:06:46,180 INFO o.a.j.t.JMeterThread: Thread is done: Agent searches (GET /search) 2-73
2026-10-08 19:06:46,180 INFO o.a.j.t.JMeterThread: Thread finished: Agent searches (GET /search) 2-73
2026-10-08 19:06:47,951 INFO o.a.j.t.JMeterThread: Thread started: Agent searches (GET /search) 2-74
2026-10-08 19:06:48,097 INFO o.a.j.t.JMeterThread: Thread is done: Agent searches (GET /search) 2-74
2026-10-08 19:06:48,097 INFO o.a.j.t.JMeterThread: Thread finished: Agent searches (GET /search) 2-74
2026-10-08 19:06:56,010 INFO o.a.j.t.JMeterThread: Thread started: Ticket intake (POST /tickets) 1-86
2026-10-08 19:07:01,052 INFO o.a.j.t.JMeterThread: Thread started: Agent searches (GET /search) 2-75
2026-10-08 19:07:01,115 INFO o.a.j.t.JMeterThread: Thread started: Agent searches (GET /search) 2-76
2026-10-08 19:07:01,130 INFO o.a.j.r.Summariser: summary +      5 in 00:00:31 =    0.2/s Avg:  1831 Min:    74 Max:  5395 Err:     0 (0.00%) Active: 3 Started: 162 Finished: 159
2026-10-08 19:07:01,131 INFO o.a.j.r.Summariser: summary =    160 in 00:09:53 =    0.3/s Avg:  2812 Min:    55 Max: 11111 Err:     0 (0.00%)
2026-10-08 19:07:01,131 INFO o.a.j.t.JMeterThread: Thread is done: Agent searches (GET /search) 2-75
2026-10-08 19:07:01,131 INFO o.a.j.t.JMeterThread: Thread finished: Agent searches (GET /search) 2-75
2026-10-08 19:07:01,177 INFO o.a.j.t.JMeterThread: Thread is done: Agent searches (GET /search) 2-76
2026-10-08 19:07:01,177 INFO o.a.j.t.JMeterThread: Thread finished: Agent searches (GET /search) 2-76
2026-10-08 19:07:01,306 INFO o.a.j.t.JMeterThread: Thread is done: Ticket intake (POST /tickets) 1-86
2026-10-08 19:07:01,306 INFO o.a.j.t.JMeterThread: Thread finished: Ticket intake (POST /tickets) 1-86
2026-10-08 19:07:13,739 INFO o.a.j.t.JMeterThread: Thread started: Agent searches (GET /search) 2-77
2026-10-08 19:07:13,799 INFO o.a.j.t.JMeterThread: Thread is done: Agent searches (GET /search) 2-77
2026-10-08 19:07:13,799 INFO o.a.j.t.JMeterThread: Thread finished: Agent searches (GET /search) 2-77
2026-10-08 19:07:14,503 INFO o.a.j.t.JMeterThread: Thread started: Agent searches (GET /search) 2-78
2026-10-08 19:07:14,749 INFO o.a.j.t.JMeterThread: Thread is done: Agent searches (GET /search) 2-78
2026-10-08 19:07:14,750 INFO o.a.j.t.JMeterThread: Thread finished: Agent searches (GET /search) 2-78
2026-10-08 19:07:16,926 INFO o.a.j.t.JMeterThread: Thread started: Agent searches (GET /search) 2-79
2026-10-08 19:07:17,076 INFO o.a.j.t.JMeterThread: Thread is done: Agent searches (GET /search) 2-79
2026-10-08 19:07:17,076 INFO o.a.j.t.JMeterThread: Thread finished: Agent searches (GET /search) 2-79
2026-10-08 19:07:17,936 INFO o.a.j.t.JMeterThread: Thread started: Agent searches (GET /search) 2-80
2026-10-08 19:07:18,000 INFO o.a.j.t.JMeterThread: Thread is done: Agent searches (GET /search) 2-80
2026-10-08 19:07:18,000 INFO o.a.j.t.JMeterThread: Thread finished: Agent searches (GET /search) 2-80
2026-10-08 19:07:34,422 INFO o.a.j.t.JMeterThread: Thread started: Ticket intake (POST /tickets) 1-87
2026-10-08 19:07:36,575 INFO o.a.j.t.JMeterThread: Thread started: Ticket intake (POST /tickets) 1-88
2026-10-08 19:07:37,008 INFO o.a.j.t.JMeterThread: Thread is done: Ticket intake (POST /tickets) 1-87
2026-10-08 19:07:37,009 INFO o.a.j.t.JMeterThread: Thread finished: Ticket intake (POST /tickets) 1-87
2026-10-08 19:07:41,140 INFO o.a.j.t.JMeterThread: Thread is done: Ticket intake (POST /tickets) 1-88
2026-10-08 19:07:41,140 INFO o.a.j.t.JMeterThread: Thread finished: Ticket intake (POST /tickets) 1-88
2026-10-08 19:07:41,284 INFO o.a.j.t.JMeterThread: Thread started: Ticket intake (POST /tickets) 1-89
2026-10-08 19:07:42,589 INFO o.a.j.t.JMeterThread: Thread started: Agent searches (GET /search) 2-81
2026-10-08 19:07:42,679 INFO o.a.j.t.JMeterThread: Thread is done: Agent searches (GET /search) 2-81
2026-10-08 19:07:42,679 INFO o.a.j.t.JMeterThread: Thread finished: Agent searches (GET /search) 2-81
2026-10-08 19:07:43,087 INFO o.a.j.t.JMeterThread: Thread is done: Ticket intake (POST /tickets) 1-89
2026-10-08 19:07:43,087 INFO o.a.j.t.JMeterThread: Thread finished: Ticket intake (POST /tickets) 1-89
2026-10-08 19:07:43,841 INFO o.a.j.t.JMeterThread: Thread started: Ticket intake (POST /tickets) 1-90
2026-10-08 19:07:47,837 INFO o.a.j.t.JMeterThread: Thread is done: Ticket intake (POST /tickets) 1-90
2026-10-08 19:07:47,837 INFO o.a.j.t.JMeterThread: Thread finished: Ticket intake (POST /tickets) 1-90
2026-10-08 19:07:48,128 INFO o.a.j.t.JMeterThread: Thread started: Agent searches (GET /search) 2-82
2026-10-08 19:07:48,441 INFO o.a.j.t.JMeterThread: Thread is done: Agent searches (GET /search) 2-82
2026-10-08 19:07:48,441 INFO o.a.j.t.JMeterThread: Thread finished: Agent searches (GET /search) 2-82
2026-10-08 19:08:00,484 INFO o.a.j.t.JMeterThread: Thread started: Ticket intake (POST /tickets) 1-91
2026-10-08 19:08:03,167 INFO o.a.j.t.JMeterThread: Thread started: Agent searches (GET /search) 2-83
2026-10-08 19:08:03,301 INFO o.a.j.r.Summariser: summary +     13 in 00:01:02 =    0.2/s Avg:  1486 Min:    56 Max:  5291 Err:     0 (0.00%) Active: 2 Started: 174 Finished: 172
2026-10-08 19:08:03,302 INFO o.a.j.r.Summariser: summary =    173 in 00:10:55 =    0.3/s Avg:  2712 Min:    55 Max: 11111 Err:     0 (0.00%)
2026-10-08 19:08:03,302 INFO o.a.j.t.JMeterThread: Thread is done: Agent searches (GET /search) 2-83
2026-10-08 19:08:03,302 INFO o.a.j.t.JMeterThread: Thread finished: Agent searches (GET /search) 2-83
2026-10-08 19:08:04,684 INFO o.a.j.t.JMeterThread: Thread is done: Ticket intake (POST /tickets) 1-91
2026-10-08 19:08:04,684 INFO o.a.j.t.JMeterThread: Thread finished: Ticket intake (POST /tickets) 1-91
2026-10-08 19:08:12,377 INFO o.a.j.t.JMeterThread: Thread started: Agent searches (GET /search) 2-84
2026-10-08 19:08:12,517 INFO o.a.j.t.JMeterThread: Thread is done: Agent searches (GET /search) 2-84
2026-10-08 19:08:12,517 INFO o.a.j.t.JMeterThread: Thread finished: Agent searches (GET /search) 2-84
2026-10-08 19:08:22,670 INFO o.a.j.t.JMeterThread: Thread started: Agent searches (GET /search) 2-85
2026-10-08 19:08:22,926 INFO o.a.j.t.JMeterThread: Thread is done: Agent searches (GET /search) 2-85
2026-10-08 19:08:22,926 INFO o.a.j.t.JMeterThread: Thread finished: Agent searches (GET /search) 2-85
2026-10-08 19:08:31,059 INFO o.a.j.t.JMeterThread: Thread started: Agent searches (GET /search) 2-86
2026-10-08 19:08:31,182 INFO o.a.j.r.Summariser: summary +      4 in 00:00:28 =    0.1/s Avg:  1176 Min:   120 Max:  4196 Err:     0 (0.00%) Active: 1 Started: 177 Finished: 176
2026-10-08 19:08:31,183 INFO o.a.j.r.Summariser: summary =    177 in 00:11:23 =    0.3/s Avg:  2677 Min:    55 Max: 11111 Err:     0 (0.00%)
2026-10-08 19:08:31,184 INFO o.a.j.t.JMeterThread: Thread is done: Agent searches (GET /search) 2-86
2026-10-08 19:08:31,184 INFO o.a.j.t.JMeterThread: Thread finished: Agent searches (GET /search) 2-86
2026-10-08 19:08:33,008 INFO o.a.j.t.JMeterThread: Thread started: Agent searches (GET /search) 2-87
2026-10-08 19:08:33,122 INFO o.a.j.t.JMeterThread: Thread is done: Agent searches (GET /search) 2-87
2026-10-08 19:08:33,122 INFO o.a.j.t.JMeterThread: Thread finished: Agent searches (GET /search) 2-87
2026-10-08 19:08:33,644 INFO o.a.j.t.JMeterThread: Thread started: Agent searches (GET /search) 2-88
2026-10-08 19:08:33,822 INFO o.a.j.t.JMeterThread: Thread started: Ticket intake (POST /tickets) 1-92
2026-10-08 19:08:33,835 INFO o.a.j.t.JMeterThread: Thread is done: Agent searches (GET /search) 2-88
2026-10-08 19:08:33,836 INFO o.a.j.t.JMeterThread: Thread finished: Agent searches (GET /search) 2-88
2026-10-08 19:08:36,084 INFO o.a.j.t.JMeterThread: Thread is done: Ticket intake (POST /tickets) 1-92
2026-10-08 19:08:36,084 INFO o.a.j.t.JMeterThread: Thread finished: Ticket intake (POST /tickets) 1-92
2026-10-08 19:08:39,598 INFO o.a.j.t.JMeterThread: Thread started: Ticket intake (POST /tickets) 1-93
2026-10-08 19:08:42,138 INFO o.a.j.t.JMeterThread: Thread is done: Ticket intake (POST /tickets) 1-93
2026-10-08 19:08:42,139 INFO o.a.j.t.JMeterThread: Thread finished: Ticket intake (POST /tickets) 1-93
2026-10-08 19:08:49,532 INFO o.a.j.t.JMeterThread: Thread started: Agent searches (GET /search) 2-89
2026-10-08 19:08:49,650 INFO o.a.j.t.JMeterThread: Thread is done: Agent searches (GET /search) 2-89
2026-10-08 19:08:49,650 INFO o.a.j.t.JMeterThread: Thread finished: Agent searches (GET /search) 2-89
2026-10-08 19:08:59,500 INFO o.a.j.t.JMeterThread: Thread started: Ticket intake (POST /tickets) 1-94
2026-10-08 19:09:03,545 INFO o.a.j.r.Summariser: summary +      6 in 00:00:32 =    0.2/s Avg:  1541 Min:   110 Max:  4042 Err:     0 (0.00%) Active: 1 Started: 183 Finished: 182
2026-10-08 19:09:03,546 INFO o.a.j.r.Summariser: summary =    183 in 00:11:55 =    0.3/s Avg:  2640 Min:    55 Max: 11111 Err:     0 (0.00%)
2026-10-08 19:09:03,546 INFO o.a.j.t.JMeterThread: Thread is done: Ticket intake (POST /tickets) 1-94
2026-10-08 19:09:03,546 INFO o.a.j.t.JMeterThread: Thread finished: Ticket intake (POST /tickets) 1-94
2026-10-08 19:09:09,701 INFO o.a.j.t.JMeterThread: Thread started: Ticket intake (POST /tickets) 1-95
2026-10-08 19:09:11,974 INFO o.a.j.t.JMeterThread: Thread started: Agent searches (GET /search) 2-90
2026-10-08 19:09:12,072 INFO o.a.j.t.JMeterThread: Thread is done: Agent searches (GET /search) 2-90
2026-10-08 19:09:12,072 INFO o.a.j.t.JMeterThread: Thread finished: Agent searches (GET /search) 2-90
2026-10-08 19:09:12,647 INFO o.a.j.t.JMeterThread: Thread is done: Ticket intake (POST /tickets) 1-95
2026-10-08 19:09:12,647 INFO o.a.j.t.JMeterThread: Thread finished: Ticket intake (POST /tickets) 1-95
2026-10-08 19:09:21,489 INFO o.a.j.t.JMeterThread: Thread started: Agent searches (GET /search) 2-91
2026-10-08 19:09:21,633 INFO o.a.j.t.JMeterThread: Thread is done: Agent searches (GET /search) 2-91
2026-10-08 19:09:21,633 INFO o.a.j.t.JMeterThread: Thread finished: Agent searches (GET /search) 2-91
2026-10-08 19:09:28,605 INFO o.a.j.t.JMeterThread: Thread started: Ticket intake (POST /tickets) 1-96
2026-10-08 19:09:31,489 INFO o.a.j.r.Summariser: summary +      4 in 00:00:28 =    0.1/s Avg:  1514 Min:    96 Max:  2940 Err:     0 (0.00%) Active: 1 Started: 187 Finished: 186
2026-10-08 19:09:31,489 INFO o.a.j.r.Summariser: summary =    187 in 00:12:23 =    0.3/s Avg:  2616 Min:    55 Max: 11111 Err:     0 (0.00%)
2026-10-08 19:09:31,489 INFO o.a.j.t.JMeterThread: Thread is done: Ticket intake (POST /tickets) 1-96
2026-10-08 19:09:31,490 INFO o.a.j.t.JMeterThread: Thread finished: Ticket intake (POST /tickets) 1-96
2026-10-08 19:09:34,171 INFO o.a.j.t.JMeterThread: Thread started: Ticket intake (POST /tickets) 1-97
2026-10-08 19:09:37,846 INFO o.a.j.t.JMeterThread: Thread started: Agent searches (GET /search) 2-92
2026-10-08 19:09:37,938 INFO o.a.j.t.JMeterThread: Thread is done: Agent searches (GET /search) 2-92
2026-10-08 19:09:37,938 INFO o.a.j.t.JMeterThread: Thread finished: Agent searches (GET /search) 2-92
2026-10-08 19:09:39,238 INFO o.a.j.t.JMeterThread: Thread is done: Ticket intake (POST /tickets) 1-97
2026-10-08 19:09:39,238 INFO o.a.j.t.JMeterThread: Thread finished: Ticket intake (POST /tickets) 1-97
2026-10-08 19:09:44,818 INFO o.a.j.t.JMeterThread: Thread started: Agent searches (GET /search) 2-93
2026-10-08 19:09:48,997 INFO o.a.j.t.JMeterThread: Thread is done: Agent searches (GET /search) 2-93
2026-10-08 19:09:48,997 INFO o.a.j.t.JMeterThread: Thread finished: Agent searches (GET /search) 2-93
2026-10-08 19:09:53,079 INFO o.a.j.t.JMeterThread: Thread started: Agent searches (GET /search) 2-94
2026-10-08 19:09:53,181 INFO o.a.j.t.JMeterThread: Thread is done: Agent searches (GET /search) 2-94
2026-10-08 19:09:53,181 INFO o.a.j.t.JMeterThread: Thread finished: Agent searches (GET /search) 2-94
2026-10-08 19:10:13,644 INFO o.a.j.t.JMeterThread: Thread started: Ticket intake (POST /tickets) 1-98
2026-10-08 19:10:15,447 INFO o.a.j.t.JMeterThread: Thread is done: Ticket intake (POST /tickets) 1-98
2026-10-08 19:10:15,447 INFO o.a.j.t.JMeterThread: Thread finished: Ticket intake (POST /tickets) 1-98
2026-10-08 19:10:25,708 INFO o.a.j.t.JMeterThread: Thread started: Agent searches (GET /search) 2-95
2026-10-08 19:10:25,801 INFO o.a.j.t.JMeterThread: Thread is done: Agent searches (GET /search) 2-95
2026-10-08 19:10:25,802 INFO o.a.j.t.JMeterThread: Thread finished: Agent searches (GET /search) 2-95
2026-10-08 19:10:28,620 INFO o.a.j.t.JMeterThread: Thread started: Agent searches (GET /search) 2-96
2026-10-08 19:10:28,739 INFO o.a.j.t.JMeterThread: Thread is done: Agent searches (GET /search) 2-96
2026-10-08 19:10:28,739 INFO o.a.j.t.JMeterThread: Thread finished: Agent searches (GET /search) 2-96
2026-10-08 19:10:30,161 INFO o.a.j.t.JMeterThread: Thread started: Ticket intake (POST /tickets) 1-99
2026-10-08 19:10:31,527 INFO o.a.j.t.JMeterThread: Thread started: Ticket intake (POST /tickets) 1-100
2026-10-08 19:10:32,321 INFO o.a.j.r.Summariser: summary +      8 in 00:01:01 =    0.1/s Avg:  1698 Min:    89 Max:  5064 Err:     0 (0.00%) Active: 2 Started: 196 Finished: 194
2026-10-08 19:10:32,321 INFO o.a.j.r.Summariser: summary =    195 in 00:13:24 =    0.2/s Avg:  2578 Min:    55 Max: 11111 Err:     0 (0.00%)
2026-10-08 19:10:32,322 INFO o.a.j.t.JMeterThread: Thread is done: Ticket intake (POST /tickets) 1-99
2026-10-08 19:10:32,322 INFO o.a.j.t.JMeterThread: Thread finished: Ticket intake (POST /tickets) 1-99
2026-10-08 19:10:34,876 INFO o.a.j.t.JMeterThread: Thread is done: Ticket intake (POST /tickets) 1-100
2026-10-08 19:10:34,876 INFO o.a.j.t.JMeterThread: Thread finished: Ticket intake (POST /tickets) 1-100
2026-10-08 19:10:38,597 INFO o.a.j.t.JMeterThread: Thread started: Ticket intake (POST /tickets) 1-101
2026-10-08 19:10:41,634 INFO o.a.j.t.JMeterThread: Thread is done: Ticket intake (POST /tickets) 1-101
2026-10-08 19:10:41,634 INFO o.a.j.t.JMeterThread: Thread finished: Ticket intake (POST /tickets) 1-101
2026-10-08 19:10:44,020 INFO o.a.j.t.JMeterThread: Thread started: Agent searches (GET /search) 2-97
2026-10-08 19:10:44,647 INFO o.a.j.t.JMeterThread: Thread is done: Agent searches (GET /search) 2-97
2026-10-08 19:10:44,647 INFO o.a.j.t.JMeterThread: Thread finished: Agent searches (GET /search) 2-97
2026-10-08 19:10:47,453 INFO o.a.j.t.JMeterThread: Thread started: Ticket intake (POST /tickets) 1-102
2026-10-08 19:10:49,720 INFO o.a.j.t.JMeterThread: Thread is done: Ticket intake (POST /tickets) 1-102
2026-10-08 19:10:49,720 INFO o.a.j.t.JMeterThread: Thread finished: Ticket intake (POST /tickets) 1-102
2026-10-08 19:10:52,806 INFO o.a.j.t.JMeterThread: Thread started: Ticket intake (POST /tickets) 1-103
2026-10-08 19:10:56,385 INFO o.a.j.t.JMeterThread: Thread is done: Ticket intake (POST /tickets) 1-103
2026-10-08 19:10:56,385 INFO o.a.j.t.JMeterThread: Thread finished: Ticket intake (POST /tickets) 1-103
2026-10-08 19:11:00,171 INFO o.a.j.t.JMeterThread: Thread started: Agent searches (GET /search) 2-98
2026-10-08 19:11:00,368 INFO o.a.j.r.Summariser: summary +      6 in 00:00:28 =    0.2/s Avg:  2172 Min:   194 Max:  3576 Err:     0 (0.00%) Active: 1 Started: 201 Finished: 200
2026-10-08 19:11:00,369 INFO o.a.j.r.Summariser: summary =    201 in 00:13:52 =    0.2/s Avg:  2566 Min:    55 Max: 11111 Err:     0 (0.00%)
2026-10-08 19:11:00,369 INFO o.a.j.t.JMeterThread: Thread is done: Agent searches (GET /search) 2-98
2026-10-08 19:11:00,369 INFO o.a.j.t.JMeterThread: Thread finished: Agent searches (GET /search) 2-98
2026-10-08 19:11:00,436 INFO o.a.j.t.JMeterThread: Thread started: Agent searches (GET /search) 2-99
2026-10-08 19:11:00,574 INFO o.a.j.t.JMeterThread: Thread is done: Agent searches (GET /search) 2-99
2026-10-08 19:11:00,574 INFO o.a.j.t.JMeterThread: Thread finished: Agent searches (GET /search) 2-99
2026-10-08 19:11:04,757 INFO o.a.j.t.JMeterThread: Thread started: Ticket intake (POST /tickets) 1-104
2026-10-08 19:11:05,811 INFO o.a.j.t.JMeterThread: Thread is done: Ticket intake (POST /tickets) 1-104
2026-10-08 19:11:05,811 INFO o.a.j.t.JMeterThread: Thread finished: Ticket intake (POST /tickets) 1-104
2026-10-08 19:11:08,077 INFO o.a.j.t.JMeterThread: Thread started: Ticket intake (POST /tickets) 1-105
2026-10-08 19:11:12,358 INFO o.a.j.t.JMeterThread: Thread is done: Ticket intake (POST /tickets) 1-105
2026-10-08 19:11:12,358 INFO o.a.j.t.JMeterThread: Thread finished: Ticket intake (POST /tickets) 1-105
2026-10-08 19:11:16,789 INFO o.a.j.t.JMeterThread: Thread started: Ticket intake (POST /tickets) 1-106
2026-10-08 19:11:21,168 INFO o.a.j.t.JMeterThread: Thread is done: Ticket intake (POST /tickets) 1-106
2026-10-08 19:11:21,168 INFO o.a.j.t.JMeterThread: Thread finished: Ticket intake (POST /tickets) 1-106
2026-10-08 19:11:21,610 INFO o.a.j.t.JMeterThread: Thread started: Agent searches (GET /search) 2-100
2026-10-08 19:11:21,714 INFO o.a.j.t.JMeterThread: Thread is done: Agent searches (GET /search) 2-100
2026-10-08 19:11:21,714 INFO o.a.j.t.JMeterThread: Thread finished: Agent searches (GET /search) 2-100
2026-10-08 19:11:24,138 INFO o.a.j.t.JMeterThread: Thread started: Agent searches (GET /search) 2-101
2026-10-08 19:11:24,343 INFO o.a.j.t.JMeterThread: Thread is done: Agent searches (GET /search) 2-101
2026-10-08 19:11:24,343 INFO o.a.j.t.JMeterThread: Thread finished: Agent searches (GET /search) 2-101
2026-10-08 19:11:30,591 INFO o.a.j.t.JMeterThread: Thread started: Agent searches (GET /search) 2-102
2026-10-08 19:11:30,731 INFO o.a.j.r.Summariser: summary +      7 in 00:00:30 =    0.2/s Avg:  1468 Min:   101 Max:  4377 Err:     0 (0.00%) Active: 1 Started: 208 Finished: 207
2026-10-08 19:11:30,731 INFO o.a.j.r.Summariser: summary =    208 in 00:14:22 =    0.2/s Avg:  2529 Min:    55 Max: 11111 Err:     0 (0.00%)
2026-10-08 19:11:30,731 INFO o.a.j.t.JMeterThread: Thread is done: Agent searches (GET /search) 2-102
2026-10-08 19:11:30,731 INFO o.a.j.t.JMeterThread: Thread finished: Agent searches (GET /search) 2-102
2026-10-08 19:11:38,400 INFO o.a.j.t.JMeterThread: Thread started: Ticket intake (POST /tickets) 1-107
2026-10-08 19:11:43,936 INFO o.a.j.t.JMeterThread: Thread is done: Ticket intake (POST /tickets) 1-107
2026-10-08 19:11:43,937 INFO o.a.j.t.JMeterThread: Thread finished: Ticket intake (POST /tickets) 1-107
2026-10-08 19:11:55,395 INFO o.a.j.t.JMeterThread: Thread started: Agent searches (GET /search) 2-103
2026-10-08 19:11:55,510 INFO o.a.j.t.JMeterThread: Thread is done: Agent searches (GET /search) 2-103
2026-10-08 19:11:55,510 INFO o.a.j.t.JMeterThread: Thread finished: Agent searches (GET /search) 2-103
2026-10-08 19:12:02,372 INFO o.a.j.t.JMeterThread: Thread started: Agent searches (GET /search) 2-104
2026-10-08 19:12:02,744 INFO o.a.j.r.Summariser: summary +      3 in 00:00:32 =    0.1/s Avg:  2004 Min:   111 Max:  5533 Err:     0 (0.00%) Active: 1 Started: 211 Finished: 210
2026-10-08 19:12:02,745 INFO o.a.j.r.Summariser: summary =    211 in 00:14:54 =    0.2/s Avg:  2522 Min:    55 Max: 11111 Err:     0 (0.00%)
2026-10-08 19:12:02,745 INFO o.a.j.t.JMeterThread: Thread is done: Agent searches (GET /search) 2-104
2026-10-08 19:12:02,745 INFO o.a.j.t.JMeterThread: Thread finished: Agent searches (GET /search) 2-104
2026-10-08 19:12:06,359 INFO o.a.j.t.JMeterThread: Thread started: Ticket intake (POST /tickets) 1-108
2026-10-08 19:12:06,359 INFO o.a.j.t.o.EvenArrivalsRamp: Generating 0 events, beginRate = 0.0 / sec, endRate = 0.0 / sec, duration = 600.0 sec
2026-10-08 19:12:06,360 INFO o.a.j.t.o.OpenModelThreadGroup: There will be no more events, so will wait for 602 sec till the end of the schedule
2026-10-08 19:12:07,506 INFO o.a.j.t.o.EvenArrivalsRamp: Generating 0 events, beginRate = 0.0 / sec, endRate = 0.0 / sec, duration = 600.0 sec
2026-10-08 19:12:07,506 INFO o.a.j.t.JMeterThread: Thread started: Agent searches (GET /search) 2-105
2026-10-08 19:12:07,506 INFO o.a.j.t.o.OpenModelThreadGroup: There will be no more events, so will wait for 600 sec till the end of the schedule
2026-10-08 19:12:07,722 INFO o.a.j.t.JMeterThread: Thread is done: Agent searches (GET /search) 2-105
2026-10-08 19:12:07,722 INFO o.a.j.t.JMeterThread: Thread finished: Agent searches (GET /search) 2-105
2026-10-08 19:12:10,458 INFO o.a.j.t.JMeterThread: Thread is done: Ticket intake (POST /tickets) 1-108
2026-10-08 19:12:10,458 INFO o.a.j.t.JMeterThread: Thread finished: Ticket intake (POST /tickets) 1-108
2026-10-08 19:22:08,310 INFO o.a.j.t.o.OpenModelThreadGroup: There will be no more events, will shutdown the thread pool
2026-10-08 19:22:08,312 INFO o.a.j.t.o.OpenModelThreadGroup: There will be no more events, will shutdown the thread pool
2026-10-08 19:22:08,313 INFO o.a.j.t.o.OpenModelThreadGroup: Thread starting done
2026-10-08 19:22:08,322 INFO o.a.j.t.o.OpenModelThreadGroup: Thread starting done
2026-10-08 19:22:08,323 INFO o.a.j.e.StandardJMeterEngine: Notifying test listeners of end of test
2026-10-08 19:22:08,323 INFO o.a.j.s.FileServer: Close: /Users/ridwan/Documents/GitHub/ICT3113_A1_P1-3/loadtest/data/tickets.tsv
2026-10-08 19:22:08,335 INFO o.a.j.r.Summariser: summary +      2 in 00:10:06 =    0.0/s Avg:  2154 Min:   213 Max:  4095 Err:     0 (0.00%) Active: 0 Started: 213 Finished: 213
2026-10-08 19:22:08,335 INFO o.a.j.r.Summariser: summary =    213 in 00:25:00 =    0.1/s Avg:  2518 Min:    55 Max: 11111 Err:     0 (0.00%)
2026-10-08 19:22:08,336 INFO o.a.j.e.StandardJMeterEngine: Forced JVM shutdown requested at end of test
