2026-10-06 18:11:26,483 INFO o.a.j.u.JMeterUtils: Setting Locale to en_EN
2026-10-06 18:11:26,494 INFO o.a.j.JMeter: Loading user properties from: /Users/ridwan/Downloads/apache-jmeter-5.6.3/bin/user.properties
2026-10-06 18:11:26,495 INFO o.a.j.JMeter: Loading system properties from: /Users/ridwan/Downloads/apache-jmeter-5.6.3/bin/system.properties
2026-10-06 18:11:26,495 INFO o.a.j.JMeter: Loading additional properties from: loadtest/triage.properties
2026-10-06 18:11:26,496 INFO o.a.j.JMeter: Setting JMeter property: host=172.20.10.2
2026-10-06 18:11:26,496 INFO o.a.j.JMeter: Setting JMeter property: port=8000
2026-10-06 18:11:26,496 INFO o.a.j.JMeter: Setting JMeter property: rate=1.45
2026-10-06 18:11:26,496 INFO o.a.j.JMeter: Setting JMeter property: rate_end=1.45
2026-10-06 18:11:26,496 INFO o.a.j.JMeter: Setting JMeter property: search_rate=2.9
2026-10-06 18:11:26,496 INFO o.a.j.JMeter: Setting JMeter property: duration=10
2026-10-06 18:11:26,496 INFO o.a.j.JMeter: Setting JMeter property: drain=5
2026-10-06 18:11:26,496 INFO o.a.j.JMeter: Setting JMeter property: timeout_ms=600000
2026-10-06 18:11:26,496 INFO o.a.j.JMeter: Setting JMeter property: data=loadtest/data/tickets.tsv
2026-10-06 18:11:26,500 INFO o.a.j.JMeter: Copyright (c) 1998-2024 The Apache Software Foundation
2026-10-06 18:11:26,500 INFO o.a.j.JMeter: Version 5.6.3
2026-10-06 18:11:26,500 INFO o.a.j.JMeter: java.version=17.0.17
2026-10-06 18:11:26,500 INFO o.a.j.JMeter: java.vm.name=OpenJDK 64-Bit Server VM
2026-10-06 18:11:26,500 INFO o.a.j.JMeter: os.name=Mac OS X
2026-10-06 18:11:26,500 INFO o.a.j.JMeter: os.arch=aarch64
2026-10-06 18:11:26,500 INFO o.a.j.JMeter: os.version=26.5
2026-10-06 18:11:26,500 INFO o.a.j.JMeter: file.encoding=UTF-8
2026-10-06 18:11:26,500 INFO o.a.j.JMeter: java.awt.headless=true
2026-10-06 18:11:26,500 INFO o.a.j.JMeter: Max memory     =1073741824
2026-10-06 18:11:26,500 INFO o.a.j.JMeter: Available Processors =10
2026-10-06 18:11:26,504 INFO o.a.j.JMeter: Default Locale=English (EN)
2026-10-06 18:11:26,504 INFO o.a.j.JMeter: JMeter  Locale=English (EN)
2026-10-06 18:11:26,504 INFO o.a.j.JMeter: JMeterHome=/Users/ridwan/Downloads/apache-jmeter-5.6.3
2026-10-06 18:11:26,504 INFO o.a.j.JMeter: user.dir  =/Users/ridwan/Documents/GitHub/ICT3113_A1_P1-3
2026-10-06 18:11:26,504 INFO o.a.j.JMeter: PWD       =/Users/ridwan/Documents/GitHub/ICT3113_A1_P1-3
2026-10-06 18:11:26,506 INFO o.a.j.JMeter: IP: 127.0.0.1 Name: Muhammads-MacBook-Air-4.local FullName: localhost
2026-10-06 18:11:26,517 INFO o.a.j.s.FileServer: Default base='/Users/ridwan/Documents/GitHub/ICT3113_A1_P1-3'
2026-10-06 18:11:26,518 INFO o.a.j.s.FileServer: Set new base='/Users/ridwan/Documents/GitHub/ICT3113_A1_P1-3/loadtest'
2026-10-06 18:11:26,645 INFO o.a.j.s.SaveService: Testplan (JMX) version: 2.2. Testlog (JTL) version: 2.2
2026-10-06 18:11:26,658 INFO o.a.j.s.SaveService: Using SaveService properties version 5.0
2026-10-06 18:11:26,659 INFO o.a.j.s.SaveService: Using SaveService properties file encoding UTF-8
2026-10-06 18:11:26,662 INFO o.a.j.s.SaveService: Loading file: loadtest/triage.jmx
2026-10-06 18:11:26,696 INFO o.a.j.p.h.s.HTTPSamplerBase: Parser for text/html is org.apache.jmeter.protocol.http.parser.LagartoBasedHtmlParser
2026-10-06 18:11:26,697 INFO o.a.j.p.h.s.HTTPSamplerBase: Parser for application/xhtml+xml is org.apache.jmeter.protocol.http.parser.LagartoBasedHtmlParser
2026-10-06 18:11:26,697 INFO o.a.j.p.h.s.HTTPSamplerBase: Parser for application/xml is org.apache.jmeter.protocol.http.parser.LagartoBasedHtmlParser
2026-10-06 18:11:26,697 INFO o.a.j.p.h.s.HTTPSamplerBase: Parser for text/xml is org.apache.jmeter.protocol.http.parser.LagartoBasedHtmlParser
2026-10-06 18:11:26,697 INFO o.a.j.p.h.s.HTTPSamplerBase: Parser for text/vnd.wap.wml is org.apache.jmeter.protocol.http.parser.RegexpHTMLParser
2026-10-06 18:11:26,697 INFO o.a.j.p.h.s.HTTPSamplerBase: Parser for text/css is org.apache.jmeter.protocol.http.parser.CssParser
2026-10-06 18:11:26,704 INFO o.a.j.JMeter: Creating summariser <summary>
2026-10-06 18:11:26,714 INFO o.a.j.e.StandardJMeterEngine: Running the test!
2026-10-06 18:11:26,715 INFO o.a.j.s.SampleEvent: List of sample_variables: [rid, row]
2026-10-06 18:11:26,715 INFO o.a.j.s.SampleEvent: List of sample_variables: [rid, row]
2026-10-06 18:11:26,716 INFO o.a.j.e.u.CompoundVariable: Note: Function class names must contain the string: '.functions.'
2026-10-06 18:11:26,716 INFO o.a.j.e.u.CompoundVariable: Note: Function class names must not contain the string: '.gui.'
2026-10-06 18:11:26,821 INFO o.a.j.JMeter: Running test (1791281486821)
2026-10-06 18:11:26,831 INFO o.a.j.e.StandardJMeterEngine: Starting ThreadGroup: 1 : Ticket intake (POST /tickets)
2026-10-06 18:11:26,832 INFO o.a.j.e.StandardJMeterEngine: Starting 0 threads for group Ticket intake (POST /tickets).
2026-10-06 18:11:26,832 INFO o.a.j.e.StandardJMeterEngine: Thread will continue on error
2026-10-06 18:11:26,832 INFO o.a.j.t.o.OpenModelThreadGroup: Starting OpenModelThreadGroup#1 with schedule rate(1.45/min) random_arrivals(10 min) rate(1.45/min) pause(5 min)
2026-10-06 18:11:26,848 INFO o.a.j.e.StandardJMeterEngine: Starting ThreadGroup: 2 : Agent searches (GET /search)
2026-10-06 18:11:26,848 INFO o.a.j.e.StandardJMeterEngine: Starting 0 threads for group Agent searches (GET /search).
2026-10-06 18:11:26,848 INFO o.a.j.e.StandardJMeterEngine: Thread will continue on error
2026-10-06 18:11:26,848 INFO o.a.j.t.o.OpenModelThreadGroup: Thread starting init
2026-10-06 18:11:26,848 INFO o.a.j.t.o.OpenModelThreadGroup: Starting OpenModelThreadGroup#2 with schedule rate(2.9/min) random_arrivals(10 min) rate(2.9/min) pause(5 min)
2026-10-06 18:11:26,848 INFO o.a.j.e.StandardJMeterEngine: All thread groups have been started
2026-10-06 18:11:26,848 INFO o.a.j.t.o.OpenModelThreadGroup: Thread starting init
2026-10-06 18:11:26,849 INFO o.a.j.t.o.PoissonArrivalsRamp: Generating 29 events, beginRate = 0.04833333333333333 / sec, endRate = 0.04833333333333333 / sec, duration = 600.0 sec
2026-10-06 18:11:26,849 INFO o.a.j.t.o.PoissonArrivalsRamp: Generating 14 events, beginRate = 0.024166666666666666 / sec, endRate = 0.024166666666666666 / sec, duration = 600.0 sec
2026-10-06 18:11:35,028 INFO o.a.j.t.JMeterThread: Thread started: Agent searches (GET /search) 2-1
2026-10-06 18:11:35,319 INFO o.a.j.p.h.s.HTTPHCAbstractImpl: Local host = Muhammads-MacBook-Air-4.local
2026-10-06 18:11:35,322 INFO o.a.j.p.h.s.HTTPHC4Impl: HTTP request retry count = 0
2026-10-06 18:11:35,323 INFO o.a.j.s.SampleResult: Note: Sample TimeStamps are START times
2026-10-06 18:11:35,323 INFO o.a.j.s.SampleResult: sampleresult.default.encoding is set to UTF-8
2026-10-06 18:11:35,323 INFO o.a.j.s.SampleResult: sampleresult.useNanoTime=true
2026-10-06 18:11:35,323 INFO o.a.j.s.SampleResult: sampleresult.nanoThreadSleep=5000
2026-10-06 18:11:35,450 INFO o.a.j.r.Summariser: summary +      1 in 00:00:09 =    0.1/s Avg:   103 Min:   103 Max:   103 Err:     0 (0.00%) Active: 1 Started: 1 Finished: 0
2026-10-06 18:11:35,451 INFO o.a.j.t.JMeterThread: Thread is done: Agent searches (GET /search) 2-1
2026-10-06 18:11:35,451 INFO o.a.j.t.JMeterThread: Thread finished: Agent searches (GET /search) 2-1
2026-10-06 18:11:51,747 INFO o.a.j.t.JMeterThread: Thread started: Agent searches (GET /search) 2-2
2026-10-06 18:11:51,828 INFO o.a.j.t.JMeterThread: Thread is done: Agent searches (GET /search) 2-2
2026-10-06 18:11:51,829 INFO o.a.j.t.JMeterThread: Thread finished: Agent searches (GET /search) 2-2
2026-10-06 18:12:10,339 INFO o.a.j.t.JMeterThread: Thread started: Agent searches (GET /search) 2-3
2026-10-06 18:12:10,519 INFO o.a.j.t.JMeterThread: Thread is done: Agent searches (GET /search) 2-3
2026-10-06 18:12:10,520 INFO o.a.j.t.JMeterThread: Thread finished: Agent searches (GET /search) 2-3
2026-10-06 18:12:20,641 INFO o.a.j.t.JMeterThread: Thread started: Agent searches (GET /search) 2-4
2026-10-06 18:12:20,813 INFO o.a.j.t.JMeterThread: Thread is done: Agent searches (GET /search) 2-4
2026-10-06 18:12:20,813 INFO o.a.j.t.JMeterThread: Thread finished: Agent searches (GET /search) 2-4
2026-10-06 18:12:44,923 INFO o.a.j.t.JMeterThread: Thread started: Ticket intake (POST /tickets) 1-1
2026-10-06 18:12:44,924 INFO o.a.j.s.FileServer: Stored: loadtest/data/tickets.tsv
2026-10-06 18:12:45,280 INFO o.a.j.t.JMeterThread: Thread is done: Ticket intake (POST /tickets) 1-1
2026-10-06 18:12:45,281 INFO o.a.j.t.JMeterThread: Thread finished: Ticket intake (POST /tickets) 1-1
2026-10-06 18:12:52,375 INFO o.a.j.t.JMeterThread: Thread started: Ticket intake (POST /tickets) 1-2
2026-10-06 18:12:53,223 INFO o.a.j.t.JMeterThread: Thread is done: Ticket intake (POST /tickets) 1-2
2026-10-06 18:12:53,223 INFO o.a.j.t.JMeterThread: Thread finished: Ticket intake (POST /tickets) 1-2
2026-10-06 18:13:13,815 INFO o.a.j.t.JMeterThread: Thread started: Agent searches (GET /search) 2-5
2026-10-06 18:13:13,967 INFO o.a.j.t.JMeterThread: Thread is done: Agent searches (GET /search) 2-5
2026-10-06 18:13:13,967 INFO o.a.j.t.JMeterThread: Thread finished: Agent searches (GET /search) 2-5
2026-10-06 18:13:18,590 INFO o.a.j.t.JMeterThread: Thread started: Agent searches (GET /search) 2-6
2026-10-06 18:13:18,806 INFO o.a.j.t.JMeterThread: Thread is done: Agent searches (GET /search) 2-6
2026-10-06 18:13:18,806 INFO o.a.j.t.JMeterThread: Thread finished: Agent searches (GET /search) 2-6
2026-10-06 18:13:37,626 INFO o.a.j.t.JMeterThread: Thread started: Ticket intake (POST /tickets) 1-3
2026-10-06 18:13:38,732 INFO o.a.j.t.JMeterThread: Thread is done: Ticket intake (POST /tickets) 1-3
2026-10-06 18:13:38,732 INFO o.a.j.t.JMeterThread: Thread finished: Ticket intake (POST /tickets) 1-3
2026-10-06 18:13:39,238 INFO o.a.j.t.JMeterThread: Thread started: Ticket intake (POST /tickets) 1-4
2026-10-06 18:13:39,743 INFO o.a.j.t.JMeterThread: Thread started: Agent searches (GET /search) 2-7
2026-10-06 18:13:39,778 INFO o.a.j.t.JMeterThread: Thread is done: Ticket intake (POST /tickets) 1-4
2026-10-06 18:13:39,778 INFO o.a.j.t.JMeterThread: Thread finished: Ticket intake (POST /tickets) 1-4
2026-10-06 18:13:39,858 INFO o.a.j.t.JMeterThread: Thread is done: Agent searches (GET /search) 2-7
2026-10-06 18:13:39,859 INFO o.a.j.t.JMeterThread: Thread finished: Agent searches (GET /search) 2-7
2026-10-06 18:13:48,764 INFO o.a.j.t.JMeterThread: Thread started: Ticket intake (POST /tickets) 1-5
2026-10-06 18:13:49,212 INFO o.a.j.t.JMeterThread: Thread is done: Ticket intake (POST /tickets) 1-5
2026-10-06 18:13:49,212 INFO o.a.j.t.JMeterThread: Thread finished: Ticket intake (POST /tickets) 1-5
2026-10-06 18:14:10,817 INFO o.a.j.t.JMeterThread: Thread started: Agent searches (GET /search) 2-8
2026-10-06 18:14:11,209 INFO o.a.j.t.JMeterThread: Thread is done: Agent searches (GET /search) 2-8
2026-10-06 18:14:11,210 INFO o.a.j.t.JMeterThread: Thread finished: Agent searches (GET /search) 2-8
2026-10-06 18:14:26,270 INFO o.a.j.t.JMeterThread: Thread started: Ticket intake (POST /tickets) 1-6
2026-10-06 18:14:27,324 INFO o.a.j.t.JMeterThread: Thread is done: Ticket intake (POST /tickets) 1-6
2026-10-06 18:14:27,324 INFO o.a.j.t.JMeterThread: Thread finished: Ticket intake (POST /tickets) 1-6
2026-10-06 18:14:27,402 INFO o.a.j.t.JMeterThread: Thread started: Agent searches (GET /search) 2-9
2026-10-06 18:14:27,573 INFO o.a.j.t.JMeterThread: Thread is done: Agent searches (GET /search) 2-9
2026-10-06 18:14:27,574 INFO o.a.j.t.JMeterThread: Thread finished: Agent searches (GET /search) 2-9
2026-10-06 18:15:01,319 INFO o.a.j.t.JMeterThread: Thread started: Agent searches (GET /search) 2-10
2026-10-06 18:15:01,486 INFO o.a.j.r.Summariser: summary +     15 in 00:03:26 =    0.1/s Avg:   394 Min:    75 Max:  1102 Err:     0 (0.00%) Active: 1 Started: 16 Finished: 15
2026-10-06 18:15:01,486 INFO o.a.j.r.Summariser: summary =     16 in 00:03:35 =    0.1/s Avg:   376 Min:    75 Max:  1102 Err:     0 (0.00%)
2026-10-06 18:15:01,487 INFO o.a.j.t.JMeterThread: Thread is done: Agent searches (GET /search) 2-10
2026-10-06 18:15:01,487 INFO o.a.j.t.JMeterThread: Thread finished: Agent searches (GET /search) 2-10
2026-10-06 18:15:07,338 INFO o.a.j.t.JMeterThread: Thread started: Agent searches (GET /search) 2-11
2026-10-06 18:15:07,528 INFO o.a.j.t.JMeterThread: Thread is done: Agent searches (GET /search) 2-11
2026-10-06 18:15:07,528 INFO o.a.j.t.JMeterThread: Thread finished: Agent searches (GET /search) 2-11
2026-10-06 18:15:17,385 INFO o.a.j.t.JMeterThread: Thread started: Agent searches (GET /search) 2-12
2026-10-06 18:15:17,607 INFO o.a.j.t.JMeterThread: Thread is done: Agent searches (GET /search) 2-12
2026-10-06 18:15:17,607 INFO o.a.j.t.JMeterThread: Thread finished: Agent searches (GET /search) 2-12
2026-10-06 18:15:21,211 INFO o.a.j.t.JMeterThread: Thread started: Agent searches (GET /search) 2-13
2026-10-06 18:15:21,455 INFO o.a.j.t.JMeterThread: Thread is done: Agent searches (GET /search) 2-13
2026-10-06 18:15:21,455 INFO o.a.j.t.JMeterThread: Thread finished: Agent searches (GET /search) 2-13
2026-10-06 18:15:35,565 INFO o.a.j.t.JMeterThread: Thread started: Ticket intake (POST /tickets) 1-7
2026-10-06 18:15:36,078 INFO o.a.j.t.JMeterThread: Thread is done: Ticket intake (POST /tickets) 1-7
2026-10-06 18:15:36,078 INFO o.a.j.t.JMeterThread: Thread finished: Ticket intake (POST /tickets) 1-7
2026-10-06 18:15:37,197 INFO o.a.j.t.JMeterThread: Thread started: Agent searches (GET /search) 2-14
2026-10-06 18:15:37,411 INFO o.a.j.t.JMeterThread: Thread is done: Agent searches (GET /search) 2-14
2026-10-06 18:15:37,411 INFO o.a.j.t.JMeterThread: Thread finished: Agent searches (GET /search) 2-14
2026-10-06 18:15:53,035 INFO o.a.j.t.JMeterThread: Thread started: Agent searches (GET /search) 2-15
2026-10-06 18:15:53,203 INFO o.a.j.t.JMeterThread: Thread is done: Agent searches (GET /search) 2-15
2026-10-06 18:15:53,203 INFO o.a.j.t.JMeterThread: Thread finished: Agent searches (GET /search) 2-15
2026-10-06 18:16:32,175 INFO o.a.j.t.JMeterThread: Thread started: Agent searches (GET /search) 2-16
2026-10-06 18:16:32,317 INFO o.a.j.r.Summariser: summary +      7 in 00:01:31 =    0.1/s Avg:   237 Min:   137 Max:   509 Err:     0 (0.00%) Active: 1 Started: 23 Finished: 22
2026-10-06 18:16:32,317 INFO o.a.j.r.Summariser: summary =     23 in 00:05:05 =    0.1/s Avg:   333 Min:    75 Max:  1102 Err:     0 (0.00%)
2026-10-06 18:16:32,318 INFO o.a.j.t.JMeterThread: Thread is done: Agent searches (GET /search) 2-16
2026-10-06 18:16:32,318 INFO o.a.j.t.JMeterThread: Thread finished: Agent searches (GET /search) 2-16
2026-10-06 18:17:24,592 INFO o.a.j.t.JMeterThread: Thread started: Agent searches (GET /search) 2-17
2026-10-06 18:17:24,688 INFO o.a.j.t.JMeterThread: Thread is done: Agent searches (GET /search) 2-17
2026-10-06 18:17:24,689 INFO o.a.j.t.JMeterThread: Thread finished: Agent searches (GET /search) 2-17
2026-10-06 18:17:38,276 INFO o.a.j.t.JMeterThread: Thread started: Agent searches (GET /search) 2-18
2026-10-06 18:17:38,469 INFO o.a.j.t.JMeterThread: Thread is done: Agent searches (GET /search) 2-18
2026-10-06 18:17:38,469 INFO o.a.j.t.JMeterThread: Thread finished: Agent searches (GET /search) 2-18
2026-10-06 18:17:58,807 INFO o.a.j.t.JMeterThread: Thread started: Agent searches (GET /search) 2-19
2026-10-06 18:17:58,889 INFO o.a.j.t.JMeterThread: Thread is done: Agent searches (GET /search) 2-19
2026-10-06 18:17:58,889 INFO o.a.j.t.JMeterThread: Thread finished: Agent searches (GET /search) 2-19
2026-10-06 18:18:12,545 INFO o.a.j.t.JMeterThread: Thread started: Agent searches (GET /search) 2-20
2026-10-06 18:18:12,611 INFO o.a.j.t.JMeterThread: Thread is done: Agent searches (GET /search) 2-20
2026-10-06 18:18:12,611 INFO o.a.j.t.JMeterThread: Thread finished: Agent searches (GET /search) 2-20
2026-10-06 18:18:15,767 INFO o.a.j.t.JMeterThread: Thread started: Ticket intake (POST /tickets) 1-8
2026-10-06 18:18:16,555 INFO o.a.j.t.JMeterThread: Thread is done: Ticket intake (POST /tickets) 1-8
2026-10-06 18:18:16,556 INFO o.a.j.t.JMeterThread: Thread finished: Ticket intake (POST /tickets) 1-8
2026-10-06 18:18:24,354 INFO o.a.j.t.JMeterThread: Thread started: Ticket intake (POST /tickets) 1-9
2026-10-06 18:18:25,197 INFO o.a.j.t.JMeterThread: Thread is done: Ticket intake (POST /tickets) 1-9
2026-10-06 18:18:25,198 INFO o.a.j.t.JMeterThread: Thread finished: Ticket intake (POST /tickets) 1-9
2026-10-06 18:18:25,511 INFO o.a.j.t.JMeterThread: Thread started: Ticket intake (POST /tickets) 1-10
2026-10-06 18:18:25,865 INFO o.a.j.t.JMeterThread: Thread is done: Ticket intake (POST /tickets) 1-10
2026-10-06 18:18:25,865 INFO o.a.j.t.JMeterThread: Thread finished: Ticket intake (POST /tickets) 1-10
2026-10-06 18:18:34,856 INFO o.a.j.t.JMeterThread: Thread started: Agent searches (GET /search) 2-21
2026-10-06 18:18:35,403 INFO o.a.j.r.Summariser: summary +      8 in 00:02:03 =    0.1/s Avg:   367 Min:    63 Max:   840 Err:     0 (0.00%) Active: 1 Started: 31 Finished: 30
2026-10-06 18:18:35,404 INFO o.a.j.r.Summariser: summary =     31 in 00:07:09 =    0.1/s Avg:   342 Min:    63 Max:  1102 Err:     0 (0.00%)
2026-10-06 18:18:35,405 INFO o.a.j.t.JMeterThread: Thread is done: Agent searches (GET /search) 2-21
2026-10-06 18:18:35,405 INFO o.a.j.t.JMeterThread: Thread finished: Agent searches (GET /search) 2-21
2026-10-06 18:18:43,587 INFO o.a.j.t.JMeterThread: Thread started: Agent searches (GET /search) 2-22
2026-10-06 18:18:43,907 INFO o.a.j.t.JMeterThread: Thread is done: Agent searches (GET /search) 2-22
2026-10-06 18:18:43,907 INFO o.a.j.t.JMeterThread: Thread finished: Agent searches (GET /search) 2-22
2026-10-06 18:18:57,271 INFO o.a.j.t.JMeterThread: Thread started: Ticket intake (POST /tickets) 1-11
2026-10-06 18:18:58,174 INFO o.a.j.t.JMeterThread: Thread is done: Ticket intake (POST /tickets) 1-11
2026-10-06 18:18:58,174 INFO o.a.j.t.JMeterThread: Thread finished: Ticket intake (POST /tickets) 1-11
2026-10-06 18:19:09,266 INFO o.a.j.t.JMeterThread: Thread started: Ticket intake (POST /tickets) 1-12
2026-10-06 18:19:09,852 INFO o.a.j.t.JMeterThread: Thread is done: Ticket intake (POST /tickets) 1-12
2026-10-06 18:19:09,853 INFO o.a.j.t.JMeterThread: Thread finished: Ticket intake (POST /tickets) 1-12
2026-10-06 18:19:19,249 INFO o.a.j.t.JMeterThread: Thread started: Agent searches (GET /search) 2-23
2026-10-06 18:19:19,816 INFO o.a.j.t.JMeterThread: Thread is done: Agent searches (GET /search) 2-23
2026-10-06 18:19:19,817 INFO o.a.j.t.JMeterThread: Thread finished: Agent searches (GET /search) 2-23
2026-10-06 18:19:31,823 INFO o.a.j.t.JMeterThread: Thread started: Agent searches (GET /search) 2-24
2026-10-06 18:19:32,065 INFO o.a.j.r.Summariser: summary +      5 in 00:00:57 =    0.1/s Avg:   519 Min:   237 Max:   899 Err:     0 (0.00%) Active: 1 Started: 36 Finished: 35
2026-10-06 18:19:32,065 INFO o.a.j.r.Summariser: summary =     36 in 00:08:05 =    0.1/s Avg:   367 Min:    63 Max:  1102 Err:     0 (0.00%)
2026-10-06 18:19:32,066 INFO o.a.j.t.JMeterThread: Thread is done: Agent searches (GET /search) 2-24
2026-10-06 18:19:32,066 INFO o.a.j.t.JMeterThread: Thread finished: Agent searches (GET /search) 2-24
2026-10-06 18:19:46,172 INFO o.a.j.t.JMeterThread: Thread started: Ticket intake (POST /tickets) 1-13
2026-10-06 18:19:46,653 INFO o.a.j.t.JMeterThread: Thread is done: Ticket intake (POST /tickets) 1-13
2026-10-06 18:19:46,654 INFO o.a.j.t.JMeterThread: Thread finished: Ticket intake (POST /tickets) 1-13
2026-10-06 18:20:04,160 INFO o.a.j.t.o.EvenArrivalsRamp: Generating 0 events, beginRate = 0.0 / sec, endRate = 0.0 / sec, duration = 300.0 sec
2026-10-06 18:20:04,160 INFO o.a.j.t.JMeterThread: Thread started: Ticket intake (POST /tickets) 1-14
2026-10-06 18:20:04,160 INFO o.a.j.t.o.OpenModelThreadGroup: There will be no more events, so will wait for 382 sec till the end of the schedule
2026-10-06 18:20:04,787 INFO o.a.j.r.Summariser: summary +      2 in 00:00:33 =    0.1/s Avg:   550 Min:   478 Max:   623 Err:     0 (0.00%) Active: 1 Started: 38 Finished: 37
2026-10-06 18:20:04,787 INFO o.a.j.r.Summariser: summary =     38 in 00:08:38 =    0.1/s Avg:   376 Min:    63 Max:  1102 Err:     0 (0.00%)
2026-10-06 18:20:04,788 INFO o.a.j.t.JMeterThread: Thread is done: Ticket intake (POST /tickets) 1-14
2026-10-06 18:20:04,788 INFO o.a.j.t.JMeterThread: Thread finished: Ticket intake (POST /tickets) 1-14
2026-10-06 18:20:08,300 INFO o.a.j.t.JMeterThread: Thread started: Agent searches (GET /search) 2-25
2026-10-06 18:20:08,487 INFO o.a.j.t.JMeterThread: Thread is done: Agent searches (GET /search) 2-25
2026-10-06 18:20:08,487 INFO o.a.j.t.JMeterThread: Thread finished: Agent searches (GET /search) 2-25
2026-10-06 18:20:58,275 INFO o.a.j.t.JMeterThread: Thread started: Agent searches (GET /search) 2-26
2026-10-06 18:20:58,431 INFO o.a.j.t.JMeterThread: Thread is done: Agent searches (GET /search) 2-26
2026-10-06 18:20:58,431 INFO o.a.j.t.JMeterThread: Thread finished: Agent searches (GET /search) 2-26
2026-10-06 18:21:02,660 INFO o.a.j.t.JMeterThread: Thread started: Agent searches (GET /search) 2-27
2026-10-06 18:21:02,959 INFO o.a.j.r.Summariser: summary +      3 in 00:00:58 =    0.1/s Avg:   209 Min:   152 Max:   294 Err:     0 (0.00%) Active: 1 Started: 41 Finished: 40
2026-10-06 18:21:02,960 INFO o.a.j.r.Summariser: summary =     41 in 00:09:36 =    0.1/s Avg:   364 Min:    63 Max:  1102 Err:     0 (0.00%)
2026-10-06 18:21:02,960 INFO o.a.j.t.JMeterThread: Thread is done: Agent searches (GET /search) 2-27
2026-10-06 18:21:02,960 INFO o.a.j.t.JMeterThread: Thread finished: Agent searches (GET /search) 2-27
2026-10-06 18:21:10,289 INFO o.a.j.t.JMeterThread: Thread started: Agent searches (GET /search) 2-28
2026-10-06 18:21:10,477 INFO o.a.j.t.JMeterThread: Thread is done: Agent searches (GET /search) 2-28
2026-10-06 18:21:10,478 INFO o.a.j.t.JMeterThread: Thread finished: Agent searches (GET /search) 2-28
2026-10-06 18:21:18,215 INFO o.a.j.t.o.EvenArrivalsRamp: Generating 0 events, beginRate = 0.0 / sec, endRate = 0.0 / sec, duration = 300.0 sec
2026-10-06 18:21:18,215 INFO o.a.j.t.JMeterThread: Thread started: Agent searches (GET /search) 2-29
2026-10-06 18:21:18,215 INFO o.a.j.t.o.OpenModelThreadGroup: There will be no more events, so will wait for 308 sec till the end of the schedule
2026-10-06 18:21:18,422 INFO o.a.j.t.JMeterThread: Thread is done: Agent searches (GET /search) 2-29
2026-10-06 18:21:18,423 INFO o.a.j.t.JMeterThread: Thread finished: Agent searches (GET /search) 2-29
2026-10-06 18:26:26,709 INFO o.a.j.t.o.OpenModelThreadGroup: There will be no more events, will shutdown the thread pool
2026-10-06 18:26:26,712 INFO o.a.j.t.o.OpenModelThreadGroup: Thread starting done
2026-10-06 18:26:26,718 INFO o.a.j.t.o.OpenModelThreadGroup: There will be no more events, will shutdown the thread pool
2026-10-06 18:26:26,718 INFO o.a.j.t.o.OpenModelThreadGroup: Thread starting done
2026-10-06 18:26:26,718 INFO o.a.j.e.StandardJMeterEngine: Notifying test listeners of end of test
2026-10-06 18:26:26,719 INFO o.a.j.s.FileServer: Close: loadtest/data/tickets.tsv
2026-10-06 18:26:26,727 INFO o.a.j.r.Summariser: summary +      2 in 00:05:24 =    0.0/s Avg:   195 Min:   185 Max:   205 Err:     0 (0.00%) Active: 0 Started: 43 Finished: 43
2026-10-06 18:26:26,727 INFO o.a.j.r.Summariser: summary =     43 in 00:15:00 =    0.0/s Avg:   356 Min:    63 Max:  1102 Err:     0 (0.00%)
2026-10-06 18:26:26,727 INFO o.a.j.e.StandardJMeterEngine: Forced JVM shutdown requested at end of test
