2026-10-06 18:56:37,801 INFO o.a.j.u.JMeterUtils: Setting Locale to en_EN
2026-10-06 18:56:37,811 INFO o.a.j.JMeter: Loading user properties from: /Users/ridwan/Downloads/apache-jmeter-5.6.3/bin/user.properties
2026-10-06 18:56:37,811 INFO o.a.j.JMeter: Loading system properties from: /Users/ridwan/Downloads/apache-jmeter-5.6.3/bin/system.properties
2026-10-06 18:56:37,811 INFO o.a.j.JMeter: Loading additional properties from: loadtest/triage.properties
2026-10-06 18:56:37,812 INFO o.a.j.JMeter: Setting JMeter property: host=172.20.10.2
2026-10-06 18:56:37,812 INFO o.a.j.JMeter: Setting JMeter property: port=8000
2026-10-06 18:56:37,812 INFO o.a.j.JMeter: Setting JMeter property: rate=1.73
2026-10-06 18:56:37,812 INFO o.a.j.JMeter: Setting JMeter property: rate_end=1.73
2026-10-06 18:56:37,812 INFO o.a.j.JMeter: Setting JMeter property: search_rate=3.5
2026-10-06 18:56:37,812 INFO o.a.j.JMeter: Setting JMeter property: duration=10
2026-10-06 18:56:37,812 INFO o.a.j.JMeter: Setting JMeter property: drain=5
2026-10-06 18:56:37,812 INFO o.a.j.JMeter: Setting JMeter property: timeout_ms=600000
2026-10-06 18:56:37,812 INFO o.a.j.JMeter: Setting JMeter property: data=loadtest/data/tickets.tsv
2026-10-06 18:56:37,815 INFO o.a.j.JMeter: Copyright (c) 1998-2024 The Apache Software Foundation
2026-10-06 18:56:37,815 INFO o.a.j.JMeter: Version 5.6.3
2026-10-06 18:56:37,815 INFO o.a.j.JMeter: java.version=17.0.17
2026-10-06 18:56:37,815 INFO o.a.j.JMeter: java.vm.name=OpenJDK 64-Bit Server VM
2026-10-06 18:56:37,815 INFO o.a.j.JMeter: os.name=Mac OS X
2026-10-06 18:56:37,815 INFO o.a.j.JMeter: os.arch=aarch64
2026-10-06 18:56:37,815 INFO o.a.j.JMeter: os.version=26.5
2026-10-06 18:56:37,815 INFO o.a.j.JMeter: file.encoding=UTF-8
2026-10-06 18:56:37,815 INFO o.a.j.JMeter: java.awt.headless=true
2026-10-06 18:56:37,815 INFO o.a.j.JMeter: Max memory     =1073741824
2026-10-06 18:56:37,815 INFO o.a.j.JMeter: Available Processors =10
2026-10-06 18:56:37,819 INFO o.a.j.JMeter: Default Locale=English (EN)
2026-10-06 18:56:37,819 INFO o.a.j.JMeter: JMeter  Locale=English (EN)
2026-10-06 18:56:37,819 INFO o.a.j.JMeter: JMeterHome=/Users/ridwan/Downloads/apache-jmeter-5.6.3
2026-10-06 18:56:37,819 INFO o.a.j.JMeter: user.dir  =/Users/ridwan/Documents/GitHub/ICT3113_A1_P1-3
2026-10-06 18:56:37,819 INFO o.a.j.JMeter: PWD       =/Users/ridwan/Documents/GitHub/ICT3113_A1_P1-3
2026-10-06 18:56:37,821 INFO o.a.j.JMeter: IP: 127.0.0.1 Name: Muhammads-MacBook-Air-4.local FullName: localhost
2026-10-06 18:56:37,827 INFO o.a.j.s.FileServer: Default base='/Users/ridwan/Documents/GitHub/ICT3113_A1_P1-3'
2026-10-06 18:56:37,828 INFO o.a.j.s.FileServer: Set new base='/Users/ridwan/Documents/GitHub/ICT3113_A1_P1-3/loadtest'
2026-10-06 18:56:37,905 INFO o.a.j.s.SaveService: Testplan (JMX) version: 2.2. Testlog (JTL) version: 2.2
2026-10-06 18:56:37,919 INFO o.a.j.s.SaveService: Using SaveService properties version 5.0
2026-10-06 18:56:37,919 INFO o.a.j.s.SaveService: Using SaveService properties file encoding UTF-8
2026-10-06 18:56:37,920 INFO o.a.j.s.SaveService: Loading file: loadtest/triage.jmx
2026-10-06 18:56:37,948 INFO o.a.j.p.h.s.HTTPSamplerBase: Parser for text/html is org.apache.jmeter.protocol.http.parser.LagartoBasedHtmlParser
2026-10-06 18:56:37,948 INFO o.a.j.p.h.s.HTTPSamplerBase: Parser for application/xhtml+xml is org.apache.jmeter.protocol.http.parser.LagartoBasedHtmlParser
2026-10-06 18:56:37,948 INFO o.a.j.p.h.s.HTTPSamplerBase: Parser for application/xml is org.apache.jmeter.protocol.http.parser.LagartoBasedHtmlParser
2026-10-06 18:56:37,948 INFO o.a.j.p.h.s.HTTPSamplerBase: Parser for text/xml is org.apache.jmeter.protocol.http.parser.LagartoBasedHtmlParser
2026-10-06 18:56:37,948 INFO o.a.j.p.h.s.HTTPSamplerBase: Parser for text/vnd.wap.wml is org.apache.jmeter.protocol.http.parser.RegexpHTMLParser
2026-10-06 18:56:37,948 INFO o.a.j.p.h.s.HTTPSamplerBase: Parser for text/css is org.apache.jmeter.protocol.http.parser.CssParser
2026-10-06 18:56:37,955 INFO o.a.j.JMeter: Creating summariser <summary>
2026-10-06 18:56:37,962 INFO o.a.j.e.StandardJMeterEngine: Running the test!
2026-10-06 18:56:37,962 INFO o.a.j.s.SampleEvent: List of sample_variables: [rid, row]
2026-10-06 18:56:37,962 INFO o.a.j.s.SampleEvent: List of sample_variables: [rid, row]
2026-10-06 18:56:37,964 INFO o.a.j.e.u.CompoundVariable: Note: Function class names must contain the string: '.functions.'
2026-10-06 18:56:37,964 INFO o.a.j.e.u.CompoundVariable: Note: Function class names must not contain the string: '.gui.'
2026-10-06 18:56:38,069 INFO o.a.j.JMeter: Running test (1791284198069)
2026-10-06 18:56:38,077 INFO o.a.j.e.StandardJMeterEngine: Starting ThreadGroup: 1 : Ticket intake (POST /tickets)
2026-10-06 18:56:38,077 INFO o.a.j.e.StandardJMeterEngine: Starting 0 threads for group Ticket intake (POST /tickets).
2026-10-06 18:56:38,077 INFO o.a.j.e.StandardJMeterEngine: Thread will continue on error
2026-10-06 18:56:38,077 INFO o.a.j.t.o.OpenModelThreadGroup: Starting OpenModelThreadGroup#1 with schedule rate(1.73/min) random_arrivals(10 min) rate(1.73/min) pause(5 min)
2026-10-06 18:56:38,091 INFO o.a.j.e.StandardJMeterEngine: Starting ThreadGroup: 2 : Agent searches (GET /search)
2026-10-06 18:56:38,091 INFO o.a.j.e.StandardJMeterEngine: Starting 0 threads for group Agent searches (GET /search).
2026-10-06 18:56:38,091 INFO o.a.j.e.StandardJMeterEngine: Thread will continue on error
2026-10-06 18:56:38,091 INFO o.a.j.t.o.OpenModelThreadGroup: Thread starting init
2026-10-06 18:56:38,091 INFO o.a.j.t.o.OpenModelThreadGroup: Starting OpenModelThreadGroup#2 with schedule rate(3.5/min) random_arrivals(10 min) rate(3.5/min) pause(5 min)
2026-10-06 18:56:38,091 INFO o.a.j.e.StandardJMeterEngine: All thread groups have been started
2026-10-06 18:56:38,091 INFO o.a.j.t.o.OpenModelThreadGroup: Thread starting init
2026-10-06 18:56:38,092 INFO o.a.j.t.o.PoissonArrivalsRamp: Generating 17 events, beginRate = 0.028833333333333332 / sec, endRate = 0.028833333333333332 / sec, duration = 600.0 sec
2026-10-06 18:56:38,092 INFO o.a.j.t.o.PoissonArrivalsRamp: Generating 35 events, beginRate = 0.058333333333333334 / sec, endRate = 0.058333333333333334 / sec, duration = 600.0 sec
2026-10-06 18:56:48,151 INFO o.a.j.t.JMeterThread: Thread started: Agent searches (GET /search) 2-1
2026-10-06 18:56:49,099 INFO o.a.j.p.h.s.HTTPHCAbstractImpl: Local host = Muhammads-MacBook-Air-4.local
2026-10-06 18:56:49,102 INFO o.a.j.p.h.s.HTTPHC4Impl: HTTP request retry count = 0
2026-10-06 18:56:49,103 INFO o.a.j.s.SampleResult: Note: Sample TimeStamps are START times
2026-10-06 18:56:49,103 INFO o.a.j.s.SampleResult: sampleresult.default.encoding is set to UTF-8
2026-10-06 18:56:49,103 INFO o.a.j.s.SampleResult: sampleresult.useNanoTime=true
2026-10-06 18:56:49,103 INFO o.a.j.s.SampleResult: sampleresult.nanoThreadSleep=5000
2026-10-06 18:56:51,398 INFO o.a.j.t.JMeterThread: Thread is done: Agent searches (GET /search) 2-1
2026-10-06 18:56:51,398 INFO o.a.j.t.JMeterThread: Thread finished: Agent searches (GET /search) 2-1
2026-10-06 18:57:00,510 INFO o.a.j.t.JMeterThread: Thread started: Agent searches (GET /search) 2-2
2026-10-06 18:57:00,635 INFO o.a.j.r.Summariser: summary +      2 in 00:00:23 =    0.1/s Avg:  1185 Min:   116 Max:  2254 Err:     0 (0.00%) Active: 1 Started: 2 Finished: 1
2026-10-06 18:57:00,635 INFO o.a.j.t.JMeterThread: Thread is done: Agent searches (GET /search) 2-2
2026-10-06 18:57:00,636 INFO o.a.j.t.JMeterThread: Thread finished: Agent searches (GET /search) 2-2
2026-10-06 18:57:01,813 INFO o.a.j.t.JMeterThread: Thread started: Agent searches (GET /search) 2-3
2026-10-06 18:57:01,932 INFO o.a.j.t.JMeterThread: Thread is done: Agent searches (GET /search) 2-3
2026-10-06 18:57:01,932 INFO o.a.j.t.JMeterThread: Thread finished: Agent searches (GET /search) 2-3
2026-10-06 18:57:05,933 INFO o.a.j.t.JMeterThread: Thread started: Agent searches (GET /search) 2-4
2026-10-06 18:57:06,021 INFO o.a.j.t.JMeterThread: Thread is done: Agent searches (GET /search) 2-4
2026-10-06 18:57:06,021 INFO o.a.j.t.JMeterThread: Thread finished: Agent searches (GET /search) 2-4
2026-10-06 18:57:07,483 INFO o.a.j.t.JMeterThread: Thread started: Agent searches (GET /search) 2-5
2026-10-06 18:57:07,592 INFO o.a.j.t.JMeterThread: Thread is done: Agent searches (GET /search) 2-5
2026-10-06 18:57:07,592 INFO o.a.j.t.JMeterThread: Thread finished: Agent searches (GET /search) 2-5
2026-10-06 18:57:11,648 INFO o.a.j.t.JMeterThread: Thread started: Ticket intake (POST /tickets) 1-1
2026-10-06 18:57:11,649 INFO o.a.j.s.FileServer: Stored: loadtest/data/tickets.tsv
2026-10-06 18:57:11,995 INFO o.a.j.t.JMeterThread: Thread is done: Ticket intake (POST /tickets) 1-1
2026-10-06 18:57:11,995 INFO o.a.j.t.JMeterThread: Thread finished: Ticket intake (POST /tickets) 1-1
2026-10-06 18:57:19,285 INFO o.a.j.t.JMeterThread: Thread started: Agent searches (GET /search) 2-6
2026-10-06 18:57:19,519 INFO o.a.j.t.JMeterThread: Thread is done: Agent searches (GET /search) 2-6
2026-10-06 18:57:19,519 INFO o.a.j.t.JMeterThread: Thread finished: Agent searches (GET /search) 2-6
2026-10-06 18:57:27,641 INFO o.a.j.t.JMeterThread: Thread started: Agent searches (GET /search) 2-7
2026-10-06 18:57:27,688 INFO o.a.j.t.JMeterThread: Thread is done: Agent searches (GET /search) 2-7
2026-10-06 18:57:27,688 INFO o.a.j.t.JMeterThread: Thread finished: Agent searches (GET /search) 2-7
2026-10-06 18:57:28,586 INFO o.a.j.t.JMeterThread: Thread started: Agent searches (GET /search) 2-8
2026-10-06 18:57:28,681 INFO o.a.j.t.JMeterThread: Thread is done: Agent searches (GET /search) 2-8
2026-10-06 18:57:28,682 INFO o.a.j.t.JMeterThread: Thread finished: Agent searches (GET /search) 2-8
2026-10-06 18:57:41,350 INFO o.a.j.t.JMeterThread: Thread started: Agent searches (GET /search) 2-9
2026-10-06 18:57:41,541 INFO o.a.j.t.JMeterThread: Thread is done: Agent searches (GET /search) 2-9
2026-10-06 18:57:41,541 INFO o.a.j.t.JMeterThread: Thread finished: Agent searches (GET /search) 2-9
2026-10-06 18:57:46,650 INFO o.a.j.t.JMeterThread: Thread started: Agent searches (GET /search) 2-10
2026-10-06 18:57:46,813 INFO o.a.j.t.JMeterThread: Thread is done: Agent searches (GET /search) 2-10
2026-10-06 18:57:46,813 INFO o.a.j.t.JMeterThread: Thread finished: Agent searches (GET /search) 2-10
2026-10-06 18:57:55,779 INFO o.a.j.t.JMeterThread: Thread started: Ticket intake (POST /tickets) 1-2
2026-10-06 18:57:56,596 INFO o.a.j.t.JMeterThread: Thread is done: Ticket intake (POST /tickets) 1-2
2026-10-06 18:57:56,596 INFO o.a.j.t.JMeterThread: Thread finished: Ticket intake (POST /tickets) 1-2
2026-10-06 18:58:18,320 INFO o.a.j.t.JMeterThread: Thread started: Ticket intake (POST /tickets) 1-3
2026-10-06 18:58:19,368 INFO o.a.j.t.JMeterThread: Thread is done: Ticket intake (POST /tickets) 1-3
2026-10-06 18:58:19,368 INFO o.a.j.t.JMeterThread: Thread finished: Ticket intake (POST /tickets) 1-3
2026-10-06 18:58:20,658 INFO o.a.j.t.JMeterThread: Thread started: Agent searches (GET /search) 2-11
2026-10-06 18:58:20,897 INFO o.a.j.t.JMeterThread: Thread is done: Agent searches (GET /search) 2-11
2026-10-06 18:58:20,897 INFO o.a.j.t.JMeterThread: Thread finished: Agent searches (GET /search) 2-11
2026-10-06 18:58:23,549 INFO o.a.j.t.JMeterThread: Thread started: Agent searches (GET /search) 2-12
2026-10-06 18:58:23,798 INFO o.a.j.t.JMeterThread: Thread is done: Agent searches (GET /search) 2-12
2026-10-06 18:58:23,799 INFO o.a.j.t.JMeterThread: Thread finished: Agent searches (GET /search) 2-12
2026-10-06 18:58:48,920 INFO o.a.j.t.JMeterThread: Thread started: Agent searches (GET /search) 2-13
2026-10-06 18:58:49,057 INFO o.a.j.t.JMeterThread: Thread is done: Agent searches (GET /search) 2-13
2026-10-06 18:58:49,057 INFO o.a.j.t.JMeterThread: Thread finished: Agent searches (GET /search) 2-13
2026-10-06 18:58:51,742 INFO o.a.j.t.JMeterThread: Thread started: Ticket intake (POST /tickets) 1-4
2026-10-06 18:58:52,246 INFO o.a.j.t.JMeterThread: Thread is done: Ticket intake (POST /tickets) 1-4
2026-10-06 18:58:52,246 INFO o.a.j.t.JMeterThread: Thread finished: Ticket intake (POST /tickets) 1-4
2026-10-06 18:59:06,714 INFO o.a.j.t.JMeterThread: Thread started: Agent searches (GET /search) 2-14
2026-10-06 18:59:07,041 INFO o.a.j.t.JMeterThread: Thread is done: Agent searches (GET /search) 2-14
2026-10-06 18:59:07,042 INFO o.a.j.t.JMeterThread: Thread finished: Agent searches (GET /search) 2-14
2026-10-06 18:59:25,058 INFO o.a.j.t.JMeterThread: Thread started: Agent searches (GET /search) 2-15
2026-10-06 18:59:25,319 INFO o.a.j.t.JMeterThread: Thread is done: Agent searches (GET /search) 2-15
2026-10-06 18:59:25,319 INFO o.a.j.t.JMeterThread: Thread finished: Agent searches (GET /search) 2-15
2026-10-06 18:59:27,182 INFO o.a.j.t.JMeterThread: Thread started: Agent searches (GET /search) 2-16
2026-10-06 18:59:27,337 INFO o.a.j.t.JMeterThread: Thread is done: Agent searches (GET /search) 2-16
2026-10-06 18:59:27,338 INFO o.a.j.t.JMeterThread: Thread finished: Agent searches (GET /search) 2-16
2026-10-06 18:59:28,952 INFO o.a.j.t.JMeterThread: Thread started: Ticket intake (POST /tickets) 1-5
2026-10-06 18:59:29,285 INFO o.a.j.t.JMeterThread: Thread is done: Ticket intake (POST /tickets) 1-5
2026-10-06 18:59:29,285 INFO o.a.j.t.JMeterThread: Thread finished: Ticket intake (POST /tickets) 1-5
2026-10-06 18:59:30,667 INFO o.a.j.t.JMeterThread: Thread started: Agent searches (GET /search) 2-17
2026-10-06 18:59:30,899 INFO o.a.j.r.Summariser: summary +     20 in 00:02:30 =    0.1/s Avg:   279 Min:    42 Max:  1042 Err:     0 (0.00%) Active: 1 Started: 22 Finished: 21
2026-10-06 18:59:30,899 INFO o.a.j.r.Summariser: summary =     22 in 00:02:53 =    0.1/s Avg:   361 Min:    42 Max:  2254 Err:     0 (0.00%)
2026-10-06 18:59:30,900 INFO o.a.j.t.JMeterThread: Thread is done: Agent searches (GET /search) 2-17
2026-10-06 18:59:30,900 INFO o.a.j.t.JMeterThread: Thread finished: Agent searches (GET /search) 2-17
2026-10-06 18:59:37,449 INFO o.a.j.t.JMeterThread: Thread started: Ticket intake (POST /tickets) 1-6
2026-10-06 18:59:38,094 INFO o.a.j.t.JMeterThread: Thread is done: Ticket intake (POST /tickets) 1-6
2026-10-06 18:59:38,094 INFO o.a.j.t.JMeterThread: Thread finished: Ticket intake (POST /tickets) 1-6
2026-10-06 18:59:42,992 INFO o.a.j.t.JMeterThread: Thread started: Ticket intake (POST /tickets) 1-7
2026-10-06 18:59:43,609 INFO o.a.j.t.JMeterThread: Thread is done: Ticket intake (POST /tickets) 1-7
2026-10-06 18:59:43,609 INFO o.a.j.t.JMeterThread: Thread finished: Ticket intake (POST /tickets) 1-7
2026-10-06 18:59:45,263 INFO o.a.j.t.JMeterThread: Thread started: Ticket intake (POST /tickets) 1-8
2026-10-06 18:59:45,501 INFO o.a.j.t.JMeterThread: Thread started: Agent searches (GET /search) 2-18
2026-10-06 18:59:45,679 INFO o.a.j.t.JMeterThread: Thread is done: Agent searches (GET /search) 2-18
2026-10-06 18:59:45,680 INFO o.a.j.t.JMeterThread: Thread finished: Agent searches (GET /search) 2-18
2026-10-06 18:59:46,120 INFO o.a.j.t.JMeterThread: Thread is done: Ticket intake (POST /tickets) 1-8
2026-10-06 18:59:46,120 INFO o.a.j.t.JMeterThread: Thread finished: Ticket intake (POST /tickets) 1-8
2026-10-06 18:59:53,136 INFO o.a.j.t.JMeterThread: Thread started: Agent searches (GET /search) 2-19
2026-10-06 18:59:53,291 INFO o.a.j.t.JMeterThread: Thread is done: Agent searches (GET /search) 2-19
2026-10-06 18:59:53,291 INFO o.a.j.t.JMeterThread: Thread finished: Agent searches (GET /search) 2-19
2026-10-06 18:59:57,529 INFO o.a.j.t.JMeterThread: Thread started: Agent searches (GET /search) 2-20
2026-10-06 18:59:57,799 INFO o.a.j.t.JMeterThread: Thread is done: Agent searches (GET /search) 2-20
2026-10-06 18:59:57,800 INFO o.a.j.t.JMeterThread: Thread finished: Agent searches (GET /search) 2-20
2026-10-06 19:00:19,605 INFO o.a.j.t.JMeterThread: Thread started: Agent searches (GET /search) 2-21
2026-10-06 19:00:19,819 INFO o.a.j.t.JMeterThread: Thread is done: Agent searches (GET /search) 2-21
2026-10-06 19:00:19,820 INFO o.a.j.t.JMeterThread: Thread finished: Agent searches (GET /search) 2-21
2026-10-06 19:00:26,782 INFO o.a.j.t.JMeterThread: Thread started: Ticket intake (POST /tickets) 1-9
2026-10-06 19:00:27,618 INFO o.a.j.t.JMeterThread: Thread is done: Ticket intake (POST /tickets) 1-9
2026-10-06 19:00:27,618 INFO o.a.j.t.JMeterThread: Thread finished: Ticket intake (POST /tickets) 1-9
2026-10-06 19:00:38,939 INFO o.a.j.t.JMeterThread: Thread started: Agent searches (GET /search) 2-22
2026-10-06 19:00:39,641 INFO o.a.j.t.JMeterThread: Thread is done: Agent searches (GET /search) 2-22
2026-10-06 19:00:39,642 INFO o.a.j.t.JMeterThread: Thread finished: Agent searches (GET /search) 2-22
2026-10-06 19:01:02,919 INFO o.a.j.t.JMeterThread: Thread started: Ticket intake (POST /tickets) 1-10
2026-10-06 19:01:06,861 INFO o.a.j.t.JMeterThread: Thread is done: Ticket intake (POST /tickets) 1-10
2026-10-06 19:01:06,861 INFO o.a.j.t.JMeterThread: Thread finished: Ticket intake (POST /tickets) 1-10
2026-10-06 19:01:12,276 INFO o.a.j.t.JMeterThread: Thread started: Ticket intake (POST /tickets) 1-11
2026-10-06 19:01:13,227 INFO o.a.j.t.JMeterThread: Thread is done: Ticket intake (POST /tickets) 1-11
2026-10-06 19:01:13,227 INFO o.a.j.t.JMeterThread: Thread finished: Ticket intake (POST /tickets) 1-11
2026-10-06 19:01:23,525 INFO o.a.j.t.JMeterThread: Thread started: Agent searches (GET /search) 2-23
2026-10-06 19:01:23,607 INFO o.a.j.t.JMeterThread: Thread is done: Agent searches (GET /search) 2-23
2026-10-06 19:01:23,607 INFO o.a.j.t.JMeterThread: Thread finished: Agent searches (GET /search) 2-23
2026-10-06 19:01:38,159 INFO o.a.j.t.JMeterThread: Thread started: Ticket intake (POST /tickets) 1-12
2026-10-06 19:01:38,724 INFO o.a.j.t.JMeterThread: Thread is done: Ticket intake (POST /tickets) 1-12
2026-10-06 19:01:38,725 INFO o.a.j.t.JMeterThread: Thread finished: Ticket intake (POST /tickets) 1-12
2026-10-06 19:01:58,951 INFO o.a.j.t.JMeterThread: Thread started: Ticket intake (POST /tickets) 1-13
2026-10-06 19:01:59,632 INFO o.a.j.t.JMeterThread: Thread is done: Ticket intake (POST /tickets) 1-13
2026-10-06 19:01:59,633 INFO o.a.j.t.JMeterThread: Thread finished: Ticket intake (POST /tickets) 1-13
2026-10-06 19:02:08,467 INFO o.a.j.t.JMeterThread: Thread started: Agent searches (GET /search) 2-24
2026-10-06 19:02:08,598 INFO o.a.j.t.JMeterThread: Thread is done: Agent searches (GET /search) 2-24
2026-10-06 19:02:08,598 INFO o.a.j.t.JMeterThread: Thread finished: Agent searches (GET /search) 2-24
2026-10-06 19:02:42,174 INFO o.a.j.t.JMeterThread: Thread started: Agent searches (GET /search) 2-25
2026-10-06 19:02:42,292 INFO o.a.j.t.JMeterThread: Thread is done: Agent searches (GET /search) 2-25
2026-10-06 19:02:42,292 INFO o.a.j.t.JMeterThread: Thread finished: Agent searches (GET /search) 2-25
2026-10-06 19:02:55,427 INFO o.a.j.t.JMeterThread: Thread started: Agent searches (GET /search) 2-26
2026-10-06 19:02:55,607 INFO o.a.j.t.JMeterThread: Thread started: Agent searches (GET /search) 2-27
2026-10-06 19:02:55,737 INFO o.a.j.t.JMeterThread: Thread is done: Agent searches (GET /search) 2-26
2026-10-06 19:02:55,737 INFO o.a.j.t.JMeterThread: Thread is done: Agent searches (GET /search) 2-27
2026-10-06 19:02:55,737 INFO o.a.j.t.JMeterThread: Thread finished: Agent searches (GET /search) 2-26
2026-10-06 19:02:55,737 INFO o.a.j.t.JMeterThread: Thread finished: Agent searches (GET /search) 2-27
2026-10-06 19:03:15,803 INFO o.a.j.t.JMeterThread: Thread started: Ticket intake (POST /tickets) 1-14
2026-10-06 19:03:16,628 INFO o.a.j.t.JMeterThread: Thread is done: Ticket intake (POST /tickets) 1-14
2026-10-06 19:03:16,629 INFO o.a.j.t.JMeterThread: Thread finished: Ticket intake (POST /tickets) 1-14
2026-10-06 19:03:33,001 INFO o.a.j.t.JMeterThread: Thread started: Ticket intake (POST /tickets) 1-15
2026-10-06 19:03:34,018 INFO o.a.j.r.Summariser: summary +     20 in 00:04:03 =    0.1/s Avg:   657 Min:    79 Max:  3938 Err:     0 (0.00%) Active: 1 Started: 42 Finished: 41
2026-10-06 19:03:34,019 INFO o.a.j.r.Summariser: summary =     42 in 00:06:56 =    0.1/s Avg:   502 Min:    42 Max:  3938 Err:     0 (0.00%)
2026-10-06 19:03:34,019 INFO o.a.j.t.JMeterThread: Thread is done: Ticket intake (POST /tickets) 1-15
2026-10-06 19:03:34,019 INFO o.a.j.t.JMeterThread: Thread finished: Ticket intake (POST /tickets) 1-15
2026-10-06 19:03:43,452 INFO o.a.j.t.JMeterThread: Thread started: Agent searches (GET /search) 2-28
2026-10-06 19:03:43,555 INFO o.a.j.t.JMeterThread: Thread is done: Agent searches (GET /search) 2-28
2026-10-06 19:03:43,555 INFO o.a.j.t.JMeterThread: Thread finished: Agent searches (GET /search) 2-28
2026-10-06 19:03:47,840 INFO o.a.j.t.JMeterThread: Thread started: Ticket intake (POST /tickets) 1-16
2026-10-06 19:03:48,347 INFO o.a.j.t.JMeterThread: Thread is done: Ticket intake (POST /tickets) 1-16
2026-10-06 19:03:48,347 INFO o.a.j.t.JMeterThread: Thread finished: Ticket intake (POST /tickets) 1-16
2026-10-06 19:04:31,404 INFO o.a.j.t.JMeterThread: Thread started: Agent searches (GET /search) 2-29
2026-10-06 19:04:31,497 INFO o.a.j.r.Summariser: summary +      3 in 00:00:57 =    0.1/s Avg:   229 Min:    87 Max:   503 Err:     0 (0.00%) Active: 1 Started: 45 Finished: 44
2026-10-06 19:04:31,498 INFO o.a.j.r.Summariser: summary =     45 in 00:07:53 =    0.1/s Avg:   484 Min:    42 Max:  3938 Err:     0 (0.00%)
2026-10-06 19:04:31,498 INFO o.a.j.t.JMeterThread: Thread is done: Agent searches (GET /search) 2-29
2026-10-06 19:04:31,499 INFO o.a.j.t.JMeterThread: Thread finished: Agent searches (GET /search) 2-29
2026-10-06 19:04:45,369 INFO o.a.j.t.JMeterThread: Thread started: Agent searches (GET /search) 2-30
2026-10-06 19:04:45,438 INFO o.a.j.t.JMeterThread: Thread is done: Agent searches (GET /search) 2-30
2026-10-06 19:04:45,438 INFO o.a.j.t.JMeterThread: Thread finished: Agent searches (GET /search) 2-30
2026-10-06 19:04:54,368 INFO o.a.j.t.JMeterThread: Thread started: Agent searches (GET /search) 2-31
2026-10-06 19:04:54,536 INFO o.a.j.t.JMeterThread: Thread is done: Agent searches (GET /search) 2-31
2026-10-06 19:04:54,537 INFO o.a.j.t.JMeterThread: Thread finished: Agent searches (GET /search) 2-31
2026-10-06 19:05:03,349 INFO o.a.j.t.JMeterThread: Thread started: Agent searches (GET /search) 2-32
2026-10-06 19:05:03,617 INFO o.a.j.r.Summariser: summary +      3 in 00:00:32 =    0.1/s Avg:   164 Min:    66 Max:   263 Err:     0 (0.00%) Active: 1 Started: 48 Finished: 47
2026-10-06 19:05:03,618 INFO o.a.j.r.Summariser: summary =     48 in 00:08:26 =    0.1/s Avg:   464 Min:    42 Max:  3938 Err:     0 (0.00%)
2026-10-06 19:05:03,618 INFO o.a.j.t.JMeterThread: Thread is done: Agent searches (GET /search) 2-32
2026-10-06 19:05:03,618 INFO o.a.j.t.JMeterThread: Thread finished: Agent searches (GET /search) 2-32
2026-10-06 19:05:17,851 INFO o.a.j.t.JMeterThread: Thread started: Agent searches (GET /search) 2-33
2026-10-06 19:05:18,104 INFO o.a.j.t.JMeterThread: Thread is done: Agent searches (GET /search) 2-33
2026-10-06 19:05:18,104 INFO o.a.j.t.JMeterThread: Thread finished: Agent searches (GET /search) 2-33
2026-10-06 19:05:50,429 INFO o.a.j.t.JMeterThread: Thread started: Agent searches (GET /search) 2-34
2026-10-06 19:05:50,478 INFO o.a.j.t.JMeterThread: Thread is done: Agent searches (GET /search) 2-34
2026-10-06 19:05:50,478 INFO o.a.j.t.JMeterThread: Thread finished: Agent searches (GET /search) 2-34
2026-10-06 19:06:28,290 INFO o.a.j.t.o.EvenArrivalsRamp: Generating 0 events, beginRate = 0.0 / sec, endRate = 0.0 / sec, duration = 300.0 sec
2026-10-06 19:06:28,290 INFO o.a.j.t.JMeterThread: Thread started: Agent searches (GET /search) 2-35
2026-10-06 19:06:28,291 INFO o.a.j.t.o.OpenModelThreadGroup: There will be no more events, so will wait for 309 sec till the end of the schedule
2026-10-06 19:06:28,365 INFO o.a.j.t.JMeterThread: Thread is done: Agent searches (GET /search) 2-35
2026-10-06 19:06:28,365 INFO o.a.j.t.JMeterThread: Thread finished: Agent searches (GET /search) 2-35
2026-10-06 19:06:33,166 INFO o.a.j.t.o.EvenArrivalsRamp: Generating 0 events, beginRate = 0.0 / sec, endRate = 0.0 / sec, duration = 300.0 sec
2026-10-06 19:06:33,167 INFO o.a.j.t.o.OpenModelThreadGroup: There will be no more events, so will wait for 304 sec till the end of the schedule
2026-10-06 19:06:33,167 INFO o.a.j.t.JMeterThread: Thread started: Ticket intake (POST /tickets) 1-17
2026-10-06 19:06:33,763 INFO o.a.j.r.Summariser: summary +      4 in 00:01:30 =    0.0/s Avg:   239 Min:    44 Max:   592 Err:     0 (0.00%) Active: 1 Started: 52 Finished: 51
2026-10-06 19:06:33,764 INFO o.a.j.r.Summariser: summary =     52 in 00:09:56 =    0.1/s Avg:   447 Min:    42 Max:  3938 Err:     0 (0.00%)
2026-10-06 19:06:33,764 INFO o.a.j.t.JMeterThread: Thread is done: Ticket intake (POST /tickets) 1-17
2026-10-06 19:06:33,764 INFO o.a.j.t.JMeterThread: Thread finished: Ticket intake (POST /tickets) 1-17
2026-10-06 19:11:37,966 INFO o.a.j.t.o.OpenModelThreadGroup: There will be no more events, will shutdown the thread pool
2026-10-06 19:11:37,969 INFO o.a.j.t.o.OpenModelThreadGroup: There will be no more events, will shutdown the thread pool
2026-10-06 19:11:37,970 INFO o.a.j.t.o.OpenModelThreadGroup: Thread starting done
2026-10-06 19:11:37,970 INFO o.a.j.t.o.OpenModelThreadGroup: Thread starting done
2026-10-06 19:11:37,970 INFO o.a.j.e.StandardJMeterEngine: Notifying test listeners of end of test
2026-10-06 19:11:37,970 INFO o.a.j.s.FileServer: Close: loadtest/data/tickets.tsv
2026-10-06 19:11:37,976 INFO o.a.j.r.Summariser: summary =     52 in 00:15:00 =    0.1/s Avg:   447 Min:    42 Max:  3938 Err:     0 (0.00%)
2026-10-06 19:11:37,977 INFO o.a.j.e.StandardJMeterEngine: Forced JVM shutdown requested at end of test
