2026-10-06 19:59:24,043 INFO o.a.j.u.JMeterUtils: Setting Locale to en_EN
2026-10-06 19:59:24,053 INFO o.a.j.JMeter: Loading user properties from: /Users/ridwan/Downloads/apache-jmeter-5.6.3/bin/user.properties
2026-10-06 19:59:24,054 INFO o.a.j.JMeter: Loading system properties from: /Users/ridwan/Downloads/apache-jmeter-5.6.3/bin/system.properties
2026-10-06 19:59:24,054 INFO o.a.j.JMeter: Loading additional properties from: /Users/ridwan/Documents/GitHub/ICT3113_A1_P1-3/loadtest/triage.properties
2026-10-06 19:59:24,054 INFO o.a.j.JMeter: Setting JMeter property: host=172.20.10.2
2026-10-06 19:59:24,054 INFO o.a.j.JMeter: Setting JMeter property: port=8000
2026-10-06 19:59:24,054 INFO o.a.j.JMeter: Setting JMeter property: rate=1.73
2026-10-06 19:59:24,054 INFO o.a.j.JMeter: Setting JMeter property: rate_end=1.73
2026-10-06 19:59:24,054 INFO o.a.j.JMeter: Setting JMeter property: search_rate=3.5
2026-10-06 19:59:24,054 INFO o.a.j.JMeter: Setting JMeter property: duration=10
2026-10-06 19:59:24,054 INFO o.a.j.JMeter: Setting JMeter property: drain=5
2026-10-06 19:59:24,054 INFO o.a.j.JMeter: Setting JMeter property: timeout_ms=600000
2026-10-06 19:59:24,054 INFO o.a.j.JMeter: Setting JMeter property: data=/Users/ridwan/Documents/GitHub/ICT3113_A1_P1-3/loadtest/data/tickets.tsv
2026-10-06 19:59:24,057 INFO o.a.j.JMeter: Copyright (c) 1998-2024 The Apache Software Foundation
2026-10-06 19:59:24,057 INFO o.a.j.JMeter: Version 5.6.3
2026-10-06 19:59:24,057 INFO o.a.j.JMeter: java.version=17.0.17
2026-10-06 19:59:24,057 INFO o.a.j.JMeter: java.vm.name=OpenJDK 64-Bit Server VM
2026-10-06 19:59:24,057 INFO o.a.j.JMeter: os.name=Mac OS X
2026-10-06 19:59:24,057 INFO o.a.j.JMeter: os.arch=aarch64
2026-10-06 19:59:24,057 INFO o.a.j.JMeter: os.version=26.5
2026-10-06 19:59:24,057 INFO o.a.j.JMeter: file.encoding=UTF-8
2026-10-06 19:59:24,057 INFO o.a.j.JMeter: java.awt.headless=true
2026-10-06 19:59:24,057 INFO o.a.j.JMeter: Max memory     =1073741824
2026-10-06 19:59:24,057 INFO o.a.j.JMeter: Available Processors =10
2026-10-06 19:59:24,061 INFO o.a.j.JMeter: Default Locale=English (EN)
2026-10-06 19:59:24,061 INFO o.a.j.JMeter: JMeter  Locale=English (EN)
2026-10-06 19:59:24,061 INFO o.a.j.JMeter: JMeterHome=/Users/ridwan/Downloads/apache-jmeter-5.6.3
2026-10-06 19:59:24,061 INFO o.a.j.JMeter: user.dir  =/Users/ridwan/Documents/GitHub/ICT3113_A1_P1-3
2026-10-06 19:59:24,062 INFO o.a.j.JMeter: PWD       =/Users/ridwan/Documents/GitHub/ICT3113_A1_P1-3
2026-10-06 19:59:24,063 INFO o.a.j.JMeter: IP: 127.0.0.1 Name: Muhammads-MacBook-Air-4.local FullName: localhost
2026-10-06 19:59:24,070 INFO o.a.j.s.FileServer: Default base='/Users/ridwan/Documents/GitHub/ICT3113_A1_P1-3'
2026-10-06 19:59:24,071 INFO o.a.j.s.FileServer: Set new base='/Users/ridwan/Documents/GitHub/ICT3113_A1_P1-3/loadtest'
2026-10-06 19:59:24,138 INFO o.a.j.s.SaveService: Testplan (JMX) version: 2.2. Testlog (JTL) version: 2.2
2026-10-06 19:59:24,151 INFO o.a.j.s.SaveService: Using SaveService properties version 5.0
2026-10-06 19:59:24,152 INFO o.a.j.s.SaveService: Using SaveService properties file encoding UTF-8
2026-10-06 19:59:24,153 INFO o.a.j.s.SaveService: Loading file: /Users/ridwan/Documents/GitHub/ICT3113_A1_P1-3/loadtest/triage.jmx
2026-10-06 19:59:24,181 INFO o.a.j.p.h.s.HTTPSamplerBase: Parser for text/html is org.apache.jmeter.protocol.http.parser.LagartoBasedHtmlParser
2026-10-06 19:59:24,181 INFO o.a.j.p.h.s.HTTPSamplerBase: Parser for application/xhtml+xml is org.apache.jmeter.protocol.http.parser.LagartoBasedHtmlParser
2026-10-06 19:59:24,181 INFO o.a.j.p.h.s.HTTPSamplerBase: Parser for application/xml is org.apache.jmeter.protocol.http.parser.LagartoBasedHtmlParser
2026-10-06 19:59:24,181 INFO o.a.j.p.h.s.HTTPSamplerBase: Parser for text/xml is org.apache.jmeter.protocol.http.parser.LagartoBasedHtmlParser
2026-10-06 19:59:24,181 INFO o.a.j.p.h.s.HTTPSamplerBase: Parser for text/vnd.wap.wml is org.apache.jmeter.protocol.http.parser.RegexpHTMLParser
2026-10-06 19:59:24,181 INFO o.a.j.p.h.s.HTTPSamplerBase: Parser for text/css is org.apache.jmeter.protocol.http.parser.CssParser
2026-10-06 19:59:24,188 INFO o.a.j.JMeter: Creating summariser <summary>
2026-10-06 19:59:24,195 INFO o.a.j.e.StandardJMeterEngine: Running the test!
2026-10-06 19:59:24,195 INFO o.a.j.s.SampleEvent: List of sample_variables: [rid, row]
2026-10-06 19:59:24,195 INFO o.a.j.s.SampleEvent: List of sample_variables: [rid, row]
2026-10-06 19:59:24,197 INFO o.a.j.e.u.CompoundVariable: Note: Function class names must contain the string: '.functions.'
2026-10-06 19:59:24,197 INFO o.a.j.e.u.CompoundVariable: Note: Function class names must not contain the string: '.gui.'
2026-10-06 19:59:24,292 INFO o.a.j.JMeter: Running test (1791287964292)
2026-10-06 19:59:24,300 INFO o.a.j.e.StandardJMeterEngine: Starting ThreadGroup: 1 : Ticket intake (POST /tickets)
2026-10-06 19:59:24,300 INFO o.a.j.e.StandardJMeterEngine: Starting 0 threads for group Ticket intake (POST /tickets).
2026-10-06 19:59:24,300 INFO o.a.j.e.StandardJMeterEngine: Thread will continue on error
2026-10-06 19:59:24,300 INFO o.a.j.t.o.OpenModelThreadGroup: Starting OpenModelThreadGroup#1 with schedule rate(1.73/min) random_arrivals(10 min) rate(1.73/min) pause(5 min)
2026-10-06 19:59:24,314 INFO o.a.j.e.StandardJMeterEngine: Starting ThreadGroup: 2 : Agent searches (GET /search)
2026-10-06 19:59:24,314 INFO o.a.j.e.StandardJMeterEngine: Starting 0 threads for group Agent searches (GET /search).
2026-10-06 19:59:24,314 INFO o.a.j.e.StandardJMeterEngine: Thread will continue on error
2026-10-06 19:59:24,314 INFO o.a.j.t.o.OpenModelThreadGroup: Thread starting init
2026-10-06 19:59:24,314 INFO o.a.j.t.o.OpenModelThreadGroup: Starting OpenModelThreadGroup#2 with schedule rate(3.5/min) random_arrivals(10 min) rate(3.5/min) pause(5 min)
2026-10-06 19:59:24,315 INFO o.a.j.e.StandardJMeterEngine: All thread groups have been started
2026-10-06 19:59:24,315 INFO o.a.j.t.o.OpenModelThreadGroup: Thread starting init
2026-10-06 19:59:24,316 INFO o.a.j.t.o.PoissonArrivalsRamp: Generating 35 events, beginRate = 0.058333333333333334 / sec, endRate = 0.058333333333333334 / sec, duration = 600.0 sec
2026-10-06 19:59:24,316 INFO o.a.j.t.o.PoissonArrivalsRamp: Generating 17 events, beginRate = 0.028833333333333332 / sec, endRate = 0.028833333333333332 / sec, duration = 600.0 sec
2026-10-06 19:59:26,127 INFO o.a.j.t.JMeterThread: Thread started: Agent searches (GET /search) 2-1
2026-10-06 19:59:26,355 INFO o.a.j.p.h.s.HTTPHCAbstractImpl: Local host = Muhammads-MacBook-Air-4.local
2026-10-06 19:59:26,357 INFO o.a.j.p.h.s.HTTPHC4Impl: HTTP request retry count = 0
2026-10-06 19:59:26,357 INFO o.a.j.s.SampleResult: Note: Sample TimeStamps are START times
2026-10-06 19:59:26,357 INFO o.a.j.s.SampleResult: sampleresult.default.encoding is set to UTF-8
2026-10-06 19:59:26,358 INFO o.a.j.s.SampleResult: sampleresult.useNanoTime=true
2026-10-06 19:59:26,358 INFO o.a.j.s.SampleResult: sampleresult.nanoThreadSleep=5000
2026-10-06 19:59:26,579 INFO o.a.j.t.JMeterThread: Thread is done: Agent searches (GET /search) 2-1
2026-10-06 19:59:26,579 INFO o.a.j.t.JMeterThread: Thread finished: Agent searches (GET /search) 2-1
2026-10-06 19:59:38,873 INFO o.a.j.t.JMeterThread: Thread started: Agent searches (GET /search) 2-2
2026-10-06 19:59:39,187 INFO o.a.j.t.JMeterThread: Thread is done: Agent searches (GET /search) 2-2
2026-10-06 19:59:39,187 INFO o.a.j.t.JMeterThread: Thread finished: Agent searches (GET /search) 2-2
2026-10-06 19:59:46,864 INFO o.a.j.t.JMeterThread: Thread started: Ticket intake (POST /tickets) 1-1
2026-10-06 19:59:46,864 INFO o.a.j.s.FileServer: Stored: /Users/ridwan/Documents/GitHub/ICT3113_A1_P1-3/loadtest/data/tickets.tsv
2026-10-06 19:59:47,246 INFO o.a.j.t.JMeterThread: Thread is done: Ticket intake (POST /tickets) 1-1
2026-10-06 19:59:47,246 INFO o.a.j.t.JMeterThread: Thread finished: Ticket intake (POST /tickets) 1-1
2026-10-06 19:59:56,968 INFO o.a.j.t.JMeterThread: Thread started: Agent searches (GET /search) 2-3
2026-10-06 19:59:57,175 INFO o.a.j.t.JMeterThread: Thread is done: Agent searches (GET /search) 2-3
2026-10-06 19:59:57,176 INFO o.a.j.t.JMeterThread: Thread finished: Agent searches (GET /search) 2-3
2026-10-06 20:00:01,413 INFO o.a.j.t.JMeterThread: Thread started: Ticket intake (POST /tickets) 1-2
2026-10-06 20:00:02,321 INFO o.a.j.r.Summariser: summary +      5 in 00:00:38 =    0.1/s Avg:   395 Min:   200 Max:   900 Err:     0 (0.00%) Active: 1 Started: 5 Finished: 4
2026-10-06 20:00:02,322 INFO o.a.j.t.JMeterThread: Thread is done: Ticket intake (POST /tickets) 1-2
2026-10-06 20:00:02,322 INFO o.a.j.t.JMeterThread: Thread finished: Ticket intake (POST /tickets) 1-2
2026-10-06 20:00:04,534 INFO o.a.j.t.JMeterThread: Thread started: Agent searches (GET /search) 2-4
2026-10-06 20:00:04,620 INFO o.a.j.t.JMeterThread: Thread is done: Agent searches (GET /search) 2-4
2026-10-06 20:00:04,621 INFO o.a.j.t.JMeterThread: Thread finished: Agent searches (GET /search) 2-4
2026-10-06 20:00:08,121 INFO o.a.j.t.JMeterThread: Thread started: Agent searches (GET /search) 2-5
2026-10-06 20:00:08,407 INFO o.a.j.t.JMeterThread: Thread is done: Agent searches (GET /search) 2-5
2026-10-06 20:00:08,407 INFO o.a.j.t.JMeterThread: Thread finished: Agent searches (GET /search) 2-5
2026-10-06 20:00:51,070 INFO o.a.j.t.JMeterThread: Thread started: Agent searches (GET /search) 2-6
2026-10-06 20:00:51,280 INFO o.a.j.t.JMeterThread: Thread is done: Agent searches (GET /search) 2-6
2026-10-06 20:00:51,280 INFO o.a.j.t.JMeterThread: Thread finished: Agent searches (GET /search) 2-6
2026-10-06 20:00:51,632 INFO o.a.j.t.JMeterThread: Thread started: Ticket intake (POST /tickets) 1-3
2026-10-06 20:00:52,608 INFO o.a.j.t.JMeterThread: Thread is done: Ticket intake (POST /tickets) 1-3
2026-10-06 20:00:52,608 INFO o.a.j.t.JMeterThread: Thread finished: Ticket intake (POST /tickets) 1-3
2026-10-06 20:00:54,615 INFO o.a.j.t.JMeterThread: Thread started: Ticket intake (POST /tickets) 1-4
2026-10-06 20:00:55,445 INFO o.a.j.t.JMeterThread: Thread is done: Ticket intake (POST /tickets) 1-4
2026-10-06 20:00:55,445 INFO o.a.j.t.JMeterThread: Thread finished: Ticket intake (POST /tickets) 1-4
2026-10-06 20:01:00,986 INFO o.a.j.t.JMeterThread: Thread started: Ticket intake (POST /tickets) 1-5
2026-10-06 20:01:01,364 INFO o.a.j.r.Summariser: summary +      6 in 00:00:59 =    0.1/s Avg:   457 Min:    85 Max:   971 Err:     0 (0.00%) Active: 1 Started: 11 Finished: 10
2026-10-06 20:01:01,365 INFO o.a.j.r.Summariser: summary =     11 in 00:01:37 =    0.1/s Avg:   429 Min:    85 Max:   971 Err:     0 (0.00%)
2026-10-06 20:01:01,365 INFO o.a.j.t.JMeterThread: Thread is done: Ticket intake (POST /tickets) 1-5
2026-10-06 20:01:01,365 INFO o.a.j.t.JMeterThread: Thread finished: Ticket intake (POST /tickets) 1-5
2026-10-06 20:01:23,632 INFO o.a.j.t.JMeterThread: Thread started: Ticket intake (POST /tickets) 1-6
2026-10-06 20:01:24,247 INFO o.a.j.t.JMeterThread: Thread is done: Ticket intake (POST /tickets) 1-6
2026-10-06 20:01:24,248 INFO o.a.j.t.JMeterThread: Thread finished: Ticket intake (POST /tickets) 1-6
2026-10-06 20:01:24,574 INFO o.a.j.t.JMeterThread: Thread started: Agent searches (GET /search) 2-7
2026-10-06 20:01:24,668 INFO o.a.j.t.JMeterThread: Thread is done: Agent searches (GET /search) 2-7
2026-10-06 20:01:24,669 INFO o.a.j.t.JMeterThread: Thread finished: Agent searches (GET /search) 2-7
2026-10-06 20:01:26,688 INFO o.a.j.t.JMeterThread: Thread started: Agent searches (GET /search) 2-8
2026-10-06 20:01:26,770 INFO o.a.j.t.JMeterThread: Thread is done: Agent searches (GET /search) 2-8
2026-10-06 20:01:26,770 INFO o.a.j.t.JMeterThread: Thread finished: Agent searches (GET /search) 2-8
2026-10-06 20:01:33,979 INFO o.a.j.t.JMeterThread: Thread started: Ticket intake (POST /tickets) 1-7
2026-10-06 20:01:34,418 INFO o.a.j.r.Summariser: summary +      4 in 00:00:33 =    0.1/s Avg:   303 Min:    80 Max:   611 Err:     0 (0.00%) Active: 1 Started: 15 Finished: 14
2026-10-06 20:01:34,418 INFO o.a.j.r.Summariser: summary =     15 in 00:02:10 =    0.1/s Avg:   395 Min:    80 Max:   971 Err:     0 (0.00%)
2026-10-06 20:01:34,419 INFO o.a.j.t.JMeterThread: Thread is done: Ticket intake (POST /tickets) 1-7
2026-10-06 20:01:34,419 INFO o.a.j.t.JMeterThread: Thread finished: Ticket intake (POST /tickets) 1-7
2026-10-06 20:01:45,137 INFO o.a.j.t.JMeterThread: Thread started: Agent searches (GET /search) 2-9
2026-10-06 20:01:45,449 INFO o.a.j.t.JMeterThread: Thread is done: Agent searches (GET /search) 2-9
2026-10-06 20:01:45,449 INFO o.a.j.t.JMeterThread: Thread finished: Agent searches (GET /search) 2-9
2026-10-06 20:02:01,802 INFO o.a.j.t.JMeterThread: Thread started: Agent searches (GET /search) 2-10
2026-10-06 20:02:01,921 INFO o.a.j.r.Summariser: summary +      2 in 00:00:28 =    0.1/s Avg:   211 Min:   114 Max:   308 Err:     0 (0.00%) Active: 1 Started: 17 Finished: 16
2026-10-06 20:02:01,921 INFO o.a.j.r.Summariser: summary =     17 in 00:02:38 =    0.1/s Avg:   373 Min:    80 Max:   971 Err:     0 (0.00%)
2026-10-06 20:02:01,922 INFO o.a.j.t.JMeterThread: Thread is done: Agent searches (GET /search) 2-10
2026-10-06 20:02:01,922 INFO o.a.j.t.JMeterThread: Thread finished: Agent searches (GET /search) 2-10
2026-10-06 20:02:02,569 INFO o.a.j.t.JMeterThread: Thread started: Ticket intake (POST /tickets) 1-8
2026-10-06 20:02:03,636 INFO o.a.j.t.JMeterThread: Thread is done: Ticket intake (POST /tickets) 1-8
2026-10-06 20:02:03,637 INFO o.a.j.t.JMeterThread: Thread finished: Ticket intake (POST /tickets) 1-8
2026-10-06 20:02:08,168 INFO o.a.j.t.JMeterThread: Thread started: Ticket intake (POST /tickets) 1-9
2026-10-06 20:02:08,960 INFO o.a.j.t.JMeterThread: Thread is done: Ticket intake (POST /tickets) 1-9
2026-10-06 20:02:08,961 INFO o.a.j.t.JMeterThread: Thread finished: Ticket intake (POST /tickets) 1-9
2026-10-06 20:02:24,253 INFO o.a.j.t.JMeterThread: Thread started: Ticket intake (POST /tickets) 1-10
2026-10-06 20:02:25,034 INFO o.a.j.t.JMeterThread: Thread is done: Ticket intake (POST /tickets) 1-10
2026-10-06 20:02:25,034 INFO o.a.j.t.JMeterThread: Thread finished: Ticket intake (POST /tickets) 1-10
2026-10-06 20:02:44,201 INFO o.a.j.t.JMeterThread: Thread started: Agent searches (GET /search) 2-11
2026-10-06 20:02:44,494 INFO o.a.j.t.JMeterThread: Thread is done: Agent searches (GET /search) 2-11
2026-10-06 20:02:44,494 INFO o.a.j.t.JMeterThread: Thread finished: Agent searches (GET /search) 2-11
2026-10-06 20:02:47,986 INFO o.a.j.t.JMeterThread: Thread started: Ticket intake (POST /tickets) 1-11
2026-10-06 20:02:48,897 INFO o.a.j.t.JMeterThread: Thread is done: Ticket intake (POST /tickets) 1-11
2026-10-06 20:02:48,897 INFO o.a.j.t.JMeterThread: Thread finished: Ticket intake (POST /tickets) 1-11
2026-10-06 20:02:51,524 INFO o.a.j.t.JMeterThread: Thread started: Ticket intake (POST /tickets) 1-12
2026-10-06 20:02:51,965 INFO o.a.j.t.JMeterThread: Thread started: Agent searches (GET /search) 2-12
2026-10-06 20:02:52,175 INFO o.a.j.t.JMeterThread: Thread is done: Agent searches (GET /search) 2-12
2026-10-06 20:02:52,175 INFO o.a.j.t.JMeterThread: Thread finished: Agent searches (GET /search) 2-12
2026-10-06 20:02:52,311 INFO o.a.j.t.JMeterThread: Thread is done: Ticket intake (POST /tickets) 1-12
2026-10-06 20:02:52,312 INFO o.a.j.t.JMeterThread: Thread finished: Ticket intake (POST /tickets) 1-12
2026-10-06 20:02:55,775 INFO o.a.j.t.JMeterThread: Thread started: Ticket intake (POST /tickets) 1-13
2026-10-06 20:02:56,884 INFO o.a.j.t.JMeterThread: Thread is done: Ticket intake (POST /tickets) 1-13
2026-10-06 20:02:56,885 INFO o.a.j.t.JMeterThread: Thread finished: Ticket intake (POST /tickets) 1-13
2026-10-06 20:03:02,412 INFO o.a.j.t.JMeterThread: Thread started: Agent searches (GET /search) 2-13
2026-10-06 20:03:06,549 INFO o.a.j.t.JMeterThread: Thread is done: Agent searches (GET /search) 2-13
2026-10-06 20:03:06,549 INFO o.a.j.t.JMeterThread: Thread finished: Agent searches (GET /search) 2-13
2026-10-06 20:03:11,205 INFO o.a.j.t.JMeterThread: Thread started: Agent searches (GET /search) 2-14
2026-10-06 20:03:11,413 INFO o.a.j.t.JMeterThread: Thread is done: Agent searches (GET /search) 2-14
2026-10-06 20:03:11,414 INFO o.a.j.t.JMeterThread: Thread finished: Agent searches (GET /search) 2-14
2026-10-06 20:03:18,197 INFO o.a.j.t.JMeterThread: Thread started: Agent searches (GET /search) 2-15
2026-10-06 20:03:18,274 INFO o.a.j.t.JMeterThread: Thread is done: Agent searches (GET /search) 2-15
2026-10-06 20:03:18,275 INFO o.a.j.t.JMeterThread: Thread finished: Agent searches (GET /search) 2-15
2026-10-06 20:03:20,187 INFO o.a.j.t.JMeterThread: Thread started: Ticket intake (POST /tickets) 1-14
2026-10-06 20:03:21,036 INFO o.a.j.t.JMeterThread: Thread is done: Ticket intake (POST /tickets) 1-14
2026-10-06 20:03:21,036 INFO o.a.j.t.JMeterThread: Thread finished: Ticket intake (POST /tickets) 1-14
2026-10-06 20:03:46,553 INFO o.a.j.t.JMeterThread: Thread started: Agent searches (GET /search) 2-16
2026-10-06 20:03:46,558 INFO o.a.j.t.JMeterThread: Thread started: Agent searches (GET /search) 2-17
2026-10-06 20:03:46,621 INFO o.a.j.t.JMeterThread: Thread is done: Agent searches (GET /search) 2-16
2026-10-06 20:03:46,621 INFO o.a.j.t.JMeterThread: Thread is done: Agent searches (GET /search) 2-17
2026-10-06 20:03:46,622 INFO o.a.j.t.JMeterThread: Thread finished: Agent searches (GET /search) 2-16
2026-10-06 20:03:46,622 INFO o.a.j.t.JMeterThread: Thread finished: Agent searches (GET /search) 2-17
2026-10-06 20:04:08,753 INFO o.a.j.t.JMeterThread: Thread started: Agent searches (GET /search) 2-18
2026-10-06 20:04:08,809 INFO o.a.j.t.JMeterThread: Thread is done: Agent searches (GET /search) 2-18
2026-10-06 20:04:08,809 INFO o.a.j.t.JMeterThread: Thread finished: Agent searches (GET /search) 2-18
2026-10-06 20:04:10,032 INFO o.a.j.t.JMeterThread: Thread started: Agent searches (GET /search) 2-19
2026-10-06 20:04:10,245 INFO o.a.j.t.JMeterThread: Thread is done: Agent searches (GET /search) 2-19
2026-10-06 20:04:10,246 INFO o.a.j.t.JMeterThread: Thread finished: Agent searches (GET /search) 2-19
2026-10-06 20:04:24,603 INFO o.a.j.t.JMeterThread: Thread started: Agent searches (GET /search) 2-20
2026-10-06 20:04:24,751 INFO o.a.j.t.JMeterThread: Thread is done: Agent searches (GET /search) 2-20
2026-10-06 20:04:24,751 INFO o.a.j.t.JMeterThread: Thread finished: Agent searches (GET /search) 2-20
2026-10-06 20:04:44,586 INFO o.a.j.t.JMeterThread: Thread started: Agent searches (GET /search) 2-21
2026-10-06 20:04:44,838 INFO o.a.j.t.JMeterThread: Thread is done: Agent searches (GET /search) 2-21
2026-10-06 20:04:44,838 INFO o.a.j.t.JMeterThread: Thread finished: Agent searches (GET /search) 2-21
2026-10-06 20:05:01,955 INFO o.a.j.t.JMeterThread: Thread started: Agent searches (GET /search) 2-22
2026-10-06 20:05:02,123 INFO o.a.j.r.Summariser: summary +     19 in 00:03:00 =    0.1/s Avg:   637 Min:    52 Max:  4133 Err:     0 (0.00%) Active: 1 Started: 36 Finished: 35
2026-10-06 20:05:02,123 INFO o.a.j.r.Summariser: summary =     36 in 00:05:38 =    0.1/s Avg:   512 Min:    52 Max:  4133 Err:     0 (0.00%)
2026-10-06 20:05:02,124 INFO o.a.j.t.JMeterThread: Thread is done: Agent searches (GET /search) 2-22
2026-10-06 20:05:02,124 INFO o.a.j.t.JMeterThread: Thread finished: Agent searches (GET /search) 2-22
2026-10-06 20:05:03,386 INFO o.a.j.t.JMeterThread: Thread started: Agent searches (GET /search) 2-23
2026-10-06 20:05:03,544 INFO o.a.j.t.JMeterThread: Thread is done: Agent searches (GET /search) 2-23
2026-10-06 20:05:03,544 INFO o.a.j.t.JMeterThread: Thread finished: Agent searches (GET /search) 2-23
2026-10-06 20:05:09,464 INFO o.a.j.t.JMeterThread: Thread started: Agent searches (GET /search) 2-24
2026-10-06 20:05:11,258 INFO o.a.j.t.JMeterThread: Thread is done: Agent searches (GET /search) 2-24
2026-10-06 20:05:11,258 INFO o.a.j.t.JMeterThread: Thread finished: Agent searches (GET /search) 2-24
2026-10-06 20:05:14,653 INFO o.a.j.t.JMeterThread: Thread started: Agent searches (GET /search) 2-25
2026-10-06 20:05:14,855 INFO o.a.j.t.JMeterThread: Thread is done: Agent searches (GET /search) 2-25
2026-10-06 20:05:14,856 INFO o.a.j.t.JMeterThread: Thread finished: Agent searches (GET /search) 2-25
2026-10-06 20:05:46,217 INFO o.a.j.t.JMeterThread: Thread started: Agent searches (GET /search) 2-26
2026-10-06 20:05:46,365 INFO o.a.j.t.JMeterThread: Thread is done: Agent searches (GET /search) 2-26
2026-10-06 20:05:46,365 INFO o.a.j.t.JMeterThread: Thread finished: Agent searches (GET /search) 2-26
2026-10-06 20:07:13,904 INFO o.a.j.t.JMeterThread: Thread started: Agent searches (GET /search) 2-27
2026-10-06 20:07:14,714 INFO o.a.j.t.JMeterThread: Thread is done: Agent searches (GET /search) 2-27
2026-10-06 20:07:14,714 INFO o.a.j.t.JMeterThread: Thread finished: Agent searches (GET /search) 2-27
2026-10-06 20:07:17,905 INFO o.a.j.t.JMeterThread: Thread started: Agent searches (GET /search) 2-28
2026-10-06 20:07:18,009 INFO o.a.j.t.JMeterThread: Thread is done: Agent searches (GET /search) 2-28
2026-10-06 20:07:18,009 INFO o.a.j.t.JMeterThread: Thread finished: Agent searches (GET /search) 2-28
2026-10-06 20:07:36,174 INFO o.a.j.t.JMeterThread: Thread started: Agent searches (GET /search) 2-29
2026-10-06 20:07:36,325 INFO o.a.j.t.JMeterThread: Thread is done: Agent searches (GET /search) 2-29
2026-10-06 20:07:36,325 INFO o.a.j.t.JMeterThread: Thread finished: Agent searches (GET /search) 2-29
2026-10-06 20:07:42,422 INFO o.a.j.t.JMeterThread: Thread started: Agent searches (GET /search) 2-30
2026-10-06 20:07:42,797 INFO o.a.j.t.JMeterThread: Thread is done: Agent searches (GET /search) 2-30
2026-10-06 20:07:42,797 INFO o.a.j.t.JMeterThread: Thread finished: Agent searches (GET /search) 2-30
2026-10-06 20:08:20,151 INFO o.a.j.t.JMeterThread: Thread started: Agent searches (GET /search) 2-31
2026-10-06 20:08:20,814 INFO o.a.j.t.JMeterThread: Thread started: Agent searches (GET /search) 2-32
2026-10-06 20:08:21,893 INFO o.a.j.t.JMeterThread: Thread is done: Agent searches (GET /search) 2-32
2026-10-06 20:08:21,894 INFO o.a.j.t.JMeterThread: Thread finished: Agent searches (GET /search) 2-32
2026-10-06 20:08:22,318 INFO o.a.j.t.JMeterThread: Thread is done: Agent searches (GET /search) 2-31
2026-10-06 20:08:22,319 INFO o.a.j.t.JMeterThread: Thread finished: Agent searches (GET /search) 2-31
2026-10-06 20:08:42,639 INFO o.a.j.t.JMeterThread: Thread started: Agent searches (GET /search) 2-33
2026-10-06 20:08:43,040 INFO o.a.j.t.JMeterThread: Thread is done: Agent searches (GET /search) 2-33
2026-10-06 20:08:43,041 INFO o.a.j.t.JMeterThread: Thread finished: Agent searches (GET /search) 2-33
2026-10-06 20:08:47,418 INFO o.a.j.t.JMeterThread: Thread started: Ticket intake (POST /tickets) 1-15
2026-10-06 20:08:48,059 INFO o.a.j.t.JMeterThread: Thread is done: Ticket intake (POST /tickets) 1-15
2026-10-06 20:08:48,060 INFO o.a.j.t.JMeterThread: Thread finished: Ticket intake (POST /tickets) 1-15
2026-10-06 20:08:53,912 INFO o.a.j.t.JMeterThread: Thread started: Ticket intake (POST /tickets) 1-16
2026-10-06 20:08:54,450 INFO o.a.j.t.JMeterThread: Thread is done: Ticket intake (POST /tickets) 1-16
2026-10-06 20:08:54,451 INFO o.a.j.t.JMeterThread: Thread finished: Ticket intake (POST /tickets) 1-16
2026-10-06 20:09:03,333 INFO o.a.j.t.o.EvenArrivalsRamp: Generating 0 events, beginRate = 0.0 / sec, endRate = 0.0 / sec, duration = 300.0 sec
2026-10-06 20:09:03,333 INFO o.a.j.t.JMeterThread: Thread started: Ticket intake (POST /tickets) 1-17
2026-10-06 20:09:03,334 INFO o.a.j.t.o.OpenModelThreadGroup: There will be no more events, so will wait for 320 sec till the end of the schedule
2026-10-06 20:09:04,140 INFO o.a.j.r.Summariser: summary +     14 in 00:04:02 =    0.1/s Avg:   665 Min:   101 Max:  2163 Err:     0 (0.00%) Active: 1 Started: 50 Finished: 49
2026-10-06 20:09:04,141 INFO o.a.j.r.Summariser: summary =     50 in 00:09:40 =    0.1/s Avg:   555 Min:    52 Max:  4133 Err:     0 (0.00%)
2026-10-06 20:09:04,141 INFO o.a.j.t.JMeterThread: Thread is done: Ticket intake (POST /tickets) 1-17
2026-10-06 20:09:04,141 INFO o.a.j.t.JMeterThread: Thread finished: Ticket intake (POST /tickets) 1-17
2026-10-06 20:09:13,630 INFO o.a.j.t.JMeterThread: Thread started: Agent searches (GET /search) 2-34
2026-10-06 20:09:13,751 INFO o.a.j.t.JMeterThread: Thread is done: Agent searches (GET /search) 2-34
2026-10-06 20:09:13,751 INFO o.a.j.t.JMeterThread: Thread finished: Agent searches (GET /search) 2-34
2026-10-06 20:09:14,652 INFO o.a.j.t.o.EvenArrivalsRamp: Generating 0 events, beginRate = 0.0 / sec, endRate = 0.0 / sec, duration = 300.0 sec
2026-10-06 20:09:14,652 INFO o.a.j.t.JMeterThread: Thread started: Agent searches (GET /search) 2-35
2026-10-06 20:09:14,652 INFO o.a.j.t.o.OpenModelThreadGroup: There will be no more events, so will wait for 309 sec till the end of the schedule
2026-10-06 20:09:14,750 INFO o.a.j.t.JMeterThread: Thread is done: Agent searches (GET /search) 2-35
2026-10-06 20:09:14,751 INFO o.a.j.t.JMeterThread: Thread finished: Agent searches (GET /search) 2-35
2026-10-06 20:14:24,205 INFO o.a.j.t.o.OpenModelThreadGroup: There will be no more events, will shutdown the thread pool
2026-10-06 20:14:24,205 INFO o.a.j.t.o.OpenModelThreadGroup: There will be no more events, will shutdown the thread pool
2026-10-06 20:14:24,207 INFO o.a.j.t.o.OpenModelThreadGroup: Thread starting done
2026-10-06 20:14:24,207 INFO o.a.j.t.o.OpenModelThreadGroup: Thread starting done
2026-10-06 20:14:24,208 INFO o.a.j.e.StandardJMeterEngine: Notifying test listeners of end of test
2026-10-06 20:14:24,208 INFO o.a.j.s.FileServer: Close: /Users/ridwan/Documents/GitHub/ICT3113_A1_P1-3/loadtest/data/tickets.tsv
2026-10-06 20:14:24,215 INFO o.a.j.r.Summariser: summary +      2 in 00:05:20 =    0.0/s Avg:   106 Min:    95 Max:   117 Err:     0 (0.00%) Active: 0 Started: 52 Finished: 52
2026-10-06 20:14:24,215 INFO o.a.j.r.Summariser: summary =     52 in 00:15:00 =    0.1/s Avg:   538 Min:    52 Max:  4133 Err:     0 (0.00%)
2026-10-06 20:14:24,216 INFO o.a.j.e.StandardJMeterEngine: Forced JVM shutdown requested at end of test
