2026-10-06 19:40:53,327 INFO o.a.j.u.JMeterUtils: Setting Locale to en_EN
2026-10-06 19:40:53,337 INFO o.a.j.JMeter: Loading user properties from: /Users/ridwan/Downloads/apache-jmeter-5.6.3/bin/user.properties
2026-10-06 19:40:53,338 INFO o.a.j.JMeter: Loading system properties from: /Users/ridwan/Downloads/apache-jmeter-5.6.3/bin/system.properties
2026-10-06 19:40:53,338 INFO o.a.j.JMeter: Loading additional properties from: loadtest/triage.properties
2026-10-06 19:40:53,338 INFO o.a.j.JMeter: Setting JMeter property: host=172.20.10.2
2026-10-06 19:40:53,338 INFO o.a.j.JMeter: Setting JMeter property: port=8000
2026-10-06 19:40:53,338 INFO o.a.j.JMeter: Setting JMeter property: rate=1.73
2026-10-06 19:40:53,338 INFO o.a.j.JMeter: Setting JMeter property: rate_end=1.73
2026-10-06 19:40:53,338 INFO o.a.j.JMeter: Setting JMeter property: search_rate=3.5
2026-10-06 19:40:53,338 INFO o.a.j.JMeter: Setting JMeter property: duration=10
2026-10-06 19:40:53,338 INFO o.a.j.JMeter: Setting JMeter property: drain=5
2026-10-06 19:40:53,338 INFO o.a.j.JMeter: Setting JMeter property: timeout_ms=600000
2026-10-06 19:40:53,338 INFO o.a.j.JMeter: Setting JMeter property: data=loadtest/data/tickets.tsv
2026-10-06 19:40:53,341 INFO o.a.j.JMeter: Copyright (c) 1998-2024 The Apache Software Foundation
2026-10-06 19:40:53,341 INFO o.a.j.JMeter: Version 5.6.3
2026-10-06 19:40:53,341 INFO o.a.j.JMeter: java.version=17.0.17
2026-10-06 19:40:53,341 INFO o.a.j.JMeter: java.vm.name=OpenJDK 64-Bit Server VM
2026-10-06 19:40:53,341 INFO o.a.j.JMeter: os.name=Mac OS X
2026-10-06 19:40:53,341 INFO o.a.j.JMeter: os.arch=aarch64
2026-10-06 19:40:53,341 INFO o.a.j.JMeter: os.version=26.5
2026-10-06 19:40:53,341 INFO o.a.j.JMeter: file.encoding=UTF-8
2026-10-06 19:40:53,341 INFO o.a.j.JMeter: java.awt.headless=true
2026-10-06 19:40:53,341 INFO o.a.j.JMeter: Max memory     =1073741824
2026-10-06 19:40:53,341 INFO o.a.j.JMeter: Available Processors =10
2026-10-06 19:40:53,345 INFO o.a.j.JMeter: Default Locale=English (EN)
2026-10-06 19:40:53,345 INFO o.a.j.JMeter: JMeter  Locale=English (EN)
2026-10-06 19:40:53,345 INFO o.a.j.JMeter: JMeterHome=/Users/ridwan/Downloads/apache-jmeter-5.6.3
2026-10-06 19:40:53,345 INFO o.a.j.JMeter: user.dir  =/Users/ridwan/Documents/GitHub/ICT3113_A1_P1-3
2026-10-06 19:40:53,345 INFO o.a.j.JMeter: PWD       =/Users/ridwan/Documents/GitHub/ICT3113_A1_P1-3
2026-10-06 19:40:53,347 INFO o.a.j.JMeter: IP: 127.0.0.1 Name: Muhammads-MacBook-Air-4.local FullName: localhost
2026-10-06 19:40:53,354 INFO o.a.j.s.FileServer: Default base='/Users/ridwan/Documents/GitHub/ICT3113_A1_P1-3'
2026-10-06 19:40:53,354 INFO o.a.j.s.FileServer: Set new base='/Users/ridwan/Documents/GitHub/ICT3113_A1_P1-3/loadtest'
2026-10-06 19:40:53,415 INFO o.a.j.s.SaveService: Testplan (JMX) version: 2.2. Testlog (JTL) version: 2.2
2026-10-06 19:40:53,428 INFO o.a.j.s.SaveService: Using SaveService properties version 5.0
2026-10-06 19:40:53,429 INFO o.a.j.s.SaveService: Using SaveService properties file encoding UTF-8
2026-10-06 19:40:53,430 INFO o.a.j.s.SaveService: Loading file: loadtest/triage.jmx
2026-10-06 19:40:53,457 INFO o.a.j.p.h.s.HTTPSamplerBase: Parser for text/html is org.apache.jmeter.protocol.http.parser.LagartoBasedHtmlParser
2026-10-06 19:40:53,457 INFO o.a.j.p.h.s.HTTPSamplerBase: Parser for application/xhtml+xml is org.apache.jmeter.protocol.http.parser.LagartoBasedHtmlParser
2026-10-06 19:40:53,458 INFO o.a.j.p.h.s.HTTPSamplerBase: Parser for application/xml is org.apache.jmeter.protocol.http.parser.LagartoBasedHtmlParser
2026-10-06 19:40:53,458 INFO o.a.j.p.h.s.HTTPSamplerBase: Parser for text/xml is org.apache.jmeter.protocol.http.parser.LagartoBasedHtmlParser
2026-10-06 19:40:53,458 INFO o.a.j.p.h.s.HTTPSamplerBase: Parser for text/vnd.wap.wml is org.apache.jmeter.protocol.http.parser.RegexpHTMLParser
2026-10-06 19:40:53,458 INFO o.a.j.p.h.s.HTTPSamplerBase: Parser for text/css is org.apache.jmeter.protocol.http.parser.CssParser
2026-10-06 19:40:53,464 INFO o.a.j.JMeter: Creating summariser <summary>
2026-10-06 19:40:53,471 INFO o.a.j.e.StandardJMeterEngine: Running the test!
2026-10-06 19:40:53,471 INFO o.a.j.s.SampleEvent: List of sample_variables: [rid, row]
2026-10-06 19:40:53,471 INFO o.a.j.s.SampleEvent: List of sample_variables: [rid, row]
2026-10-06 19:40:53,473 INFO o.a.j.e.u.CompoundVariable: Note: Function class names must contain the string: '.functions.'
2026-10-06 19:40:53,473 INFO o.a.j.e.u.CompoundVariable: Note: Function class names must not contain the string: '.gui.'
2026-10-06 19:40:53,570 INFO o.a.j.JMeter: Running test (1791286853570)
2026-10-06 19:40:53,578 INFO o.a.j.e.StandardJMeterEngine: Starting ThreadGroup: 1 : Ticket intake (POST /tickets)
2026-10-06 19:40:53,578 INFO o.a.j.e.StandardJMeterEngine: Starting 0 threads for group Ticket intake (POST /tickets).
2026-10-06 19:40:53,579 INFO o.a.j.e.StandardJMeterEngine: Thread will continue on error
2026-10-06 19:40:53,579 INFO o.a.j.t.o.OpenModelThreadGroup: Starting OpenModelThreadGroup#1 with schedule rate(1.73/min) random_arrivals(10 min) rate(1.73/min) pause(5 min)
2026-10-06 19:40:53,593 INFO o.a.j.e.StandardJMeterEngine: Starting ThreadGroup: 2 : Agent searches (GET /search)
2026-10-06 19:40:53,593 INFO o.a.j.e.StandardJMeterEngine: Starting 0 threads for group Agent searches (GET /search).
2026-10-06 19:40:53,593 INFO o.a.j.t.o.OpenModelThreadGroup: Thread starting init
2026-10-06 19:40:53,593 INFO o.a.j.e.StandardJMeterEngine: Thread will continue on error
2026-10-06 19:40:53,593 INFO o.a.j.t.o.OpenModelThreadGroup: Starting OpenModelThreadGroup#2 with schedule rate(3.5/min) random_arrivals(10 min) rate(3.5/min) pause(5 min)
2026-10-06 19:40:53,593 INFO o.a.j.e.StandardJMeterEngine: All thread groups have been started
2026-10-06 19:40:53,593 INFO o.a.j.t.o.OpenModelThreadGroup: Thread starting init
2026-10-06 19:40:53,595 INFO o.a.j.t.o.PoissonArrivalsRamp: Generating 35 events, beginRate = 0.058333333333333334 / sec, endRate = 0.058333333333333334 / sec, duration = 600.0 sec
2026-10-06 19:40:53,595 INFO o.a.j.t.o.PoissonArrivalsRamp: Generating 17 events, beginRate = 0.028833333333333332 / sec, endRate = 0.028833333333333332 / sec, duration = 600.0 sec
2026-10-06 19:40:54,146 INFO o.a.j.t.JMeterThread: Thread started: Agent searches (GET /search) 2-1
2026-10-06 19:40:54,367 INFO o.a.j.p.h.s.HTTPHCAbstractImpl: Local host = Muhammads-MacBook-Air-4.local
2026-10-06 19:40:54,370 INFO o.a.j.p.h.s.HTTPHC4Impl: HTTP request retry count = 0
2026-10-06 19:40:54,371 INFO o.a.j.s.SampleResult: Note: Sample TimeStamps are START times
2026-10-06 19:40:54,371 INFO o.a.j.s.SampleResult: sampleresult.default.encoding is set to UTF-8
2026-10-06 19:40:54,371 INFO o.a.j.s.SampleResult: sampleresult.useNanoTime=true
2026-10-06 19:40:54,371 INFO o.a.j.s.SampleResult: sampleresult.nanoThreadSleep=5000
2026-10-06 19:40:54,474 INFO o.a.j.t.JMeterThread: Thread started: Agent searches (GET /search) 2-2
2026-10-06 19:40:54,568 INFO o.a.j.t.JMeterThread: Thread is done: Agent searches (GET /search) 2-1
2026-10-06 19:40:54,568 INFO o.a.j.t.JMeterThread: Thread finished: Agent searches (GET /search) 2-1
2026-10-06 19:40:54,662 INFO o.a.j.t.JMeterThread: Thread is done: Agent searches (GET /search) 2-2
2026-10-06 19:40:54,662 INFO o.a.j.t.JMeterThread: Thread finished: Agent searches (GET /search) 2-2
2026-10-06 19:41:11,737 INFO o.a.j.t.JMeterThread: Thread started: Agent searches (GET /search) 2-3
2026-10-06 19:41:11,894 INFO o.a.j.t.JMeterThread: Thread is done: Agent searches (GET /search) 2-3
2026-10-06 19:41:11,895 INFO o.a.j.t.JMeterThread: Thread finished: Agent searches (GET /search) 2-3
2026-10-06 19:41:14,738 INFO o.a.j.t.JMeterThread: Thread started: Agent searches (GET /search) 2-4
2026-10-06 19:41:14,860 INFO o.a.j.t.JMeterThread: Thread is done: Agent searches (GET /search) 2-4
2026-10-06 19:41:14,860 INFO o.a.j.t.JMeterThread: Thread finished: Agent searches (GET /search) 2-4
2026-10-06 19:41:20,657 INFO o.a.j.t.JMeterThread: Thread started: Agent searches (GET /search) 2-5
2026-10-06 19:41:21,112 INFO o.a.j.t.JMeterThread: Thread is done: Agent searches (GET /search) 2-5
2026-10-06 19:41:21,113 INFO o.a.j.t.JMeterThread: Thread finished: Agent searches (GET /search) 2-5
2026-10-06 19:41:25,255 INFO o.a.j.t.JMeterThread: Thread started: Ticket intake (POST /tickets) 1-1
2026-10-06 19:41:25,256 INFO o.a.j.s.FileServer: Stored: loadtest/data/tickets.tsv
2026-10-06 19:41:25,587 INFO o.a.j.t.JMeterThread: Thread is done: Ticket intake (POST /tickets) 1-1
2026-10-06 19:41:25,587 INFO o.a.j.t.JMeterThread: Thread finished: Ticket intake (POST /tickets) 1-1
2026-10-06 19:41:25,876 INFO o.a.j.t.JMeterThread: Thread started: Ticket intake (POST /tickets) 1-2
2026-10-06 19:41:26,610 INFO o.a.j.t.JMeterThread: Thread is done: Ticket intake (POST /tickets) 1-2
2026-10-06 19:41:26,611 INFO o.a.j.t.JMeterThread: Thread finished: Ticket intake (POST /tickets) 1-2
2026-10-06 19:41:33,834 INFO o.a.j.t.JMeterThread: Thread started: Ticket intake (POST /tickets) 1-3
2026-10-06 19:41:34,806 INFO o.a.j.r.Summariser: summary +      8 in 00:00:41 =    0.2/s Avg:   386 Min:   118 Max:   966 Err:     0 (0.00%) Active: 1 Started: 8 Finished: 7
2026-10-06 19:41:34,806 INFO o.a.j.t.JMeterThread: Thread is done: Ticket intake (POST /tickets) 1-3
2026-10-06 19:41:34,806 INFO o.a.j.t.JMeterThread: Thread finished: Ticket intake (POST /tickets) 1-3
2026-10-06 19:41:40,316 INFO o.a.j.t.JMeterThread: Thread started: Agent searches (GET /search) 2-6
2026-10-06 19:41:40,373 INFO o.a.j.t.JMeterThread: Thread is done: Agent searches (GET /search) 2-6
2026-10-06 19:41:40,374 INFO o.a.j.t.JMeterThread: Thread finished: Agent searches (GET /search) 2-6
2026-10-06 19:41:54,427 INFO o.a.j.t.JMeterThread: Thread started: Agent searches (GET /search) 2-7
2026-10-06 19:41:54,938 INFO o.a.j.t.JMeterThread: Thread is done: Agent searches (GET /search) 2-7
2026-10-06 19:41:54,938 INFO o.a.j.t.JMeterThread: Thread finished: Agent searches (GET /search) 2-7
2026-10-06 19:42:18,831 INFO o.a.j.t.JMeterThread: Thread started: Ticket intake (POST /tickets) 1-4
2026-10-06 19:42:19,749 INFO o.a.j.t.JMeterThread: Thread is done: Ticket intake (POST /tickets) 1-4
2026-10-06 19:42:19,749 INFO o.a.j.t.JMeterThread: Thread finished: Ticket intake (POST /tickets) 1-4
2026-10-06 19:42:22,239 INFO o.a.j.t.JMeterThread: Thread started: Agent searches (GET /search) 2-8
2026-10-06 19:42:23,284 INFO o.a.j.t.JMeterThread: Thread is done: Agent searches (GET /search) 2-8
2026-10-06 19:42:23,284 INFO o.a.j.t.JMeterThread: Thread finished: Agent searches (GET /search) 2-8
2026-10-06 19:42:28,481 INFO o.a.j.t.JMeterThread: Thread started: Ticket intake (POST /tickets) 1-5
2026-10-06 19:42:28,873 INFO o.a.j.t.JMeterThread: Thread is done: Ticket intake (POST /tickets) 1-5
2026-10-06 19:42:28,873 INFO o.a.j.t.JMeterThread: Thread finished: Ticket intake (POST /tickets) 1-5
2026-10-06 19:42:35,224 INFO o.a.j.t.JMeterThread: Thread started: Agent searches (GET /search) 2-9
2026-10-06 19:42:35,366 INFO o.a.j.r.Summariser: summary +      6 in 00:01:01 =    0.1/s Avg:   506 Min:    53 Max:  1041 Err:     0 (0.00%) Active: 1 Started: 14 Finished: 13
2026-10-06 19:42:35,367 INFO o.a.j.r.Summariser: summary =     14 in 00:01:42 =    0.1/s Avg:   437 Min:    53 Max:  1041 Err:     0 (0.00%)
2026-10-06 19:42:35,368 INFO o.a.j.t.JMeterThread: Thread is done: Agent searches (GET /search) 2-9
2026-10-06 19:42:35,368 INFO o.a.j.t.JMeterThread: Thread finished: Agent searches (GET /search) 2-9
2026-10-06 19:42:40,579 INFO o.a.j.t.JMeterThread: Thread started: Ticket intake (POST /tickets) 1-6
2026-10-06 19:42:41,461 INFO o.a.j.t.JMeterThread: Thread is done: Ticket intake (POST /tickets) 1-6
2026-10-06 19:42:41,461 INFO o.a.j.t.JMeterThread: Thread finished: Ticket intake (POST /tickets) 1-6
2026-10-06 19:42:54,389 INFO o.a.j.t.JMeterThread: Thread started: Agent searches (GET /search) 2-10
2026-10-06 19:42:54,570 INFO o.a.j.t.JMeterThread: Thread is done: Agent searches (GET /search) 2-10
2026-10-06 19:42:54,570 INFO o.a.j.t.JMeterThread: Thread finished: Agent searches (GET /search) 2-10
2026-10-06 19:43:00,099 INFO o.a.j.t.JMeterThread: Thread started: Agent searches (GET /search) 2-11
2026-10-06 19:43:00,284 INFO o.a.j.r.Summariser: summary +      3 in 00:00:25 =    0.1/s Avg:   411 Min:   176 Max:   879 Err:     0 (0.00%) Active: 1 Started: 17 Finished: 16
2026-10-06 19:43:00,284 INFO o.a.j.r.Summariser: summary =     17 in 00:02:07 =    0.1/s Avg:   433 Min:    53 Max:  1041 Err:     0 (0.00%)
2026-10-06 19:43:00,285 INFO o.a.j.t.JMeterThread: Thread is done: Agent searches (GET /search) 2-11
2026-10-06 19:43:00,285 INFO o.a.j.t.JMeterThread: Thread finished: Agent searches (GET /search) 2-11
2026-10-06 19:43:03,114 INFO o.a.j.t.JMeterThread: Thread started: Agent searches (GET /search) 2-12
2026-10-06 19:43:03,553 INFO o.a.j.t.JMeterThread: Thread is done: Agent searches (GET /search) 2-12
2026-10-06 19:43:03,553 INFO o.a.j.t.JMeterThread: Thread finished: Agent searches (GET /search) 2-12
2026-10-06 19:43:06,529 INFO o.a.j.t.JMeterThread: Thread started: Ticket intake (POST /tickets) 1-7
2026-10-06 19:43:06,938 INFO o.a.j.t.JMeterThread: Thread is done: Ticket intake (POST /tickets) 1-7
2026-10-06 19:43:06,939 INFO o.a.j.t.JMeterThread: Thread finished: Ticket intake (POST /tickets) 1-7
2026-10-06 19:43:10,257 INFO o.a.j.t.JMeterThread: Thread started: Agent searches (GET /search) 2-13
2026-10-06 19:43:10,346 INFO o.a.j.t.JMeterThread: Thread is done: Agent searches (GET /search) 2-13
2026-10-06 19:43:10,346 INFO o.a.j.t.JMeterThread: Thread finished: Agent searches (GET /search) 2-13
2026-10-06 19:43:17,899 INFO o.a.j.t.JMeterThread: Thread started: Agent searches (GET /search) 2-14
2026-10-06 19:43:18,105 INFO o.a.j.t.JMeterThread: Thread is done: Agent searches (GET /search) 2-14
2026-10-06 19:43:18,105 INFO o.a.j.t.JMeterThread: Thread finished: Agent searches (GET /search) 2-14
2026-10-06 19:43:34,267 INFO o.a.j.t.JMeterThread: Thread started: Agent searches (GET /search) 2-15
2026-10-06 19:43:34,519 INFO o.a.j.r.Summariser: summary +      5 in 00:00:34 =    0.1/s Avg:   274 Min:    85 Max:   434 Err:     0 (0.00%) Active: 1 Started: 22 Finished: 21
2026-10-06 19:43:34,519 INFO o.a.j.r.Summariser: summary =     22 in 00:02:41 =    0.1/s Avg:   397 Min:    53 Max:  1041 Err:     0 (0.00%)
2026-10-06 19:43:34,520 INFO o.a.j.t.JMeterThread: Thread is done: Agent searches (GET /search) 2-15
2026-10-06 19:43:34,520 INFO o.a.j.t.JMeterThread: Thread finished: Agent searches (GET /search) 2-15
2026-10-06 19:43:50,787 INFO o.a.j.t.JMeterThread: Thread started: Agent searches (GET /search) 2-16
2026-10-06 19:43:51,137 INFO o.a.j.t.JMeterThread: Thread is done: Agent searches (GET /search) 2-16
2026-10-06 19:43:51,137 INFO o.a.j.t.JMeterThread: Thread finished: Agent searches (GET /search) 2-16
2026-10-06 19:43:56,304 INFO o.a.j.t.JMeterThread: Thread started: Agent searches (GET /search) 2-17
2026-10-06 19:43:56,424 INFO o.a.j.t.JMeterThread: Thread is done: Agent searches (GET /search) 2-17
2026-10-06 19:43:56,424 INFO o.a.j.t.JMeterThread: Thread finished: Agent searches (GET /search) 2-17
2026-10-06 19:44:23,323 INFO o.a.j.t.JMeterThread: Thread started: Ticket intake (POST /tickets) 1-8
2026-10-06 19:44:24,080 INFO o.a.j.t.JMeterThread: Thread is done: Ticket intake (POST /tickets) 1-8
2026-10-06 19:44:24,081 INFO o.a.j.t.JMeterThread: Thread finished: Ticket intake (POST /tickets) 1-8
2026-10-06 19:44:31,832 INFO o.a.j.t.JMeterThread: Thread started: Agent searches (GET /search) 2-18
2026-10-06 19:44:32,087 INFO o.a.j.r.Summariser: summary +      4 in 00:00:58 =    0.1/s Avg:   366 Min:   116 Max:   752 Err:     0 (0.00%) Active: 1 Started: 26 Finished: 25
2026-10-06 19:44:32,088 INFO o.a.j.r.Summariser: summary =     26 in 00:03:39 =    0.1/s Avg:   392 Min:    53 Max:  1041 Err:     0 (0.00%)
2026-10-06 19:44:32,088 INFO o.a.j.t.JMeterThread: Thread is done: Agent searches (GET /search) 2-18
2026-10-06 19:44:32,088 INFO o.a.j.t.JMeterThread: Thread finished: Agent searches (GET /search) 2-18
2026-10-06 19:44:39,525 INFO o.a.j.t.JMeterThread: Thread started: Ticket intake (POST /tickets) 1-9
2026-10-06 19:44:40,254 INFO o.a.j.t.JMeterThread: Thread is done: Ticket intake (POST /tickets) 1-9
2026-10-06 19:44:40,254 INFO o.a.j.t.JMeterThread: Thread finished: Ticket intake (POST /tickets) 1-9
2026-10-06 19:45:00,873 INFO o.a.j.t.JMeterThread: Thread started: Ticket intake (POST /tickets) 1-10
2026-10-06 19:45:01,215 INFO o.a.j.r.Summariser: summary +      2 in 00:00:29 =    0.1/s Avg:   532 Min:   338 Max:   726 Err:     0 (0.00%) Active: 1 Started: 28 Finished: 27
2026-10-06 19:45:01,216 INFO o.a.j.r.Summariser: summary =     28 in 00:04:08 =    0.1/s Avg:   402 Min:    53 Max:  1041 Err:     0 (0.00%)
2026-10-06 19:45:01,216 INFO o.a.j.t.JMeterThread: Thread is done: Ticket intake (POST /tickets) 1-10
2026-10-06 19:45:01,216 INFO o.a.j.t.JMeterThread: Thread finished: Ticket intake (POST /tickets) 1-10
2026-10-06 19:45:06,112 INFO o.a.j.t.JMeterThread: Thread started: Agent searches (GET /search) 2-19
2026-10-06 19:45:06,229 INFO o.a.j.t.JMeterThread: Thread is done: Agent searches (GET /search) 2-19
2026-10-06 19:45:06,229 INFO o.a.j.t.JMeterThread: Thread finished: Agent searches (GET /search) 2-19
2026-10-06 19:45:08,667 INFO o.a.j.t.JMeterThread: Thread started: Agent searches (GET /search) 2-20
2026-10-06 19:45:08,828 INFO o.a.j.t.JMeterThread: Thread is done: Agent searches (GET /search) 2-20
2026-10-06 19:45:08,828 INFO o.a.j.t.JMeterThread: Thread finished: Agent searches (GET /search) 2-20
2026-10-06 19:45:14,790 INFO o.a.j.t.JMeterThread: Thread started: Agent searches (GET /search) 2-21
2026-10-06 19:45:15,077 INFO o.a.j.t.JMeterThread: Thread is done: Agent searches (GET /search) 2-21
2026-10-06 19:45:15,077 INFO o.a.j.t.JMeterThread: Thread finished: Agent searches (GET /search) 2-21
2026-10-06 19:45:17,556 INFO o.a.j.t.JMeterThread: Thread started: Agent searches (GET /search) 2-22
2026-10-06 19:45:17,656 INFO o.a.j.t.JMeterThread: Thread is done: Agent searches (GET /search) 2-22
2026-10-06 19:45:17,656 INFO o.a.j.t.JMeterThread: Thread finished: Agent searches (GET /search) 2-22
2026-10-06 19:46:02,344 INFO o.a.j.t.JMeterThread: Thread started: Agent searches (GET /search) 2-23
2026-10-06 19:46:02,410 INFO o.a.j.r.Summariser: summary +      5 in 00:01:01 =    0.1/s Avg:   142 Min:    62 Max:   283 Err:     0 (0.00%) Active: 1 Started: 33 Finished: 32
2026-10-06 19:46:02,410 INFO o.a.j.r.Summariser: summary =     33 in 00:05:09 =    0.1/s Avg:   362 Min:    53 Max:  1041 Err:     0 (0.00%)
2026-10-06 19:46:02,411 INFO o.a.j.t.JMeterThread: Thread is done: Agent searches (GET /search) 2-23
2026-10-06 19:46:02,411 INFO o.a.j.t.JMeterThread: Thread finished: Agent searches (GET /search) 2-23
2026-10-06 19:46:07,690 INFO o.a.j.t.JMeterThread: Thread started: Agent searches (GET /search) 2-24
2026-10-06 19:46:07,870 INFO o.a.j.t.JMeterThread: Thread is done: Agent searches (GET /search) 2-24
2026-10-06 19:46:07,870 INFO o.a.j.t.JMeterThread: Thread finished: Agent searches (GET /search) 2-24
2026-10-06 19:46:08,307 INFO o.a.j.t.JMeterThread: Thread started: Ticket intake (POST /tickets) 1-11
2026-10-06 19:46:09,268 INFO o.a.j.t.JMeterThread: Thread is done: Ticket intake (POST /tickets) 1-11
2026-10-06 19:46:09,269 INFO o.a.j.t.JMeterThread: Thread finished: Ticket intake (POST /tickets) 1-11
2026-10-06 19:46:18,631 INFO o.a.j.t.JMeterThread: Thread started: Ticket intake (POST /tickets) 1-12
2026-10-06 19:46:19,363 INFO o.a.j.t.JMeterThread: Thread is done: Ticket intake (POST /tickets) 1-12
2026-10-06 19:46:19,363 INFO o.a.j.t.JMeterThread: Thread finished: Ticket intake (POST /tickets) 1-12
2026-10-06 19:46:36,521 INFO o.a.j.t.JMeterThread: Thread started: Agent searches (GET /search) 2-25
2026-10-06 19:46:36,621 INFO o.a.j.t.JMeterThread: Thread is done: Agent searches (GET /search) 2-25
2026-10-06 19:46:36,621 INFO o.a.j.t.JMeterThread: Thread finished: Agent searches (GET /search) 2-25
2026-10-06 19:46:40,709 INFO o.a.j.t.JMeterThread: Thread started: Ticket intake (POST /tickets) 1-13
2026-10-06 19:46:41,091 INFO o.a.j.t.JMeterThread: Thread is done: Ticket intake (POST /tickets) 1-13
2026-10-06 19:46:41,092 INFO o.a.j.t.JMeterThread: Thread finished: Ticket intake (POST /tickets) 1-13
2026-10-06 19:46:51,501 INFO o.a.j.t.JMeterThread: Thread started: Agent searches (GET /search) 2-26
2026-10-06 19:46:51,569 INFO o.a.j.t.JMeterThread: Thread is done: Agent searches (GET /search) 2-26
2026-10-06 19:46:51,569 INFO o.a.j.t.JMeterThread: Thread finished: Agent searches (GET /search) 2-26
2026-10-06 19:46:56,782 INFO o.a.j.t.JMeterThread: Thread started: Agent searches (GET /search) 2-27
2026-10-06 19:46:56,956 INFO o.a.j.t.JMeterThread: Thread is done: Agent searches (GET /search) 2-27
2026-10-06 19:46:56,956 INFO o.a.j.t.JMeterThread: Thread finished: Agent searches (GET /search) 2-27
2026-10-06 19:47:16,996 INFO o.a.j.t.JMeterThread: Thread started: Ticket intake (POST /tickets) 1-14
2026-10-06 19:47:17,541 INFO o.a.j.t.JMeterThread: Thread is done: Ticket intake (POST /tickets) 1-14
2026-10-06 19:47:17,542 INFO o.a.j.t.JMeterThread: Thread finished: Ticket intake (POST /tickets) 1-14
2026-10-06 19:47:42,939 INFO o.a.j.t.JMeterThread: Thread started: Agent searches (GET /search) 2-28
2026-10-06 19:47:43,045 INFO o.a.j.t.JMeterThread: Thread is done: Agent searches (GET /search) 2-28
2026-10-06 19:47:43,045 INFO o.a.j.t.JMeterThread: Thread finished: Agent searches (GET /search) 2-28
2026-10-06 19:47:57,189 INFO o.a.j.t.JMeterThread: Thread started: Ticket intake (POST /tickets) 1-15
2026-10-06 19:47:58,106 INFO o.a.j.t.JMeterThread: Thread is done: Ticket intake (POST /tickets) 1-15
2026-10-06 19:47:58,107 INFO o.a.j.t.JMeterThread: Thread finished: Ticket intake (POST /tickets) 1-15
2026-10-06 19:48:20,252 INFO o.a.j.t.JMeterThread: Thread started: Ticket intake (POST /tickets) 1-16
2026-10-06 19:48:20,941 INFO o.a.j.t.JMeterThread: Thread is done: Ticket intake (POST /tickets) 1-16
2026-10-06 19:48:20,941 INFO o.a.j.t.JMeterThread: Thread finished: Ticket intake (POST /tickets) 1-16
2026-10-06 19:48:30,564 INFO o.a.j.t.JMeterThread: Thread started: Agent searches (GET /search) 2-29
2026-10-06 19:48:30,713 INFO o.a.j.r.Summariser: summary +     12 in 00:02:28 =    0.1/s Avg:   413 Min:    64 Max:   958 Err:     0 (0.00%) Active: 1 Started: 45 Finished: 44
2026-10-06 19:48:30,714 INFO o.a.j.r.Summariser: summary =     45 in 00:07:37 =    0.1/s Avg:   376 Min:    53 Max:  1041 Err:     0 (0.00%)
2026-10-06 19:48:30,714 INFO o.a.j.t.JMeterThread: Thread is done: Agent searches (GET /search) 2-29
2026-10-06 19:48:30,715 INFO o.a.j.t.JMeterThread: Thread finished: Agent searches (GET /search) 2-29
2026-10-06 19:48:38,670 INFO o.a.j.t.JMeterThread: Thread started: Agent searches (GET /search) 2-30
2026-10-06 19:48:38,798 INFO o.a.j.t.JMeterThread: Thread is done: Agent searches (GET /search) 2-30
2026-10-06 19:48:38,799 INFO o.a.j.t.JMeterThread: Thread finished: Agent searches (GET /search) 2-30
2026-10-06 19:48:44,569 INFO o.a.j.t.o.EvenArrivalsRamp: Generating 0 events, beginRate = 0.0 / sec, endRate = 0.0 / sec, duration = 300.0 sec
2026-10-06 19:48:44,570 INFO o.a.j.t.JMeterThread: Thread started: Ticket intake (POST /tickets) 1-17
2026-10-06 19:48:44,570 INFO o.a.j.t.o.OpenModelThreadGroup: There will be no more events, so will wait for 428 sec till the end of the schedule
2026-10-06 19:48:45,316 INFO o.a.j.t.JMeterThread: Thread is done: Ticket intake (POST /tickets) 1-17
2026-10-06 19:48:45,316 INFO o.a.j.t.JMeterThread: Thread finished: Ticket intake (POST /tickets) 1-17
2026-10-06 19:49:15,864 INFO o.a.j.t.JMeterThread: Thread started: Agent searches (GET /search) 2-31
2026-10-06 19:49:16,062 INFO o.a.j.t.JMeterThread: Thread is done: Agent searches (GET /search) 2-31
2026-10-06 19:49:16,062 INFO o.a.j.t.JMeterThread: Thread finished: Agent searches (GET /search) 2-31
2026-10-06 19:50:10,565 INFO o.a.j.t.JMeterThread: Thread started: Agent searches (GET /search) 2-32
2026-10-06 19:50:10,682 INFO o.a.j.t.JMeterThread: Thread is done: Agent searches (GET /search) 2-32
2026-10-06 19:50:10,683 INFO o.a.j.t.JMeterThread: Thread finished: Agent searches (GET /search) 2-32
2026-10-06 19:50:25,150 INFO o.a.j.t.JMeterThread: Thread started: Agent searches (GET /search) 2-33
2026-10-06 19:50:25,463 INFO o.a.j.t.JMeterThread: Thread is done: Agent searches (GET /search) 2-33
2026-10-06 19:50:25,463 INFO o.a.j.t.JMeterThread: Thread finished: Agent searches (GET /search) 2-33
2026-10-06 19:50:33,200 INFO o.a.j.t.JMeterThread: Thread started: Agent searches (GET /search) 2-34
2026-10-06 19:50:33,275 INFO o.a.j.r.Summariser: summary +      6 in 00:02:03 =    0.0/s Avg:   260 Min:    73 Max:   743 Err:     0 (0.00%) Active: 1 Started: 51 Finished: 50
2026-10-06 19:50:33,276 INFO o.a.j.r.Summariser: summary =     51 in 00:09:40 =    0.1/s Avg:   362 Min:    53 Max:  1041 Err:     0 (0.00%)
2026-10-06 19:50:33,276 INFO o.a.j.t.JMeterThread: Thread is done: Agent searches (GET /search) 2-34
2026-10-06 19:50:33,276 INFO o.a.j.t.JMeterThread: Thread finished: Agent searches (GET /search) 2-34
2026-10-06 19:50:41,093 INFO o.a.j.t.o.EvenArrivalsRamp: Generating 0 events, beginRate = 0.0 / sec, endRate = 0.0 / sec, duration = 300.0 sec
2026-10-06 19:50:41,093 INFO o.a.j.t.JMeterThread: Thread started: Agent searches (GET /search) 2-35
2026-10-06 19:50:41,094 INFO o.a.j.t.o.OpenModelThreadGroup: There will be no more events, so will wait for 312 sec till the end of the schedule
2026-10-06 19:50:41,170 INFO o.a.j.t.JMeterThread: Thread is done: Agent searches (GET /search) 2-35
2026-10-06 19:50:41,171 INFO o.a.j.t.JMeterThread: Thread finished: Agent searches (GET /search) 2-35
2026-10-06 19:55:53,474 INFO o.a.j.t.o.OpenModelThreadGroup: There will be no more events, will shutdown the thread pool
2026-10-06 19:55:53,474 INFO o.a.j.t.o.OpenModelThreadGroup: Thread starting done
2026-10-06 19:55:53,476 INFO o.a.j.t.o.OpenModelThreadGroup: There will be no more events, will shutdown the thread pool
2026-10-06 19:55:53,476 INFO o.a.j.t.o.OpenModelThreadGroup: Thread starting done
2026-10-06 19:55:53,476 INFO o.a.j.e.StandardJMeterEngine: Notifying test listeners of end of test
2026-10-06 19:55:53,477 INFO o.a.j.s.FileServer: Close: loadtest/data/tickets.tsv
2026-10-06 19:55:53,485 INFO o.a.j.r.Summariser: summary +      1 in 00:05:20 =    0.0/s Avg:    73 Min:    73 Max:    73 Err:     0 (0.00%) Active: 0 Started: 52 Finished: 52
2026-10-06 19:55:53,485 INFO o.a.j.r.Summariser: summary =     52 in 00:15:00 =    0.1/s Avg:   357 Min:    53 Max:  1041 Err:     0 (0.00%)
2026-10-06 19:55:53,486 INFO o.a.j.e.StandardJMeterEngine: Forced JVM shutdown requested at end of test
