2026-10-07 16:53:38,221 INFO o.a.j.u.JMeterUtils: Setting Locale to en_EN
2026-10-07 16:53:38,229 INFO o.a.j.JMeter: Loading user properties from: /Users/ridwan/Downloads/apache-jmeter-5.6.3/bin/user.properties
2026-10-07 16:53:38,230 INFO o.a.j.JMeter: Loading system properties from: /Users/ridwan/Downloads/apache-jmeter-5.6.3/bin/system.properties
2026-10-07 16:53:38,230 INFO o.a.j.JMeter: Loading additional properties from: /Users/ridwan/Documents/GitHub/ICT3113_A1_P1-3/loadtest/triage.properties
2026-10-07 16:53:38,230 INFO o.a.j.JMeter: Setting JMeter property: host=172.20.10.2
2026-10-07 16:53:38,230 INFO o.a.j.JMeter: Setting JMeter property: port=8000
2026-10-07 16:53:38,230 INFO o.a.j.JMeter: Setting JMeter property: rate=1.45
2026-10-07 16:53:38,230 INFO o.a.j.JMeter: Setting JMeter property: rate_end=1.45
2026-10-07 16:53:38,230 INFO o.a.j.JMeter: Setting JMeter property: search_rate=2.9
2026-10-07 16:53:38,230 INFO o.a.j.JMeter: Setting JMeter property: duration=10
2026-10-07 16:53:38,230 INFO o.a.j.JMeter: Setting JMeter property: drain=5
2026-10-07 16:53:38,230 INFO o.a.j.JMeter: Setting JMeter property: timeout_ms=600000
2026-10-07 16:53:38,230 INFO o.a.j.JMeter: Setting JMeter property: data=/Users/ridwan/Documents/GitHub/ICT3113_A1_P1-3/loadtest/data/tickets.tsv
2026-10-07 16:53:38,232 INFO o.a.j.JMeter: Copyright (c) 1998-2024 The Apache Software Foundation
2026-10-07 16:53:38,232 INFO o.a.j.JMeter: Version 5.6.3
2026-10-07 16:53:38,232 INFO o.a.j.JMeter: java.version=17.0.17
2026-10-07 16:53:38,232 INFO o.a.j.JMeter: java.vm.name=OpenJDK 64-Bit Server VM
2026-10-07 16:53:38,232 INFO o.a.j.JMeter: os.name=Mac OS X
2026-10-07 16:53:38,232 INFO o.a.j.JMeter: os.arch=aarch64
2026-10-07 16:53:38,232 INFO o.a.j.JMeter: os.version=26.5
2026-10-07 16:53:38,232 INFO o.a.j.JMeter: file.encoding=UTF-8
2026-10-07 16:53:38,232 INFO o.a.j.JMeter: java.awt.headless=true
2026-10-07 16:53:38,232 INFO o.a.j.JMeter: Max memory     =1073741824
2026-10-07 16:53:38,232 INFO o.a.j.JMeter: Available Processors =10
2026-10-07 16:53:38,235 INFO o.a.j.JMeter: Default Locale=English (EN)
2026-10-07 16:53:38,235 INFO o.a.j.JMeter: JMeter  Locale=English (EN)
2026-10-07 16:53:38,235 INFO o.a.j.JMeter: JMeterHome=/Users/ridwan/Downloads/apache-jmeter-5.6.3
2026-10-07 16:53:38,235 INFO o.a.j.JMeter: user.dir  =/Users/ridwan/Documents/GitHub/ICT3113_A1_P1-3
2026-10-07 16:53:38,235 INFO o.a.j.JMeter: PWD       =/Users/ridwan/Documents/GitHub/ICT3113_A1_P1-3
2026-10-07 16:53:38,237 INFO o.a.j.JMeter: IP: 127.0.0.1 Name: Muhammads-MacBook-Air-4.local FullName: localhost
2026-10-07 16:53:38,242 INFO o.a.j.s.FileServer: Default base='/Users/ridwan/Documents/GitHub/ICT3113_A1_P1-3'
2026-10-07 16:53:38,243 INFO o.a.j.s.FileServer: Set new base='/Users/ridwan/Documents/GitHub/ICT3113_A1_P1-3/loadtest'
2026-10-07 16:53:38,297 INFO o.a.j.s.SaveService: Testplan (JMX) version: 2.2. Testlog (JTL) version: 2.2
2026-10-07 16:53:38,306 INFO o.a.j.s.SaveService: Using SaveService properties version 5.0
2026-10-07 16:53:38,307 INFO o.a.j.s.SaveService: Using SaveService properties file encoding UTF-8
2026-10-07 16:53:38,308 INFO o.a.j.s.SaveService: Loading file: /Users/ridwan/Documents/GitHub/ICT3113_A1_P1-3/loadtest/triage.jmx
2026-10-07 16:53:38,332 INFO o.a.j.p.h.s.HTTPSamplerBase: Parser for text/html is org.apache.jmeter.protocol.http.parser.LagartoBasedHtmlParser
2026-10-07 16:53:38,332 INFO o.a.j.p.h.s.HTTPSamplerBase: Parser for application/xhtml+xml is org.apache.jmeter.protocol.http.parser.LagartoBasedHtmlParser
2026-10-07 16:53:38,332 INFO o.a.j.p.h.s.HTTPSamplerBase: Parser for application/xml is org.apache.jmeter.protocol.http.parser.LagartoBasedHtmlParser
2026-10-07 16:53:38,332 INFO o.a.j.p.h.s.HTTPSamplerBase: Parser for text/xml is org.apache.jmeter.protocol.http.parser.LagartoBasedHtmlParser
2026-10-07 16:53:38,332 INFO o.a.j.p.h.s.HTTPSamplerBase: Parser for text/vnd.wap.wml is org.apache.jmeter.protocol.http.parser.RegexpHTMLParser
2026-10-07 16:53:38,332 INFO o.a.j.p.h.s.HTTPSamplerBase: Parser for text/css is org.apache.jmeter.protocol.http.parser.CssParser
2026-10-07 16:53:38,338 INFO o.a.j.JMeter: Creating summariser <summary>
2026-10-07 16:53:38,344 INFO o.a.j.e.StandardJMeterEngine: Running the test!
2026-10-07 16:53:38,344 INFO o.a.j.s.SampleEvent: List of sample_variables: [rid, row]
2026-10-07 16:53:38,344 INFO o.a.j.s.SampleEvent: List of sample_variables: [rid, row]
2026-10-07 16:53:38,345 INFO o.a.j.e.u.CompoundVariable: Note: Function class names must contain the string: '.functions.'
2026-10-07 16:53:38,345 INFO o.a.j.e.u.CompoundVariable: Note: Function class names must not contain the string: '.gui.'
2026-10-07 16:53:38,423 INFO o.a.j.JMeter: Running test (1791363218423)
2026-10-07 16:53:38,431 INFO o.a.j.e.StandardJMeterEngine: Starting ThreadGroup: 1 : Ticket intake (POST /tickets)
2026-10-07 16:53:38,431 INFO o.a.j.e.StandardJMeterEngine: Starting 0 threads for group Ticket intake (POST /tickets).
2026-10-07 16:53:38,431 INFO o.a.j.e.StandardJMeterEngine: Thread will continue on error
2026-10-07 16:53:38,431 INFO o.a.j.t.o.OpenModelThreadGroup: Starting OpenModelThreadGroup#1 with schedule rate(1.45/min) random_arrivals(10 min) rate(1.45/min) pause(5 min)
2026-10-07 16:53:38,444 INFO o.a.j.e.StandardJMeterEngine: Starting ThreadGroup: 2 : Agent searches (GET /search)
2026-10-07 16:53:38,444 INFO o.a.j.e.StandardJMeterEngine: Starting 0 threads for group Agent searches (GET /search).
2026-10-07 16:53:38,444 INFO o.a.j.e.StandardJMeterEngine: Thread will continue on error
2026-10-07 16:53:38,444 INFO o.a.j.t.o.OpenModelThreadGroup: Starting OpenModelThreadGroup#2 with schedule rate(2.9/min) random_arrivals(10 min) rate(2.9/min) pause(5 min)
2026-10-07 16:53:38,444 INFO o.a.j.t.o.OpenModelThreadGroup: Thread starting init
2026-10-07 16:53:38,444 INFO o.a.j.e.StandardJMeterEngine: All thread groups have been started
2026-10-07 16:53:38,444 INFO o.a.j.t.o.OpenModelThreadGroup: Thread starting init
2026-10-07 16:53:38,445 INFO o.a.j.t.o.PoissonArrivalsRamp: Generating 29 events, beginRate = 0.04833333333333333 / sec, endRate = 0.04833333333333333 / sec, duration = 600.0 sec
2026-10-07 16:53:38,445 INFO o.a.j.t.o.PoissonArrivalsRamp: Generating 14 events, beginRate = 0.024166666666666666 / sec, endRate = 0.024166666666666666 / sec, duration = 600.0 sec
2026-10-07 16:53:52,237 INFO o.a.j.t.JMeterThread: Thread started: Agent searches (GET /search) 2-1
2026-10-07 16:53:52,447 INFO o.a.j.p.h.s.HTTPHCAbstractImpl: Local host = Muhammads-MacBook-Air-4.local
2026-10-07 16:53:52,449 INFO o.a.j.p.h.s.HTTPHC4Impl: HTTP request retry count = 0
2026-10-07 16:53:52,450 INFO o.a.j.s.SampleResult: Note: Sample TimeStamps are START times
2026-10-07 16:53:52,450 INFO o.a.j.s.SampleResult: sampleresult.default.encoding is set to UTF-8
2026-10-07 16:53:52,450 INFO o.a.j.s.SampleResult: sampleresult.useNanoTime=true
2026-10-07 16:53:52,450 INFO o.a.j.s.SampleResult: sampleresult.nanoThreadSleep=5000
2026-10-07 16:53:52,632 INFO o.a.j.t.JMeterThread: Thread is done: Agent searches (GET /search) 2-1
2026-10-07 16:53:52,632 INFO o.a.j.t.JMeterThread: Thread finished: Agent searches (GET /search) 2-1
2026-10-07 16:54:02,417 INFO o.a.j.t.JMeterThread: Thread started: Agent searches (GET /search) 2-2
2026-10-07 16:54:02,547 INFO o.a.j.r.Summariser: summary +      2 in 00:00:24 =    0.1/s Avg:   142 Min:   124 Max:   161 Err:     0 (0.00%) Active: 1 Started: 2 Finished: 1
2026-10-07 16:54:02,548 INFO o.a.j.t.JMeterThread: Thread is done: Agent searches (GET /search) 2-2
2026-10-07 16:54:02,548 INFO o.a.j.t.JMeterThread: Thread finished: Agent searches (GET /search) 2-2
2026-10-07 16:54:36,437 INFO o.a.j.t.JMeterThread: Thread started: Ticket intake (POST /tickets) 1-1
2026-10-07 16:54:36,437 INFO o.a.j.s.FileServer: Stored: /Users/ridwan/Documents/GitHub/ICT3113_A1_P1-3/loadtest/data/tickets.tsv
2026-10-07 16:54:36,846 INFO o.a.j.t.JMeterThread: Thread is done: Ticket intake (POST /tickets) 1-1
2026-10-07 16:54:36,846 INFO o.a.j.t.JMeterThread: Thread finished: Ticket intake (POST /tickets) 1-1
2026-10-07 16:55:37,358 INFO o.a.j.t.JMeterThread: Thread started: Agent searches (GET /search) 2-3
2026-10-07 16:55:37,477 INFO o.a.j.t.JMeterThread: Thread is done: Agent searches (GET /search) 2-3
2026-10-07 16:55:37,477 INFO o.a.j.t.JMeterThread: Thread finished: Agent searches (GET /search) 2-3
2026-10-07 16:55:42,950 INFO o.a.j.t.JMeterThread: Thread started: Ticket intake (POST /tickets) 1-2
2026-10-07 16:55:43,811 INFO o.a.j.t.JMeterThread: Thread is done: Ticket intake (POST /tickets) 1-2
2026-10-07 16:55:43,811 INFO o.a.j.t.JMeterThread: Thread finished: Ticket intake (POST /tickets) 1-2
2026-10-07 16:55:48,161 INFO o.a.j.t.JMeterThread: Thread started: Agent searches (GET /search) 2-4
2026-10-07 16:55:48,638 INFO o.a.j.t.JMeterThread: Thread is done: Agent searches (GET /search) 2-4
2026-10-07 16:55:48,638 INFO o.a.j.t.JMeterThread: Thread finished: Agent searches (GET /search) 2-4
2026-10-07 16:55:59,544 INFO o.a.j.t.JMeterThread: Thread started: Agent searches (GET /search) 2-5
2026-10-07 16:56:00,113 INFO o.a.j.r.Summariser: summary +      5 in 00:01:58 =    0.0/s Avg:   478 Min:   115 Max:   855 Err:     0 (0.00%) Active: 1 Started: 7 Finished: 6
2026-10-07 16:56:00,114 INFO o.a.j.r.Summariser: summary =      7 in 00:02:22 =    0.0/s Avg:   382 Min:   115 Max:   855 Err:     0 (0.00%)
2026-10-07 16:56:00,114 INFO o.a.j.t.JMeterThread: Thread is done: Agent searches (GET /search) 2-5
2026-10-07 16:56:00,114 INFO o.a.j.t.JMeterThread: Thread finished: Agent searches (GET /search) 2-5
2026-10-07 16:56:29,520 INFO o.a.j.t.JMeterThread: Thread started: Agent searches (GET /search) 2-6
2026-10-07 16:56:29,685 INFO o.a.j.t.JMeterThread: Thread is done: Agent searches (GET /search) 2-6
2026-10-07 16:56:29,686 INFO o.a.j.t.JMeterThread: Thread finished: Agent searches (GET /search) 2-6
2026-10-07 16:56:41,008 INFO o.a.j.t.JMeterThread: Thread started: Ticket intake (POST /tickets) 1-3
2026-10-07 16:56:42,493 INFO o.a.j.t.JMeterThread: Thread is done: Ticket intake (POST /tickets) 1-3
2026-10-07 16:56:42,493 INFO o.a.j.t.JMeterThread: Thread finished: Ticket intake (POST /tickets) 1-3
2026-10-07 16:56:46,131 INFO o.a.j.t.JMeterThread: Thread started: Agent searches (GET /search) 2-7
2026-10-07 16:56:46,181 INFO o.a.j.t.JMeterThread: Thread is done: Agent searches (GET /search) 2-7
2026-10-07 16:56:46,181 INFO o.a.j.t.JMeterThread: Thread finished: Agent searches (GET /search) 2-7
2026-10-07 16:56:49,014 INFO o.a.j.t.JMeterThread: Thread started: Agent searches (GET /search) 2-8
2026-10-07 16:56:49,250 INFO o.a.j.t.JMeterThread: Thread is done: Agent searches (GET /search) 2-8
2026-10-07 16:56:49,250 INFO o.a.j.t.JMeterThread: Thread finished: Agent searches (GET /search) 2-8
2026-10-07 16:56:51,115 INFO o.a.j.t.JMeterThread: Thread started: Agent searches (GET /search) 2-9
2026-10-07 16:56:51,190 INFO o.a.j.t.JMeterThread: Thread is done: Agent searches (GET /search) 2-9
2026-10-07 16:56:51,190 INFO o.a.j.t.JMeterThread: Thread finished: Agent searches (GET /search) 2-9
2026-10-07 16:57:16,849 INFO o.a.j.t.JMeterThread: Thread started: Ticket intake (POST /tickets) 1-4
2026-10-07 16:57:17,504 INFO o.a.j.t.JMeterThread: Thread is done: Ticket intake (POST /tickets) 1-4
2026-10-07 16:57:17,505 INFO o.a.j.t.JMeterThread: Thread finished: Ticket intake (POST /tickets) 1-4
2026-10-07 16:57:50,366 INFO o.a.j.t.JMeterThread: Thread started: Agent searches (GET /search) 2-10
2026-10-07 16:57:51,606 INFO o.a.j.t.JMeterThread: Thread is done: Agent searches (GET /search) 2-10
2026-10-07 16:57:51,607 INFO o.a.j.t.JMeterThread: Thread finished: Agent searches (GET /search) 2-10
2026-10-07 16:57:53,380 INFO o.a.j.t.JMeterThread: Thread started: Agent searches (GET /search) 2-11
2026-10-07 16:57:53,561 INFO o.a.j.t.JMeterThread: Thread is done: Agent searches (GET /search) 2-11
2026-10-07 16:57:53,561 INFO o.a.j.t.JMeterThread: Thread finished: Agent searches (GET /search) 2-11
2026-10-07 16:58:03,698 INFO o.a.j.t.JMeterThread: Thread started: Agent searches (GET /search) 2-12
2026-10-07 16:58:03,803 INFO o.a.j.r.Summariser: summary +      9 in 00:02:04 =    0.1/s Avg:   461 Min:    46 Max:  1481 Err:     0 (0.00%) Active: 1 Started: 16 Finished: 15
2026-10-07 16:58:03,804 INFO o.a.j.r.Summariser: summary =     16 in 00:04:25 =    0.1/s Avg:   426 Min:    46 Max:  1481 Err:     0 (0.00%)
2026-10-07 16:58:03,805 INFO o.a.j.t.JMeterThread: Thread is done: Agent searches (GET /search) 2-12
2026-10-07 16:58:03,805 INFO o.a.j.t.JMeterThread: Thread finished: Agent searches (GET /search) 2-12
2026-10-07 16:58:06,077 INFO o.a.j.t.JMeterThread: Thread started: Agent searches (GET /search) 2-13
2026-10-07 16:58:06,152 INFO o.a.j.t.JMeterThread: Thread is done: Agent searches (GET /search) 2-13
2026-10-07 16:58:06,152 INFO o.a.j.t.JMeterThread: Thread finished: Agent searches (GET /search) 2-13
2026-10-07 16:58:10,513 INFO o.a.j.t.JMeterThread: Thread started: Agent searches (GET /search) 2-14
2026-10-07 16:58:10,563 INFO o.a.j.t.JMeterThread: Thread is done: Agent searches (GET /search) 2-14
2026-10-07 16:58:10,563 INFO o.a.j.t.JMeterThread: Thread finished: Agent searches (GET /search) 2-14
2026-10-07 16:58:53,455 INFO o.a.j.t.JMeterThread: Thread started: Ticket intake (POST /tickets) 1-5
2026-10-07 16:58:53,858 INFO o.a.j.t.JMeterThread: Thread is done: Ticket intake (POST /tickets) 1-5
2026-10-07 16:58:53,859 INFO o.a.j.t.JMeterThread: Thread finished: Ticket intake (POST /tickets) 1-5
2026-10-07 16:59:20,362 INFO o.a.j.t.JMeterThread: Thread started: Ticket intake (POST /tickets) 1-6
2026-10-07 16:59:21,579 INFO o.a.j.t.JMeterThread: Thread is done: Ticket intake (POST /tickets) 1-6
2026-10-07 16:59:21,580 INFO o.a.j.t.JMeterThread: Thread finished: Ticket intake (POST /tickets) 1-6
2026-10-07 16:59:29,953 INFO o.a.j.t.JMeterThread: Thread started: Agent searches (GET /search) 2-15
2026-10-07 16:59:30,103 INFO o.a.j.r.Summariser: summary +      5 in 00:01:26 =    0.1/s Avg:   374 Min:    45 Max:  1214 Err:     0 (0.00%) Active: 1 Started: 21 Finished: 20
2026-10-07 16:59:30,103 INFO o.a.j.r.Summariser: summary =     21 in 00:05:52 =    0.1/s Avg:   414 Min:    45 Max:  1481 Err:     0 (0.00%)
2026-10-07 16:59:30,104 INFO o.a.j.t.JMeterThread: Thread is done: Agent searches (GET /search) 2-15
2026-10-07 16:59:30,104 INFO o.a.j.t.JMeterThread: Thread finished: Agent searches (GET /search) 2-15
2026-10-07 16:59:47,387 INFO o.a.j.t.JMeterThread: Thread started: Agent searches (GET /search) 2-16
2026-10-07 16:59:47,507 INFO o.a.j.t.JMeterThread: Thread is done: Agent searches (GET /search) 2-16
2026-10-07 16:59:47,508 INFO o.a.j.t.JMeterThread: Thread finished: Agent searches (GET /search) 2-16
2026-10-07 16:59:51,257 INFO o.a.j.t.JMeterThread: Thread started: Agent searches (GET /search) 2-17
2026-10-07 16:59:51,409 INFO o.a.j.t.JMeterThread: Thread is done: Agent searches (GET /search) 2-17
2026-10-07 16:59:51,409 INFO o.a.j.t.JMeterThread: Thread finished: Agent searches (GET /search) 2-17
2026-10-07 16:59:54,010 INFO o.a.j.t.JMeterThread: Thread started: Agent searches (GET /search) 2-18
2026-10-07 16:59:54,059 INFO o.a.j.t.JMeterThread: Thread is done: Agent searches (GET /search) 2-18
2026-10-07 16:59:54,059 INFO o.a.j.t.JMeterThread: Thread finished: Agent searches (GET /search) 2-18
2026-10-07 17:00:19,523 INFO o.a.j.t.JMeterThread: Thread started: Ticket intake (POST /tickets) 1-7
2026-10-07 17:00:20,171 INFO o.a.j.t.JMeterThread: Thread is done: Ticket intake (POST /tickets) 1-7
2026-10-07 17:00:20,171 INFO o.a.j.t.JMeterThread: Thread finished: Ticket intake (POST /tickets) 1-7
2026-10-07 17:00:25,977 INFO o.a.j.t.JMeterThread: Thread started: Ticket intake (POST /tickets) 1-8
2026-10-07 17:00:27,063 INFO o.a.j.t.JMeterThread: Thread is done: Ticket intake (POST /tickets) 1-8
2026-10-07 17:00:27,063 INFO o.a.j.t.JMeterThread: Thread finished: Ticket intake (POST /tickets) 1-8
2026-10-07 17:00:46,795 INFO o.a.j.t.JMeterThread: Thread started: Agent searches (GET /search) 2-19
2026-10-07 17:00:47,015 INFO o.a.j.t.JMeterThread: Thread is done: Agent searches (GET /search) 2-19
2026-10-07 17:00:47,016 INFO o.a.j.t.JMeterThread: Thread finished: Agent searches (GET /search) 2-19
2026-10-07 17:01:00,360 INFO o.a.j.t.JMeterThread: Thread started: Agent searches (GET /search) 2-20
2026-10-07 17:01:00,830 INFO o.a.j.r.Summariser: summary +      7 in 00:01:31 =    0.1/s Avg:   387 Min:    46 Max:  1080 Err:     0 (0.00%) Active: 1 Started: 28 Finished: 27
2026-10-07 17:01:00,831 INFO o.a.j.r.Summariser: summary =     28 in 00:07:22 =    0.1/s Avg:   407 Min:    45 Max:  1481 Err:     0 (0.00%)
2026-10-07 17:01:00,831 INFO o.a.j.t.JMeterThread: Thread is done: Agent searches (GET /search) 2-20
2026-10-07 17:01:00,831 INFO o.a.j.t.JMeterThread: Thread finished: Agent searches (GET /search) 2-20
2026-10-07 17:01:01,888 INFO o.a.j.t.JMeterThread: Thread started: Agent searches (GET /search) 2-21
2026-10-07 17:01:02,066 INFO o.a.j.t.JMeterThread: Thread is done: Agent searches (GET /search) 2-21
2026-10-07 17:01:02,066 INFO o.a.j.t.JMeterThread: Thread finished: Agent searches (GET /search) 2-21
2026-10-07 17:01:09,856 INFO o.a.j.t.JMeterThread: Thread started: Ticket intake (POST /tickets) 1-9
2026-10-07 17:01:10,769 INFO o.a.j.t.JMeterThread: Thread is done: Ticket intake (POST /tickets) 1-9
2026-10-07 17:01:10,769 INFO o.a.j.t.JMeterThread: Thread finished: Ticket intake (POST /tickets) 1-9
2026-10-07 17:01:17,581 INFO o.a.j.t.JMeterThread: Thread started: Agent searches (GET /search) 2-22
2026-10-07 17:01:17,645 INFO o.a.j.t.JMeterThread: Thread is done: Agent searches (GET /search) 2-22
2026-10-07 17:01:17,645 INFO o.a.j.t.JMeterThread: Thread finished: Agent searches (GET /search) 2-22
2026-10-07 17:01:37,989 INFO o.a.j.t.JMeterThread: Thread started: Ticket intake (POST /tickets) 1-10
2026-10-07 17:01:38,483 INFO o.a.j.t.JMeterThread: Thread is done: Ticket intake (POST /tickets) 1-10
2026-10-07 17:01:38,483 INFO o.a.j.t.JMeterThread: Thread finished: Ticket intake (POST /tickets) 1-10
2026-10-07 17:01:38,558 INFO o.a.j.t.JMeterThread: Thread started: Agent searches (GET /search) 2-23
2026-10-07 17:01:38,719 INFO o.a.j.t.JMeterThread: Thread is done: Agent searches (GET /search) 2-23
2026-10-07 17:01:38,720 INFO o.a.j.t.JMeterThread: Thread finished: Agent searches (GET /search) 2-23
2026-10-07 17:01:57,011 INFO o.a.j.t.JMeterThread: Thread started: Agent searches (GET /search) 2-24
2026-10-07 17:01:57,276 INFO o.a.j.t.JMeterThread: Thread is done: Agent searches (GET /search) 2-24
2026-10-07 17:01:57,276 INFO o.a.j.t.JMeterThread: Thread finished: Agent searches (GET /search) 2-24
2026-10-07 17:02:06,278 INFO o.a.j.t.JMeterThread: Thread started: Agent searches (GET /search) 2-25
2026-10-07 17:02:06,377 INFO o.a.j.t.JMeterThread: Thread is done: Agent searches (GET /search) 2-25
2026-10-07 17:02:06,377 INFO o.a.j.t.JMeterThread: Thread finished: Agent searches (GET /search) 2-25
2026-10-07 17:02:23,494 INFO o.a.j.t.JMeterThread: Thread started: Agent searches (GET /search) 2-26
2026-10-07 17:02:23,742 INFO o.a.j.t.JMeterThread: Thread is done: Agent searches (GET /search) 2-26
2026-10-07 17:02:23,743 INFO o.a.j.t.JMeterThread: Thread finished: Agent searches (GET /search) 2-26
2026-10-07 17:02:28,018 INFO o.a.j.t.JMeterThread: Thread started: Ticket intake (POST /tickets) 1-11
2026-10-07 17:02:29,012 INFO o.a.j.t.JMeterThread: Thread is done: Ticket intake (POST /tickets) 1-11
2026-10-07 17:02:29,012 INFO o.a.j.t.JMeterThread: Thread finished: Ticket intake (POST /tickets) 1-11
2026-10-07 17:02:37,373 INFO o.a.j.t.JMeterThread: Thread started: Ticket intake (POST /tickets) 1-12
2026-10-07 17:02:38,083 INFO o.a.j.t.JMeterThread: Thread is done: Ticket intake (POST /tickets) 1-12
2026-10-07 17:02:38,084 INFO o.a.j.t.JMeterThread: Thread finished: Ticket intake (POST /tickets) 1-12
2026-10-07 17:02:39,260 INFO o.a.j.t.JMeterThread: Thread started: Agent searches (GET /search) 2-27
2026-10-07 17:02:39,347 INFO o.a.j.t.JMeterThread: Thread is done: Agent searches (GET /search) 2-27
2026-10-07 17:02:39,347 INFO o.a.j.t.JMeterThread: Thread finished: Agent searches (GET /search) 2-27
2026-10-07 17:02:49,870 INFO o.a.j.t.JMeterThread: Thread started: Agent searches (GET /search) 2-28
2026-10-07 17:02:49,902 INFO o.a.j.t.JMeterThread: Thread is done: Agent searches (GET /search) 2-28
2026-10-07 17:02:49,902 INFO o.a.j.t.JMeterThread: Thread finished: Agent searches (GET /search) 2-28
2026-10-07 17:03:08,178 INFO o.a.j.t.JMeterThread: Thread started: Agent searches (GET /search) 2-29
2026-10-07 17:03:08,178 INFO o.a.j.t.o.EvenArrivalsRamp: Generating 0 events, beginRate = 0.0 / sec, endRate = 0.0 / sec, duration = 300.0 sec
2026-10-07 17:03:08,179 INFO o.a.j.t.o.OpenModelThreadGroup: There will be no more events, so will wait for 330 sec till the end of the schedule
2026-10-07 17:03:08,326 INFO o.a.j.t.JMeterThread: Thread is done: Agent searches (GET /search) 2-29
2026-10-07 17:03:08,326 INFO o.a.j.t.JMeterThread: Thread finished: Agent searches (GET /search) 2-29
2026-10-07 17:03:16,444 INFO o.a.j.t.JMeterThread: Thread started: Ticket intake (POST /tickets) 1-13
2026-10-07 17:03:17,005 INFO o.a.j.t.JMeterThread: Thread is done: Ticket intake (POST /tickets) 1-13
2026-10-07 17:03:17,006 INFO o.a.j.t.JMeterThread: Thread finished: Ticket intake (POST /tickets) 1-13
2026-10-07 17:03:28,748 INFO o.a.j.t.o.EvenArrivalsRamp: Generating 0 events, beginRate = 0.0 / sec, endRate = 0.0 / sec, duration = 300.0 sec
2026-10-07 17:03:28,748 INFO o.a.j.t.JMeterThread: Thread started: Ticket intake (POST /tickets) 1-14
2026-10-07 17:03:28,748 INFO o.a.j.t.o.OpenModelThreadGroup: There will be no more events, so will wait for 309 sec till the end of the schedule
2026-10-07 17:03:29,523 INFO o.a.j.t.JMeterThread: Thread is done: Ticket intake (POST /tickets) 1-14
2026-10-07 17:03:29,523 INFO o.a.j.t.JMeterThread: Thread finished: Ticket intake (POST /tickets) 1-14
2026-10-07 17:08:38,335 INFO o.a.j.t.o.OpenModelThreadGroup: There will be no more events, will shutdown the thread pool
2026-10-07 17:08:38,336 INFO o.a.j.t.o.OpenModelThreadGroup: Thread starting done
2026-10-07 17:08:38,341 INFO o.a.j.t.o.OpenModelThreadGroup: There will be no more events, will shutdown the thread pool
2026-10-07 17:08:38,341 INFO o.a.j.t.o.OpenModelThreadGroup: Thread starting done
2026-10-07 17:08:38,341 INFO o.a.j.e.StandardJMeterEngine: Notifying test listeners of end of test
2026-10-07 17:08:38,342 INFO o.a.j.s.FileServer: Close: /Users/ridwan/Documents/GitHub/ICT3113_A1_P1-3/loadtest/data/tickets.tsv
2026-10-07 17:08:38,350 INFO o.a.j.r.Summariser: summary +     15 in 00:07:38 =    0.0/s Avg:   378 Min:    29 Max:   990 Err:     0 (0.00%) Active: 0 Started: 43 Finished: 43
2026-10-07 17:08:38,350 INFO o.a.j.r.Summariser: summary =     43 in 00:15:00 =    0.0/s Avg:   397 Min:    29 Max:  1481 Err:     0 (0.00%)
2026-10-07 17:08:38,351 INFO o.a.j.e.StandardJMeterEngine: Forced JVM shutdown requested at end of test
