2026-10-07 17:10:57,687 INFO o.a.j.u.JMeterUtils: Setting Locale to en_EN
2026-10-07 17:10:57,697 INFO o.a.j.JMeter: Loading user properties from: /Users/ridwan/Downloads/apache-jmeter-5.6.3/bin/user.properties
2026-10-07 17:10:57,697 INFO o.a.j.JMeter: Loading system properties from: /Users/ridwan/Downloads/apache-jmeter-5.6.3/bin/system.properties
2026-10-07 17:10:57,697 INFO o.a.j.JMeter: Loading additional properties from: /Users/ridwan/Documents/GitHub/ICT3113_A1_P1-3/loadtest/triage.properties
2026-10-07 17:10:57,698 INFO o.a.j.JMeter: Setting JMeter property: host=172.20.10.2
2026-10-07 17:10:57,698 INFO o.a.j.JMeter: Setting JMeter property: port=8000
2026-10-07 17:10:57,698 INFO o.a.j.JMeter: Setting JMeter property: rate=1.45
2026-10-07 17:10:57,698 INFO o.a.j.JMeter: Setting JMeter property: rate_end=1.45
2026-10-07 17:10:57,698 INFO o.a.j.JMeter: Setting JMeter property: search_rate=2.9
2026-10-07 17:10:57,698 INFO o.a.j.JMeter: Setting JMeter property: duration=10
2026-10-07 17:10:57,698 INFO o.a.j.JMeter: Setting JMeter property: drain=5
2026-10-07 17:10:57,698 INFO o.a.j.JMeter: Setting JMeter property: timeout_ms=600000
2026-10-07 17:10:57,698 INFO o.a.j.JMeter: Setting JMeter property: data=/Users/ridwan/Documents/GitHub/ICT3113_A1_P1-3/loadtest/data/tickets.tsv
2026-10-07 17:10:57,700 INFO o.a.j.JMeter: Copyright (c) 1998-2024 The Apache Software Foundation
2026-10-07 17:10:57,700 INFO o.a.j.JMeter: Version 5.6.3
2026-10-07 17:10:57,700 INFO o.a.j.JMeter: java.version=17.0.17
2026-10-07 17:10:57,700 INFO o.a.j.JMeter: java.vm.name=OpenJDK 64-Bit Server VM
2026-10-07 17:10:57,700 INFO o.a.j.JMeter: os.name=Mac OS X
2026-10-07 17:10:57,700 INFO o.a.j.JMeter: os.arch=aarch64
2026-10-07 17:10:57,700 INFO o.a.j.JMeter: os.version=26.5
2026-10-07 17:10:57,701 INFO o.a.j.JMeter: file.encoding=UTF-8
2026-10-07 17:10:57,701 INFO o.a.j.JMeter: java.awt.headless=true
2026-10-07 17:10:57,701 INFO o.a.j.JMeter: Max memory     =1073741824
2026-10-07 17:10:57,701 INFO o.a.j.JMeter: Available Processors =10
2026-10-07 17:10:57,705 INFO o.a.j.JMeter: Default Locale=English (EN)
2026-10-07 17:10:57,705 INFO o.a.j.JMeter: JMeter  Locale=English (EN)
2026-10-07 17:10:57,705 INFO o.a.j.JMeter: JMeterHome=/Users/ridwan/Downloads/apache-jmeter-5.6.3
2026-10-07 17:10:57,705 INFO o.a.j.JMeter: user.dir  =/Users/ridwan/Documents/GitHub/ICT3113_A1_P1-3
2026-10-07 17:10:57,705 INFO o.a.j.JMeter: PWD       =/Users/ridwan/Documents/GitHub/ICT3113_A1_P1-3
2026-10-07 17:10:57,707 INFO o.a.j.JMeter: IP: 127.0.0.1 Name: Muhammads-MacBook-Air-4.local FullName: localhost
2026-10-07 17:10:57,713 INFO o.a.j.s.FileServer: Default base='/Users/ridwan/Documents/GitHub/ICT3113_A1_P1-3'
2026-10-07 17:10:57,714 INFO o.a.j.s.FileServer: Set new base='/Users/ridwan/Documents/GitHub/ICT3113_A1_P1-3/loadtest'
2026-10-07 17:10:57,777 INFO o.a.j.s.SaveService: Testplan (JMX) version: 2.2. Testlog (JTL) version: 2.2
2026-10-07 17:10:57,790 INFO o.a.j.s.SaveService: Using SaveService properties version 5.0
2026-10-07 17:10:57,791 INFO o.a.j.s.SaveService: Using SaveService properties file encoding UTF-8
2026-10-07 17:10:57,792 INFO o.a.j.s.SaveService: Loading file: /Users/ridwan/Documents/GitHub/ICT3113_A1_P1-3/loadtest/triage.jmx
2026-10-07 17:10:57,819 INFO o.a.j.p.h.s.HTTPSamplerBase: Parser for text/html is org.apache.jmeter.protocol.http.parser.LagartoBasedHtmlParser
2026-10-07 17:10:57,820 INFO o.a.j.p.h.s.HTTPSamplerBase: Parser for application/xhtml+xml is org.apache.jmeter.protocol.http.parser.LagartoBasedHtmlParser
2026-10-07 17:10:57,820 INFO o.a.j.p.h.s.HTTPSamplerBase: Parser for application/xml is org.apache.jmeter.protocol.http.parser.LagartoBasedHtmlParser
2026-10-07 17:10:57,820 INFO o.a.j.p.h.s.HTTPSamplerBase: Parser for text/xml is org.apache.jmeter.protocol.http.parser.LagartoBasedHtmlParser
2026-10-07 17:10:57,820 INFO o.a.j.p.h.s.HTTPSamplerBase: Parser for text/vnd.wap.wml is org.apache.jmeter.protocol.http.parser.RegexpHTMLParser
2026-10-07 17:10:57,820 INFO o.a.j.p.h.s.HTTPSamplerBase: Parser for text/css is org.apache.jmeter.protocol.http.parser.CssParser
2026-10-07 17:10:57,826 INFO o.a.j.JMeter: Creating summariser <summary>
2026-10-07 17:10:57,833 INFO o.a.j.e.StandardJMeterEngine: Running the test!
2026-10-07 17:10:57,833 INFO o.a.j.s.SampleEvent: List of sample_variables: [rid, row]
2026-10-07 17:10:57,833 INFO o.a.j.s.SampleEvent: List of sample_variables: [rid, row]
2026-10-07 17:10:57,834 INFO o.a.j.e.u.CompoundVariable: Note: Function class names must contain the string: '.functions.'
2026-10-07 17:10:57,834 INFO o.a.j.e.u.CompoundVariable: Note: Function class names must not contain the string: '.gui.'
2026-10-07 17:10:57,926 INFO o.a.j.JMeter: Running test (1791364257926)
2026-10-07 17:10:57,933 INFO o.a.j.e.StandardJMeterEngine: Starting ThreadGroup: 1 : Ticket intake (POST /tickets)
2026-10-07 17:10:57,934 INFO o.a.j.e.StandardJMeterEngine: Starting 0 threads for group Ticket intake (POST /tickets).
2026-10-07 17:10:57,934 INFO o.a.j.e.StandardJMeterEngine: Thread will continue on error
2026-10-07 17:10:57,934 INFO o.a.j.t.o.OpenModelThreadGroup: Starting OpenModelThreadGroup#1 with schedule rate(1.45/min) random_arrivals(10 min) rate(1.45/min) pause(5 min)
2026-10-07 17:10:57,947 INFO o.a.j.e.StandardJMeterEngine: Starting ThreadGroup: 2 : Agent searches (GET /search)
2026-10-07 17:10:57,947 INFO o.a.j.e.StandardJMeterEngine: Starting 0 threads for group Agent searches (GET /search).
2026-10-07 17:10:57,947 INFO o.a.j.e.StandardJMeterEngine: Thread will continue on error
2026-10-07 17:10:57,947 INFO o.a.j.t.o.OpenModelThreadGroup: Thread starting init
2026-10-07 17:10:57,947 INFO o.a.j.t.o.OpenModelThreadGroup: Starting OpenModelThreadGroup#2 with schedule rate(2.9/min) random_arrivals(10 min) rate(2.9/min) pause(5 min)
2026-10-07 17:10:57,947 INFO o.a.j.e.StandardJMeterEngine: All thread groups have been started
2026-10-07 17:10:57,947 INFO o.a.j.t.o.OpenModelThreadGroup: Thread starting init
2026-10-07 17:10:57,948 INFO o.a.j.t.o.PoissonArrivalsRamp: Generating 29 events, beginRate = 0.04833333333333333 / sec, endRate = 0.04833333333333333 / sec, duration = 600.0 sec
2026-10-07 17:10:57,948 INFO o.a.j.t.o.PoissonArrivalsRamp: Generating 14 events, beginRate = 0.024166666666666666 / sec, endRate = 0.024166666666666666 / sec, duration = 600.0 sec
2026-10-07 17:11:03,664 INFO o.a.j.t.JMeterThread: Thread started: Ticket intake (POST /tickets) 1-1
2026-10-07 17:11:03,666 INFO o.a.j.s.FileServer: Stored: /Users/ridwan/Documents/GitHub/ICT3113_A1_P1-3/loadtest/data/tickets.tsv
2026-10-07 17:11:03,879 INFO o.a.j.p.h.s.HTTPHCAbstractImpl: Local host = Muhammads-MacBook-Air-4.local
2026-10-07 17:11:03,881 INFO o.a.j.p.h.s.HTTPHC4Impl: HTTP request retry count = 0
2026-10-07 17:11:03,881 INFO o.a.j.s.SampleResult: Note: Sample TimeStamps are START times
2026-10-07 17:11:03,881 INFO o.a.j.s.SampleResult: sampleresult.default.encoding is set to UTF-8
2026-10-07 17:11:03,881 INFO o.a.j.s.SampleResult: sampleresult.useNanoTime=true
2026-10-07 17:11:03,881 INFO o.a.j.s.SampleResult: sampleresult.nanoThreadSleep=5000
2026-10-07 17:11:04,291 INFO o.a.j.r.Summariser: summary +      1 in 00:00:06 =    0.2/s Avg:   385 Min:   385 Max:   385 Err:     0 (0.00%) Active: 1 Started: 1 Finished: 0
2026-10-07 17:11:04,292 INFO o.a.j.t.JMeterThread: Thread is done: Ticket intake (POST /tickets) 1-1
2026-10-07 17:11:04,292 INFO o.a.j.t.JMeterThread: Thread finished: Ticket intake (POST /tickets) 1-1
2026-10-07 17:11:16,738 INFO o.a.j.t.JMeterThread: Thread started: Agent searches (GET /search) 2-1
2026-10-07 17:11:17,150 INFO o.a.j.t.JMeterThread: Thread is done: Agent searches (GET /search) 2-1
2026-10-07 17:11:17,150 INFO o.a.j.t.JMeterThread: Thread finished: Agent searches (GET /search) 2-1
2026-10-07 17:11:19,994 INFO o.a.j.t.JMeterThread: Thread started: Agent searches (GET /search) 2-2
2026-10-07 17:11:20,209 INFO o.a.j.t.JMeterThread: Thread is done: Agent searches (GET /search) 2-2
2026-10-07 17:11:20,210 INFO o.a.j.t.JMeterThread: Thread finished: Agent searches (GET /search) 2-2
2026-10-07 17:11:21,127 INFO o.a.j.t.JMeterThread: Thread started: Ticket intake (POST /tickets) 1-2
2026-10-07 17:11:22,269 INFO o.a.j.t.JMeterThread: Thread is done: Ticket intake (POST /tickets) 1-2
2026-10-07 17:11:22,270 INFO o.a.j.t.JMeterThread: Thread finished: Ticket intake (POST /tickets) 1-2
2026-10-07 17:11:23,550 INFO o.a.j.t.JMeterThread: Thread started: Ticket intake (POST /tickets) 1-3
2026-10-07 17:11:24,587 INFO o.a.j.t.JMeterThread: Thread started: Agent searches (GET /search) 2-3
2026-10-07 17:11:24,755 INFO o.a.j.t.JMeterThread: Thread is done: Ticket intake (POST /tickets) 1-3
2026-10-07 17:11:24,755 INFO o.a.j.t.JMeterThread: Thread finished: Ticket intake (POST /tickets) 1-3
2026-10-07 17:11:24,788 INFO o.a.j.t.JMeterThread: Thread is done: Agent searches (GET /search) 2-3
2026-10-07 17:11:24,788 INFO o.a.j.t.JMeterThread: Thread finished: Agent searches (GET /search) 2-3
2026-10-07 17:12:03,510 INFO o.a.j.t.JMeterThread: Thread started: Ticket intake (POST /tickets) 1-4
2026-10-07 17:12:04,166 INFO o.a.j.r.Summariser: summary +      6 in 00:01:00 =    0.1/s Avg:   623 Min:   197 Max:  1200 Err:     0 (0.00%) Active: 1 Started: 7 Finished: 6
2026-10-07 17:12:04,167 INFO o.a.j.r.Summariser: summary =      7 in 00:01:06 =    0.1/s Avg:   589 Min:   197 Max:  1200 Err:     0 (0.00%)
2026-10-07 17:12:04,168 INFO o.a.j.t.JMeterThread: Thread is done: Ticket intake (POST /tickets) 1-4
2026-10-07 17:12:04,168 INFO o.a.j.t.JMeterThread: Thread finished: Ticket intake (POST /tickets) 1-4
2026-10-07 17:12:06,705 INFO o.a.j.t.JMeterThread: Thread started: Agent searches (GET /search) 2-4
2026-10-07 17:12:06,830 INFO o.a.j.t.JMeterThread: Thread is done: Agent searches (GET /search) 2-4
2026-10-07 17:12:06,831 INFO o.a.j.t.JMeterThread: Thread finished: Agent searches (GET /search) 2-4
2026-10-07 17:12:21,753 INFO o.a.j.t.JMeterThread: Thread started: Agent searches (GET /search) 2-5
2026-10-07 17:12:21,898 INFO o.a.j.t.JMeterThread: Thread is done: Agent searches (GET /search) 2-5
2026-10-07 17:12:21,898 INFO o.a.j.t.JMeterThread: Thread finished: Agent searches (GET /search) 2-5
2026-10-07 17:12:25,282 INFO o.a.j.t.JMeterThread: Thread started: Ticket intake (POST /tickets) 1-5
2026-10-07 17:12:25,741 INFO o.a.j.t.JMeterThread: Thread is done: Ticket intake (POST /tickets) 1-5
2026-10-07 17:12:25,742 INFO o.a.j.t.JMeterThread: Thread finished: Ticket intake (POST /tickets) 1-5
2026-10-07 17:12:43,912 INFO o.a.j.t.JMeterThread: Thread started: Agent searches (GET /search) 2-6
2026-10-07 17:12:44,189 INFO o.a.j.t.JMeterThread: Thread is done: Agent searches (GET /search) 2-6
2026-10-07 17:12:44,189 INFO o.a.j.t.JMeterThread: Thread finished: Agent searches (GET /search) 2-6
2026-10-07 17:12:49,242 INFO o.a.j.t.JMeterThread: Thread started: Ticket intake (POST /tickets) 1-6
2026-10-07 17:12:50,172 INFO o.a.j.t.JMeterThread: Thread is done: Ticket intake (POST /tickets) 1-6
2026-10-07 17:12:50,172 INFO o.a.j.t.JMeterThread: Thread finished: Ticket intake (POST /tickets) 1-6
2026-10-07 17:12:56,877 INFO o.a.j.t.JMeterThread: Thread started: Agent searches (GET /search) 2-7
2026-10-07 17:12:56,989 INFO o.a.j.t.JMeterThread: Thread is done: Agent searches (GET /search) 2-7
2026-10-07 17:12:56,989 INFO o.a.j.t.JMeterThread: Thread finished: Agent searches (GET /search) 2-7
2026-10-07 17:13:18,483 INFO o.a.j.t.JMeterThread: Thread started: Agent searches (GET /search) 2-8
2026-10-07 17:13:18,533 INFO o.a.j.t.JMeterThread: Thread is done: Agent searches (GET /search) 2-8
2026-10-07 17:13:18,533 INFO o.a.j.t.JMeterThread: Thread finished: Agent searches (GET /search) 2-8
2026-10-07 17:13:39,569 INFO o.a.j.t.JMeterThread: Thread started: Ticket intake (POST /tickets) 1-7
2026-10-07 17:13:40,628 INFO o.a.j.t.JMeterThread: Thread is done: Ticket intake (POST /tickets) 1-7
2026-10-07 17:13:40,628 INFO o.a.j.t.JMeterThread: Thread finished: Ticket intake (POST /tickets) 1-7
2026-10-07 17:13:51,156 INFO o.a.j.t.JMeterThread: Thread started: Agent searches (GET /search) 2-9
2026-10-07 17:13:51,762 INFO o.a.j.t.JMeterThread: Thread is done: Agent searches (GET /search) 2-9
2026-10-07 17:13:51,762 INFO o.a.j.t.JMeterThread: Thread finished: Agent searches (GET /search) 2-9
2026-10-07 17:14:22,214 INFO o.a.j.t.JMeterThread: Thread started: Agent searches (GET /search) 2-10
2026-10-07 17:14:22,377 INFO o.a.j.t.JMeterThread: Thread is done: Agent searches (GET /search) 2-10
2026-10-07 17:14:22,377 INFO o.a.j.t.JMeterThread: Thread finished: Agent searches (GET /search) 2-10
2026-10-07 17:14:32,623 INFO o.a.j.t.JMeterThread: Thread started: Agent searches (GET /search) 2-11
2026-10-07 17:14:33,299 INFO o.a.j.r.Summariser: summary +     11 in 00:02:29 =    0.1/s Avg:   413 Min:    44 Max:  1055 Err:     0 (0.00%) Active: 1 Started: 18 Finished: 17
2026-10-07 17:14:33,300 INFO o.a.j.r.Summariser: summary =     18 in 00:03:35 =    0.1/s Avg:   482 Min:    44 Max:  1200 Err:     0 (0.00%)
2026-10-07 17:14:33,301 INFO o.a.j.t.JMeterThread: Thread is done: Agent searches (GET /search) 2-11
2026-10-07 17:14:33,301 INFO o.a.j.t.JMeterThread: Thread finished: Agent searches (GET /search) 2-11
2026-10-07 17:14:44,604 INFO o.a.j.t.JMeterThread: Thread started: Agent searches (GET /search) 2-12
2026-10-07 17:14:44,790 INFO o.a.j.t.JMeterThread: Thread is done: Agent searches (GET /search) 2-12
2026-10-07 17:14:44,791 INFO o.a.j.t.JMeterThread: Thread finished: Agent searches (GET /search) 2-12
2026-10-07 17:15:28,664 INFO o.a.j.t.JMeterThread: Thread started: Agent searches (GET /search) 2-13
2026-10-07 17:15:28,995 INFO o.a.j.t.JMeterThread: Thread is done: Agent searches (GET /search) 2-13
2026-10-07 17:15:28,995 INFO o.a.j.t.JMeterThread: Thread finished: Agent searches (GET /search) 2-13
2026-10-07 17:15:29,251 INFO o.a.j.t.JMeterThread: Thread started: Agent searches (GET /search) 2-14
2026-10-07 17:15:31,396 INFO o.a.j.r.Summariser: summary +      3 in 00:00:58 =    0.1/s Avg:   883 Min:   183 Max:  2141 Err:     0 (0.00%) Active: 1 Started: 21 Finished: 20
2026-10-07 17:15:31,397 INFO o.a.j.r.Summariser: summary =     21 in 00:04:33 =    0.1/s Avg:   539 Min:    44 Max:  2141 Err:     0 (0.00%)
2026-10-07 17:15:31,398 INFO o.a.j.t.JMeterThread: Thread is done: Agent searches (GET /search) 2-14
2026-10-07 17:15:31,398 INFO o.a.j.t.JMeterThread: Thread finished: Agent searches (GET /search) 2-14
2026-10-07 17:15:39,584 INFO o.a.j.t.JMeterThread: Thread started: Ticket intake (POST /tickets) 1-8
2026-10-07 17:15:41,293 INFO o.a.j.t.JMeterThread: Thread is done: Ticket intake (POST /tickets) 1-8
2026-10-07 17:15:41,293 INFO o.a.j.t.JMeterThread: Thread finished: Ticket intake (POST /tickets) 1-8
2026-10-07 17:16:05,664 INFO o.a.j.t.JMeterThread: Thread started: Agent searches (GET /search) 2-15
2026-10-07 17:16:06,517 INFO o.a.j.t.JMeterThread: Thread is done: Agent searches (GET /search) 2-15
2026-10-07 17:16:06,517 INFO o.a.j.t.JMeterThread: Thread finished: Agent searches (GET /search) 2-15
2026-10-07 17:16:23,515 INFO o.a.j.t.JMeterThread: Thread started: Ticket intake (POST /tickets) 1-9
2026-10-07 17:16:24,002 INFO o.a.j.t.JMeterThread: Thread started: Agent searches (GET /search) 2-16
2026-10-07 17:16:24,219 INFO o.a.j.t.JMeterThread: Thread is done: Agent searches (GET /search) 2-16
2026-10-07 17:16:24,219 INFO o.a.j.t.JMeterThread: Thread finished: Agent searches (GET /search) 2-16
2026-10-07 17:16:24,643 INFO o.a.j.t.JMeterThread: Thread is done: Ticket intake (POST /tickets) 1-9
2026-10-07 17:16:24,643 INFO o.a.j.t.JMeterThread: Thread finished: Ticket intake (POST /tickets) 1-9
2026-10-07 17:16:27,665 INFO o.a.j.t.JMeterThread: Thread started: Ticket intake (POST /tickets) 1-10
2026-10-07 17:16:28,503 INFO o.a.j.t.JMeterThread: Thread is done: Ticket intake (POST /tickets) 1-10
2026-10-07 17:16:28,503 INFO o.a.j.t.JMeterThread: Thread finished: Ticket intake (POST /tickets) 1-10
2026-10-07 17:16:41,335 INFO o.a.j.t.JMeterThread: Thread started: Agent searches (GET /search) 2-17
2026-10-07 17:16:41,536 INFO o.a.j.t.JMeterThread: Thread is done: Agent searches (GET /search) 2-17
2026-10-07 17:16:41,537 INFO o.a.j.t.JMeterThread: Thread finished: Agent searches (GET /search) 2-17
2026-10-07 17:17:09,802 INFO o.a.j.t.JMeterThread: Thread started: Agent searches (GET /search) 2-18
2026-10-07 17:17:09,904 INFO o.a.j.t.JMeterThread: Thread is done: Agent searches (GET /search) 2-18
2026-10-07 17:17:09,905 INFO o.a.j.t.JMeterThread: Thread finished: Agent searches (GET /search) 2-18
2026-10-07 17:17:20,179 INFO o.a.j.t.JMeterThread: Thread started: Agent searches (GET /search) 2-19
2026-10-07 17:17:20,350 INFO o.a.j.t.JMeterThread: Thread is done: Agent searches (GET /search) 2-19
2026-10-07 17:17:20,350 INFO o.a.j.t.JMeterThread: Thread finished: Agent searches (GET /search) 2-19
2026-10-07 17:17:21,735 INFO o.a.j.t.JMeterThread: Thread started: Agent searches (GET /search) 2-20
2026-10-07 17:17:21,990 INFO o.a.j.t.JMeterThread: Thread is done: Agent searches (GET /search) 2-20
2026-10-07 17:17:21,991 INFO o.a.j.t.JMeterThread: Thread finished: Agent searches (GET /search) 2-20
2026-10-07 17:17:41,050 INFO o.a.j.t.JMeterThread: Thread started: Ticket intake (POST /tickets) 1-11
2026-10-07 17:17:42,333 INFO o.a.j.t.JMeterThread: Thread is done: Ticket intake (POST /tickets) 1-11
2026-10-07 17:17:42,333 INFO o.a.j.t.JMeterThread: Thread finished: Ticket intake (POST /tickets) 1-11
2026-10-07 17:17:45,989 INFO o.a.j.t.JMeterThread: Thread started: Agent searches (GET /search) 2-21
2026-10-07 17:17:46,132 INFO o.a.j.t.JMeterThread: Thread is done: Agent searches (GET /search) 2-21
2026-10-07 17:17:46,133 INFO o.a.j.t.JMeterThread: Thread finished: Agent searches (GET /search) 2-21
2026-10-07 17:18:09,517 INFO o.a.j.t.JMeterThread: Thread started: Ticket intake (POST /tickets) 1-12
2026-10-07 17:18:09,928 INFO o.a.j.t.JMeterThread: Thread started: Agent searches (GET /search) 2-22
2026-10-07 17:18:10,225 INFO o.a.j.t.JMeterThread: Thread is done: Ticket intake (POST /tickets) 1-12
2026-10-07 17:18:10,225 INFO o.a.j.t.JMeterThread: Thread finished: Ticket intake (POST /tickets) 1-12
2026-10-07 17:18:10,225 INFO o.a.j.t.JMeterThread: Thread is done: Agent searches (GET /search) 2-22
2026-10-07 17:18:10,225 INFO o.a.j.t.JMeterThread: Thread finished: Agent searches (GET /search) 2-22
2026-10-07 17:18:26,988 INFO o.a.j.t.JMeterThread: Thread started: Agent searches (GET /search) 2-23
2026-10-07 17:18:27,132 INFO o.a.j.t.JMeterThread: Thread is done: Agent searches (GET /search) 2-23
2026-10-07 17:18:27,132 INFO o.a.j.t.JMeterThread: Thread finished: Agent searches (GET /search) 2-23
2026-10-07 17:18:37,187 INFO o.a.j.t.JMeterThread: Thread started: Ticket intake (POST /tickets) 1-13
2026-10-07 17:18:37,743 INFO o.a.j.t.JMeterThread: Thread is done: Ticket intake (POST /tickets) 1-13
2026-10-07 17:18:37,744 INFO o.a.j.t.JMeterThread: Thread finished: Ticket intake (POST /tickets) 1-13
2026-10-07 17:18:45,715 INFO o.a.j.t.JMeterThread: Thread started: Agent searches (GET /search) 2-24
2026-10-07 17:18:46,085 INFO o.a.j.t.JMeterThread: Thread is done: Agent searches (GET /search) 2-24
2026-10-07 17:18:46,085 INFO o.a.j.t.JMeterThread: Thread finished: Agent searches (GET /search) 2-24
2026-10-07 17:18:49,426 INFO o.a.j.t.JMeterThread: Thread started: Agent searches (GET /search) 2-25
2026-10-07 17:18:49,624 INFO o.a.j.t.JMeterThread: Thread is done: Agent searches (GET /search) 2-25
2026-10-07 17:18:49,625 INFO o.a.j.t.JMeterThread: Thread finished: Agent searches (GET /search) 2-25
2026-10-07 17:19:08,272 INFO o.a.j.t.JMeterThread: Thread started: Agent searches (GET /search) 2-26
2026-10-07 17:19:08,367 INFO o.a.j.t.JMeterThread: Thread is done: Agent searches (GET /search) 2-26
2026-10-07 17:19:08,367 INFO o.a.j.t.JMeterThread: Thread finished: Agent searches (GET /search) 2-26
2026-10-07 17:19:12,079 INFO o.a.j.t.o.EvenArrivalsRamp: Generating 0 events, beginRate = 0.0 / sec, endRate = 0.0 / sec, duration = 300.0 sec
2026-10-07 17:19:12,079 INFO o.a.j.t.JMeterThread: Thread started: Ticket intake (POST /tickets) 1-14
2026-10-07 17:19:12,079 INFO o.a.j.t.o.OpenModelThreadGroup: There will be no more events, so will wait for 405 sec till the end of the schedule
2026-10-07 17:19:13,291 INFO o.a.j.t.JMeterThread: Thread is done: Ticket intake (POST /tickets) 1-14
2026-10-07 17:19:13,291 INFO o.a.j.t.JMeterThread: Thread finished: Ticket intake (POST /tickets) 1-14
2026-10-07 17:19:38,966 INFO o.a.j.t.JMeterThread: Thread started: Agent searches (GET /search) 2-27
2026-10-07 17:19:39,001 INFO o.a.j.t.JMeterThread: Thread is done: Agent searches (GET /search) 2-27
2026-10-07 17:19:39,002 INFO o.a.j.t.JMeterThread: Thread finished: Agent searches (GET /search) 2-27
2026-10-07 17:20:10,887 INFO o.a.j.t.JMeterThread: Thread started: Agent searches (GET /search) 2-28
2026-10-07 17:20:11,047 INFO o.a.j.t.JMeterThread: Thread is done: Agent searches (GET /search) 2-28
2026-10-07 17:20:11,047 INFO o.a.j.t.JMeterThread: Thread finished: Agent searches (GET /search) 2-28
2026-10-07 17:20:34,901 INFO o.a.j.t.JMeterThread: Thread started: Agent searches (GET /search) 2-29
2026-10-07 17:20:34,900 INFO o.a.j.t.o.EvenArrivalsRamp: Generating 0 events, beginRate = 0.0 / sec, endRate = 0.0 / sec, duration = 300.0 sec
2026-10-07 17:20:34,901 INFO o.a.j.t.o.OpenModelThreadGroup: There will be no more events, so will wait for 322 sec till the end of the schedule
2026-10-07 17:20:35,218 INFO o.a.j.r.Summariser: summary +     22 in 00:05:04 =    0.1/s Avg:   495 Min:    32 Max:  1704 Err:     0 (0.00%) Active: 1 Started: 43 Finished: 42
2026-10-07 17:20:35,219 INFO o.a.j.r.Summariser: summary =     43 in 00:09:37 =    0.1/s Avg:   517 Min:    32 Max:  2141 Err:     0 (0.00%)
2026-10-07 17:20:35,219 INFO o.a.j.t.JMeterThread: Thread is done: Agent searches (GET /search) 2-29
2026-10-07 17:20:35,219 INFO o.a.j.t.JMeterThread: Thread finished: Agent searches (GET /search) 2-29
2026-10-07 17:26:30,078 INFO o.a.j.t.o.OpenModelThreadGroup: There will be no more events, will shutdown the thread pool
2026-10-07 17:26:30,078 INFO o.a.j.t.o.OpenModelThreadGroup: There will be no more events, will shutdown the thread pool
2026-10-07 17:26:30,080 INFO o.a.j.t.o.OpenModelThreadGroup: Thread starting done
2026-10-07 17:26:30,083 INFO o.a.j.t.o.OpenModelThreadGroup: Thread starting done
2026-10-07 17:26:30,083 INFO o.a.j.e.StandardJMeterEngine: Notifying test listeners of end of test
2026-10-07 17:26:30,083 INFO o.a.j.s.FileServer: Close: /Users/ridwan/Documents/GitHub/ICT3113_A1_P1-3/loadtest/data/tickets.tsv
2026-10-07 17:26:30,090 INFO o.a.j.r.Summariser: summary =     43 in 00:15:32 =    0.0/s Avg:   517 Min:    32 Max:  2141 Err:     0 (0.00%)
2026-10-07 17:26:30,091 INFO o.a.j.e.StandardJMeterEngine: Forced JVM shutdown requested at end of test
