2026-10-07 16:36:33,292 INFO o.a.j.u.JMeterUtils: Setting Locale to en_EN
2026-10-07 16:36:33,301 INFO o.a.j.JMeter: Loading user properties from: /Users/ridwan/Downloads/apache-jmeter-5.6.3/bin/user.properties
2026-10-07 16:36:33,301 INFO o.a.j.JMeter: Loading system properties from: /Users/ridwan/Downloads/apache-jmeter-5.6.3/bin/system.properties
2026-10-07 16:36:33,302 INFO o.a.j.JMeter: Loading additional properties from: /Users/ridwan/Documents/GitHub/ICT3113_A1_P1-3/loadtest/triage.properties
2026-10-07 16:36:33,302 INFO o.a.j.JMeter: Setting JMeter property: host=172.20.10.2
2026-10-07 16:36:33,302 INFO o.a.j.JMeter: Setting JMeter property: port=8000
2026-10-07 16:36:33,302 INFO o.a.j.JMeter: Setting JMeter property: rate=1.45
2026-10-07 16:36:33,302 INFO o.a.j.JMeter: Setting JMeter property: rate_end=1.45
2026-10-07 16:36:33,302 INFO o.a.j.JMeter: Setting JMeter property: search_rate=2.9
2026-10-07 16:36:33,302 INFO o.a.j.JMeter: Setting JMeter property: duration=10
2026-10-07 16:36:33,302 INFO o.a.j.JMeter: Setting JMeter property: drain=5
2026-10-07 16:36:33,302 INFO o.a.j.JMeter: Setting JMeter property: timeout_ms=600000
2026-10-07 16:36:33,302 INFO o.a.j.JMeter: Setting JMeter property: data=/Users/ridwan/Documents/GitHub/ICT3113_A1_P1-3/loadtest/data/tickets.tsv
2026-10-07 16:36:33,305 INFO o.a.j.JMeter: Copyright (c) 1998-2024 The Apache Software Foundation
2026-10-07 16:36:33,305 INFO o.a.j.JMeter: Version 5.6.3
2026-10-07 16:36:33,305 INFO o.a.j.JMeter: java.version=17.0.17
2026-10-07 16:36:33,305 INFO o.a.j.JMeter: java.vm.name=OpenJDK 64-Bit Server VM
2026-10-07 16:36:33,305 INFO o.a.j.JMeter: os.name=Mac OS X
2026-10-07 16:36:33,305 INFO o.a.j.JMeter: os.arch=aarch64
2026-10-07 16:36:33,305 INFO o.a.j.JMeter: os.version=26.5
2026-10-07 16:36:33,305 INFO o.a.j.JMeter: file.encoding=UTF-8
2026-10-07 16:36:33,305 INFO o.a.j.JMeter: java.awt.headless=true
2026-10-07 16:36:33,305 INFO o.a.j.JMeter: Max memory     =1073741824
2026-10-07 16:36:33,305 INFO o.a.j.JMeter: Available Processors =10
2026-10-07 16:36:33,309 INFO o.a.j.JMeter: Default Locale=English (EN)
2026-10-07 16:36:33,309 INFO o.a.j.JMeter: JMeter  Locale=English (EN)
2026-10-07 16:36:33,309 INFO o.a.j.JMeter: JMeterHome=/Users/ridwan/Downloads/apache-jmeter-5.6.3
2026-10-07 16:36:33,309 INFO o.a.j.JMeter: user.dir  =/Users/ridwan/Documents/GitHub/ICT3113_A1_P1-3
2026-10-07 16:36:33,309 INFO o.a.j.JMeter: PWD       =/Users/ridwan/Documents/GitHub/ICT3113_A1_P1-3
2026-10-07 16:36:33,311 INFO o.a.j.JMeter: IP: 127.0.0.1 Name: Muhammads-MacBook-Air-4.local FullName: localhost
2026-10-07 16:36:33,317 INFO o.a.j.s.FileServer: Default base='/Users/ridwan/Documents/GitHub/ICT3113_A1_P1-3'
2026-10-07 16:36:33,318 INFO o.a.j.s.FileServer: Set new base='/Users/ridwan/Documents/GitHub/ICT3113_A1_P1-3/loadtest'
2026-10-07 16:36:33,379 INFO o.a.j.s.SaveService: Testplan (JMX) version: 2.2. Testlog (JTL) version: 2.2
2026-10-07 16:36:33,392 INFO o.a.j.s.SaveService: Using SaveService properties version 5.0
2026-10-07 16:36:33,393 INFO o.a.j.s.SaveService: Using SaveService properties file encoding UTF-8
2026-10-07 16:36:33,393 INFO o.a.j.s.SaveService: Loading file: /Users/ridwan/Documents/GitHub/ICT3113_A1_P1-3/loadtest/triage.jmx
2026-10-07 16:36:33,421 INFO o.a.j.p.h.s.HTTPSamplerBase: Parser for text/html is org.apache.jmeter.protocol.http.parser.LagartoBasedHtmlParser
2026-10-07 16:36:33,421 INFO o.a.j.p.h.s.HTTPSamplerBase: Parser for application/xhtml+xml is org.apache.jmeter.protocol.http.parser.LagartoBasedHtmlParser
2026-10-07 16:36:33,421 INFO o.a.j.p.h.s.HTTPSamplerBase: Parser for application/xml is org.apache.jmeter.protocol.http.parser.LagartoBasedHtmlParser
2026-10-07 16:36:33,421 INFO o.a.j.p.h.s.HTTPSamplerBase: Parser for text/xml is org.apache.jmeter.protocol.http.parser.LagartoBasedHtmlParser
2026-10-07 16:36:33,421 INFO o.a.j.p.h.s.HTTPSamplerBase: Parser for text/vnd.wap.wml is org.apache.jmeter.protocol.http.parser.RegexpHTMLParser
2026-10-07 16:36:33,421 INFO o.a.j.p.h.s.HTTPSamplerBase: Parser for text/css is org.apache.jmeter.protocol.http.parser.CssParser
2026-10-07 16:36:33,428 INFO o.a.j.JMeter: Creating summariser <summary>
2026-10-07 16:36:33,434 INFO o.a.j.e.StandardJMeterEngine: Running the test!
2026-10-07 16:36:33,434 INFO o.a.j.s.SampleEvent: List of sample_variables: [rid, row]
2026-10-07 16:36:33,434 INFO o.a.j.s.SampleEvent: List of sample_variables: [rid, row]
2026-10-07 16:36:33,436 INFO o.a.j.e.u.CompoundVariable: Note: Function class names must contain the string: '.functions.'
2026-10-07 16:36:33,436 INFO o.a.j.e.u.CompoundVariable: Note: Function class names must not contain the string: '.gui.'
2026-10-07 16:36:33,527 INFO o.a.j.JMeter: Running test (1791362193527)
2026-10-07 16:36:33,535 INFO o.a.j.e.StandardJMeterEngine: Starting ThreadGroup: 1 : Ticket intake (POST /tickets)
2026-10-07 16:36:33,535 INFO o.a.j.e.StandardJMeterEngine: Starting 0 threads for group Ticket intake (POST /tickets).
2026-10-07 16:36:33,535 INFO o.a.j.e.StandardJMeterEngine: Thread will continue on error
2026-10-07 16:36:33,535 INFO o.a.j.t.o.OpenModelThreadGroup: Starting OpenModelThreadGroup#1 with schedule rate(1.45/min) random_arrivals(10 min) rate(1.45/min) pause(5 min)
2026-10-07 16:36:33,549 INFO o.a.j.e.StandardJMeterEngine: Starting ThreadGroup: 2 : Agent searches (GET /search)
2026-10-07 16:36:33,550 INFO o.a.j.e.StandardJMeterEngine: Starting 0 threads for group Agent searches (GET /search).
2026-10-07 16:36:33,550 INFO o.a.j.e.StandardJMeterEngine: Thread will continue on error
2026-10-07 16:36:33,549 INFO o.a.j.t.o.OpenModelThreadGroup: Thread starting init
2026-10-07 16:36:33,550 INFO o.a.j.t.o.OpenModelThreadGroup: Starting OpenModelThreadGroup#2 with schedule rate(2.9/min) random_arrivals(10 min) rate(2.9/min) pause(5 min)
2026-10-07 16:36:33,550 INFO o.a.j.e.StandardJMeterEngine: All thread groups have been started
2026-10-07 16:36:33,550 INFO o.a.j.t.o.OpenModelThreadGroup: Thread starting init
2026-10-07 16:36:33,551 INFO o.a.j.t.o.PoissonArrivalsRamp: Generating 14 events, beginRate = 0.024166666666666666 / sec, endRate = 0.024166666666666666 / sec, duration = 600.0 sec
2026-10-07 16:36:33,551 INFO o.a.j.t.o.PoissonArrivalsRamp: Generating 29 events, beginRate = 0.04833333333333333 / sec, endRate = 0.04833333333333333 / sec, duration = 600.0 sec
2026-10-07 16:36:42,087 INFO o.a.j.t.JMeterThread: Thread started: Ticket intake (POST /tickets) 1-1
2026-10-07 16:36:42,088 INFO o.a.j.s.FileServer: Stored: /Users/ridwan/Documents/GitHub/ICT3113_A1_P1-3/loadtest/data/tickets.tsv
2026-10-07 16:36:42,285 INFO o.a.j.p.h.s.HTTPHCAbstractImpl: Local host = Muhammads-MacBook-Air-4.local
2026-10-07 16:36:42,287 INFO o.a.j.p.h.s.HTTPHC4Impl: HTTP request retry count = 0
2026-10-07 16:36:42,288 INFO o.a.j.s.SampleResult: Note: Sample TimeStamps are START times
2026-10-07 16:36:42,288 INFO o.a.j.s.SampleResult: sampleresult.default.encoding is set to UTF-8
2026-10-07 16:36:42,288 INFO o.a.j.s.SampleResult: sampleresult.useNanoTime=true
2026-10-07 16:36:42,288 INFO o.a.j.s.SampleResult: sampleresult.nanoThreadSleep=5000
2026-10-07 16:36:42,765 INFO o.a.j.t.JMeterThread: Thread is done: Ticket intake (POST /tickets) 1-1
2026-10-07 16:36:42,765 INFO o.a.j.t.JMeterThread: Thread finished: Ticket intake (POST /tickets) 1-1
2026-10-07 16:36:52,451 INFO o.a.j.t.JMeterThread: Thread started: Agent searches (GET /search) 2-1
2026-10-07 16:36:52,610 INFO o.a.j.t.JMeterThread: Thread is done: Agent searches (GET /search) 2-1
2026-10-07 16:36:52,610 INFO o.a.j.t.JMeterThread: Thread finished: Agent searches (GET /search) 2-1
2026-10-07 16:36:53,276 INFO o.a.j.t.JMeterThread: Thread started: Agent searches (GET /search) 2-2
2026-10-07 16:36:53,428 INFO o.a.j.t.JMeterThread: Thread is done: Agent searches (GET /search) 2-2
2026-10-07 16:36:53,428 INFO o.a.j.t.JMeterThread: Thread finished: Agent searches (GET /search) 2-2
2026-10-07 16:36:56,878 INFO o.a.j.t.JMeterThread: Thread started: Agent searches (GET /search) 2-3
2026-10-07 16:36:57,117 INFO o.a.j.t.JMeterThread: Thread is done: Agent searches (GET /search) 2-3
2026-10-07 16:36:57,118 INFO o.a.j.t.JMeterThread: Thread finished: Agent searches (GET /search) 2-3
2026-10-07 16:37:04,947 INFO o.a.j.t.JMeterThread: Thread started: Agent searches (GET /search) 2-4
2026-10-07 16:37:05,253 INFO o.a.j.r.Summariser: summary +      5 in 00:00:32 =    0.2/s Avg:   246 Min:   101 Max:   453 Err:     0 (0.00%) Active: 1 Started: 5 Finished: 4
2026-10-07 16:37:05,253 INFO o.a.j.t.JMeterThread: Thread is done: Agent searches (GET /search) 2-4
2026-10-07 16:37:05,254 INFO o.a.j.t.JMeterThread: Thread finished: Agent searches (GET /search) 2-4
2026-10-07 16:37:17,867 INFO o.a.j.t.JMeterThread: Thread started: Agent searches (GET /search) 2-5
2026-10-07 16:37:17,959 INFO o.a.j.t.JMeterThread: Thread is done: Agent searches (GET /search) 2-5
2026-10-07 16:37:17,959 INFO o.a.j.t.JMeterThread: Thread finished: Agent searches (GET /search) 2-5
2026-10-07 16:37:29,670 INFO o.a.j.t.JMeterThread: Thread started: Agent searches (GET /search) 2-6
2026-10-07 16:37:29,865 INFO o.a.j.t.JMeterThread: Thread is done: Agent searches (GET /search) 2-6
2026-10-07 16:37:29,865 INFO o.a.j.t.JMeterThread: Thread finished: Agent searches (GET /search) 2-6
2026-10-07 16:37:39,567 INFO o.a.j.t.JMeterThread: Thread started: Agent searches (GET /search) 2-7
2026-10-07 16:37:39,797 INFO o.a.j.t.JMeterThread: Thread is done: Agent searches (GET /search) 2-7
2026-10-07 16:37:39,797 INFO o.a.j.t.JMeterThread: Thread finished: Agent searches (GET /search) 2-7
2026-10-07 16:37:45,101 INFO o.a.j.t.JMeterThread: Thread started: Ticket intake (POST /tickets) 1-2
2026-10-07 16:37:46,041 INFO o.a.j.t.JMeterThread: Thread is done: Ticket intake (POST /tickets) 1-2
2026-10-07 16:37:46,041 INFO o.a.j.t.JMeterThread: Thread finished: Ticket intake (POST /tickets) 1-2
2026-10-07 16:37:51,717 INFO o.a.j.t.JMeterThread: Thread started: Agent searches (GET /search) 2-8
2026-10-07 16:37:51,793 INFO o.a.j.t.JMeterThread: Thread is done: Agent searches (GET /search) 2-8
2026-10-07 16:37:51,794 INFO o.a.j.t.JMeterThread: Thread finished: Agent searches (GET /search) 2-8
2026-10-07 16:38:42,009 INFO o.a.j.t.JMeterThread: Thread started: Ticket intake (POST /tickets) 1-3
2026-10-07 16:38:43,200 INFO o.a.j.t.JMeterThread: Thread is done: Ticket intake (POST /tickets) 1-3
2026-10-07 16:38:43,200 INFO o.a.j.t.JMeterThread: Thread finished: Ticket intake (POST /tickets) 1-3
2026-10-07 16:38:45,395 INFO o.a.j.t.JMeterThread: Thread started: Ticket intake (POST /tickets) 1-4
2026-10-07 16:38:46,002 INFO o.a.j.t.JMeterThread: Thread started: Agent searches (GET /search) 2-9
2026-10-07 16:38:46,050 INFO o.a.j.t.JMeterThread: Thread is done: Ticket intake (POST /tickets) 1-4
2026-10-07 16:38:46,050 INFO o.a.j.t.JMeterThread: Thread finished: Ticket intake (POST /tickets) 1-4
2026-10-07 16:38:46,062 INFO o.a.j.t.JMeterThread: Thread is done: Agent searches (GET /search) 2-9
2026-10-07 16:38:46,063 INFO o.a.j.t.JMeterThread: Thread finished: Agent searches (GET /search) 2-9
2026-10-07 16:39:09,117 INFO o.a.j.t.JMeterThread: Thread started: Ticket intake (POST /tickets) 1-5
2026-10-07 16:39:09,491 INFO o.a.j.t.JMeterThread: Thread is done: Ticket intake (POST /tickets) 1-5
2026-10-07 16:39:09,491 INFO o.a.j.t.JMeterThread: Thread finished: Ticket intake (POST /tickets) 1-5
2026-10-07 16:39:29,119 INFO o.a.j.t.JMeterThread: Thread started: Ticket intake (POST /tickets) 1-6
2026-10-07 16:39:29,780 INFO o.a.j.t.JMeterThread: Thread is done: Ticket intake (POST /tickets) 1-6
2026-10-07 16:39:29,781 INFO o.a.j.t.JMeterThread: Thread finished: Ticket intake (POST /tickets) 1-6
2026-10-07 16:39:42,289 INFO o.a.j.t.JMeterThread: Thread started: Agent searches (GET /search) 2-10
2026-10-07 16:39:42,396 INFO o.a.j.t.JMeterThread: Thread is done: Agent searches (GET /search) 2-10
2026-10-07 16:39:42,397 INFO o.a.j.t.JMeterThread: Thread finished: Agent searches (GET /search) 2-10
2026-10-07 16:39:46,507 INFO o.a.j.t.JMeterThread: Thread started: Agent searches (GET /search) 2-11
2026-10-07 16:39:46,596 INFO o.a.j.t.JMeterThread: Thread is done: Agent searches (GET /search) 2-11
2026-10-07 16:39:46,596 INFO o.a.j.t.JMeterThread: Thread finished: Agent searches (GET /search) 2-11
2026-10-07 16:39:50,568 INFO o.a.j.t.JMeterThread: Thread started: Ticket intake (POST /tickets) 1-7
2026-10-07 16:39:51,076 INFO o.a.j.t.JMeterThread: Thread is done: Ticket intake (POST /tickets) 1-7
2026-10-07 16:39:51,077 INFO o.a.j.t.JMeterThread: Thread finished: Ticket intake (POST /tickets) 1-7
2026-10-07 16:40:20,361 INFO o.a.j.t.JMeterThread: Thread started: Agent searches (GET /search) 2-12
2026-10-07 16:40:20,483 INFO o.a.j.t.JMeterThread: Thread is done: Agent searches (GET /search) 2-12
2026-10-07 16:40:20,483 INFO o.a.j.t.JMeterThread: Thread finished: Agent searches (GET /search) 2-12
2026-10-07 16:40:20,577 INFO o.a.j.t.JMeterThread: Thread started: Ticket intake (POST /tickets) 1-8
2026-10-07 16:40:21,506 INFO o.a.j.t.JMeterThread: Thread is done: Ticket intake (POST /tickets) 1-8
2026-10-07 16:40:21,506 INFO o.a.j.t.JMeterThread: Thread finished: Ticket intake (POST /tickets) 1-8
2026-10-07 16:40:28,443 INFO o.a.j.t.JMeterThread: Thread started: Ticket intake (POST /tickets) 1-9
2026-10-07 16:40:29,391 INFO o.a.j.t.JMeterThread: Thread is done: Ticket intake (POST /tickets) 1-9
2026-10-07 16:40:29,392 INFO o.a.j.t.JMeterThread: Thread finished: Ticket intake (POST /tickets) 1-9
2026-10-07 16:40:43,648 INFO o.a.j.t.JMeterThread: Thread started: Ticket intake (POST /tickets) 1-10
2026-10-07 16:40:44,233 INFO o.a.j.t.JMeterThread: Thread is done: Ticket intake (POST /tickets) 1-10
2026-10-07 16:40:44,233 INFO o.a.j.t.JMeterThread: Thread finished: Ticket intake (POST /tickets) 1-10
2026-10-07 16:41:02,428 INFO o.a.j.t.JMeterThread: Thread started: Ticket intake (POST /tickets) 1-11
2026-10-07 16:41:03,270 INFO o.a.j.r.Summariser: summary +     18 in 00:03:58 =    0.1/s Avg:   473 Min:    57 Max:  1186 Err:     0 (0.00%) Active: 1 Started: 23 Finished: 22
2026-10-07 16:41:03,270 INFO o.a.j.r.Summariser: summary =     23 in 00:04:30 =    0.1/s Avg:   424 Min:    57 Max:  1186 Err:     0 (0.00%)
2026-10-07 16:41:03,271 INFO o.a.j.t.JMeterThread: Thread is done: Ticket intake (POST /tickets) 1-11
2026-10-07 16:41:03,271 INFO o.a.j.t.JMeterThread: Thread finished: Ticket intake (POST /tickets) 1-11
2026-10-07 16:41:55,686 INFO o.a.j.t.JMeterThread: Thread started: Agent searches (GET /search) 2-13
2026-10-07 16:41:55,820 INFO o.a.j.t.JMeterThread: Thread is done: Agent searches (GET /search) 2-13
2026-10-07 16:41:55,820 INFO o.a.j.t.JMeterThread: Thread finished: Agent searches (GET /search) 2-13
2026-10-07 16:42:06,191 INFO o.a.j.t.JMeterThread: Thread started: Agent searches (GET /search) 2-14
2026-10-07 16:42:06,262 INFO o.a.j.t.JMeterThread: Thread is done: Agent searches (GET /search) 2-14
2026-10-07 16:42:06,263 INFO o.a.j.t.JMeterThread: Thread finished: Agent searches (GET /search) 2-14
2026-10-07 16:42:26,499 INFO o.a.j.t.JMeterThread: Thread started: Agent searches (GET /search) 2-15
2026-10-07 16:42:26,536 INFO o.a.j.t.JMeterThread: Thread is done: Agent searches (GET /search) 2-15
2026-10-07 16:42:26,536 INFO o.a.j.t.JMeterThread: Thread finished: Agent searches (GET /search) 2-15
2026-10-07 16:42:30,256 INFO o.a.j.t.JMeterThread: Thread started: Agent searches (GET /search) 2-16
2026-10-07 16:42:30,538 INFO o.a.j.r.Summariser: summary +      4 in 00:01:27 =    0.0/s Avg:   127 Min:    33 Max:   277 Err:     0 (0.00%) Active: 1 Started: 27 Finished: 26
2026-10-07 16:42:30,538 INFO o.a.j.r.Summariser: summary =     27 in 00:05:57 =    0.1/s Avg:   380 Min:    33 Max:  1186 Err:     0 (0.00%)
2026-10-07 16:42:30,539 INFO o.a.j.t.JMeterThread: Thread is done: Agent searches (GET /search) 2-16
2026-10-07 16:42:30,539 INFO o.a.j.t.JMeterThread: Thread finished: Agent searches (GET /search) 2-16
2026-10-07 16:42:31,273 INFO o.a.j.t.JMeterThread: Thread started: Agent searches (GET /search) 2-17
2026-10-07 16:42:31,347 INFO o.a.j.t.JMeterThread: Thread is done: Agent searches (GET /search) 2-17
2026-10-07 16:42:31,348 INFO o.a.j.t.JMeterThread: Thread finished: Agent searches (GET /search) 2-17
2026-10-07 16:42:32,044 INFO o.a.j.t.JMeterThread: Thread started: Ticket intake (POST /tickets) 1-12
2026-10-07 16:42:32,675 INFO o.a.j.t.JMeterThread: Thread is done: Ticket intake (POST /tickets) 1-12
2026-10-07 16:42:32,675 INFO o.a.j.t.JMeterThread: Thread finished: Ticket intake (POST /tickets) 1-12
2026-10-07 16:42:44,488 INFO o.a.j.t.JMeterThread: Thread started: Agent searches (GET /search) 2-18
2026-10-07 16:42:44,665 INFO o.a.j.t.JMeterThread: Thread is done: Agent searches (GET /search) 2-18
2026-10-07 16:42:44,665 INFO o.a.j.t.JMeterThread: Thread finished: Agent searches (GET /search) 2-18
2026-10-07 16:42:58,086 INFO o.a.j.t.JMeterThread: Thread started: Agent searches (GET /search) 2-19
2026-10-07 16:42:58,163 INFO o.a.j.t.JMeterThread: Thread started: Agent searches (GET /search) 2-20
2026-10-07 16:42:58,177 INFO o.a.j.t.JMeterThread: Thread is done: Agent searches (GET /search) 2-19
2026-10-07 16:42:58,177 INFO o.a.j.t.JMeterThread: Thread finished: Agent searches (GET /search) 2-19
2026-10-07 16:42:58,189 INFO o.a.j.t.JMeterThread: Thread is done: Agent searches (GET /search) 2-20
2026-10-07 16:42:58,190 INFO o.a.j.t.JMeterThread: Thread finished: Agent searches (GET /search) 2-20
2026-10-07 16:43:03,391 INFO o.a.j.t.JMeterThread: Thread started: Agent searches (GET /search) 2-21
2026-10-07 16:43:03,419 INFO o.a.j.r.Summariser: summary +      6 in 00:00:33 =    0.2/s Avg:   167 Min:    23 Max:   627 Err:     0 (0.00%) Active: 1 Started: 33 Finished: 32
2026-10-07 16:43:03,419 INFO o.a.j.r.Summariser: summary =     33 in 00:06:30 =    0.1/s Avg:   341 Min:    23 Max:  1186 Err:     0 (0.00%)
2026-10-07 16:43:03,419 INFO o.a.j.t.JMeterThread: Thread is done: Agent searches (GET /search) 2-21
2026-10-07 16:43:03,420 INFO o.a.j.t.JMeterThread: Thread finished: Agent searches (GET /search) 2-21
2026-10-07 16:43:12,252 INFO o.a.j.t.JMeterThread: Thread started: Agent searches (GET /search) 2-22
2026-10-07 16:43:12,418 INFO o.a.j.t.JMeterThread: Thread is done: Agent searches (GET /search) 2-22
2026-10-07 16:43:12,418 INFO o.a.j.t.JMeterThread: Thread finished: Agent searches (GET /search) 2-22
2026-10-07 16:43:19,688 INFO o.a.j.t.JMeterThread: Thread started: Agent searches (GET /search) 2-23
2026-10-07 16:43:19,802 INFO o.a.j.t.JMeterThread: Thread is done: Agent searches (GET /search) 2-23
2026-10-07 16:43:19,803 INFO o.a.j.t.JMeterThread: Thread finished: Agent searches (GET /search) 2-23
2026-10-07 16:43:28,922 INFO o.a.j.t.JMeterThread: Thread started: Agent searches (GET /search) 2-24
2026-10-07 16:43:28,993 INFO o.a.j.t.JMeterThread: Thread is done: Agent searches (GET /search) 2-24
2026-10-07 16:43:28,994 INFO o.a.j.t.JMeterThread: Thread finished: Agent searches (GET /search) 2-24
2026-10-07 16:43:34,357 INFO o.a.j.t.JMeterThread: Thread started: Agent searches (GET /search) 2-25
2026-10-07 16:43:34,568 INFO o.a.j.r.Summariser: summary +      4 in 00:00:31 =    0.1/s Avg:   137 Min:    67 Max:   209 Err:     0 (0.00%) Active: 1 Started: 37 Finished: 36
2026-10-07 16:43:34,569 INFO o.a.j.r.Summariser: summary =     37 in 00:07:01 =    0.1/s Avg:   319 Min:    23 Max:  1186 Err:     0 (0.00%)
2026-10-07 16:43:34,569 INFO o.a.j.t.JMeterThread: Thread is done: Agent searches (GET /search) 2-25
2026-10-07 16:43:34,569 INFO o.a.j.t.JMeterThread: Thread finished: Agent searches (GET /search) 2-25
2026-10-07 16:44:28,893 INFO o.a.j.t.JMeterThread: Thread started: Agent searches (GET /search) 2-26
2026-10-07 16:44:28,994 INFO o.a.j.t.JMeterThread: Thread is done: Agent searches (GET /search) 2-26
2026-10-07 16:44:28,995 INFO o.a.j.t.JMeterThread: Thread finished: Agent searches (GET /search) 2-26
2026-10-07 16:44:50,243 INFO o.a.j.t.JMeterThread: Thread started: Agent searches (GET /search) 2-27
2026-10-07 16:44:50,323 INFO o.a.j.t.JMeterThread: Thread is done: Agent searches (GET /search) 2-27
2026-10-07 16:44:50,323 INFO o.a.j.t.JMeterThread: Thread finished: Agent searches (GET /search) 2-27
2026-10-07 16:45:16,136 INFO o.a.j.t.JMeterThread: Thread started: Ticket intake (POST /tickets) 1-13
2026-10-07 16:45:16,866 INFO o.a.j.t.JMeterThread: Thread is done: Ticket intake (POST /tickets) 1-13
2026-10-07 16:45:16,866 INFO o.a.j.t.JMeterThread: Thread finished: Ticket intake (POST /tickets) 1-13
2026-10-07 16:45:24,716 INFO o.a.j.t.JMeterThread: Thread started: Ticket intake (POST /tickets) 1-14
2026-10-07 16:45:24,716 INFO o.a.j.t.o.EvenArrivalsRamp: Generating 0 events, beginRate = 0.0 / sec, endRate = 0.0 / sec, duration = 300.0 sec
2026-10-07 16:45:24,716 INFO o.a.j.t.o.OpenModelThreadGroup: There will be no more events, so will wait for 368 sec till the end of the schedule
2026-10-07 16:45:25,434 INFO o.a.j.t.JMeterThread: Thread is done: Ticket intake (POST /tickets) 1-14
2026-10-07 16:45:25,434 INFO o.a.j.t.JMeterThread: Thread finished: Ticket intake (POST /tickets) 1-14
2026-10-07 16:45:42,290 INFO o.a.j.t.JMeterThread: Thread started: Agent searches (GET /search) 2-28
2026-10-07 16:45:42,424 INFO o.a.j.t.JMeterThread: Thread is done: Agent searches (GET /search) 2-28
2026-10-07 16:45:42,425 INFO o.a.j.t.JMeterThread: Thread finished: Agent searches (GET /search) 2-28
2026-10-07 16:46:32,140 INFO o.a.j.t.JMeterThread: Thread started: Agent searches (GET /search) 2-29
2026-10-07 16:46:32,140 INFO o.a.j.t.o.EvenArrivalsRamp: Generating 0 events, beginRate = 0.0 / sec, endRate = 0.0 / sec, duration = 300.0 sec
2026-10-07 16:46:32,141 INFO o.a.j.t.o.OpenModelThreadGroup: There will be no more events, so will wait for 301 sec till the end of the schedule
2026-10-07 16:46:32,285 INFO o.a.j.r.Summariser: summary +      6 in 00:02:58 =    0.0/s Avg:   314 Min:    76 Max:   724 Err:     0 (0.00%) Active: 1 Started: 43 Finished: 42
2026-10-07 16:46:32,286 INFO o.a.j.r.Summariser: summary =     43 in 00:09:59 =    0.1/s Avg:   318 Min:    23 Max:  1186 Err:     0 (0.00%)
2026-10-07 16:46:32,286 INFO o.a.j.t.JMeterThread: Thread is done: Agent searches (GET /search) 2-29
2026-10-07 16:46:32,287 INFO o.a.j.t.JMeterThread: Thread finished: Agent searches (GET /search) 2-29
2026-10-07 16:51:33,427 INFO o.a.j.t.o.OpenModelThreadGroup: There will be no more events, will shutdown the thread pool
2026-10-07 16:51:33,429 INFO o.a.j.t.o.OpenModelThreadGroup: Thread starting done
2026-10-07 16:51:33,432 INFO o.a.j.t.o.OpenModelThreadGroup: There will be no more events, will shutdown the thread pool
2026-10-07 16:51:33,432 INFO o.a.j.t.o.OpenModelThreadGroup: Thread starting done
2026-10-07 16:51:33,432 INFO o.a.j.e.StandardJMeterEngine: Notifying test listeners of end of test
2026-10-07 16:51:33,433 INFO o.a.j.s.FileServer: Close: /Users/ridwan/Documents/GitHub/ICT3113_A1_P1-3/loadtest/data/tickets.tsv
2026-10-07 16:51:33,442 INFO o.a.j.r.Summariser: summary =     43 in 00:15:00 =    0.0/s Avg:   318 Min:    23 Max:  1186 Err:     0 (0.00%)
2026-10-07 16:51:33,443 INFO o.a.j.e.StandardJMeterEngine: Forced JVM shutdown requested at end of test
