2026-10-07 17:31:26,999 INFO o.a.j.u.JMeterUtils: Setting Locale to en_EN
2026-10-07 17:31:27,007 INFO o.a.j.JMeter: Loading user properties from: /Users/ridwan/Downloads/apache-jmeter-5.6.3/bin/user.properties
2026-10-07 17:31:27,007 INFO o.a.j.JMeter: Loading system properties from: /Users/ridwan/Downloads/apache-jmeter-5.6.3/bin/system.properties
2026-10-07 17:31:27,007 INFO o.a.j.JMeter: Loading additional properties from: /Users/ridwan/Documents/GitHub/ICT3113_A1_P1-3/loadtest/triage.properties
2026-10-07 17:31:27,007 INFO o.a.j.JMeter: Setting JMeter property: host=172.20.10.2
2026-10-07 17:31:27,007 INFO o.a.j.JMeter: Setting JMeter property: port=8000
2026-10-07 17:31:27,008 INFO o.a.j.JMeter: Setting JMeter property: rate=1.73
2026-10-07 17:31:27,008 INFO o.a.j.JMeter: Setting JMeter property: rate_end=1.73
2026-10-07 17:31:27,008 INFO o.a.j.JMeter: Setting JMeter property: search_rate=3.5
2026-10-07 17:31:27,008 INFO o.a.j.JMeter: Setting JMeter property: duration=10
2026-10-07 17:31:27,008 INFO o.a.j.JMeter: Setting JMeter property: drain=5
2026-10-07 17:31:27,008 INFO o.a.j.JMeter: Setting JMeter property: timeout_ms=600000
2026-10-07 17:31:27,008 INFO o.a.j.JMeter: Setting JMeter property: data=/Users/ridwan/Documents/GitHub/ICT3113_A1_P1-3/loadtest/data/tickets.tsv
2026-10-07 17:31:27,010 INFO o.a.j.JMeter: Copyright (c) 1998-2024 The Apache Software Foundation
2026-10-07 17:31:27,010 INFO o.a.j.JMeter: Version 5.6.3
2026-10-07 17:31:27,010 INFO o.a.j.JMeter: java.version=17.0.17
2026-10-07 17:31:27,010 INFO o.a.j.JMeter: java.vm.name=OpenJDK 64-Bit Server VM
2026-10-07 17:31:27,010 INFO o.a.j.JMeter: os.name=Mac OS X
2026-10-07 17:31:27,010 INFO o.a.j.JMeter: os.arch=aarch64
2026-10-07 17:31:27,010 INFO o.a.j.JMeter: os.version=26.5
2026-10-07 17:31:27,010 INFO o.a.j.JMeter: file.encoding=UTF-8
2026-10-07 17:31:27,010 INFO o.a.j.JMeter: java.awt.headless=true
2026-10-07 17:31:27,010 INFO o.a.j.JMeter: Max memory     =1073741824
2026-10-07 17:31:27,010 INFO o.a.j.JMeter: Available Processors =10
2026-10-07 17:31:27,013 INFO o.a.j.JMeter: Default Locale=English (EN)
2026-10-07 17:31:27,013 INFO o.a.j.JMeter: JMeter  Locale=English (EN)
2026-10-07 17:31:27,013 INFO o.a.j.JMeter: JMeterHome=/Users/ridwan/Downloads/apache-jmeter-5.6.3
2026-10-07 17:31:27,013 INFO o.a.j.JMeter: user.dir  =/Users/ridwan/Documents/GitHub/ICT3113_A1_P1-3
2026-10-07 17:31:27,013 INFO o.a.j.JMeter: PWD       =/Users/ridwan/Documents/GitHub/ICT3113_A1_P1-3
2026-10-07 17:31:27,014 INFO o.a.j.JMeter: IP: 127.0.0.1 Name: Muhammads-MacBook-Air-4.local FullName: localhost
2026-10-07 17:31:27,019 INFO o.a.j.s.FileServer: Default base='/Users/ridwan/Documents/GitHub/ICT3113_A1_P1-3'
2026-10-07 17:31:27,020 INFO o.a.j.s.FileServer: Set new base='/Users/ridwan/Documents/GitHub/ICT3113_A1_P1-3/loadtest'
2026-10-07 17:31:27,074 INFO o.a.j.s.SaveService: Testplan (JMX) version: 2.2. Testlog (JTL) version: 2.2
2026-10-07 17:31:27,084 INFO o.a.j.s.SaveService: Using SaveService properties version 5.0
2026-10-07 17:31:27,084 INFO o.a.j.s.SaveService: Using SaveService properties file encoding UTF-8
2026-10-07 17:31:27,085 INFO o.a.j.s.SaveService: Loading file: /Users/ridwan/Documents/GitHub/ICT3113_A1_P1-3/loadtest/triage.jmx
2026-10-07 17:31:27,110 INFO o.a.j.p.h.s.HTTPSamplerBase: Parser for text/html is org.apache.jmeter.protocol.http.parser.LagartoBasedHtmlParser
2026-10-07 17:31:27,110 INFO o.a.j.p.h.s.HTTPSamplerBase: Parser for application/xhtml+xml is org.apache.jmeter.protocol.http.parser.LagartoBasedHtmlParser
2026-10-07 17:31:27,111 INFO o.a.j.p.h.s.HTTPSamplerBase: Parser for application/xml is org.apache.jmeter.protocol.http.parser.LagartoBasedHtmlParser
2026-10-07 17:31:27,111 INFO o.a.j.p.h.s.HTTPSamplerBase: Parser for text/xml is org.apache.jmeter.protocol.http.parser.LagartoBasedHtmlParser
2026-10-07 17:31:27,111 INFO o.a.j.p.h.s.HTTPSamplerBase: Parser for text/vnd.wap.wml is org.apache.jmeter.protocol.http.parser.RegexpHTMLParser
2026-10-07 17:31:27,111 INFO o.a.j.p.h.s.HTTPSamplerBase: Parser for text/css is org.apache.jmeter.protocol.http.parser.CssParser
2026-10-07 17:31:27,117 INFO o.a.j.JMeter: Creating summariser <summary>
2026-10-07 17:31:27,122 INFO o.a.j.e.StandardJMeterEngine: Running the test!
2026-10-07 17:31:27,122 INFO o.a.j.s.SampleEvent: List of sample_variables: [rid, row]
2026-10-07 17:31:27,122 INFO o.a.j.s.SampleEvent: List of sample_variables: [rid, row]
2026-10-07 17:31:27,124 INFO o.a.j.e.u.CompoundVariable: Note: Function class names must contain the string: '.functions.'
2026-10-07 17:31:27,124 INFO o.a.j.e.u.CompoundVariable: Note: Function class names must not contain the string: '.gui.'
2026-10-07 17:31:27,201 INFO o.a.j.JMeter: Running test (1791365487201)
2026-10-07 17:31:27,208 INFO o.a.j.e.StandardJMeterEngine: Starting ThreadGroup: 1 : Ticket intake (POST /tickets)
2026-10-07 17:31:27,208 INFO o.a.j.e.StandardJMeterEngine: Starting 0 threads for group Ticket intake (POST /tickets).
2026-10-07 17:31:27,208 INFO o.a.j.e.StandardJMeterEngine: Thread will continue on error
2026-10-07 17:31:27,208 INFO o.a.j.t.o.OpenModelThreadGroup: Starting OpenModelThreadGroup#1 with schedule rate(1.73/min) random_arrivals(10 min) rate(1.73/min) pause(5 min)
2026-10-07 17:31:27,221 INFO o.a.j.e.StandardJMeterEngine: Starting ThreadGroup: 2 : Agent searches (GET /search)
2026-10-07 17:31:27,221 INFO o.a.j.e.StandardJMeterEngine: Starting 0 threads for group Agent searches (GET /search).
2026-10-07 17:31:27,221 INFO o.a.j.e.StandardJMeterEngine: Thread will continue on error
2026-10-07 17:31:27,221 INFO o.a.j.t.o.OpenModelThreadGroup: Thread starting init
2026-10-07 17:31:27,221 INFO o.a.j.t.o.OpenModelThreadGroup: Starting OpenModelThreadGroup#2 with schedule rate(3.5/min) random_arrivals(10 min) rate(3.5/min) pause(5 min)
2026-10-07 17:31:27,221 INFO o.a.j.e.StandardJMeterEngine: All thread groups have been started
2026-10-07 17:31:27,221 INFO o.a.j.t.o.OpenModelThreadGroup: Thread starting init
2026-10-07 17:31:27,222 INFO o.a.j.t.o.PoissonArrivalsRamp: Generating 35 events, beginRate = 0.058333333333333334 / sec, endRate = 0.058333333333333334 / sec, duration = 600.0 sec
2026-10-07 17:31:27,222 INFO o.a.j.t.o.PoissonArrivalsRamp: Generating 17 events, beginRate = 0.028833333333333332 / sec, endRate = 0.028833333333333332 / sec, duration = 600.0 sec
2026-10-07 17:31:27,327 INFO o.a.j.t.JMeterThread: Thread started: Agent searches (GET /search) 2-1
2026-10-07 17:31:27,527 INFO o.a.j.p.h.s.HTTPHCAbstractImpl: Local host = Muhammads-MacBook-Air-4.local
2026-10-07 17:31:27,529 INFO o.a.j.p.h.s.HTTPHC4Impl: HTTP request retry count = 0
2026-10-07 17:31:27,530 INFO o.a.j.s.SampleResult: Note: Sample TimeStamps are START times
2026-10-07 17:31:27,530 INFO o.a.j.s.SampleResult: sampleresult.default.encoding is set to UTF-8
2026-10-07 17:31:27,530 INFO o.a.j.s.SampleResult: sampleresult.useNanoTime=true
2026-10-07 17:31:27,530 INFO o.a.j.s.SampleResult: sampleresult.nanoThreadSleep=5000
2026-10-07 17:31:27,722 INFO o.a.j.t.JMeterThread: Thread is done: Agent searches (GET /search) 2-1
2026-10-07 17:31:27,722 INFO o.a.j.t.JMeterThread: Thread finished: Agent searches (GET /search) 2-1
2026-10-07 17:31:33,747 INFO o.a.j.t.JMeterThread: Thread started: Ticket intake (POST /tickets) 1-1
2026-10-07 17:31:33,747 INFO o.a.j.s.FileServer: Stored: /Users/ridwan/Documents/GitHub/ICT3113_A1_P1-3/loadtest/data/tickets.tsv
2026-10-07 17:31:34,166 INFO o.a.j.r.Summariser: summary +      2 in 00:00:07 =    0.3/s Avg:   284 Min:   173 Max:   395 Err:     0 (0.00%) Active: 1 Started: 2 Finished: 1
2026-10-07 17:31:34,167 INFO o.a.j.t.JMeterThread: Thread is done: Ticket intake (POST /tickets) 1-1
2026-10-07 17:31:34,167 INFO o.a.j.t.JMeterThread: Thread finished: Ticket intake (POST /tickets) 1-1
2026-10-07 17:31:36,566 INFO o.a.j.t.JMeterThread: Thread started: Agent searches (GET /search) 2-2
2026-10-07 17:31:36,729 INFO o.a.j.t.JMeterThread: Thread is done: Agent searches (GET /search) 2-2
2026-10-07 17:31:36,729 INFO o.a.j.t.JMeterThread: Thread finished: Agent searches (GET /search) 2-2
2026-10-07 17:31:49,269 INFO o.a.j.t.JMeterThread: Thread started: Agent searches (GET /search) 2-3
2026-10-07 17:31:49,316 INFO o.a.j.t.JMeterThread: Thread is done: Agent searches (GET /search) 2-3
2026-10-07 17:31:49,317 INFO o.a.j.t.JMeterThread: Thread finished: Agent searches (GET /search) 2-3
2026-10-07 17:31:54,464 INFO o.a.j.t.JMeterThread: Thread started: Agent searches (GET /search) 2-4
2026-10-07 17:31:54,588 INFO o.a.j.t.JMeterThread: Thread is done: Agent searches (GET /search) 2-4
2026-10-07 17:31:54,588 INFO o.a.j.t.JMeterThread: Thread finished: Agent searches (GET /search) 2-4
2026-10-07 17:32:03,973 INFO o.a.j.t.JMeterThread: Thread started: Ticket intake (POST /tickets) 1-2
2026-10-07 17:32:04,681 INFO o.a.j.r.Summariser: summary +      4 in 00:00:31 =    0.1/s Avg:   256 Min:    45 Max:   704 Err:     0 (0.00%) Active: 1 Started: 6 Finished: 5
2026-10-07 17:32:04,681 INFO o.a.j.r.Summariser: summary =      6 in 00:00:37 =    0.2/s Avg:   265 Min:    45 Max:   704 Err:     0 (0.00%)
2026-10-07 17:32:04,682 INFO o.a.j.t.JMeterThread: Thread is done: Ticket intake (POST /tickets) 1-2
2026-10-07 17:32:04,682 INFO o.a.j.t.JMeterThread: Thread finished: Ticket intake (POST /tickets) 1-2
2026-10-07 17:32:06,971 INFO o.a.j.t.JMeterThread: Thread started: Agent searches (GET /search) 2-5
2026-10-07 17:32:07,234 INFO o.a.j.t.JMeterThread: Thread is done: Agent searches (GET /search) 2-5
2026-10-07 17:32:07,234 INFO o.a.j.t.JMeterThread: Thread finished: Agent searches (GET /search) 2-5
2026-10-07 17:32:37,591 INFO o.a.j.t.JMeterThread: Thread started: Agent searches (GET /search) 2-6
2026-10-07 17:32:37,742 INFO o.a.j.t.JMeterThread: Thread is done: Agent searches (GET /search) 2-6
2026-10-07 17:32:37,742 INFO o.a.j.t.JMeterThread: Thread finished: Agent searches (GET /search) 2-6
2026-10-07 17:32:45,426 INFO o.a.j.t.JMeterThread: Thread started: Ticket intake (POST /tickets) 1-3
2026-10-07 17:32:46,377 INFO o.a.j.t.JMeterThread: Thread started: Agent searches (GET /search) 2-7
2026-10-07 17:32:46,501 INFO o.a.j.t.JMeterThread: Thread is done: Ticket intake (POST /tickets) 1-3
2026-10-07 17:32:46,501 INFO o.a.j.t.JMeterThread: Thread finished: Ticket intake (POST /tickets) 1-3
2026-10-07 17:32:46,505 INFO o.a.j.t.JMeterThread: Thread is done: Agent searches (GET /search) 2-7
2026-10-07 17:32:46,506 INFO o.a.j.t.JMeterThread: Thread finished: Agent searches (GET /search) 2-7
2026-10-07 17:32:54,683 INFO o.a.j.t.JMeterThread: Thread started: Ticket intake (POST /tickets) 1-4
2026-10-07 17:32:55,564 INFO o.a.j.t.JMeterThread: Thread is done: Ticket intake (POST /tickets) 1-4
2026-10-07 17:32:55,565 INFO o.a.j.t.JMeterThread: Thread finished: Ticket intake (POST /tickets) 1-4
2026-10-07 17:33:04,634 INFO o.a.j.t.JMeterThread: Thread started: Agent searches (GET /search) 2-8
2026-10-07 17:33:05,013 INFO o.a.j.r.Summariser: summary +      6 in 00:01:00 =    0.1/s Avg:   475 Min:   125 Max:  1071 Err:     0 (0.00%) Active: 1 Started: 12 Finished: 11
2026-10-07 17:33:05,014 INFO o.a.j.r.Summariser: summary =     12 in 00:01:38 =    0.1/s Avg:   370 Min:    45 Max:  1071 Err:     0 (0.00%)
2026-10-07 17:33:05,015 INFO o.a.j.t.JMeterThread: Thread is done: Agent searches (GET /search) 2-8
2026-10-07 17:33:05,015 INFO o.a.j.t.JMeterThread: Thread finished: Agent searches (GET /search) 2-8
2026-10-07 17:33:07,713 INFO o.a.j.t.JMeterThread: Thread started: Ticket intake (POST /tickets) 1-5
2026-10-07 17:33:08,052 INFO o.a.j.t.JMeterThread: Thread is done: Ticket intake (POST /tickets) 1-5
2026-10-07 17:33:08,052 INFO o.a.j.t.JMeterThread: Thread finished: Ticket intake (POST /tickets) 1-5
2026-10-07 17:33:09,433 INFO o.a.j.t.JMeterThread: Thread started: Agent searches (GET /search) 2-9
2026-10-07 17:33:09,495 INFO o.a.j.t.JMeterThread: Thread is done: Agent searches (GET /search) 2-9
2026-10-07 17:33:09,496 INFO o.a.j.t.JMeterThread: Thread finished: Agent searches (GET /search) 2-9
2026-10-07 17:33:31,020 INFO o.a.j.t.JMeterThread: Thread started: Agent searches (GET /search) 2-10
2026-10-07 17:33:31,059 INFO o.a.j.r.Summariser: summary +      3 in 00:00:26 =    0.1/s Avg:   142 Min:    34 Max:   335 Err:     0 (0.00%) Active: 1 Started: 15 Finished: 14
2026-10-07 17:33:31,060 INFO o.a.j.r.Summariser: summary =     15 in 00:02:04 =    0.1/s Avg:   324 Min:    34 Max:  1071 Err:     0 (0.00%)
2026-10-07 17:33:31,060 INFO o.a.j.t.JMeterThread: Thread is done: Agent searches (GET /search) 2-10
2026-10-07 17:33:31,060 INFO o.a.j.t.JMeterThread: Thread finished: Agent searches (GET /search) 2-10
2026-10-07 17:33:32,060 INFO o.a.j.t.JMeterThread: Thread started: Agent searches (GET /search) 2-11
2026-10-07 17:33:32,147 INFO o.a.j.t.JMeterThread: Thread is done: Agent searches (GET /search) 2-11
2026-10-07 17:33:32,147 INFO o.a.j.t.JMeterThread: Thread finished: Agent searches (GET /search) 2-11
2026-10-07 17:33:35,532 INFO o.a.j.t.JMeterThread: Thread started: Agent searches (GET /search) 2-12
2026-10-07 17:33:35,632 INFO o.a.j.t.JMeterThread: Thread is done: Agent searches (GET /search) 2-12
2026-10-07 17:33:35,632 INFO o.a.j.t.JMeterThread: Thread finished: Agent searches (GET /search) 2-12
2026-10-07 17:34:05,288 INFO o.a.j.t.JMeterThread: Thread started: Agent searches (GET /search) 2-13
2026-10-07 17:34:05,415 INFO o.a.j.r.Summariser: summary +      3 in 00:00:34 =    0.1/s Avg:   100 Min:    83 Max:   123 Err:     0 (0.00%) Active: 1 Started: 18 Finished: 17
2026-10-07 17:34:05,416 INFO o.a.j.r.Summariser: summary =     18 in 00:02:38 =    0.1/s Avg:   287 Min:    34 Max:  1071 Err:     0 (0.00%)
2026-10-07 17:34:05,416 INFO o.a.j.t.JMeterThread: Thread is done: Agent searches (GET /search) 2-13
2026-10-07 17:34:05,416 INFO o.a.j.t.JMeterThread: Thread finished: Agent searches (GET /search) 2-13
2026-10-07 17:34:19,948 INFO o.a.j.t.JMeterThread: Thread started: Agent searches (GET /search) 2-14
2026-10-07 17:34:20,004 INFO o.a.j.t.JMeterThread: Thread is done: Agent searches (GET /search) 2-14
2026-10-07 17:34:20,004 INFO o.a.j.t.JMeterThread: Thread finished: Agent searches (GET /search) 2-14
2026-10-07 17:34:24,177 INFO o.a.j.t.JMeterThread: Thread started: Agent searches (GET /search) 2-15
2026-10-07 17:34:24,257 INFO o.a.j.t.JMeterThread: Thread is done: Agent searches (GET /search) 2-15
2026-10-07 17:34:24,257 INFO o.a.j.t.JMeterThread: Thread finished: Agent searches (GET /search) 2-15
2026-10-07 17:34:39,943 INFO o.a.j.t.JMeterThread: Thread started: Agent searches (GET /search) 2-16
2026-10-07 17:34:40,065 INFO o.a.j.t.JMeterThread: Thread is done: Agent searches (GET /search) 2-16
2026-10-07 17:34:40,065 INFO o.a.j.t.JMeterThread: Thread finished: Agent searches (GET /search) 2-16
2026-10-07 17:34:51,048 INFO o.a.j.t.JMeterThread: Thread started: Agent searches (GET /search) 2-17
2026-10-07 17:34:51,267 INFO o.a.j.t.JMeterThread: Thread is done: Agent searches (GET /search) 2-17
2026-10-07 17:34:51,268 INFO o.a.j.t.JMeterThread: Thread finished: Agent searches (GET /search) 2-17
2026-10-07 17:35:14,973 INFO o.a.j.t.JMeterThread: Thread started: Ticket intake (POST /tickets) 1-6
2026-10-07 17:35:15,592 INFO o.a.j.t.JMeterThread: Thread is done: Ticket intake (POST /tickets) 1-6
2026-10-07 17:35:15,592 INFO o.a.j.t.JMeterThread: Thread finished: Ticket intake (POST /tickets) 1-6
2026-10-07 17:35:39,685 INFO o.a.j.t.JMeterThread: Thread started: Agent searches (GET /search) 2-18
2026-10-07 17:35:39,728 INFO o.a.j.t.JMeterThread: Thread is done: Agent searches (GET /search) 2-18
2026-10-07 17:35:39,729 INFO o.a.j.t.JMeterThread: Thread finished: Agent searches (GET /search) 2-18
2026-10-07 17:35:45,639 INFO o.a.j.t.JMeterThread: Thread started: Agent searches (GET /search) 2-19
2026-10-07 17:35:45,781 INFO o.a.j.t.JMeterThread: Thread is done: Agent searches (GET /search) 2-19
2026-10-07 17:35:45,781 INFO o.a.j.t.JMeterThread: Thread finished: Agent searches (GET /search) 2-19
2026-10-07 17:35:52,361 INFO o.a.j.t.JMeterThread: Thread started: Ticket intake (POST /tickets) 1-7
2026-10-07 17:35:52,925 INFO o.a.j.t.JMeterThread: Thread is done: Ticket intake (POST /tickets) 1-7
2026-10-07 17:35:52,925 INFO o.a.j.t.JMeterThread: Thread finished: Ticket intake (POST /tickets) 1-7
2026-10-07 17:36:01,432 INFO o.a.j.t.JMeterThread: Thread started: Agent searches (GET /search) 2-20
2026-10-07 17:36:01,525 INFO o.a.j.r.Summariser: summary +      9 in 00:01:56 =    0.1/s Avg:   211 Min:    39 Max:   614 Err:     0 (0.00%) Active: 1 Started: 27 Finished: 26
2026-10-07 17:36:01,525 INFO o.a.j.r.Summariser: summary =     27 in 00:04:34 =    0.1/s Avg:   262 Min:    34 Max:  1071 Err:     0 (0.00%)
2026-10-07 17:36:01,526 INFO o.a.j.t.JMeterThread: Thread is done: Agent searches (GET /search) 2-20
2026-10-07 17:36:01,526 INFO o.a.j.t.JMeterThread: Thread finished: Agent searches (GET /search) 2-20
2026-10-07 17:36:12,208 INFO o.a.j.t.JMeterThread: Thread started: Agent searches (GET /search) 2-21
2026-10-07 17:36:12,282 INFO o.a.j.t.JMeterThread: Thread is done: Agent searches (GET /search) 2-21
2026-10-07 17:36:12,282 INFO o.a.j.t.JMeterThread: Thread finished: Agent searches (GET /search) 2-21
2026-10-07 17:36:17,130 INFO o.a.j.t.JMeterThread: Thread started: Ticket intake (POST /tickets) 1-8
2026-10-07 17:36:18,001 INFO o.a.j.t.JMeterThread: Thread is done: Ticket intake (POST /tickets) 1-8
2026-10-07 17:36:18,002 INFO o.a.j.t.JMeterThread: Thread finished: Ticket intake (POST /tickets) 1-8
2026-10-07 17:36:23,859 INFO o.a.j.t.JMeterThread: Thread started: Ticket intake (POST /tickets) 1-9
2026-10-07 17:36:24,561 INFO o.a.j.t.JMeterThread: Thread started: Agent searches (GET /search) 2-22
2026-10-07 17:36:24,712 INFO o.a.j.t.JMeterThread: Thread is done: Agent searches (GET /search) 2-22
2026-10-07 17:36:24,712 INFO o.a.j.t.JMeterThread: Thread finished: Agent searches (GET /search) 2-22
2026-10-07 17:36:24,751 INFO o.a.j.t.JMeterThread: Thread is done: Ticket intake (POST /tickets) 1-9
2026-10-07 17:36:24,751 INFO o.a.j.t.JMeterThread: Thread finished: Ticket intake (POST /tickets) 1-9
2026-10-07 17:36:35,403 INFO o.a.j.t.JMeterThread: Thread started: Ticket intake (POST /tickets) 1-10
2026-10-07 17:36:35,445 INFO o.a.j.t.JMeterThread: Thread started: Agent searches (GET /search) 2-23
2026-10-07 17:36:35,584 INFO o.a.j.r.Summariser: summary +      5 in 00:00:34 =    0.1/s Avg:   421 Min:    69 Max:   888 Err:     0 (0.00%) Active: 2 Started: 33 Finished: 31
2026-10-07 17:36:35,585 INFO o.a.j.r.Summariser: summary =     32 in 00:05:08 =    0.1/s Avg:   286 Min:    34 Max:  1071 Err:     0 (0.00%)
2026-10-07 17:36:35,585 INFO o.a.j.t.JMeterThread: Thread is done: Agent searches (GET /search) 2-23
2026-10-07 17:36:35,585 INFO o.a.j.t.JMeterThread: Thread finished: Agent searches (GET /search) 2-23
2026-10-07 17:36:35,894 INFO o.a.j.t.JMeterThread: Thread is done: Ticket intake (POST /tickets) 1-10
2026-10-07 17:36:35,894 INFO o.a.j.t.JMeterThread: Thread finished: Ticket intake (POST /tickets) 1-10
2026-10-07 17:36:43,296 INFO o.a.j.t.JMeterThread: Thread started: Ticket intake (POST /tickets) 1-11
2026-10-07 17:36:44,234 INFO o.a.j.t.JMeterThread: Thread is done: Ticket intake (POST /tickets) 1-11
2026-10-07 17:36:44,235 INFO o.a.j.t.JMeterThread: Thread finished: Ticket intake (POST /tickets) 1-11
2026-10-07 17:37:06,879 INFO o.a.j.t.JMeterThread: Thread started: Agent searches (GET /search) 2-24
2026-10-07 17:37:06,984 INFO o.a.j.t.JMeterThread: Thread is done: Agent searches (GET /search) 2-24
2026-10-07 17:37:06,985 INFO o.a.j.t.JMeterThread: Thread finished: Agent searches (GET /search) 2-24
2026-10-07 17:37:08,388 INFO o.a.j.t.JMeterThread: Thread started: Agent searches (GET /search) 2-25
2026-10-07 17:37:08,416 INFO o.a.j.t.JMeterThread: Thread is done: Agent searches (GET /search) 2-25
2026-10-07 17:37:08,417 INFO o.a.j.t.JMeterThread: Thread finished: Agent searches (GET /search) 2-25
2026-10-07 17:37:11,015 INFO o.a.j.t.JMeterThread: Thread started: Ticket intake (POST /tickets) 1-12
2026-10-07 17:37:11,559 INFO o.a.j.t.JMeterThread: Thread is done: Ticket intake (POST /tickets) 1-12
2026-10-07 17:37:11,560 INFO o.a.j.t.JMeterThread: Thread finished: Ticket intake (POST /tickets) 1-12
2026-10-07 17:38:06,554 INFO o.a.j.t.JMeterThread: Thread started: Ticket intake (POST /tickets) 1-13
2026-10-07 17:38:07,127 INFO o.a.j.t.JMeterThread: Thread is done: Ticket intake (POST /tickets) 1-13
2026-10-07 17:38:07,127 INFO o.a.j.t.JMeterThread: Thread finished: Ticket intake (POST /tickets) 1-13
2026-10-07 17:38:07,174 INFO o.a.j.t.JMeterThread: Thread started: Agent searches (GET /search) 2-26
2026-10-07 17:38:07,252 INFO o.a.j.t.JMeterThread: Thread is done: Agent searches (GET /search) 2-26
2026-10-07 17:38:07,252 INFO o.a.j.t.JMeterThread: Thread finished: Agent searches (GET /search) 2-26
2026-10-07 17:38:08,211 INFO o.a.j.t.JMeterThread: Thread started: Agent searches (GET /search) 2-27
2026-10-07 17:38:08,278 INFO o.a.j.t.JMeterThread: Thread is done: Agent searches (GET /search) 2-27
2026-10-07 17:38:08,279 INFO o.a.j.t.JMeterThread: Thread finished: Agent searches (GET /search) 2-27
2026-10-07 17:38:49,285 INFO o.a.j.t.JMeterThread: Thread started: Agent searches (GET /search) 2-28
2026-10-07 17:38:49,337 INFO o.a.j.t.JMeterThread: Thread is done: Agent searches (GET /search) 2-28
2026-10-07 17:38:49,338 INFO o.a.j.t.JMeterThread: Thread finished: Agent searches (GET /search) 2-28
2026-10-07 17:38:51,767 INFO o.a.j.t.JMeterThread: Thread started: Agent searches (GET /search) 2-29
2026-10-07 17:38:51,821 INFO o.a.j.t.JMeterThread: Thread is done: Agent searches (GET /search) 2-29
2026-10-07 17:38:51,822 INFO o.a.j.t.JMeterThread: Thread finished: Agent searches (GET /search) 2-29
2026-10-07 17:38:52,915 INFO o.a.j.t.JMeterThread: Thread started: Ticket intake (POST /tickets) 1-14
2026-10-07 17:38:53,547 INFO o.a.j.t.JMeterThread: Thread is done: Ticket intake (POST /tickets) 1-14
2026-10-07 17:38:53,547 INFO o.a.j.t.JMeterThread: Thread finished: Ticket intake (POST /tickets) 1-14
2026-10-07 17:39:24,758 INFO o.a.j.t.JMeterThread: Thread started: Agent searches (GET /search) 2-30
2026-10-07 17:39:24,801 INFO o.a.j.t.JMeterThread: Thread is done: Agent searches (GET /search) 2-30
2026-10-07 17:39:24,801 INFO o.a.j.t.JMeterThread: Thread finished: Agent searches (GET /search) 2-30
2026-10-07 17:39:33,996 INFO o.a.j.t.JMeterThread: Thread started: Agent searches (GET /search) 2-31
2026-10-07 17:39:34,123 INFO o.a.j.r.Summariser: summary +     13 in 00:02:59 =    0.1/s Avg:   283 Min:    25 Max:   935 Err:     0 (0.00%) Active: 1 Started: 45 Finished: 44
2026-10-07 17:39:34,124 INFO o.a.j.r.Summariser: summary =     45 in 00:08:07 =    0.1/s Avg:   285 Min:    25 Max:  1071 Err:     0 (0.00%)
2026-10-07 17:39:34,124 INFO o.a.j.t.JMeterThread: Thread is done: Agent searches (GET /search) 2-31
2026-10-07 17:39:34,124 INFO o.a.j.t.JMeterThread: Thread finished: Agent searches (GET /search) 2-31
2026-10-07 17:39:45,863 INFO o.a.j.t.JMeterThread: Thread started: Ticket intake (POST /tickets) 1-15
2026-10-07 17:39:46,801 INFO o.a.j.t.JMeterThread: Thread is done: Ticket intake (POST /tickets) 1-15
2026-10-07 17:39:46,801 INFO o.a.j.t.JMeterThread: Thread finished: Ticket intake (POST /tickets) 1-15
2026-10-07 17:39:54,123 INFO o.a.j.t.JMeterThread: Thread started: Agent searches (GET /search) 2-32
2026-10-07 17:39:54,391 INFO o.a.j.t.JMeterThread: Thread is done: Agent searches (GET /search) 2-32
2026-10-07 17:39:54,391 INFO o.a.j.t.JMeterThread: Thread finished: Agent searches (GET /search) 2-32
2026-10-07 17:40:01,518 INFO o.a.j.t.JMeterThread: Thread started: Agent searches (GET /search) 2-33
2026-10-07 17:40:01,680 INFO o.a.j.r.Summariser: summary +      3 in 00:00:28 =    0.1/s Avg:   452 Min:   159 Max:   934 Err:     0 (0.00%) Active: 1 Started: 48 Finished: 47
2026-10-07 17:40:01,681 INFO o.a.j.r.Summariser: summary =     48 in 00:08:34 =    0.1/s Avg:   296 Min:    25 Max:  1071 Err:     0 (0.00%)
2026-10-07 17:40:01,682 INFO o.a.j.t.JMeterThread: Thread is done: Agent searches (GET /search) 2-33
2026-10-07 17:40:01,682 INFO o.a.j.t.JMeterThread: Thread finished: Agent searches (GET /search) 2-33
2026-10-07 17:40:10,642 INFO o.a.j.t.JMeterThread: Thread started: Agent searches (GET /search) 2-34
2026-10-07 17:40:10,786 INFO o.a.j.t.JMeterThread: Thread is done: Agent searches (GET /search) 2-34
2026-10-07 17:40:10,786 INFO o.a.j.t.JMeterThread: Thread finished: Agent searches (GET /search) 2-34
2026-10-07 17:40:52,794 INFO o.a.j.t.JMeterThread: Thread started: Agent searches (GET /search) 2-35
2026-10-07 17:40:52,794 INFO o.a.j.t.o.EvenArrivalsRamp: Generating 0 events, beginRate = 0.0 / sec, endRate = 0.0 / sec, duration = 300.0 sec
2026-10-07 17:40:52,794 INFO o.a.j.t.o.OpenModelThreadGroup: There will be no more events, so will wait for 334 sec till the end of the schedule
2026-10-07 17:40:52,864 INFO o.a.j.t.JMeterThread: Thread is done: Agent searches (GET /search) 2-35
2026-10-07 17:40:52,865 INFO o.a.j.t.JMeterThread: Thread finished: Agent searches (GET /search) 2-35
2026-10-07 17:40:56,207 INFO o.a.j.t.JMeterThread: Thread started: Ticket intake (POST /tickets) 1-16
2026-10-07 17:40:56,735 INFO o.a.j.t.JMeterThread: Thread is done: Ticket intake (POST /tickets) 1-16
2026-10-07 17:40:56,735 INFO o.a.j.t.JMeterThread: Thread finished: Ticket intake (POST /tickets) 1-16
2026-10-07 17:41:17,405 INFO o.a.j.t.o.EvenArrivalsRamp: Generating 0 events, beginRate = 0.0 / sec, endRate = 0.0 / sec, duration = 300.0 sec
2026-10-07 17:41:17,405 INFO o.a.j.t.o.OpenModelThreadGroup: There will be no more events, so will wait for 309 sec till the end of the schedule
2026-10-07 17:41:17,406 INFO o.a.j.t.JMeterThread: Thread started: Ticket intake (POST /tickets) 1-17
2026-10-07 17:41:18,056 INFO o.a.j.t.JMeterThread: Thread is done: Ticket intake (POST /tickets) 1-17
2026-10-07 17:41:18,056 INFO o.a.j.t.JMeterThread: Thread finished: Ticket intake (POST /tickets) 1-17
2026-10-07 17:48:12,517 INFO o.a.j.t.o.OpenModelThreadGroup: There will be no more events, will shutdown the thread pool
2026-10-07 17:48:12,519 INFO o.a.j.t.o.OpenModelThreadGroup: Thread starting done
2026-10-07 17:48:12,534 INFO o.a.j.t.o.OpenModelThreadGroup: There will be no more events, will shutdown the thread pool
2026-10-07 17:48:12,534 INFO o.a.j.t.o.OpenModelThreadGroup: Thread starting done
2026-10-07 17:48:12,535 INFO o.a.j.e.StandardJMeterEngine: Notifying test listeners of end of test
2026-10-07 17:48:12,535 INFO o.a.j.s.FileServer: Close: /Users/ridwan/Documents/GitHub/ICT3113_A1_P1-3/loadtest/data/tickets.tsv
2026-10-07 17:48:12,544 INFO o.a.j.r.Summariser: summary +      4 in 00:08:11 =    0.0/s Avg:   344 Min:    66 Max:   646 Err:     0 (0.00%) Active: 0 Started: 52 Finished: 52
2026-10-07 17:48:12,545 INFO o.a.j.r.Summariser: summary =     52 in 00:16:45 =    0.1/s Avg:   299 Min:    25 Max:  1071 Err:     0 (0.00%)
2026-10-07 17:48:12,545 INFO o.a.j.e.StandardJMeterEngine: Forced JVM shutdown requested at end of test
