2026-10-07 17:50:15,453 INFO o.a.j.u.JMeterUtils: Setting Locale to en_EN
2026-10-07 17:50:15,461 INFO o.a.j.JMeter: Loading user properties from: /Users/ridwan/Downloads/apache-jmeter-5.6.3/bin/user.properties
2026-10-07 17:50:15,462 INFO o.a.j.JMeter: Loading system properties from: /Users/ridwan/Downloads/apache-jmeter-5.6.3/bin/system.properties
2026-10-07 17:50:15,462 INFO o.a.j.JMeter: Loading additional properties from: /Users/ridwan/Documents/GitHub/ICT3113_A1_P1-3/loadtest/triage.properties
2026-10-07 17:50:15,462 INFO o.a.j.JMeter: Setting JMeter property: host=172.20.10.2
2026-10-07 17:50:15,462 INFO o.a.j.JMeter: Setting JMeter property: port=8000
2026-10-07 17:50:15,462 INFO o.a.j.JMeter: Setting JMeter property: rate=1.73
2026-10-07 17:50:15,462 INFO o.a.j.JMeter: Setting JMeter property: rate_end=1.73
2026-10-07 17:50:15,462 INFO o.a.j.JMeter: Setting JMeter property: search_rate=3.5
2026-10-07 17:50:15,463 INFO o.a.j.JMeter: Setting JMeter property: duration=10
2026-10-07 17:50:15,463 INFO o.a.j.JMeter: Setting JMeter property: drain=5
2026-10-07 17:50:15,463 INFO o.a.j.JMeter: Setting JMeter property: timeout_ms=600000
2026-10-07 17:50:15,463 INFO o.a.j.JMeter: Setting JMeter property: data=/Users/ridwan/Documents/GitHub/ICT3113_A1_P1-3/loadtest/data/tickets.tsv
2026-10-07 17:50:15,465 INFO o.a.j.JMeter: Copyright (c) 1998-2024 The Apache Software Foundation
2026-10-07 17:50:15,465 INFO o.a.j.JMeter: Version 5.6.3
2026-10-07 17:50:15,465 INFO o.a.j.JMeter: java.version=17.0.17
2026-10-07 17:50:15,465 INFO o.a.j.JMeter: java.vm.name=OpenJDK 64-Bit Server VM
2026-10-07 17:50:15,465 INFO o.a.j.JMeter: os.name=Mac OS X
2026-10-07 17:50:15,465 INFO o.a.j.JMeter: os.arch=aarch64
2026-10-07 17:50:15,465 INFO o.a.j.JMeter: os.version=26.5
2026-10-07 17:50:15,465 INFO o.a.j.JMeter: file.encoding=UTF-8
2026-10-07 17:50:15,465 INFO o.a.j.JMeter: java.awt.headless=true
2026-10-07 17:50:15,465 INFO o.a.j.JMeter: Max memory     =1073741824
2026-10-07 17:50:15,465 INFO o.a.j.JMeter: Available Processors =10
2026-10-07 17:50:15,468 INFO o.a.j.JMeter: Default Locale=English (EN)
2026-10-07 17:50:15,468 INFO o.a.j.JMeter: JMeter  Locale=English (EN)
2026-10-07 17:50:15,468 INFO o.a.j.JMeter: JMeterHome=/Users/ridwan/Downloads/apache-jmeter-5.6.3
2026-10-07 17:50:15,468 INFO o.a.j.JMeter: user.dir  =/Users/ridwan/Documents/GitHub/ICT3113_A1_P1-3
2026-10-07 17:50:15,468 INFO o.a.j.JMeter: PWD       =/Users/ridwan/Documents/GitHub/ICT3113_A1_P1-3
2026-10-07 17:50:15,470 INFO o.a.j.JMeter: IP: 127.0.0.1 Name: Muhammads-MacBook-Air-4.local FullName: localhost
2026-10-07 17:50:15,475 INFO o.a.j.s.FileServer: Default base='/Users/ridwan/Documents/GitHub/ICT3113_A1_P1-3'
2026-10-07 17:50:15,476 INFO o.a.j.s.FileServer: Set new base='/Users/ridwan/Documents/GitHub/ICT3113_A1_P1-3/loadtest'
2026-10-07 17:50:15,529 INFO o.a.j.s.SaveService: Testplan (JMX) version: 2.2. Testlog (JTL) version: 2.2
2026-10-07 17:50:15,540 INFO o.a.j.s.SaveService: Using SaveService properties version 5.0
2026-10-07 17:50:15,541 INFO o.a.j.s.SaveService: Using SaveService properties file encoding UTF-8
2026-10-07 17:50:15,542 INFO o.a.j.s.SaveService: Loading file: /Users/ridwan/Documents/GitHub/ICT3113_A1_P1-3/loadtest/triage.jmx
2026-10-07 17:50:15,568 INFO o.a.j.p.h.s.HTTPSamplerBase: Parser for text/html is org.apache.jmeter.protocol.http.parser.LagartoBasedHtmlParser
2026-10-07 17:50:15,569 INFO o.a.j.p.h.s.HTTPSamplerBase: Parser for application/xhtml+xml is org.apache.jmeter.protocol.http.parser.LagartoBasedHtmlParser
2026-10-07 17:50:15,569 INFO o.a.j.p.h.s.HTTPSamplerBase: Parser for application/xml is org.apache.jmeter.protocol.http.parser.LagartoBasedHtmlParser
2026-10-07 17:50:15,569 INFO o.a.j.p.h.s.HTTPSamplerBase: Parser for text/xml is org.apache.jmeter.protocol.http.parser.LagartoBasedHtmlParser
2026-10-07 17:50:15,569 INFO o.a.j.p.h.s.HTTPSamplerBase: Parser for text/vnd.wap.wml is org.apache.jmeter.protocol.http.parser.RegexpHTMLParser
2026-10-07 17:50:15,569 INFO o.a.j.p.h.s.HTTPSamplerBase: Parser for text/css is org.apache.jmeter.protocol.http.parser.CssParser
2026-10-07 17:50:15,575 INFO o.a.j.JMeter: Creating summariser <summary>
2026-10-07 17:50:15,582 INFO o.a.j.e.StandardJMeterEngine: Running the test!
2026-10-07 17:50:15,582 INFO o.a.j.s.SampleEvent: List of sample_variables: [rid, row]
2026-10-07 17:50:15,582 INFO o.a.j.s.SampleEvent: List of sample_variables: [rid, row]
2026-10-07 17:50:15,584 INFO o.a.j.e.u.CompoundVariable: Note: Function class names must contain the string: '.functions.'
2026-10-07 17:50:15,584 INFO o.a.j.e.u.CompoundVariable: Note: Function class names must not contain the string: '.gui.'
2026-10-07 17:50:15,663 INFO o.a.j.JMeter: Running test (1791366615663)
2026-10-07 17:50:15,671 INFO o.a.j.e.StandardJMeterEngine: Starting ThreadGroup: 1 : Ticket intake (POST /tickets)
2026-10-07 17:50:15,671 INFO o.a.j.e.StandardJMeterEngine: Starting 0 threads for group Ticket intake (POST /tickets).
2026-10-07 17:50:15,671 INFO o.a.j.e.StandardJMeterEngine: Thread will continue on error
2026-10-07 17:50:15,671 INFO o.a.j.t.o.OpenModelThreadGroup: Starting OpenModelThreadGroup#1 with schedule rate(1.73/min) random_arrivals(10 min) rate(1.73/min) pause(5 min)
2026-10-07 17:50:15,684 INFO o.a.j.e.StandardJMeterEngine: Starting ThreadGroup: 2 : Agent searches (GET /search)
2026-10-07 17:50:15,684 INFO o.a.j.e.StandardJMeterEngine: Starting 0 threads for group Agent searches (GET /search).
2026-10-07 17:50:15,684 INFO o.a.j.e.StandardJMeterEngine: Thread will continue on error
2026-10-07 17:50:15,684 INFO o.a.j.t.o.OpenModelThreadGroup: Thread starting init
2026-10-07 17:50:15,684 INFO o.a.j.t.o.OpenModelThreadGroup: Starting OpenModelThreadGroup#2 with schedule rate(3.5/min) random_arrivals(10 min) rate(3.5/min) pause(5 min)
2026-10-07 17:50:15,684 INFO o.a.j.e.StandardJMeterEngine: All thread groups have been started
2026-10-07 17:50:15,684 INFO o.a.j.t.o.OpenModelThreadGroup: Thread starting init
2026-10-07 17:50:15,685 INFO o.a.j.t.o.PoissonArrivalsRamp: Generating 35 events, beginRate = 0.058333333333333334 / sec, endRate = 0.058333333333333334 / sec, duration = 600.0 sec
2026-10-07 17:50:15,685 INFO o.a.j.t.o.PoissonArrivalsRamp: Generating 17 events, beginRate = 0.028833333333333332 / sec, endRate = 0.028833333333333332 / sec, duration = 600.0 sec
2026-10-07 17:50:19,533 INFO o.a.j.t.JMeterThread: Thread started: Agent searches (GET /search) 2-1
2026-10-07 17:50:19,746 INFO o.a.j.p.h.s.HTTPHCAbstractImpl: Local host = Muhammads-MacBook-Air-4.local
2026-10-07 17:50:19,747 INFO o.a.j.p.h.s.HTTPHC4Impl: HTTP request retry count = 0
2026-10-07 17:50:19,748 INFO o.a.j.s.SampleResult: Note: Sample TimeStamps are START times
2026-10-07 17:50:19,748 INFO o.a.j.s.SampleResult: sampleresult.default.encoding is set to UTF-8
2026-10-07 17:50:19,748 INFO o.a.j.s.SampleResult: sampleresult.useNanoTime=true
2026-10-07 17:50:19,748 INFO o.a.j.s.SampleResult: sampleresult.nanoThreadSleep=5000
2026-10-07 17:50:19,799 INFO o.a.j.t.JMeterThread: Thread is done: Agent searches (GET /search) 2-1
2026-10-07 17:50:19,799 INFO o.a.j.t.JMeterThread: Thread finished: Agent searches (GET /search) 2-1
2026-10-07 17:50:33,346 INFO o.a.j.t.JMeterThread: Thread started: Agent searches (GET /search) 2-2
2026-10-07 17:50:33,393 INFO o.a.j.r.Summariser: summary +      2 in 00:00:18 =    0.1/s Avg:    35 Min:    32 Max:    39 Err:     0 (0.00%) Active: 1 Started: 2 Finished: 1
2026-10-07 17:50:33,394 INFO o.a.j.t.JMeterThread: Thread is done: Agent searches (GET /search) 2-2
2026-10-07 17:50:33,394 INFO o.a.j.t.JMeterThread: Thread finished: Agent searches (GET /search) 2-2
2026-10-07 17:50:33,735 INFO o.a.j.t.JMeterThread: Thread started: Ticket intake (POST /tickets) 1-1
2026-10-07 17:50:33,736 INFO o.a.j.s.FileServer: Stored: /Users/ridwan/Documents/GitHub/ICT3113_A1_P1-3/loadtest/data/tickets.tsv
2026-10-07 17:50:34,140 INFO o.a.j.t.JMeterThread: Thread is done: Ticket intake (POST /tickets) 1-1
2026-10-07 17:50:34,140 INFO o.a.j.t.JMeterThread: Thread finished: Ticket intake (POST /tickets) 1-1
2026-10-07 17:50:34,815 INFO o.a.j.t.JMeterThread: Thread started: Agent searches (GET /search) 2-3
2026-10-07 17:50:34,871 INFO o.a.j.t.JMeterThread: Thread is done: Agent searches (GET /search) 2-3
2026-10-07 17:50:34,871 INFO o.a.j.t.JMeterThread: Thread finished: Agent searches (GET /search) 2-3
2026-10-07 17:50:44,668 INFO o.a.j.t.JMeterThread: Thread started: Agent searches (GET /search) 2-4
2026-10-07 17:50:44,704 INFO o.a.j.t.JMeterThread: Thread is done: Agent searches (GET /search) 2-4
2026-10-07 17:50:44,704 INFO o.a.j.t.JMeterThread: Thread finished: Agent searches (GET /search) 2-4
2026-10-07 17:50:54,442 INFO o.a.j.t.JMeterThread: Thread started: Agent searches (GET /search) 2-5
2026-10-07 17:50:54,485 INFO o.a.j.t.JMeterThread: Thread is done: Agent searches (GET /search) 2-5
2026-10-07 17:50:54,486 INFO o.a.j.t.JMeterThread: Thread finished: Agent searches (GET /search) 2-5
2026-10-07 17:51:03,111 INFO o.a.j.t.JMeterThread: Thread started: Ticket intake (POST /tickets) 1-2
2026-10-07 17:51:04,085 INFO o.a.j.r.Summariser: summary +      5 in 00:00:31 =    0.2/s Avg:   293 Min:    31 Max:   969 Err:     0 (0.00%) Active: 1 Started: 7 Finished: 6
2026-10-07 17:51:04,086 INFO o.a.j.r.Summariser: summary =      7 in 00:00:48 =    0.1/s Avg:   219 Min:    31 Max:   969 Err:     0 (0.00%)
2026-10-07 17:51:04,087 INFO o.a.j.t.JMeterThread: Thread is done: Ticket intake (POST /tickets) 1-2
2026-10-07 17:51:04,087 INFO o.a.j.t.JMeterThread: Thread finished: Ticket intake (POST /tickets) 1-2
2026-10-07 17:51:25,613 INFO o.a.j.t.JMeterThread: Thread started: Agent searches (GET /search) 2-6
2026-10-07 17:51:25,745 INFO o.a.j.t.JMeterThread: Thread is done: Agent searches (GET /search) 2-6
2026-10-07 17:51:25,745 INFO o.a.j.t.JMeterThread: Thread finished: Agent searches (GET /search) 2-6
2026-10-07 17:51:27,780 INFO o.a.j.t.JMeterThread: Thread started: Agent searches (GET /search) 2-7
2026-10-07 17:51:27,807 INFO o.a.j.t.JMeterThread: Thread is done: Agent searches (GET /search) 2-7
2026-10-07 17:51:27,807 INFO o.a.j.t.JMeterThread: Thread finished: Agent searches (GET /search) 2-7
2026-10-07 17:51:35,315 INFO o.a.j.t.JMeterThread: Thread started: Agent searches (GET /search) 2-8
2026-10-07 17:51:35,375 INFO o.a.j.r.Summariser: summary +      3 in 00:00:31 =    0.1/s Avg:    68 Min:    22 Max:   127 Err:     0 (0.00%) Active: 1 Started: 10 Finished: 9
2026-10-07 17:51:35,376 INFO o.a.j.r.Summariser: summary =     10 in 00:01:20 =    0.1/s Avg:   174 Min:    22 Max:   969 Err:     0 (0.00%)
2026-10-07 17:51:35,376 INFO o.a.j.t.JMeterThread: Thread is done: Agent searches (GET /search) 2-8
2026-10-07 17:51:35,376 INFO o.a.j.t.JMeterThread: Thread finished: Agent searches (GET /search) 2-8
2026-10-07 17:51:43,113 INFO o.a.j.t.JMeterThread: Thread started: Agent searches (GET /search) 2-9
2026-10-07 17:51:43,160 INFO o.a.j.t.JMeterThread: Thread is done: Agent searches (GET /search) 2-9
2026-10-07 17:51:43,160 INFO o.a.j.t.JMeterThread: Thread finished: Agent searches (GET /search) 2-9
2026-10-07 17:51:53,472 INFO o.a.j.t.JMeterThread: Thread started: Agent searches (GET /search) 2-10
2026-10-07 17:51:53,710 INFO o.a.j.t.JMeterThread: Thread is done: Agent searches (GET /search) 2-10
2026-10-07 17:51:53,711 INFO o.a.j.t.JMeterThread: Thread finished: Agent searches (GET /search) 2-10
2026-10-07 17:51:55,888 INFO o.a.j.t.JMeterThread: Thread started: Agent searches (GET /search) 2-11
2026-10-07 17:51:55,927 INFO o.a.j.t.JMeterThread: Thread is done: Agent searches (GET /search) 2-11
2026-10-07 17:51:55,927 INFO o.a.j.t.JMeterThread: Thread finished: Agent searches (GET /search) 2-11
2026-10-07 17:52:07,876 INFO o.a.j.t.JMeterThread: Thread started: Agent searches (GET /search) 2-12
2026-10-07 17:52:07,941 INFO o.a.j.t.JMeterThread: Thread is done: Agent searches (GET /search) 2-12
2026-10-07 17:52:07,942 INFO o.a.j.t.JMeterThread: Thread finished: Agent searches (GET /search) 2-12
2026-10-07 17:52:13,672 INFO o.a.j.t.JMeterThread: Thread started: Ticket intake (POST /tickets) 1-3
2026-10-07 17:52:14,943 INFO o.a.j.t.JMeterThread: Thread is done: Ticket intake (POST /tickets) 1-3
2026-10-07 17:52:14,943 INFO o.a.j.t.JMeterThread: Thread finished: Ticket intake (POST /tickets) 1-3
2026-10-07 17:52:17,286 INFO o.a.j.t.JMeterThread: Thread started: Agent searches (GET /search) 2-13
2026-10-07 17:52:17,311 INFO o.a.j.t.JMeterThread: Thread is done: Agent searches (GET /search) 2-13
2026-10-07 17:52:17,312 INFO o.a.j.t.JMeterThread: Thread finished: Agent searches (GET /search) 2-13
2026-10-07 17:52:17,963 INFO o.a.j.t.JMeterThread: Thread started: Agent searches (GET /search) 2-14
2026-10-07 17:52:18,171 INFO o.a.j.t.JMeterThread: Thread is done: Agent searches (GET /search) 2-14
2026-10-07 17:52:18,171 INFO o.a.j.t.JMeterThread: Thread finished: Agent searches (GET /search) 2-14
2026-10-07 17:52:22,820 INFO o.a.j.t.JMeterThread: Thread started: Ticket intake (POST /tickets) 1-4
2026-10-07 17:52:23,479 INFO o.a.j.t.JMeterThread: Thread is done: Ticket intake (POST /tickets) 1-4
2026-10-07 17:52:23,479 INFO o.a.j.t.JMeterThread: Thread finished: Ticket intake (POST /tickets) 1-4
2026-10-07 17:52:24,151 INFO o.a.j.t.JMeterThread: Thread started: Ticket intake (POST /tickets) 1-5
2026-10-07 17:52:24,810 INFO o.a.j.t.JMeterThread: Thread is done: Ticket intake (POST /tickets) 1-5
2026-10-07 17:52:24,811 INFO o.a.j.t.JMeterThread: Thread finished: Ticket intake (POST /tickets) 1-5
2026-10-07 17:53:06,748 INFO o.a.j.t.JMeterThread: Thread started: Agent searches (GET /search) 2-15
2026-10-07 17:53:06,788 INFO o.a.j.t.JMeterThread: Thread is done: Agent searches (GET /search) 2-15
2026-10-07 17:53:06,789 INFO o.a.j.t.JMeterThread: Thread finished: Agent searches (GET /search) 2-15
2026-10-07 17:53:30,070 INFO o.a.j.t.JMeterThread: Thread started: Ticket intake (POST /tickets) 1-6
2026-10-07 17:53:30,990 INFO o.a.j.r.Summariser: summary +     11 in 00:01:56 =    0.1/s Avg:   374 Min:    21 Max:  1266 Err:     0 (0.00%) Active: 1 Started: 21 Finished: 20
2026-10-07 17:53:30,991 INFO o.a.j.r.Summariser: summary =     21 in 00:03:15 =    0.1/s Avg:   279 Min:    21 Max:  1266 Err:     0 (0.00%)
2026-10-07 17:53:30,992 INFO o.a.j.t.JMeterThread: Thread is done: Ticket intake (POST /tickets) 1-6
2026-10-07 17:53:30,992 INFO o.a.j.t.JMeterThread: Thread finished: Ticket intake (POST /tickets) 1-6
2026-10-07 17:53:41,853 INFO o.a.j.t.JMeterThread: Thread started: Ticket intake (POST /tickets) 1-7
2026-10-07 17:53:42,328 INFO o.a.j.t.JMeterThread: Thread is done: Ticket intake (POST /tickets) 1-7
2026-10-07 17:53:42,328 INFO o.a.j.t.JMeterThread: Thread finished: Ticket intake (POST /tickets) 1-7
2026-10-07 17:53:45,451 INFO o.a.j.t.JMeterThread: Thread started: Ticket intake (POST /tickets) 1-8
2026-10-07 17:53:46,435 INFO o.a.j.t.JMeterThread: Thread is done: Ticket intake (POST /tickets) 1-8
2026-10-07 17:53:46,435 INFO o.a.j.t.JMeterThread: Thread finished: Ticket intake (POST /tickets) 1-8
2026-10-07 17:54:17,793 INFO o.a.j.t.JMeterThread: Thread started: Ticket intake (POST /tickets) 1-9
2026-10-07 17:54:18,681 INFO o.a.j.t.JMeterThread: Thread is done: Ticket intake (POST /tickets) 1-9
2026-10-07 17:54:18,682 INFO o.a.j.t.JMeterThread: Thread finished: Ticket intake (POST /tickets) 1-9
2026-10-07 17:55:00,906 INFO o.a.j.t.JMeterThread: Thread started: Agent searches (GET /search) 2-16
2026-10-07 17:55:01,018 INFO o.a.j.r.Summariser: summary +      4 in 00:01:30 =    0.0/s Avg:   610 Min:   108 Max:   980 Err:     0 (0.00%) Active: 1 Started: 25 Finished: 24
2026-10-07 17:55:01,019 INFO o.a.j.r.Summariser: summary =     25 in 00:04:45 =    0.1/s Avg:   332 Min:    21 Max:  1266 Err:     0 (0.00%)
2026-10-07 17:55:01,020 INFO o.a.j.t.JMeterThread: Thread is done: Agent searches (GET /search) 2-16
2026-10-07 17:55:01,020 INFO o.a.j.t.JMeterThread: Thread finished: Agent searches (GET /search) 2-16
2026-10-07 17:55:30,675 INFO o.a.j.t.JMeterThread: Thread started: Agent searches (GET /search) 2-17
2026-10-07 17:55:30,791 INFO o.a.j.r.Summariser: summary +      1 in 00:00:30 =    0.0/s Avg:   113 Min:   113 Max:   113 Err:     0 (0.00%) Active: 1 Started: 26 Finished: 25
2026-10-07 17:55:30,792 INFO o.a.j.r.Summariser: summary =     26 in 00:05:15 =    0.1/s Avg:   323 Min:    21 Max:  1266 Err:     0 (0.00%)
2026-10-07 17:55:30,793 INFO o.a.j.t.JMeterThread: Thread is done: Agent searches (GET /search) 2-17
2026-10-07 17:55:30,793 INFO o.a.j.t.JMeterThread: Thread finished: Agent searches (GET /search) 2-17
2026-10-07 17:56:04,517 INFO o.a.j.t.JMeterThread: Thread started: Agent searches (GET /search) 2-18
2026-10-07 17:56:04,694 INFO o.a.j.r.Summariser: summary +      1 in 00:00:34 =    0.0/s Avg:   173 Min:   173 Max:   173 Err:     0 (0.00%) Active: 1 Started: 27 Finished: 26
2026-10-07 17:56:04,695 INFO o.a.j.r.Summariser: summary =     27 in 00:05:49 =    0.1/s Avg:   318 Min:    21 Max:  1266 Err:     0 (0.00%)
2026-10-07 17:56:04,695 INFO o.a.j.t.JMeterThread: Thread is done: Agent searches (GET /search) 2-18
2026-10-07 17:56:04,695 INFO o.a.j.t.JMeterThread: Thread finished: Agent searches (GET /search) 2-18
2026-10-07 17:56:35,499 INFO o.a.j.t.JMeterThread: Thread started: Agent searches (GET /search) 2-19
2026-10-07 17:56:35,528 INFO o.a.j.r.Summariser: summary +      1 in 00:00:31 =    0.0/s Avg:    25 Min:    25 Max:    25 Err:     0 (0.00%) Active: 1 Started: 28 Finished: 27
2026-10-07 17:56:35,529 INFO o.a.j.r.Summariser: summary =     28 in 00:06:20 =    0.1/s Avg:   307 Min:    21 Max:  1266 Err:     0 (0.00%)
2026-10-07 17:56:35,529 INFO o.a.j.t.JMeterThread: Thread is done: Agent searches (GET /search) 2-19
2026-10-07 17:56:35,530 INFO o.a.j.t.JMeterThread: Thread finished: Agent searches (GET /search) 2-19
2026-10-07 17:56:39,895 INFO o.a.j.t.JMeterThread: Thread started: Ticket intake (POST /tickets) 1-10
2026-10-07 17:56:40,425 INFO o.a.j.t.JMeterThread: Thread is done: Ticket intake (POST /tickets) 1-10
2026-10-07 17:56:40,425 INFO o.a.j.t.JMeterThread: Thread finished: Ticket intake (POST /tickets) 1-10
2026-10-07 17:56:42,657 INFO o.a.j.t.JMeterThread: Thread started: Agent searches (GET /search) 2-20
2026-10-07 17:56:42,783 INFO o.a.j.t.JMeterThread: Thread is done: Agent searches (GET /search) 2-20
2026-10-07 17:56:42,784 INFO o.a.j.t.JMeterThread: Thread finished: Agent searches (GET /search) 2-20
2026-10-07 17:56:55,284 INFO o.a.j.t.JMeterThread: Thread started: Agent searches (GET /search) 2-21
2026-10-07 17:56:55,373 INFO o.a.j.t.JMeterThread: Thread is done: Agent searches (GET /search) 2-21
2026-10-07 17:56:55,373 INFO o.a.j.t.JMeterThread: Thread finished: Agent searches (GET /search) 2-21
2026-10-07 17:57:17,360 INFO o.a.j.t.JMeterThread: Thread started: Agent searches (GET /search) 2-22
2026-10-07 17:57:17,708 INFO o.a.j.t.JMeterThread: Thread is done: Agent searches (GET /search) 2-22
2026-10-07 17:57:17,708 INFO o.a.j.t.JMeterThread: Thread finished: Agent searches (GET /search) 2-22
2026-10-07 17:57:17,919 INFO o.a.j.t.JMeterThread: Thread started: Ticket intake (POST /tickets) 1-11
2026-10-07 17:57:18,405 INFO o.a.j.t.JMeterThread: Thread started: Agent searches (GET /search) 2-23
2026-10-07 17:57:18,535 INFO o.a.j.t.JMeterThread: Thread is done: Agent searches (GET /search) 2-23
2026-10-07 17:57:18,535 INFO o.a.j.t.JMeterThread: Thread finished: Agent searches (GET /search) 2-23
2026-10-07 17:57:18,905 INFO o.a.j.t.JMeterThread: Thread is done: Ticket intake (POST /tickets) 1-11
2026-10-07 17:57:18,905 INFO o.a.j.t.JMeterThread: Thread finished: Ticket intake (POST /tickets) 1-11
2026-10-07 17:57:28,760 INFO o.a.j.t.JMeterThread: Thread started: Agent searches (GET /search) 2-24
2026-10-07 17:57:28,871 INFO o.a.j.t.JMeterThread: Thread is done: Agent searches (GET /search) 2-24
2026-10-07 17:57:28,872 INFO o.a.j.t.JMeterThread: Thread finished: Agent searches (GET /search) 2-24
2026-10-07 17:57:40,242 INFO o.a.j.t.JMeterThread: Thread started: Ticket intake (POST /tickets) 1-12
2026-10-07 17:57:40,886 INFO o.a.j.t.JMeterThread: Thread is done: Ticket intake (POST /tickets) 1-12
2026-10-07 17:57:40,886 INFO o.a.j.t.JMeterThread: Thread finished: Ticket intake (POST /tickets) 1-12
2026-10-07 17:57:48,703 INFO o.a.j.t.JMeterThread: Thread started: Agent searches (GET /search) 2-25
2026-10-07 17:57:48,736 INFO o.a.j.t.JMeterThread: Thread is done: Agent searches (GET /search) 2-25
2026-10-07 17:57:48,737 INFO o.a.j.t.JMeterThread: Thread finished: Agent searches (GET /search) 2-25
2026-10-07 17:57:53,105 INFO o.a.j.t.JMeterThread: Thread started: Ticket intake (POST /tickets) 1-13
2026-10-07 17:57:53,485 INFO o.a.j.t.JMeterThread: Thread is done: Ticket intake (POST /tickets) 1-13
2026-10-07 17:57:53,486 INFO o.a.j.t.JMeterThread: Thread finished: Ticket intake (POST /tickets) 1-13
2026-10-07 17:58:03,089 INFO o.a.j.t.JMeterThread: Thread started: Ticket intake (POST /tickets) 1-14
2026-10-07 17:58:03,866 INFO o.a.j.r.Summariser: summary +     11 in 00:01:28 =    0.1/s Avg:   373 Min:    29 Max:   982 Err:     0 (0.00%) Active: 1 Started: 39 Finished: 38
2026-10-07 17:58:03,867 INFO o.a.j.r.Summariser: summary =     39 in 00:07:48 =    0.1/s Avg:   326 Min:    21 Max:  1266 Err:     0 (0.00%)
2026-10-07 17:58:03,867 INFO o.a.j.t.JMeterThread: Thread is done: Ticket intake (POST /tickets) 1-14
2026-10-07 17:58:03,867 INFO o.a.j.t.JMeterThread: Thread finished: Ticket intake (POST /tickets) 1-14
2026-10-07 17:58:29,243 INFO o.a.j.t.JMeterThread: Thread started: Ticket intake (POST /tickets) 1-15
2026-10-07 17:58:29,977 INFO o.a.j.t.JMeterThread: Thread is done: Ticket intake (POST /tickets) 1-15
2026-10-07 17:58:29,977 INFO o.a.j.t.JMeterThread: Thread finished: Ticket intake (POST /tickets) 1-15
2026-10-07 17:58:41,690 INFO o.a.j.t.JMeterThread: Thread started: Agent searches (GET /search) 2-26
2026-10-07 17:58:41,772 INFO o.a.j.t.JMeterThread: Thread is done: Agent searches (GET /search) 2-26
2026-10-07 17:58:41,773 INFO o.a.j.t.JMeterThread: Thread finished: Agent searches (GET /search) 2-26
2026-10-07 17:58:53,959 INFO o.a.j.t.JMeterThread: Thread started: Agent searches (GET /search) 2-27
2026-10-07 17:58:54,035 INFO o.a.j.t.JMeterThread: Thread is done: Agent searches (GET /search) 2-27
2026-10-07 17:58:54,036 INFO o.a.j.t.JMeterThread: Thread finished: Agent searches (GET /search) 2-27
2026-10-07 17:59:08,491 INFO o.a.j.t.JMeterThread: Thread started: Agent searches (GET /search) 2-28
2026-10-07 17:59:08,534 INFO o.a.j.t.JMeterThread: Thread is done: Agent searches (GET /search) 2-28
2026-10-07 17:59:08,534 INFO o.a.j.t.JMeterThread: Thread finished: Agent searches (GET /search) 2-28
2026-10-07 17:59:18,665 INFO o.a.j.t.JMeterThread: Thread started: Agent searches (GET /search) 2-29
2026-10-07 17:59:18,711 INFO o.a.j.t.JMeterThread: Thread is done: Agent searches (GET /search) 2-29
2026-10-07 17:59:18,712 INFO o.a.j.t.JMeterThread: Thread finished: Agent searches (GET /search) 2-29
2026-10-07 17:59:20,854 INFO o.a.j.t.JMeterThread: Thread started: Agent searches (GET /search) 2-30
2026-10-07 17:59:20,885 INFO o.a.j.t.JMeterThread: Thread is done: Agent searches (GET /search) 2-30
2026-10-07 17:59:20,885 INFO o.a.j.t.JMeterThread: Thread finished: Agent searches (GET /search) 2-30
2026-10-07 17:59:24,537 INFO o.a.j.t.JMeterThread: Thread started: Agent searches (GET /search) 2-31
2026-10-07 17:59:24,582 INFO o.a.j.t.JMeterThread: Thread is done: Agent searches (GET /search) 2-31
2026-10-07 17:59:24,582 INFO o.a.j.t.JMeterThread: Thread finished: Agent searches (GET /search) 2-31
2026-10-07 17:59:54,002 INFO o.a.j.t.JMeterThread: Thread started: Agent searches (GET /search) 2-32
2026-10-07 17:59:54,204 INFO o.a.j.t.JMeterThread: Thread is done: Agent searches (GET /search) 2-32
2026-10-07 17:59:54,204 INFO o.a.j.t.JMeterThread: Thread finished: Agent searches (GET /search) 2-32
2026-10-07 17:59:54,244 INFO o.a.j.t.JMeterThread: Thread started: Agent searches (GET /search) 2-33
2026-10-07 17:59:54,286 INFO o.a.j.t.JMeterThread: Thread is done: Agent searches (GET /search) 2-33
2026-10-07 17:59:54,286 INFO o.a.j.t.JMeterThread: Thread finished: Agent searches (GET /search) 2-33
2026-10-07 17:59:55,829 INFO o.a.j.t.JMeterThread: Thread started: Agent searches (GET /search) 2-34
2026-10-07 17:59:55,920 INFO o.a.j.t.JMeterThread: Thread is done: Agent searches (GET /search) 2-34
2026-10-07 17:59:55,921 INFO o.a.j.t.JMeterThread: Thread finished: Agent searches (GET /search) 2-34
2026-10-07 17:59:56,538 INFO o.a.j.t.JMeterThread: Thread started: Ticket intake (POST /tickets) 1-16
2026-10-07 17:59:56,944 INFO o.a.j.t.JMeterThread: Thread is done: Ticket intake (POST /tickets) 1-16
2026-10-07 17:59:56,945 INFO o.a.j.t.JMeterThread: Thread finished: Ticket intake (POST /tickets) 1-16
2026-10-07 18:00:10,912 INFO o.a.j.t.o.EvenArrivalsRamp: Generating 0 events, beginRate = 0.0 / sec, endRate = 0.0 / sec, duration = 300.0 sec
2026-10-07 18:00:10,912 INFO o.a.j.t.JMeterThread: Thread started: Ticket intake (POST /tickets) 1-17
2026-10-07 18:00:10,912 INFO o.a.j.t.o.OpenModelThreadGroup: There will be no more events, so will wait for 304 sec till the end of the schedule
2026-10-07 18:00:11,678 INFO o.a.j.t.JMeterThread: Thread is done: Ticket intake (POST /tickets) 1-17
2026-10-07 18:00:11,678 INFO o.a.j.t.JMeterThread: Thread finished: Ticket intake (POST /tickets) 1-17
2026-10-07 18:00:15,021 INFO o.a.j.t.o.EvenArrivalsRamp: Generating 0 events, beginRate = 0.0 / sec, endRate = 0.0 / sec, duration = 300.0 sec
2026-10-07 18:00:15,021 INFO o.a.j.t.JMeterThread: Thread started: Agent searches (GET /search) 2-35
2026-10-07 18:00:15,021 INFO o.a.j.t.o.OpenModelThreadGroup: There will be no more events, so will wait for 300 sec till the end of the schedule
2026-10-07 18:00:15,164 INFO o.a.j.t.JMeterThread: Thread is done: Agent searches (GET /search) 2-35
2026-10-07 18:00:15,164 INFO o.a.j.t.JMeterThread: Thread finished: Agent searches (GET /search) 2-35
2026-10-07 18:05:15,600 INFO o.a.j.t.o.OpenModelThreadGroup: There will be no more events, will shutdown the thread pool
2026-10-07 18:05:15,600 INFO o.a.j.t.o.OpenModelThreadGroup: Thread starting done
2026-10-07 18:05:15,601 INFO o.a.j.t.o.OpenModelThreadGroup: There will be no more events, will shutdown the thread pool
2026-10-07 18:05:15,603 INFO o.a.j.t.o.OpenModelThreadGroup: Thread starting done
2026-10-07 18:05:15,603 INFO o.a.j.e.StandardJMeterEngine: Notifying test listeners of end of test
2026-10-07 18:05:15,603 INFO o.a.j.s.FileServer: Close: /Users/ridwan/Documents/GitHub/ICT3113_A1_P1-3/loadtest/data/tickets.tsv
2026-10-07 18:05:15,609 INFO o.a.j.r.Summariser: summary +     13 in 00:07:12 =    0.0/s Avg:   204 Min:    27 Max:   763 Err:     0 (0.00%) Active: 0 Started: 52 Finished: 52
2026-10-07 18:05:15,610 INFO o.a.j.r.Summariser: summary =     52 in 00:15:00 =    0.1/s Avg:   295 Min:    21 Max:  1266 Err:     0 (0.00%)
2026-10-07 18:05:15,610 INFO o.a.j.e.StandardJMeterEngine: Forced JVM shutdown requested at end of test
