2026-10-07 18:57:17,253 INFO o.a.j.u.JMeterUtils: Setting Locale to en_EN
2026-10-07 18:57:17,262 INFO o.a.j.JMeter: Loading user properties from: /Users/ridwan/Downloads/apache-jmeter-5.6.3/bin/user.properties
2026-10-07 18:57:17,263 INFO o.a.j.JMeter: Loading system properties from: /Users/ridwan/Downloads/apache-jmeter-5.6.3/bin/system.properties
2026-10-07 18:57:17,263 INFO o.a.j.JMeter: Loading additional properties from: /Users/ridwan/Documents/GitHub/ICT3113_A1_P1-3/loadtest/triage.properties
2026-10-07 18:57:17,263 INFO o.a.j.JMeter: Setting JMeter property: host=172.20.10.2
2026-10-07 18:57:17,263 INFO o.a.j.JMeter: Setting JMeter property: port=8000
2026-10-07 18:57:17,263 INFO o.a.j.JMeter: Setting JMeter property: rate=3.5
2026-10-07 18:57:17,263 INFO o.a.j.JMeter: Setting JMeter property: rate_end=3.5
2026-10-07 18:57:17,263 INFO o.a.j.JMeter: Setting JMeter property: search_rate=7
2026-10-07 18:57:17,263 INFO o.a.j.JMeter: Setting JMeter property: duration=10
2026-10-07 18:57:17,263 INFO o.a.j.JMeter: Setting JMeter property: drain=5
2026-10-07 18:57:17,264 INFO o.a.j.JMeter: Setting JMeter property: timeout_ms=600000
2026-10-07 18:57:17,264 INFO o.a.j.JMeter: Setting JMeter property: data=/Users/ridwan/Documents/GitHub/ICT3113_A1_P1-3/loadtest/data/tickets.tsv
2026-10-07 18:57:17,266 INFO o.a.j.JMeter: Copyright (c) 1998-2024 The Apache Software Foundation
2026-10-07 18:57:17,266 INFO o.a.j.JMeter: Version 5.6.3
2026-10-07 18:57:17,266 INFO o.a.j.JMeter: java.version=17.0.17
2026-10-07 18:57:17,266 INFO o.a.j.JMeter: java.vm.name=OpenJDK 64-Bit Server VM
2026-10-07 18:57:17,266 INFO o.a.j.JMeter: os.name=Mac OS X
2026-10-07 18:57:17,266 INFO o.a.j.JMeter: os.arch=aarch64
2026-10-07 18:57:17,266 INFO o.a.j.JMeter: os.version=26.5
2026-10-07 18:57:17,266 INFO o.a.j.JMeter: file.encoding=UTF-8
2026-10-07 18:57:17,266 INFO o.a.j.JMeter: java.awt.headless=true
2026-10-07 18:57:17,266 INFO o.a.j.JMeter: Max memory     =1073741824
2026-10-07 18:57:17,266 INFO o.a.j.JMeter: Available Processors =10
2026-10-07 18:57:17,271 INFO o.a.j.JMeter: Default Locale=English (EN)
2026-10-07 18:57:17,271 INFO o.a.j.JMeter: JMeter  Locale=English (EN)
2026-10-07 18:57:17,271 INFO o.a.j.JMeter: JMeterHome=/Users/ridwan/Downloads/apache-jmeter-5.6.3
2026-10-07 18:57:17,271 INFO o.a.j.JMeter: user.dir  =/Users/ridwan/Documents/GitHub/ICT3113_A1_P1-3
2026-10-07 18:57:17,271 INFO o.a.j.JMeter: PWD       =/Users/ridwan/Documents/GitHub/ICT3113_A1_P1-3
2026-10-07 18:57:17,273 INFO o.a.j.JMeter: IP: 127.0.0.1 Name: Muhammads-MacBook-Air-4.local FullName: localhost
2026-10-07 18:57:17,279 INFO o.a.j.s.FileServer: Default base='/Users/ridwan/Documents/GitHub/ICT3113_A1_P1-3'
2026-10-07 18:57:17,280 INFO o.a.j.s.FileServer: Set new base='/Users/ridwan/Documents/GitHub/ICT3113_A1_P1-3/loadtest'
2026-10-07 18:57:17,340 INFO o.a.j.s.SaveService: Testplan (JMX) version: 2.2. Testlog (JTL) version: 2.2
2026-10-07 18:57:17,353 INFO o.a.j.s.SaveService: Using SaveService properties version 5.0
2026-10-07 18:57:17,354 INFO o.a.j.s.SaveService: Using SaveService properties file encoding UTF-8
2026-10-07 18:57:17,355 INFO o.a.j.s.SaveService: Loading file: /Users/ridwan/Documents/GitHub/ICT3113_A1_P1-3/loadtest/triage.jmx
2026-10-07 18:57:17,382 INFO o.a.j.p.h.s.HTTPSamplerBase: Parser for text/html is org.apache.jmeter.protocol.http.parser.LagartoBasedHtmlParser
2026-10-07 18:57:17,382 INFO o.a.j.p.h.s.HTTPSamplerBase: Parser for application/xhtml+xml is org.apache.jmeter.protocol.http.parser.LagartoBasedHtmlParser
2026-10-07 18:57:17,382 INFO o.a.j.p.h.s.HTTPSamplerBase: Parser for application/xml is org.apache.jmeter.protocol.http.parser.LagartoBasedHtmlParser
2026-10-07 18:57:17,382 INFO o.a.j.p.h.s.HTTPSamplerBase: Parser for text/xml is org.apache.jmeter.protocol.http.parser.LagartoBasedHtmlParser
2026-10-07 18:57:17,382 INFO o.a.j.p.h.s.HTTPSamplerBase: Parser for text/vnd.wap.wml is org.apache.jmeter.protocol.http.parser.RegexpHTMLParser
2026-10-07 18:57:17,382 INFO o.a.j.p.h.s.HTTPSamplerBase: Parser for text/css is org.apache.jmeter.protocol.http.parser.CssParser
2026-10-07 18:57:17,389 INFO o.a.j.JMeter: Creating summariser <summary>
2026-10-07 18:57:17,395 INFO o.a.j.e.StandardJMeterEngine: Running the test!
2026-10-07 18:57:17,396 INFO o.a.j.s.SampleEvent: List of sample_variables: [rid, row]
2026-10-07 18:57:17,396 INFO o.a.j.s.SampleEvent: List of sample_variables: [rid, row]
2026-10-07 18:57:17,397 INFO o.a.j.e.u.CompoundVariable: Note: Function class names must contain the string: '.functions.'
2026-10-07 18:57:17,397 INFO o.a.j.e.u.CompoundVariable: Note: Function class names must not contain the string: '.gui.'
2026-10-07 18:57:17,489 INFO o.a.j.JMeter: Running test (1791370637489)
2026-10-07 18:57:17,497 INFO o.a.j.e.StandardJMeterEngine: Starting ThreadGroup: 1 : Ticket intake (POST /tickets)
2026-10-07 18:57:17,497 INFO o.a.j.e.StandardJMeterEngine: Starting 0 threads for group Ticket intake (POST /tickets).
2026-10-07 18:57:17,497 INFO o.a.j.e.StandardJMeterEngine: Thread will continue on error
2026-10-07 18:57:17,497 INFO o.a.j.t.o.OpenModelThreadGroup: Starting OpenModelThreadGroup#1 with schedule rate(3.5/min) random_arrivals(10 min) rate(3.5/min) pause(5 min)
2026-10-07 18:57:17,511 INFO o.a.j.e.StandardJMeterEngine: Starting ThreadGroup: 2 : Agent searches (GET /search)
2026-10-07 18:57:17,511 INFO o.a.j.e.StandardJMeterEngine: Starting 0 threads for group Agent searches (GET /search).
2026-10-07 18:57:17,511 INFO o.a.j.e.StandardJMeterEngine: Thread will continue on error
2026-10-07 18:57:17,511 INFO o.a.j.t.o.OpenModelThreadGroup: Thread starting init
2026-10-07 18:57:17,511 INFO o.a.j.t.o.OpenModelThreadGroup: Starting OpenModelThreadGroup#2 with schedule rate(7/min) random_arrivals(10 min) rate(7/min) pause(5 min)
2026-10-07 18:57:17,512 INFO o.a.j.e.StandardJMeterEngine: All thread groups have been started
2026-10-07 18:57:17,512 INFO o.a.j.t.o.OpenModelThreadGroup: Thread starting init
2026-10-07 18:57:17,513 INFO o.a.j.t.o.PoissonArrivalsRamp: Generating 35 events, beginRate = 0.058333333333333334 / sec, endRate = 0.058333333333333334 / sec, duration = 600.0 sec
2026-10-07 18:57:17,513 INFO o.a.j.t.o.PoissonArrivalsRamp: Generating 70 events, beginRate = 0.11666666666666667 / sec, endRate = 0.11666666666666667 / sec, duration = 600.0 sec
2026-10-07 18:57:23,090 INFO o.a.j.t.JMeterThread: Thread started: Agent searches (GET /search) 2-1
2026-10-07 18:57:23,310 INFO o.a.j.p.h.s.HTTPHCAbstractImpl: Local host = Muhammads-MacBook-Air-4.local
2026-10-07 18:57:23,313 INFO o.a.j.p.h.s.HTTPHC4Impl: HTTP request retry count = 0
2026-10-07 18:57:23,313 INFO o.a.j.s.SampleResult: Note: Sample TimeStamps are START times
2026-10-07 18:57:23,313 INFO o.a.j.s.SampleResult: sampleresult.default.encoding is set to UTF-8
2026-10-07 18:57:23,313 INFO o.a.j.s.SampleResult: sampleresult.useNanoTime=true
2026-10-07 18:57:23,313 INFO o.a.j.s.SampleResult: sampleresult.nanoThreadSleep=5000
2026-10-07 18:57:23,400 INFO o.a.j.t.JMeterThread: Thread is done: Agent searches (GET /search) 2-1
2026-10-07 18:57:23,400 INFO o.a.j.t.JMeterThread: Thread finished: Agent searches (GET /search) 2-1
2026-10-07 18:57:26,065 INFO o.a.j.t.JMeterThread: Thread started: Ticket intake (POST /tickets) 1-1
2026-10-07 18:57:26,066 INFO o.a.j.s.FileServer: Stored: /Users/ridwan/Documents/GitHub/ICT3113_A1_P1-3/loadtest/data/tickets.tsv
2026-10-07 18:57:26,475 INFO o.a.j.t.JMeterThread: Thread is done: Ticket intake (POST /tickets) 1-1
2026-10-07 18:57:26,475 INFO o.a.j.t.JMeterThread: Thread finished: Ticket intake (POST /tickets) 1-1
2026-10-07 18:57:26,856 INFO o.a.j.t.JMeterThread: Thread started: Ticket intake (POST /tickets) 1-2
2026-10-07 18:57:28,049 INFO o.a.j.t.JMeterThread: Thread is done: Ticket intake (POST /tickets) 1-2
2026-10-07 18:57:28,049 INFO o.a.j.t.JMeterThread: Thread finished: Ticket intake (POST /tickets) 1-2
2026-10-07 18:57:37,639 INFO o.a.j.t.JMeterThread: Thread started: Agent searches (GET /search) 2-2
2026-10-07 18:57:37,797 INFO o.a.j.t.JMeterThread: Thread is done: Agent searches (GET /search) 2-2
2026-10-07 18:57:37,797 INFO o.a.j.t.JMeterThread: Thread finished: Agent searches (GET /search) 2-2
2026-10-07 18:57:39,630 INFO o.a.j.t.JMeterThread: Thread started: Ticket intake (POST /tickets) 1-3
2026-10-07 18:57:40,293 INFO o.a.j.t.JMeterThread: Thread started: Agent searches (GET /search) 2-3
2026-10-07 18:57:40,498 INFO o.a.j.t.JMeterThread: Thread is done: Agent searches (GET /search) 2-3
2026-10-07 18:57:40,498 INFO o.a.j.t.JMeterThread: Thread finished: Agent searches (GET /search) 2-3
2026-10-07 18:57:40,808 INFO o.a.j.t.JMeterThread: Thread is done: Ticket intake (POST /tickets) 1-3
2026-10-07 18:57:40,809 INFO o.a.j.t.JMeterThread: Thread finished: Ticket intake (POST /tickets) 1-3
2026-10-07 18:57:43,905 INFO o.a.j.t.JMeterThread: Thread started: Ticket intake (POST /tickets) 1-4
2026-10-07 18:57:44,544 INFO o.a.j.t.JMeterThread: Thread is done: Ticket intake (POST /tickets) 1-4
2026-10-07 18:57:44,544 INFO o.a.j.t.JMeterThread: Thread finished: Ticket intake (POST /tickets) 1-4
2026-10-07 18:57:51,320 INFO o.a.j.t.JMeterThread: Thread started: Ticket intake (POST /tickets) 1-5
2026-10-07 18:57:51,918 INFO o.a.j.t.JMeterThread: Thread is done: Ticket intake (POST /tickets) 1-5
2026-10-07 18:57:51,918 INFO o.a.j.t.JMeterThread: Thread finished: Ticket intake (POST /tickets) 1-5
2026-10-07 18:57:52,909 INFO o.a.j.t.JMeterThread: Thread started: Agent searches (GET /search) 2-4
2026-10-07 18:57:53,253 INFO o.a.j.t.JMeterThread: Thread is done: Agent searches (GET /search) 2-4
2026-10-07 18:57:53,253 INFO o.a.j.t.JMeterThread: Thread finished: Agent searches (GET /search) 2-4
2026-10-07 18:57:54,664 INFO o.a.j.t.JMeterThread: Thread started: Ticket intake (POST /tickets) 1-6
2026-10-07 18:57:55,258 INFO o.a.j.t.JMeterThread: Thread started: Agent searches (GET /search) 2-5
2026-10-07 18:57:55,389 INFO o.a.j.t.JMeterThread: Thread is done: Agent searches (GET /search) 2-5
2026-10-07 18:57:55,389 INFO o.a.j.t.JMeterThread: Thread finished: Agent searches (GET /search) 2-5
2026-10-07 18:57:55,464 INFO o.a.j.t.JMeterThread: Thread is done: Ticket intake (POST /tickets) 1-6
2026-10-07 18:57:55,464 INFO o.a.j.t.JMeterThread: Thread finished: Ticket intake (POST /tickets) 1-6
2026-10-07 18:57:56,445 INFO o.a.j.t.JMeterThread: Thread started: Agent searches (GET /search) 2-6
2026-10-07 18:57:56,487 INFO o.a.j.t.JMeterThread: Thread is done: Agent searches (GET /search) 2-6
2026-10-07 18:57:56,488 INFO o.a.j.t.JMeterThread: Thread finished: Agent searches (GET /search) 2-6
2026-10-07 18:58:01,713 INFO o.a.j.t.JMeterThread: Thread started: Ticket intake (POST /tickets) 1-7
2026-10-07 18:58:01,790 INFO o.a.j.t.JMeterThread: Thread started: Ticket intake (POST /tickets) 1-8
2026-10-07 18:58:02,214 INFO o.a.j.r.Summariser: summary +     13 in 00:00:45 =    0.3/s Avg:   476 Min:    39 Max:  1188 Err:     0 (0.00%) Active: 2 Started: 14 Finished: 12
2026-10-07 18:58:02,214 INFO o.a.j.t.JMeterThread: Thread is done: Ticket intake (POST /tickets) 1-7
2026-10-07 18:58:02,214 INFO o.a.j.t.JMeterThread: Thread finished: Ticket intake (POST /tickets) 1-7
2026-10-07 18:58:03,166 INFO o.a.j.t.JMeterThread: Thread is done: Ticket intake (POST /tickets) 1-8
2026-10-07 18:58:03,167 INFO o.a.j.t.JMeterThread: Thread finished: Ticket intake (POST /tickets) 1-8
2026-10-07 18:58:14,761 INFO o.a.j.t.JMeterThread: Thread started: Agent searches (GET /search) 2-7
2026-10-07 18:58:14,903 INFO o.a.j.t.JMeterThread: Thread started: Ticket intake (POST /tickets) 1-9
2026-10-07 18:58:15,047 INFO o.a.j.t.JMeterThread: Thread is done: Agent searches (GET /search) 2-7
2026-10-07 18:58:15,047 INFO o.a.j.t.JMeterThread: Thread finished: Agent searches (GET /search) 2-7
2026-10-07 18:58:15,763 INFO o.a.j.t.JMeterThread: Thread is done: Ticket intake (POST /tickets) 1-9
2026-10-07 18:58:15,763 INFO o.a.j.t.JMeterThread: Thread finished: Ticket intake (POST /tickets) 1-9
2026-10-07 18:58:17,891 INFO o.a.j.t.JMeterThread: Thread started: Agent searches (GET /search) 2-8
2026-10-07 18:58:18,034 INFO o.a.j.t.JMeterThread: Thread is done: Agent searches (GET /search) 2-8
2026-10-07 18:58:18,035 INFO o.a.j.t.JMeterThread: Thread finished: Agent searches (GET /search) 2-8
2026-10-07 18:58:26,583 INFO o.a.j.t.JMeterThread: Thread started: Ticket intake (POST /tickets) 1-10
2026-10-07 18:58:27,046 INFO o.a.j.t.JMeterThread: Thread is done: Ticket intake (POST /tickets) 1-10
2026-10-07 18:58:27,046 INFO o.a.j.t.JMeterThread: Thread finished: Ticket intake (POST /tickets) 1-10
2026-10-07 18:58:35,499 INFO o.a.j.t.JMeterThread: Thread started: Agent searches (GET /search) 2-9
2026-10-07 18:58:35,543 INFO o.a.j.r.Summariser: summary +      6 in 00:00:33 =    0.2/s Avg:   524 Min:    40 Max:  1371 Err:     0 (0.00%) Active: 1 Started: 19 Finished: 18
2026-10-07 18:58:35,544 INFO o.a.j.r.Summariser: summary =     19 in 00:01:18 =    0.2/s Avg:   491 Min:    39 Max:  1371 Err:     0 (0.00%)
2026-10-07 18:58:35,544 INFO o.a.j.t.JMeterThread: Thread is done: Agent searches (GET /search) 2-9
2026-10-07 18:58:35,544 INFO o.a.j.t.JMeterThread: Thread finished: Agent searches (GET /search) 2-9
2026-10-07 18:58:53,951 INFO o.a.j.t.JMeterThread: Thread started: Ticket intake (POST /tickets) 1-11
2026-10-07 18:58:54,879 INFO o.a.j.t.JMeterThread: Thread is done: Ticket intake (POST /tickets) 1-11
2026-10-07 18:58:54,880 INFO o.a.j.t.JMeterThread: Thread finished: Ticket intake (POST /tickets) 1-11
2026-10-07 18:59:06,324 INFO o.a.j.t.JMeterThread: Thread started: Ticket intake (POST /tickets) 1-12
2026-10-07 18:59:07,075 INFO o.a.j.t.JMeterThread: Thread is done: Ticket intake (POST /tickets) 1-12
2026-10-07 18:59:07,075 INFO o.a.j.t.JMeterThread: Thread finished: Ticket intake (POST /tickets) 1-12
2026-10-07 18:59:19,812 INFO o.a.j.t.JMeterThread: Thread started: Agent searches (GET /search) 2-10
2026-10-07 18:59:19,877 INFO o.a.j.t.JMeterThread: Thread is done: Agent searches (GET /search) 2-10
2026-10-07 18:59:19,877 INFO o.a.j.t.JMeterThread: Thread finished: Agent searches (GET /search) 2-10
2026-10-07 18:59:23,855 INFO o.a.j.t.JMeterThread: Thread started: Agent searches (GET /search) 2-11
2026-10-07 18:59:24,084 INFO o.a.j.t.JMeterThread: Thread is done: Agent searches (GET /search) 2-11
2026-10-07 18:59:24,084 INFO o.a.j.t.JMeterThread: Thread finished: Agent searches (GET /search) 2-11
2026-10-07 18:59:34,409 INFO o.a.j.t.JMeterThread: Thread started: Agent searches (GET /search) 2-12
2026-10-07 18:59:34,502 INFO o.a.j.r.Summariser: summary +      5 in 00:00:59 =    0.1/s Avg:   409 Min:    61 Max:   925 Err:     0 (0.00%) Active: 1 Started: 24 Finished: 23
2026-10-07 18:59:34,503 INFO o.a.j.r.Summariser: summary =     24 in 00:02:17 =    0.2/s Avg:   474 Min:    39 Max:  1371 Err:     0 (0.00%)
2026-10-07 18:59:34,503 INFO o.a.j.t.JMeterThread: Thread is done: Agent searches (GET /search) 2-12
2026-10-07 18:59:34,503 INFO o.a.j.t.JMeterThread: Thread finished: Agent searches (GET /search) 2-12
2026-10-07 18:59:34,627 INFO o.a.j.t.JMeterThread: Thread started: Agent searches (GET /search) 2-13
2026-10-07 18:59:34,707 INFO o.a.j.t.JMeterThread: Thread is done: Agent searches (GET /search) 2-13
2026-10-07 18:59:34,707 INFO o.a.j.t.JMeterThread: Thread finished: Agent searches (GET /search) 2-13
2026-10-07 18:59:40,120 INFO o.a.j.t.JMeterThread: Thread started: Agent searches (GET /search) 2-14
2026-10-07 18:59:40,245 INFO o.a.j.t.JMeterThread: Thread is done: Agent searches (GET /search) 2-14
2026-10-07 18:59:40,245 INFO o.a.j.t.JMeterThread: Thread finished: Agent searches (GET /search) 2-14
2026-10-07 18:59:54,483 INFO o.a.j.t.JMeterThread: Thread started: Agent searches (GET /search) 2-15
2026-10-07 18:59:54,573 INFO o.a.j.t.JMeterThread: Thread is done: Agent searches (GET /search) 2-15
2026-10-07 18:59:54,573 INFO o.a.j.t.JMeterThread: Thread finished: Agent searches (GET /search) 2-15
2026-10-07 18:59:55,940 INFO o.a.j.t.JMeterThread: Thread started: Ticket intake (POST /tickets) 1-13
2026-10-07 18:59:56,513 INFO o.a.j.t.JMeterThread: Thread is done: Ticket intake (POST /tickets) 1-13
2026-10-07 18:59:56,514 INFO o.a.j.t.JMeterThread: Thread finished: Ticket intake (POST /tickets) 1-13
2026-10-07 18:59:59,245 INFO o.a.j.t.JMeterThread: Thread started: Agent searches (GET /search) 2-16
2026-10-07 18:59:59,330 INFO o.a.j.t.JMeterThread: Thread is done: Agent searches (GET /search) 2-16
2026-10-07 18:59:59,331 INFO o.a.j.t.JMeterThread: Thread finished: Agent searches (GET /search) 2-16
2026-10-07 19:00:03,396 INFO o.a.j.t.JMeterThread: Thread started: Ticket intake (POST /tickets) 1-14
2026-10-07 19:00:04,286 INFO o.a.j.r.Summariser: summary +      6 in 00:00:30 =    0.2/s Avg:   303 Min:    76 Max:   886 Err:     0 (0.00%) Active: 1 Started: 30 Finished: 29
2026-10-07 19:00:04,287 INFO o.a.j.r.Summariser: summary =     30 in 00:02:47 =    0.2/s Avg:   440 Min:    39 Max:  1371 Err:     0 (0.00%)
2026-10-07 19:00:04,287 INFO o.a.j.t.JMeterThread: Thread is done: Ticket intake (POST /tickets) 1-14
2026-10-07 19:00:04,287 INFO o.a.j.t.JMeterThread: Thread finished: Ticket intake (POST /tickets) 1-14
2026-10-07 19:00:10,197 INFO o.a.j.t.JMeterThread: Thread started: Agent searches (GET /search) 2-17
2026-10-07 19:00:10,355 INFO o.a.j.t.JMeterThread: Thread is done: Agent searches (GET /search) 2-17
2026-10-07 19:00:10,355 INFO o.a.j.t.JMeterThread: Thread finished: Agent searches (GET /search) 2-17
2026-10-07 19:00:15,354 INFO o.a.j.t.JMeterThread: Thread started: Agent searches (GET /search) 2-18
2026-10-07 19:00:15,401 INFO o.a.j.t.JMeterThread: Thread is done: Agent searches (GET /search) 2-18
2026-10-07 19:00:15,401 INFO o.a.j.t.JMeterThread: Thread finished: Agent searches (GET /search) 2-18
2026-10-07 19:00:16,957 INFO o.a.j.t.JMeterThread: Thread started: Ticket intake (POST /tickets) 1-15
2026-10-07 19:00:17,968 INFO o.a.j.t.JMeterThread: Thread is done: Ticket intake (POST /tickets) 1-15
2026-10-07 19:00:17,968 INFO o.a.j.t.JMeterThread: Thread finished: Ticket intake (POST /tickets) 1-15
2026-10-07 19:00:31,366 INFO o.a.j.t.JMeterThread: Thread started: Agent searches (GET /search) 2-19
2026-10-07 19:00:31,627 INFO o.a.j.r.Summariser: summary +      4 in 00:00:27 =    0.1/s Avg:   365 Min:    43 Max:  1007 Err:     0 (0.00%) Active: 1 Started: 34 Finished: 33
2026-10-07 19:00:31,628 INFO o.a.j.r.Summariser: summary =     34 in 00:03:14 =    0.2/s Avg:   431 Min:    39 Max:  1371 Err:     0 (0.00%)
2026-10-07 19:00:31,629 INFO o.a.j.t.JMeterThread: Thread is done: Agent searches (GET /search) 2-19
2026-10-07 19:00:31,629 INFO o.a.j.t.JMeterThread: Thread finished: Agent searches (GET /search) 2-19
2026-10-07 19:00:34,585 INFO o.a.j.t.JMeterThread: Thread started: Agent searches (GET /search) 2-20
2026-10-07 19:00:34,723 INFO o.a.j.t.JMeterThread: Thread is done: Agent searches (GET /search) 2-20
2026-10-07 19:00:34,723 INFO o.a.j.t.JMeterThread: Thread finished: Agent searches (GET /search) 2-20
2026-10-07 19:00:34,909 INFO o.a.j.t.JMeterThread: Thread started: Agent searches (GET /search) 2-21
2026-10-07 19:00:35,006 INFO o.a.j.t.JMeterThread: Thread is done: Agent searches (GET /search) 2-21
2026-10-07 19:00:35,007 INFO o.a.j.t.JMeterThread: Thread finished: Agent searches (GET /search) 2-21
2026-10-07 19:00:35,549 INFO o.a.j.t.JMeterThread: Thread started: Ticket intake (POST /tickets) 1-16
2026-10-07 19:00:36,340 INFO o.a.j.t.JMeterThread: Thread is done: Ticket intake (POST /tickets) 1-16
2026-10-07 19:00:36,340 INFO o.a.j.t.JMeterThread: Thread finished: Ticket intake (POST /tickets) 1-16
2026-10-07 19:00:48,870 INFO o.a.j.t.JMeterThread: Thread started: Ticket intake (POST /tickets) 1-17
2026-10-07 19:00:49,292 INFO o.a.j.t.JMeterThread: Thread started: Agent searches (GET /search) 2-22
2026-10-07 19:00:49,409 INFO o.a.j.t.JMeterThread: Thread is done: Agent searches (GET /search) 2-22
2026-10-07 19:00:49,409 INFO o.a.j.t.JMeterThread: Thread finished: Agent searches (GET /search) 2-22
2026-10-07 19:00:49,612 INFO o.a.j.t.JMeterThread: Thread is done: Ticket intake (POST /tickets) 1-17
2026-10-07 19:00:49,612 INFO o.a.j.t.JMeterThread: Thread finished: Ticket intake (POST /tickets) 1-17
2026-10-07 19:01:14,575 INFO o.a.j.t.JMeterThread: Thread started: Agent searches (GET /search) 2-23
2026-10-07 19:01:14,613 INFO o.a.j.t.JMeterThread: Thread is done: Agent searches (GET /search) 2-23
2026-10-07 19:01:14,614 INFO o.a.j.t.JMeterThread: Thread finished: Agent searches (GET /search) 2-23
2026-10-07 19:01:16,262 INFO o.a.j.t.JMeterThread: Thread started: Ticket intake (POST /tickets) 1-18
2026-10-07 19:01:17,089 INFO o.a.j.t.JMeterThread: Thread is done: Ticket intake (POST /tickets) 1-18
2026-10-07 19:01:17,089 INFO o.a.j.t.JMeterThread: Thread finished: Ticket intake (POST /tickets) 1-18
2026-10-07 19:01:26,245 INFO o.a.j.t.JMeterThread: Thread started: Agent searches (GET /search) 2-24
2026-10-07 19:01:26,315 INFO o.a.j.t.JMeterThread: Thread is done: Agent searches (GET /search) 2-24
2026-10-07 19:01:26,315 INFO o.a.j.t.JMeterThread: Thread finished: Agent searches (GET /search) 2-24
2026-10-07 19:01:28,645 INFO o.a.j.t.JMeterThread: Thread started: Agent searches (GET /search) 2-25
2026-10-07 19:01:28,883 INFO o.a.j.t.JMeterThread: Thread is done: Agent searches (GET /search) 2-25
2026-10-07 19:01:28,883 INFO o.a.j.t.JMeterThread: Thread finished: Agent searches (GET /search) 2-25
2026-10-07 19:01:29,184 INFO o.a.j.t.JMeterThread: Thread started: Agent searches (GET /search) 2-26
2026-10-07 19:01:29,292 INFO o.a.j.t.JMeterThread: Thread is done: Agent searches (GET /search) 2-26
2026-10-07 19:01:29,292 INFO o.a.j.t.JMeterThread: Thread finished: Agent searches (GET /search) 2-26
2026-10-07 19:01:29,369 INFO o.a.j.t.JMeterThread: Thread started: Agent searches (GET /search) 2-27
2026-10-07 19:01:29,393 INFO o.a.j.t.JMeterThread: Thread is done: Agent searches (GET /search) 2-27
2026-10-07 19:01:29,393 INFO o.a.j.t.JMeterThread: Thread finished: Agent searches (GET /search) 2-27
2026-10-07 19:01:35,358 INFO o.a.j.t.JMeterThread: Thread started: Agent searches (GET /search) 2-28
2026-10-07 19:01:35,461 INFO o.a.j.r.Summariser: summary +     12 in 00:01:04 =    0.2/s Avg:   270 Min:    20 Max:   823 Err:     0 (0.00%) Active: 1 Started: 46 Finished: 45
2026-10-07 19:01:35,461 INFO o.a.j.r.Summariser: summary =     46 in 00:04:18 =    0.2/s Avg:   389 Min:    20 Max:  1371 Err:     0 (0.00%)
2026-10-07 19:01:35,462 INFO o.a.j.t.JMeterThread: Thread is done: Agent searches (GET /search) 2-28
2026-10-07 19:01:35,462 INFO o.a.j.t.JMeterThread: Thread finished: Agent searches (GET /search) 2-28
2026-10-07 19:01:41,069 INFO o.a.j.t.JMeterThread: Thread started: Ticket intake (POST /tickets) 1-19
2026-10-07 19:01:41,732 INFO o.a.j.t.JMeterThread: Thread started: Agent searches (GET /search) 2-29
2026-10-07 19:01:41,773 INFO o.a.j.t.JMeterThread: Thread is done: Ticket intake (POST /tickets) 1-19
2026-10-07 19:01:41,773 INFO o.a.j.t.JMeterThread: Thread finished: Ticket intake (POST /tickets) 1-19
2026-10-07 19:01:41,794 INFO o.a.j.t.JMeterThread: Thread is done: Agent searches (GET /search) 2-29
2026-10-07 19:01:41,794 INFO o.a.j.t.JMeterThread: Thread finished: Agent searches (GET /search) 2-29
2026-10-07 19:01:48,569 INFO o.a.j.t.JMeterThread: Thread started: Agent searches (GET /search) 2-30
2026-10-07 19:01:48,696 INFO o.a.j.t.JMeterThread: Thread is done: Agent searches (GET /search) 2-30
2026-10-07 19:01:48,697 INFO o.a.j.t.JMeterThread: Thread finished: Agent searches (GET /search) 2-30
2026-10-07 19:01:51,987 INFO o.a.j.t.JMeterThread: Thread started: Ticket intake (POST /tickets) 1-20
2026-10-07 19:01:52,728 INFO o.a.j.t.JMeterThread: Thread is done: Ticket intake (POST /tickets) 1-20
2026-10-07 19:01:52,728 INFO o.a.j.t.JMeterThread: Thread finished: Ticket intake (POST /tickets) 1-20
2026-10-07 19:01:53,561 INFO o.a.j.t.JMeterThread: Thread started: Ticket intake (POST /tickets) 1-21
2026-10-07 19:01:54,274 INFO o.a.j.t.JMeterThread: Thread is done: Ticket intake (POST /tickets) 1-21
2026-10-07 19:01:54,274 INFO o.a.j.t.JMeterThread: Thread finished: Ticket intake (POST /tickets) 1-21
2026-10-07 19:01:58,452 INFO o.a.j.t.JMeterThread: Thread started: Agent searches (GET /search) 2-31
2026-10-07 19:01:58,584 INFO o.a.j.t.JMeterThread: Thread is done: Agent searches (GET /search) 2-31
2026-10-07 19:01:58,584 INFO o.a.j.t.JMeterThread: Thread finished: Agent searches (GET /search) 2-31
2026-10-07 19:02:02,544 INFO o.a.j.t.JMeterThread: Thread started: Ticket intake (POST /tickets) 1-22
2026-10-07 19:02:02,985 INFO o.a.j.r.Summariser: summary +      7 in 00:00:28 =    0.3/s Avg:   413 Min:    58 Max:   738 Err:     0 (0.00%) Active: 1 Started: 53 Finished: 52
2026-10-07 19:02:02,986 INFO o.a.j.r.Summariser: summary =     53 in 00:04:45 =    0.2/s Avg:   392 Min:    20 Max:  1371 Err:     0 (0.00%)
2026-10-07 19:02:02,986 INFO o.a.j.t.JMeterThread: Thread is done: Ticket intake (POST /tickets) 1-22
2026-10-07 19:02:02,986 INFO o.a.j.t.JMeterThread: Thread finished: Ticket intake (POST /tickets) 1-22
2026-10-07 19:02:04,249 INFO o.a.j.t.JMeterThread: Thread started: Agent searches (GET /search) 2-32
2026-10-07 19:02:04,310 INFO o.a.j.t.JMeterThread: Thread is done: Agent searches (GET /search) 2-32
2026-10-07 19:02:04,310 INFO o.a.j.t.JMeterThread: Thread finished: Agent searches (GET /search) 2-32
2026-10-07 19:02:05,421 INFO o.a.j.t.JMeterThread: Thread started: Ticket intake (POST /tickets) 1-23
2026-10-07 19:02:05,937 INFO o.a.j.t.JMeterThread: Thread is done: Ticket intake (POST /tickets) 1-23
2026-10-07 19:02:05,938 INFO o.a.j.t.JMeterThread: Thread finished: Ticket intake (POST /tickets) 1-23
2026-10-07 19:02:14,305 INFO o.a.j.t.JMeterThread: Thread started: Ticket intake (POST /tickets) 1-24
2026-10-07 19:02:15,969 INFO o.a.j.t.JMeterThread: Thread is done: Ticket intake (POST /tickets) 1-24
2026-10-07 19:02:15,970 INFO o.a.j.t.JMeterThread: Thread finished: Ticket intake (POST /tickets) 1-24
2026-10-07 19:02:17,399 INFO o.a.j.t.JMeterThread: Thread started: Agent searches (GET /search) 2-33
2026-10-07 19:02:17,427 INFO o.a.j.t.JMeterThread: Thread is done: Agent searches (GET /search) 2-33
2026-10-07 19:02:17,427 INFO o.a.j.t.JMeterThread: Thread finished: Agent searches (GET /search) 2-33
2026-10-07 19:02:23,021 INFO o.a.j.t.JMeterThread: Thread started: Agent searches (GET /search) 2-34
2026-10-07 19:02:23,146 INFO o.a.j.t.JMeterThread: Thread is done: Agent searches (GET /search) 2-34
2026-10-07 19:02:23,146 INFO o.a.j.t.JMeterThread: Thread finished: Agent searches (GET /search) 2-34
2026-10-07 19:02:31,305 INFO o.a.j.t.JMeterThread: Thread started: Agent searches (GET /search) 2-35
2026-10-07 19:02:31,447 INFO o.a.j.r.Summariser: summary +      6 in 00:00:28 =    0.2/s Avg:   419 Min:    24 Max:  1661 Err:     0 (0.00%) Active: 1 Started: 59 Finished: 58
2026-10-07 19:02:31,448 INFO o.a.j.r.Summariser: summary =     59 in 00:05:14 =    0.2/s Avg:   395 Min:    20 Max:  1661 Err:     0 (0.00%)
2026-10-07 19:02:31,448 INFO o.a.j.t.JMeterThread: Thread is done: Agent searches (GET /search) 2-35
2026-10-07 19:02:31,448 INFO o.a.j.t.JMeterThread: Thread finished: Agent searches (GET /search) 2-35
2026-10-07 19:02:49,381 INFO o.a.j.t.JMeterThread: Thread started: Agent searches (GET /search) 2-36
2026-10-07 19:02:49,479 INFO o.a.j.t.JMeterThread: Thread is done: Agent searches (GET /search) 2-36
2026-10-07 19:02:49,479 INFO o.a.j.t.JMeterThread: Thread finished: Agent searches (GET /search) 2-36
2026-10-07 19:03:00,670 INFO o.a.j.t.JMeterThread: Thread started: Agent searches (GET /search) 2-37
2026-10-07 19:03:00,778 INFO o.a.j.r.Summariser: summary +      2 in 00:00:29 =    0.1/s Avg:    99 Min:    94 Max:   104 Err:     0 (0.00%) Active: 1 Started: 61 Finished: 60
2026-10-07 19:03:00,779 INFO o.a.j.r.Summariser: summary =     61 in 00:05:43 =    0.2/s Avg:   385 Min:    20 Max:  1661 Err:     0 (0.00%)
2026-10-07 19:03:00,779 INFO o.a.j.t.JMeterThread: Thread is done: Agent searches (GET /search) 2-37
2026-10-07 19:03:00,779 INFO o.a.j.t.JMeterThread: Thread finished: Agent searches (GET /search) 2-37
2026-10-07 19:03:06,359 INFO o.a.j.t.JMeterThread: Thread started: Ticket intake (POST /tickets) 1-25
2026-10-07 19:03:07,478 INFO o.a.j.t.JMeterThread: Thread is done: Ticket intake (POST /tickets) 1-25
2026-10-07 19:03:07,478 INFO o.a.j.t.JMeterThread: Thread finished: Ticket intake (POST /tickets) 1-25
2026-10-07 19:03:13,618 INFO o.a.j.t.JMeterThread: Thread started: Ticket intake (POST /tickets) 1-26
2026-10-07 19:03:14,541 INFO o.a.j.t.JMeterThread: Thread is done: Ticket intake (POST /tickets) 1-26
2026-10-07 19:03:14,542 INFO o.a.j.t.JMeterThread: Thread finished: Ticket intake (POST /tickets) 1-26
2026-10-07 19:03:17,228 INFO o.a.j.t.JMeterThread: Thread started: Ticket intake (POST /tickets) 1-27
2026-10-07 19:03:18,033 INFO o.a.j.t.JMeterThread: Thread is done: Ticket intake (POST /tickets) 1-27
2026-10-07 19:03:18,034 INFO o.a.j.t.JMeterThread: Thread finished: Ticket intake (POST /tickets) 1-27
2026-10-07 19:03:19,842 INFO o.a.j.t.JMeterThread: Thread started: Agent searches (GET /search) 2-38
2026-10-07 19:03:19,974 INFO o.a.j.t.JMeterThread: Thread is done: Agent searches (GET /search) 2-38
2026-10-07 19:03:19,974 INFO o.a.j.t.JMeterThread: Thread finished: Agent searches (GET /search) 2-38
2026-10-07 19:03:26,462 INFO o.a.j.t.JMeterThread: Thread started: Agent searches (GET /search) 2-39
2026-10-07 19:03:26,550 INFO o.a.j.t.JMeterThread: Thread is done: Agent searches (GET /search) 2-39
2026-10-07 19:03:26,551 INFO o.a.j.t.JMeterThread: Thread finished: Agent searches (GET /search) 2-39
2026-10-07 19:03:34,262 INFO o.a.j.t.JMeterThread: Thread started: Agent searches (GET /search) 2-40
2026-10-07 19:03:34,362 INFO o.a.j.r.Summariser: summary +      6 in 00:00:34 =    0.2/s Avg:   524 Min:    85 Max:  1115 Err:     0 (0.00%) Active: 1 Started: 67 Finished: 66
2026-10-07 19:03:34,362 INFO o.a.j.r.Summariser: summary =     67 in 00:06:17 =    0.2/s Avg:   398 Min:    20 Max:  1661 Err:     0 (0.00%)
2026-10-07 19:03:34,363 INFO o.a.j.t.JMeterThread: Thread is done: Agent searches (GET /search) 2-40
2026-10-07 19:03:34,363 INFO o.a.j.t.JMeterThread: Thread finished: Agent searches (GET /search) 2-40
2026-10-07 19:03:49,224 INFO o.a.j.t.JMeterThread: Thread started: Agent searches (GET /search) 2-41
2026-10-07 19:03:49,288 INFO o.a.j.t.JMeterThread: Thread is done: Agent searches (GET /search) 2-41
2026-10-07 19:03:49,288 INFO o.a.j.t.JMeterThread: Thread finished: Agent searches (GET /search) 2-41
2026-10-07 19:04:03,335 INFO o.a.j.t.JMeterThread: Thread started: Ticket intake (POST /tickets) 1-28
2026-10-07 19:04:04,742 INFO o.a.j.r.Summariser: summary +      2 in 00:00:30 =    0.1/s Avg:   731 Min:    60 Max:  1403 Err:     0 (0.00%) Active: 1 Started: 69 Finished: 68
2026-10-07 19:04:04,743 INFO o.a.j.r.Summariser: summary =     69 in 00:06:47 =    0.2/s Avg:   407 Min:    20 Max:  1661 Err:     0 (0.00%)
2026-10-07 19:04:04,743 INFO o.a.j.t.JMeterThread: Thread is done: Ticket intake (POST /tickets) 1-28
2026-10-07 19:04:04,743 INFO o.a.j.t.JMeterThread: Thread finished: Ticket intake (POST /tickets) 1-28
2026-10-07 19:04:07,126 INFO o.a.j.t.JMeterThread: Thread started: Ticket intake (POST /tickets) 1-29
2026-10-07 19:04:08,204 INFO o.a.j.t.JMeterThread: Thread is done: Ticket intake (POST /tickets) 1-29
2026-10-07 19:04:08,204 INFO o.a.j.t.JMeterThread: Thread finished: Ticket intake (POST /tickets) 1-29
2026-10-07 19:04:11,099 INFO o.a.j.t.JMeterThread: Thread started: Ticket intake (POST /tickets) 1-30
2026-10-07 19:04:11,972 INFO o.a.j.t.JMeterThread: Thread is done: Ticket intake (POST /tickets) 1-30
2026-10-07 19:04:11,972 INFO o.a.j.t.JMeterThread: Thread finished: Ticket intake (POST /tickets) 1-30
2026-10-07 19:04:17,387 INFO o.a.j.t.JMeterThread: Thread started: Agent searches (GET /search) 2-42
2026-10-07 19:04:17,447 INFO o.a.j.t.JMeterThread: Thread is done: Agent searches (GET /search) 2-42
2026-10-07 19:04:17,447 INFO o.a.j.t.JMeterThread: Thread finished: Agent searches (GET /search) 2-42
2026-10-07 19:04:21,746 INFO o.a.j.t.JMeterThread: Thread started: Agent searches (GET /search) 2-43
2026-10-07 19:04:21,955 INFO o.a.j.t.JMeterThread: Thread is done: Agent searches (GET /search) 2-43
2026-10-07 19:04:21,955 INFO o.a.j.t.JMeterThread: Thread finished: Agent searches (GET /search) 2-43
2026-10-07 19:04:28,001 INFO o.a.j.t.JMeterThread: Thread started: Agent searches (GET /search) 2-44
2026-10-07 19:04:28,096 INFO o.a.j.t.JMeterThread: Thread is done: Agent searches (GET /search) 2-44
2026-10-07 19:04:28,096 INFO o.a.j.t.JMeterThread: Thread finished: Agent searches (GET /search) 2-44
2026-10-07 19:04:37,023 INFO o.a.j.t.JMeterThread: Thread started: Agent searches (GET /search) 2-45
2026-10-07 19:04:37,116 INFO o.a.j.t.JMeterThread: Thread started: Agent searches (GET /search) 2-46
2026-10-07 19:04:37,492 INFO o.a.j.t.JMeterThread: Thread is done: Agent searches (GET /search) 2-46
2026-10-07 19:04:37,492 INFO o.a.j.t.JMeterThread: Thread is done: Agent searches (GET /search) 2-45
2026-10-07 19:04:37,492 INFO o.a.j.t.JMeterThread: Thread finished: Agent searches (GET /search) 2-46
2026-10-07 19:04:37,492 INFO o.a.j.t.JMeterThread: Thread finished: Agent searches (GET /search) 2-45
2026-10-07 19:04:41,757 INFO o.a.j.t.JMeterThread: Thread started: Agent searches (GET /search) 2-47
2026-10-07 19:04:42,014 INFO o.a.j.t.JMeterThread: Thread is done: Agent searches (GET /search) 2-47
2026-10-07 19:04:42,014 INFO o.a.j.t.JMeterThread: Thread finished: Agent searches (GET /search) 2-47
2026-10-07 19:04:49,627 INFO o.a.j.t.JMeterThread: Thread started: Agent searches (GET /search) 2-48
2026-10-07 19:04:49,692 INFO o.a.j.t.JMeterThread: Thread is done: Agent searches (GET /search) 2-48
2026-10-07 19:04:49,692 INFO o.a.j.t.JMeterThread: Thread finished: Agent searches (GET /search) 2-48
2026-10-07 19:04:54,314 INFO o.a.j.t.JMeterThread: Thread started: Agent searches (GET /search) 2-49
2026-10-07 19:04:54,395 INFO o.a.j.t.JMeterThread: Thread is done: Agent searches (GET /search) 2-49
2026-10-07 19:04:54,395 INFO o.a.j.t.JMeterThread: Thread finished: Agent searches (GET /search) 2-49
2026-10-07 19:05:02,800 INFO o.a.j.t.JMeterThread: Thread started: Agent searches (GET /search) 2-50
2026-10-07 19:05:02,887 INFO o.a.j.r.Summariser: summary +     11 in 00:00:58 =    0.2/s Avg:   327 Min:    56 Max:  1075 Err:     0 (0.00%) Active: 1 Started: 80 Finished: 79
2026-10-07 19:05:02,888 INFO o.a.j.r.Summariser: summary =     80 in 00:07:45 =    0.2/s Avg:   396 Min:    20 Max:  1661 Err:     0 (0.00%)
2026-10-07 19:05:02,888 INFO o.a.j.t.JMeterThread: Thread is done: Agent searches (GET /search) 2-50
2026-10-07 19:05:02,888 INFO o.a.j.t.JMeterThread: Thread finished: Agent searches (GET /search) 2-50
2026-10-07 19:05:18,356 INFO o.a.j.t.JMeterThread: Thread started: Ticket intake (POST /tickets) 1-31
2026-10-07 19:05:19,095 INFO o.a.j.t.JMeterThread: Thread is done: Ticket intake (POST /tickets) 1-31
2026-10-07 19:05:19,095 INFO o.a.j.t.JMeterThread: Thread finished: Ticket intake (POST /tickets) 1-31
2026-10-07 19:05:20,734 INFO o.a.j.t.JMeterThread: Thread started: Agent searches (GET /search) 2-51
2026-10-07 19:05:20,814 INFO o.a.j.t.JMeterThread: Thread is done: Agent searches (GET /search) 2-51
2026-10-07 19:05:20,815 INFO o.a.j.t.JMeterThread: Thread finished: Agent searches (GET /search) 2-51
2026-10-07 19:05:21,526 INFO o.a.j.t.JMeterThread: Thread started: Agent searches (GET /search) 2-52
2026-10-07 19:05:21,579 INFO o.a.j.t.JMeterThread: Thread is done: Agent searches (GET /search) 2-52
2026-10-07 19:05:21,579 INFO o.a.j.t.JMeterThread: Thread finished: Agent searches (GET /search) 2-52
2026-10-07 19:05:24,649 INFO o.a.j.t.JMeterThread: Thread started: Agent searches (GET /search) 2-53
2026-10-07 19:05:24,724 INFO o.a.j.t.JMeterThread: Thread is done: Agent searches (GET /search) 2-53
2026-10-07 19:05:24,724 INFO o.a.j.t.JMeterThread: Thread finished: Agent searches (GET /search) 2-53
2026-10-07 19:05:25,111 INFO o.a.j.t.JMeterThread: Thread started: Agent searches (GET /search) 2-54
2026-10-07 19:05:25,138 INFO o.a.j.t.JMeterThread: Thread is done: Agent searches (GET /search) 2-54
2026-10-07 19:05:25,138 INFO o.a.j.t.JMeterThread: Thread finished: Agent searches (GET /search) 2-54
2026-10-07 19:05:36,726 INFO o.a.j.t.JMeterThread: Thread started: Ticket intake (POST /tickets) 1-32
2026-10-07 19:05:37,114 INFO o.a.j.t.JMeterThread: Thread started: Agent searches (GET /search) 2-55
2026-10-07 19:05:37,216 INFO o.a.j.t.JMeterThread: Thread is done: Agent searches (GET /search) 2-55
2026-10-07 19:05:37,216 INFO o.a.j.t.JMeterThread: Thread finished: Agent searches (GET /search) 2-55
2026-10-07 19:05:37,332 INFO o.a.j.t.JMeterThread: Thread is done: Ticket intake (POST /tickets) 1-32
2026-10-07 19:05:37,332 INFO o.a.j.t.JMeterThread: Thread finished: Ticket intake (POST /tickets) 1-32
2026-10-07 19:05:47,654 INFO o.a.j.t.JMeterThread: Thread started: Ticket intake (POST /tickets) 1-33
2026-10-07 19:05:48,283 INFO o.a.j.t.JMeterThread: Thread is done: Ticket intake (POST /tickets) 1-33
2026-10-07 19:05:48,283 INFO o.a.j.t.JMeterThread: Thread finished: Ticket intake (POST /tickets) 1-33
2026-10-07 19:05:52,951 INFO o.a.j.t.JMeterThread: Thread started: Agent searches (GET /search) 2-56
2026-10-07 19:05:52,979 INFO o.a.j.t.JMeterThread: Thread is done: Agent searches (GET /search) 2-56
2026-10-07 19:05:52,979 INFO o.a.j.t.JMeterThread: Thread finished: Agent searches (GET /search) 2-56
2026-10-07 19:06:02,101 INFO o.a.j.t.JMeterThread: Thread started: Agent searches (GET /search) 2-57
2026-10-07 19:06:02,404 INFO o.a.j.r.Summariser: summary +     10 in 00:01:00 =    0.2/s Avg:   260 Min:    24 Max:   734 Err:     0 (0.00%) Active: 1 Started: 90 Finished: 89
2026-10-07 19:06:02,405 INFO o.a.j.r.Summariser: summary =     90 in 00:08:45 =    0.2/s Avg:   381 Min:    20 Max:  1661 Err:     0 (0.00%)
2026-10-07 19:06:02,405 INFO o.a.j.t.JMeterThread: Thread is done: Agent searches (GET /search) 2-57
2026-10-07 19:06:02,405 INFO o.a.j.t.JMeterThread: Thread finished: Agent searches (GET /search) 2-57
2026-10-07 19:06:07,643 INFO o.a.j.t.JMeterThread: Thread started: Agent searches (GET /search) 2-58
2026-10-07 19:06:07,722 INFO o.a.j.t.JMeterThread: Thread is done: Agent searches (GET /search) 2-58
2026-10-07 19:06:07,722 INFO o.a.j.t.JMeterThread: Thread finished: Agent searches (GET /search) 2-58
2026-10-07 19:06:12,370 INFO o.a.j.t.JMeterThread: Thread started: Agent searches (GET /search) 2-59
2026-10-07 19:06:12,438 INFO o.a.j.t.JMeterThread: Thread is done: Agent searches (GET /search) 2-59
2026-10-07 19:06:12,439 INFO o.a.j.t.JMeterThread: Thread finished: Agent searches (GET /search) 2-59
2026-10-07 19:06:13,409 INFO o.a.j.t.JMeterThread: Thread started: Ticket intake (POST /tickets) 1-34
2026-10-07 19:06:14,871 INFO o.a.j.t.JMeterThread: Thread is done: Ticket intake (POST /tickets) 1-34
2026-10-07 19:06:14,871 INFO o.a.j.t.JMeterThread: Thread finished: Ticket intake (POST /tickets) 1-34
2026-10-07 19:06:21,302 INFO o.a.j.t.JMeterThread: Thread started: Agent searches (GET /search) 2-60
2026-10-07 19:06:21,387 INFO o.a.j.t.JMeterThread: Thread is done: Agent searches (GET /search) 2-60
2026-10-07 19:06:21,388 INFO o.a.j.t.JMeterThread: Thread finished: Agent searches (GET /search) 2-60
2026-10-07 19:06:25,002 INFO o.a.j.t.JMeterThread: Thread started: Agent searches (GET /search) 2-61
2026-10-07 19:06:25,543 INFO o.a.j.t.JMeterThread: Thread is done: Agent searches (GET /search) 2-61
2026-10-07 19:06:25,543 INFO o.a.j.t.JMeterThread: Thread finished: Agent searches (GET /search) 2-61
2026-10-07 19:06:39,062 INFO o.a.j.t.JMeterThread: Thread started: Agent searches (GET /search) 2-62
2026-10-07 19:06:39,153 INFO o.a.j.t.JMeterThread: Thread is done: Agent searches (GET /search) 2-62
2026-10-07 19:06:39,153 INFO o.a.j.t.JMeterThread: Thread finished: Agent searches (GET /search) 2-62
2026-10-07 19:06:41,939 INFO o.a.j.t.JMeterThread: Thread started: Agent searches (GET /search) 2-63
2026-10-07 19:06:42,020 INFO o.a.j.t.JMeterThread: Thread is done: Agent searches (GET /search) 2-63
2026-10-07 19:06:42,021 INFO o.a.j.t.JMeterThread: Thread finished: Agent searches (GET /search) 2-63
2026-10-07 19:06:42,448 INFO o.a.j.t.JMeterThread: Thread started: Agent searches (GET /search) 2-64
2026-10-07 19:06:42,538 INFO o.a.j.t.JMeterThread: Thread is done: Agent searches (GET /search) 2-64
2026-10-07 19:06:42,538 INFO o.a.j.t.JMeterThread: Thread finished: Agent searches (GET /search) 2-64
2026-10-07 19:06:44,290 INFO o.a.j.t.JMeterThread: Thread started: Agent searches (GET /search) 2-65
2026-10-07 19:06:44,365 INFO o.a.j.t.JMeterThread: Thread is done: Agent searches (GET /search) 2-65
2026-10-07 19:06:44,365 INFO o.a.j.t.JMeterThread: Thread finished: Agent searches (GET /search) 2-65
2026-10-07 19:06:45,237 INFO o.a.j.t.JMeterThread: Thread started: Agent searches (GET /search) 2-66
2026-10-07 19:06:45,301 INFO o.a.j.t.JMeterThread: Thread is done: Agent searches (GET /search) 2-66
2026-10-07 19:06:45,301 INFO o.a.j.t.JMeterThread: Thread finished: Agent searches (GET /search) 2-66
2026-10-07 19:07:05,183 INFO o.a.j.t.JMeterThread: Thread started: Agent searches (GET /search) 2-67
2026-10-07 19:07:05,263 INFO o.a.j.r.Summariser: summary +     11 in 00:01:03 =    0.2/s Avg:   243 Min:    61 Max:  1459 Err:     0 (0.00%) Active: 1 Started: 101 Finished: 100
2026-10-07 19:07:05,264 INFO o.a.j.r.Summariser: summary =    101 in 00:09:48 =    0.2/s Avg:   366 Min:    20 Max:  1661 Err:     0 (0.00%)
2026-10-07 19:07:05,264 INFO o.a.j.t.JMeterThread: Thread is done: Agent searches (GET /search) 2-67
2026-10-07 19:07:05,264 INFO o.a.j.t.JMeterThread: Thread finished: Agent searches (GET /search) 2-67
2026-10-07 19:07:06,670 INFO o.a.j.t.JMeterThread: Thread started: Agent searches (GET /search) 2-68
2026-10-07 19:07:06,720 INFO o.a.j.t.JMeterThread: Thread is done: Agent searches (GET /search) 2-68
2026-10-07 19:07:06,720 INFO o.a.j.t.JMeterThread: Thread finished: Agent searches (GET /search) 2-68
2026-10-07 19:07:09,583 INFO o.a.j.t.JMeterThread: Thread started: Agent searches (GET /search) 2-69
2026-10-07 19:07:09,662 INFO o.a.j.t.JMeterThread: Thread is done: Agent searches (GET /search) 2-69
2026-10-07 19:07:09,662 INFO o.a.j.t.JMeterThread: Thread finished: Agent searches (GET /search) 2-69
2026-10-07 19:07:13,041 INFO o.a.j.t.JMeterThread: Thread started: Agent searches (GET /search) 2-70
2026-10-07 19:07:13,042 INFO o.a.j.t.o.EvenArrivalsRamp: Generating 0 events, beginRate = 0.0 / sec, endRate = 0.0 / sec, duration = 300.0 sec
2026-10-07 19:07:13,042 INFO o.a.j.t.o.OpenModelThreadGroup: There will be no more events, so will wait for 304 sec till the end of the schedule
2026-10-07 19:07:13,069 INFO o.a.j.t.JMeterThread: Thread is done: Agent searches (GET /search) 2-70
2026-10-07 19:07:13,070 INFO o.a.j.t.JMeterThread: Thread finished: Agent searches (GET /search) 2-70
2026-10-07 19:07:13,476 INFO o.a.j.t.o.EvenArrivalsRamp: Generating 0 events, beginRate = 0.0 / sec, endRate = 0.0 / sec, duration = 300.0 sec
2026-10-07 19:07:13,476 INFO o.a.j.t.JMeterThread: Thread started: Ticket intake (POST /tickets) 1-35
2026-10-07 19:07:13,476 INFO o.a.j.t.o.OpenModelThreadGroup: There will be no more events, so will wait for 303 sec till the end of the schedule
2026-10-07 19:07:14,173 INFO o.a.j.t.JMeterThread: Thread is done: Ticket intake (POST /tickets) 1-35
2026-10-07 19:07:14,173 INFO o.a.j.t.JMeterThread: Thread finished: Ticket intake (POST /tickets) 1-35
2026-10-07 19:12:17,396 INFO o.a.j.t.o.OpenModelThreadGroup: There will be no more events, will shutdown the thread pool
2026-10-07 19:12:17,399 INFO o.a.j.t.o.OpenModelThreadGroup: Thread starting done
2026-10-07 19:12:17,405 INFO o.a.j.t.o.OpenModelThreadGroup: There will be no more events, will shutdown the thread pool
2026-10-07 19:12:17,405 INFO o.a.j.t.o.OpenModelThreadGroup: Thread starting done
2026-10-07 19:12:17,405 INFO o.a.j.e.StandardJMeterEngine: Notifying test listeners of end of test
2026-10-07 19:12:17,405 INFO o.a.j.s.FileServer: Close: /Users/ridwan/Documents/GitHub/ICT3113_A1_P1-3/loadtest/data/tickets.tsv
2026-10-07 19:12:17,411 INFO o.a.j.r.Summariser: summary +      4 in 00:05:12 =    0.0/s Avg:   210 Min:    25 Max:   694 Err:     0 (0.00%) Active: 0 Started: 105 Finished: 105
2026-10-07 19:12:17,411 INFO o.a.j.r.Summariser: summary =    105 in 00:15:00 =    0.1/s Avg:   360 Min:    20 Max:  1661 Err:     0 (0.00%)
2026-10-07 19:12:17,412 INFO o.a.j.e.StandardJMeterEngine: Forced JVM shutdown requested at end of test
