2026-10-07 11:34:40,319 INFO o.a.j.u.JMeterUtils: Setting Locale to en_EN
2026-10-07 11:34:40,327 INFO o.a.j.JMeter: Loading user properties from: /Users/ridwan/Downloads/apache-jmeter-5.6.3/bin/user.properties
2026-10-07 11:34:40,328 INFO o.a.j.JMeter: Loading system properties from: /Users/ridwan/Downloads/apache-jmeter-5.6.3/bin/system.properties
2026-10-07 11:34:40,328 INFO o.a.j.JMeter: Loading additional properties from: /Users/ridwan/Documents/GitHub/ICT3113_A1_P1-3/loadtest/triage.properties
2026-10-07 11:34:40,328 INFO o.a.j.JMeter: Setting JMeter property: host=172.20.10.2
2026-10-07 11:34:40,328 INFO o.a.j.JMeter: Setting JMeter property: port=8000
2026-10-07 11:34:40,328 INFO o.a.j.JMeter: Setting JMeter property: rate=1.45
2026-10-07 11:34:40,328 INFO o.a.j.JMeter: Setting JMeter property: rate_end=1.45
2026-10-07 11:34:40,328 INFO o.a.j.JMeter: Setting JMeter property: search_rate=2.9
2026-10-07 11:34:40,328 INFO o.a.j.JMeter: Setting JMeter property: duration=10
2026-10-07 11:34:40,328 INFO o.a.j.JMeter: Setting JMeter property: drain=5
2026-10-07 11:34:40,328 INFO o.a.j.JMeter: Setting JMeter property: timeout_ms=600000
2026-10-07 11:34:40,328 INFO o.a.j.JMeter: Setting JMeter property: data=/Users/ridwan/Documents/GitHub/ICT3113_A1_P1-3/loadtest/data/tickets.tsv
2026-10-07 11:34:40,331 INFO o.a.j.JMeter: Copyright (c) 1998-2024 The Apache Software Foundation
2026-10-07 11:34:40,331 INFO o.a.j.JMeter: Version 5.6.3
2026-10-07 11:34:40,331 INFO o.a.j.JMeter: java.version=17.0.17
2026-10-07 11:34:40,331 INFO o.a.j.JMeter: java.vm.name=OpenJDK 64-Bit Server VM
2026-10-07 11:34:40,331 INFO o.a.j.JMeter: os.name=Mac OS X
2026-10-07 11:34:40,331 INFO o.a.j.JMeter: os.arch=aarch64
2026-10-07 11:34:40,331 INFO o.a.j.JMeter: os.version=26.5
2026-10-07 11:34:40,331 INFO o.a.j.JMeter: file.encoding=UTF-8
2026-10-07 11:34:40,331 INFO o.a.j.JMeter: java.awt.headless=true
2026-10-07 11:34:40,331 INFO o.a.j.JMeter: Max memory     =1073741824
2026-10-07 11:34:40,331 INFO o.a.j.JMeter: Available Processors =10
2026-10-07 11:34:40,334 INFO o.a.j.JMeter: Default Locale=English (EN)
2026-10-07 11:34:40,335 INFO o.a.j.JMeter: JMeter  Locale=English (EN)
2026-10-07 11:34:40,335 INFO o.a.j.JMeter: JMeterHome=/Users/ridwan/Downloads/apache-jmeter-5.6.3
2026-10-07 11:34:40,335 INFO o.a.j.JMeter: user.dir  =/Users/ridwan/Documents/GitHub/ICT3113_A1_P1-3
2026-10-07 11:34:40,335 INFO o.a.j.JMeter: PWD       =/Users/ridwan/Documents/GitHub/ICT3113_A1_P1-3
2026-10-07 11:34:40,336 INFO o.a.j.JMeter: IP: 127.0.0.1 Name: Muhammads-MacBook-Air-4.local FullName: localhost
2026-10-07 11:34:40,342 INFO o.a.j.s.FileServer: Default base='/Users/ridwan/Documents/GitHub/ICT3113_A1_P1-3'
2026-10-07 11:34:40,343 INFO o.a.j.s.FileServer: Set new base='/Users/ridwan/Documents/GitHub/ICT3113_A1_P1-3/loadtest'
2026-10-07 11:34:40,401 INFO o.a.j.s.SaveService: Testplan (JMX) version: 2.2. Testlog (JTL) version: 2.2
2026-10-07 11:34:40,412 INFO o.a.j.s.SaveService: Using SaveService properties version 5.0
2026-10-07 11:34:40,413 INFO o.a.j.s.SaveService: Using SaveService properties file encoding UTF-8
2026-10-07 11:34:40,414 INFO o.a.j.s.SaveService: Loading file: /Users/ridwan/Documents/GitHub/ICT3113_A1_P1-3/loadtest/triage.jmx
2026-10-07 11:34:40,441 INFO o.a.j.p.h.s.HTTPSamplerBase: Parser for text/html is org.apache.jmeter.protocol.http.parser.LagartoBasedHtmlParser
2026-10-07 11:34:40,441 INFO o.a.j.p.h.s.HTTPSamplerBase: Parser for application/xhtml+xml is org.apache.jmeter.protocol.http.parser.LagartoBasedHtmlParser
2026-10-07 11:34:40,441 INFO o.a.j.p.h.s.HTTPSamplerBase: Parser for application/xml is org.apache.jmeter.protocol.http.parser.LagartoBasedHtmlParser
2026-10-07 11:34:40,441 INFO o.a.j.p.h.s.HTTPSamplerBase: Parser for text/xml is org.apache.jmeter.protocol.http.parser.LagartoBasedHtmlParser
2026-10-07 11:34:40,441 INFO o.a.j.p.h.s.HTTPSamplerBase: Parser for text/vnd.wap.wml is org.apache.jmeter.protocol.http.parser.RegexpHTMLParser
2026-10-07 11:34:40,441 INFO o.a.j.p.h.s.HTTPSamplerBase: Parser for text/css is org.apache.jmeter.protocol.http.parser.CssParser
2026-10-07 11:34:40,447 INFO o.a.j.JMeter: Creating summariser <summary>
2026-10-07 11:34:40,453 INFO o.a.j.e.StandardJMeterEngine: Running the test!
2026-10-07 11:34:40,453 INFO o.a.j.s.SampleEvent: List of sample_variables: [rid, row]
2026-10-07 11:34:40,453 INFO o.a.j.s.SampleEvent: List of sample_variables: [rid, row]
2026-10-07 11:34:40,454 INFO o.a.j.e.u.CompoundVariable: Note: Function class names must contain the string: '.functions.'
2026-10-07 11:34:40,455 INFO o.a.j.e.u.CompoundVariable: Note: Function class names must not contain the string: '.gui.'
2026-10-07 11:34:40,533 INFO o.a.j.JMeter: Running test (1791344080533)
2026-10-07 11:34:40,541 INFO o.a.j.e.StandardJMeterEngine: Starting ThreadGroup: 1 : Ticket intake (POST /tickets)
2026-10-07 11:34:40,541 INFO o.a.j.e.StandardJMeterEngine: Starting 0 threads for group Ticket intake (POST /tickets).
2026-10-07 11:34:40,541 INFO o.a.j.e.StandardJMeterEngine: Thread will continue on error
2026-10-07 11:34:40,541 INFO o.a.j.t.o.OpenModelThreadGroup: Starting OpenModelThreadGroup#1 with schedule rate(1.45/min) random_arrivals(10 min) rate(1.45/min) pause(5 min)
2026-10-07 11:34:40,553 INFO o.a.j.e.StandardJMeterEngine: Starting ThreadGroup: 2 : Agent searches (GET /search)
2026-10-07 11:34:40,553 INFO o.a.j.e.StandardJMeterEngine: Starting 0 threads for group Agent searches (GET /search).
2026-10-07 11:34:40,553 INFO o.a.j.e.StandardJMeterEngine: Thread will continue on error
2026-10-07 11:34:40,553 INFO o.a.j.t.o.OpenModelThreadGroup: Thread starting init
2026-10-07 11:34:40,553 INFO o.a.j.t.o.OpenModelThreadGroup: Starting OpenModelThreadGroup#2 with schedule rate(2.9/min) random_arrivals(10 min) rate(2.9/min) pause(5 min)
2026-10-07 11:34:40,553 INFO o.a.j.e.StandardJMeterEngine: All thread groups have been started
2026-10-07 11:34:40,553 INFO o.a.j.t.o.OpenModelThreadGroup: Thread starting init
2026-10-07 11:34:40,554 INFO o.a.j.t.o.PoissonArrivalsRamp: Generating 29 events, beginRate = 0.04833333333333333 / sec, endRate = 0.04833333333333333 / sec, duration = 600.0 sec
2026-10-07 11:34:40,554 INFO o.a.j.t.o.PoissonArrivalsRamp: Generating 14 events, beginRate = 0.024166666666666666 / sec, endRate = 0.024166666666666666 / sec, duration = 600.0 sec
2026-10-07 11:34:46,261 INFO o.a.j.t.JMeterThread: Thread started: Agent searches (GET /search) 2-1
2026-10-07 11:34:46,486 INFO o.a.j.p.h.s.HTTPHCAbstractImpl: Local host = Muhammads-MacBook-Air-4.local
2026-10-07 11:34:46,487 INFO o.a.j.p.h.s.HTTPHC4Impl: HTTP request retry count = 0
2026-10-07 11:34:46,488 INFO o.a.j.s.SampleResult: Note: Sample TimeStamps are START times
2026-10-07 11:34:46,488 INFO o.a.j.s.SampleResult: sampleresult.default.encoding is set to UTF-8
2026-10-07 11:34:46,488 INFO o.a.j.s.SampleResult: sampleresult.useNanoTime=true
2026-10-07 11:34:46,488 INFO o.a.j.s.SampleResult: sampleresult.nanoThreadSleep=5000
2026-10-07 11:34:46,918 INFO o.a.j.t.JMeterThread: Thread is done: Agent searches (GET /search) 2-1
2026-10-07 11:34:46,919 INFO o.a.j.t.JMeterThread: Thread finished: Agent searches (GET /search) 2-1
2026-10-07 11:35:01,613 INFO o.a.j.t.JMeterThread: Thread started: Ticket intake (POST /tickets) 1-1
2026-10-07 11:35:01,614 INFO o.a.j.s.FileServer: Stored: /Users/ridwan/Documents/GitHub/ICT3113_A1_P1-3/loadtest/data/tickets.tsv
2026-10-07 11:35:02,746 INFO o.a.j.r.Summariser: summary +      2 in 00:00:22 =    0.1/s Avg:   760 Min:   409 Max:  1112 Err:     0 (0.00%) Active: 1 Started: 2 Finished: 1
2026-10-07 11:35:02,747 INFO o.a.j.t.JMeterThread: Thread is done: Ticket intake (POST /tickets) 1-1
2026-10-07 11:35:02,747 INFO o.a.j.t.JMeterThread: Thread finished: Ticket intake (POST /tickets) 1-1
2026-10-07 11:35:15,599 INFO o.a.j.t.JMeterThread: Thread started: Agent searches (GET /search) 2-2
2026-10-07 11:35:15,791 INFO o.a.j.t.JMeterThread: Thread is done: Agent searches (GET /search) 2-2
2026-10-07 11:35:15,792 INFO o.a.j.t.JMeterThread: Thread finished: Agent searches (GET /search) 2-2
2026-10-07 11:35:23,214 INFO o.a.j.t.JMeterThread: Thread started: Agent searches (GET /search) 2-3
2026-10-07 11:35:23,442 INFO o.a.j.t.JMeterThread: Thread is done: Agent searches (GET /search) 2-3
2026-10-07 11:35:23,443 INFO o.a.j.t.JMeterThread: Thread finished: Agent searches (GET /search) 2-3
2026-10-07 11:35:24,971 INFO o.a.j.t.JMeterThread: Thread started: Agent searches (GET /search) 2-4
2026-10-07 11:35:24,974 INFO o.a.j.t.JMeterThread: Thread started: Agent searches (GET /search) 2-5
2026-10-07 11:35:25,098 INFO o.a.j.t.JMeterThread: Thread is done: Agent searches (GET /search) 2-4
2026-10-07 11:35:25,099 INFO o.a.j.t.JMeterThread: Thread finished: Agent searches (GET /search) 2-4
2026-10-07 11:35:25,113 INFO o.a.j.t.JMeterThread: Thread is done: Agent searches (GET /search) 2-5
2026-10-07 11:35:25,113 INFO o.a.j.t.JMeterThread: Thread finished: Agent searches (GET /search) 2-5
2026-10-07 11:35:27,122 INFO o.a.j.t.JMeterThread: Thread started: Agent searches (GET /search) 2-6
2026-10-07 11:35:27,295 INFO o.a.j.t.JMeterThread: Thread is done: Agent searches (GET /search) 2-6
2026-10-07 11:35:27,296 INFO o.a.j.t.JMeterThread: Thread finished: Agent searches (GET /search) 2-6
2026-10-07 11:35:33,478 INFO o.a.j.t.JMeterThread: Thread started: Agent searches (GET /search) 2-7
2026-10-07 11:35:33,775 INFO o.a.j.r.Summariser: summary +      6 in 00:00:31 =    0.2/s Avg:   188 Min:   123 Max:   293 Err:     0 (0.00%) Active: 1 Started: 8 Finished: 7
2026-10-07 11:35:33,776 INFO o.a.j.r.Summariser: summary =      8 in 00:00:53 =    0.2/s Avg:   331 Min:   123 Max:  1112 Err:     0 (0.00%)
2026-10-07 11:35:33,776 INFO o.a.j.t.JMeterThread: Thread is done: Agent searches (GET /search) 2-7
2026-10-07 11:35:33,776 INFO o.a.j.t.JMeterThread: Thread finished: Agent searches (GET /search) 2-7
2026-10-07 11:35:35,561 INFO o.a.j.t.JMeterThread: Thread started: Agent searches (GET /search) 2-8
2026-10-07 11:35:35,700 INFO o.a.j.t.JMeterThread: Thread is done: Agent searches (GET /search) 2-8
2026-10-07 11:35:35,701 INFO o.a.j.t.JMeterThread: Thread finished: Agent searches (GET /search) 2-8
2026-10-07 11:36:20,032 INFO o.a.j.t.JMeterThread: Thread started: Ticket intake (POST /tickets) 1-2
2026-10-07 11:36:20,243 INFO o.a.j.t.JMeterThread: Thread started: Agent searches (GET /search) 2-9
2026-10-07 11:36:20,340 INFO o.a.j.t.JMeterThread: Thread is done: Agent searches (GET /search) 2-9
2026-10-07 11:36:20,341 INFO o.a.j.t.JMeterThread: Thread finished: Agent searches (GET /search) 2-9
2026-10-07 11:36:20,881 INFO o.a.j.t.JMeterThread: Thread is done: Ticket intake (POST /tickets) 1-2
2026-10-07 11:36:20,882 INFO o.a.j.t.JMeterThread: Thread finished: Ticket intake (POST /tickets) 1-2
2026-10-07 11:36:23,224 INFO o.a.j.t.JMeterThread: Thread started: Ticket intake (POST /tickets) 1-3
2026-10-07 11:36:24,341 INFO o.a.j.t.JMeterThread: Thread is done: Ticket intake (POST /tickets) 1-3
2026-10-07 11:36:24,341 INFO o.a.j.t.JMeterThread: Thread finished: Ticket intake (POST /tickets) 1-3
2026-10-07 11:36:36,247 INFO o.a.j.t.JMeterThread: Thread started: Agent searches (GET /search) 2-10
2026-10-07 11:36:36,700 INFO o.a.j.t.JMeterThread: Thread is done: Agent searches (GET /search) 2-10
2026-10-07 11:36:36,701 INFO o.a.j.t.JMeterThread: Thread finished: Agent searches (GET /search) 2-10
2026-10-07 11:36:51,496 INFO o.a.j.t.JMeterThread: Thread started: Agent searches (GET /search) 2-11
2026-10-07 11:36:51,792 INFO o.a.j.t.JMeterThread: Thread is done: Agent searches (GET /search) 2-11
2026-10-07 11:36:51,792 INFO o.a.j.t.JMeterThread: Thread finished: Agent searches (GET /search) 2-11
2026-10-07 11:38:10,141 INFO o.a.j.t.JMeterThread: Thread started: Agent searches (GET /search) 2-12
2026-10-07 11:38:10,324 INFO o.a.j.t.JMeterThread: Thread is done: Agent searches (GET /search) 2-12
2026-10-07 11:38:10,325 INFO o.a.j.t.JMeterThread: Thread finished: Agent searches (GET /search) 2-12
2026-10-07 11:38:33,176 INFO o.a.j.t.JMeterThread: Thread started: Agent searches (GET /search) 2-13
2026-10-07 11:38:33,338 INFO o.a.j.r.Summariser: summary +      8 in 00:03:00 =    0.0/s Avg:   407 Min:    93 Max:  1114 Err:     0 (0.00%) Active: 1 Started: 16 Finished: 15
2026-10-07 11:38:33,339 INFO o.a.j.r.Summariser: summary =     16 in 00:03:53 =    0.1/s Avg:   369 Min:    93 Max:  1114 Err:     0 (0.00%)
2026-10-07 11:38:33,340 INFO o.a.j.t.JMeterThread: Thread is done: Agent searches (GET /search) 2-13
2026-10-07 11:38:33,340 INFO o.a.j.t.JMeterThread: Thread finished: Agent searches (GET /search) 2-13
2026-10-07 11:38:39,292 INFO o.a.j.t.JMeterThread: Thread started: Ticket intake (POST /tickets) 1-4
2026-10-07 11:38:39,885 INFO o.a.j.t.JMeterThread: Thread is done: Ticket intake (POST /tickets) 1-4
2026-10-07 11:38:39,886 INFO o.a.j.t.JMeterThread: Thread finished: Ticket intake (POST /tickets) 1-4
2026-10-07 11:38:40,343 INFO o.a.j.t.JMeterThread: Thread started: Ticket intake (POST /tickets) 1-5
2026-10-07 11:38:40,749 INFO o.a.j.t.JMeterThread: Thread is done: Ticket intake (POST /tickets) 1-5
2026-10-07 11:38:40,749 INFO o.a.j.t.JMeterThread: Thread finished: Ticket intake (POST /tickets) 1-5
2026-10-07 11:38:43,344 INFO o.a.j.t.JMeterThread: Thread started: Agent searches (GET /search) 2-14
2026-10-07 11:38:43,466 INFO o.a.j.t.JMeterThread: Thread is done: Agent searches (GET /search) 2-14
2026-10-07 11:38:43,466 INFO o.a.j.t.JMeterThread: Thread finished: Agent searches (GET /search) 2-14
2026-10-07 11:38:54,522 INFO o.a.j.t.JMeterThread: Thread started: Agent searches (GET /search) 2-15
2026-10-07 11:38:54,836 INFO o.a.j.t.JMeterThread: Thread is done: Agent searches (GET /search) 2-15
2026-10-07 11:38:54,837 INFO o.a.j.t.JMeterThread: Thread finished: Agent searches (GET /search) 2-15
2026-10-07 11:39:18,092 INFO o.a.j.t.JMeterThread: Thread started: Ticket intake (POST /tickets) 1-6
2026-10-07 11:39:19,982 INFO o.a.j.t.JMeterThread: Thread is done: Ticket intake (POST /tickets) 1-6
2026-10-07 11:39:19,982 INFO o.a.j.t.JMeterThread: Thread finished: Ticket intake (POST /tickets) 1-6
2026-10-07 11:39:56,026 INFO o.a.j.t.JMeterThread: Thread started: Ticket intake (POST /tickets) 1-7
2026-10-07 11:39:56,512 INFO o.a.j.t.JMeterThread: Thread is done: Ticket intake (POST /tickets) 1-7
2026-10-07 11:39:56,512 INFO o.a.j.t.JMeterThread: Thread finished: Ticket intake (POST /tickets) 1-7
2026-10-07 11:40:04,237 INFO o.a.j.t.JMeterThread: Thread started: Agent searches (GET /search) 2-16
2026-10-07 11:40:04,469 INFO o.a.j.r.Summariser: summary +      7 in 00:01:31 =    0.1/s Avg:   573 Min:   118 Max:  1886 Err:     0 (0.00%) Active: 1 Started: 23 Finished: 22
2026-10-07 11:40:04,470 INFO o.a.j.r.Summariser: summary =     23 in 00:05:24 =    0.1/s Avg:   431 Min:    93 Max:  1886 Err:     0 (0.00%)
2026-10-07 11:40:04,470 INFO o.a.j.t.JMeterThread: Thread is done: Agent searches (GET /search) 2-16
2026-10-07 11:40:04,470 INFO o.a.j.t.JMeterThread: Thread finished: Agent searches (GET /search) 2-16
2026-10-07 11:40:08,167 INFO o.a.j.t.JMeterThread: Thread started: Agent searches (GET /search) 2-17
2026-10-07 11:40:08,305 INFO o.a.j.t.JMeterThread: Thread is done: Agent searches (GET /search) 2-17
2026-10-07 11:40:08,306 INFO o.a.j.t.JMeterThread: Thread finished: Agent searches (GET /search) 2-17
2026-10-07 11:40:35,731 INFO o.a.j.t.JMeterThread: Thread started: Agent searches (GET /search) 2-18
2026-10-07 11:40:35,905 INFO o.a.j.r.Summariser: summary +      2 in 00:00:31 =    0.1/s Avg:   151 Min:   134 Max:   169 Err:     0 (0.00%) Active: 1 Started: 25 Finished: 24
2026-10-07 11:40:35,905 INFO o.a.j.r.Summariser: summary =     25 in 00:05:55 =    0.1/s Avg:   409 Min:    93 Max:  1886 Err:     0 (0.00%)
2026-10-07 11:40:35,906 INFO o.a.j.t.JMeterThread: Thread is done: Agent searches (GET /search) 2-18
2026-10-07 11:40:35,906 INFO o.a.j.t.JMeterThread: Thread finished: Agent searches (GET /search) 2-18
2026-10-07 11:41:07,159 INFO o.a.j.t.JMeterThread: Thread started: Agent searches (GET /search) 2-19
2026-10-07 11:41:07,274 INFO o.a.j.t.JMeterThread: Thread is done: Agent searches (GET /search) 2-19
2026-10-07 11:41:07,274 INFO o.a.j.t.JMeterThread: Thread finished: Agent searches (GET /search) 2-19
2026-10-07 11:41:18,058 INFO o.a.j.t.JMeterThread: Thread started: Ticket intake (POST /tickets) 1-8
2026-10-07 11:41:19,257 INFO o.a.j.t.JMeterThread: Thread is done: Ticket intake (POST /tickets) 1-8
2026-10-07 11:41:19,257 INFO o.a.j.t.JMeterThread: Thread finished: Ticket intake (POST /tickets) 1-8
2026-10-07 11:41:20,610 INFO o.a.j.t.JMeterThread: Thread started: Agent searches (GET /search) 2-20
2026-10-07 11:41:20,707 INFO o.a.j.t.JMeterThread: Thread is done: Agent searches (GET /search) 2-20
2026-10-07 11:41:20,707 INFO o.a.j.t.JMeterThread: Thread finished: Agent searches (GET /search) 2-20
2026-10-07 11:41:33,765 INFO o.a.j.t.JMeterThread: Thread started: Agent searches (GET /search) 2-21
2026-10-07 11:41:33,865 INFO o.a.j.r.Summariser: summary +      4 in 00:00:58 =    0.1/s Avg:   373 Min:    93 Max:  1194 Err:     0 (0.00%) Active: 1 Started: 29 Finished: 28
2026-10-07 11:41:33,866 INFO o.a.j.r.Summariser: summary =     29 in 00:06:53 =    0.1/s Avg:   404 Min:    93 Max:  1886 Err:     0 (0.00%)
2026-10-07 11:41:33,866 INFO o.a.j.t.JMeterThread: Thread is done: Agent searches (GET /search) 2-21
2026-10-07 11:41:33,866 INFO o.a.j.t.JMeterThread: Thread finished: Agent searches (GET /search) 2-21
2026-10-07 11:41:39,717 INFO o.a.j.t.JMeterThread: Thread started: Ticket intake (POST /tickets) 1-9
2026-10-07 11:41:40,691 INFO o.a.j.t.JMeterThread: Thread is done: Ticket intake (POST /tickets) 1-9
2026-10-07 11:41:40,691 INFO o.a.j.t.JMeterThread: Thread finished: Ticket intake (POST /tickets) 1-9
2026-10-07 11:42:12,398 INFO o.a.j.t.JMeterThread: Thread started: Ticket intake (POST /tickets) 1-10
2026-10-07 11:42:12,934 INFO o.a.j.t.JMeterThread: Thread is done: Ticket intake (POST /tickets) 1-10
2026-10-07 11:42:12,935 INFO o.a.j.t.JMeterThread: Thread finished: Ticket intake (POST /tickets) 1-10
2026-10-07 11:42:21,490 INFO o.a.j.t.JMeterThread: Thread started: Ticket intake (POST /tickets) 1-11
2026-10-07 11:42:22,758 INFO o.a.j.t.JMeterThread: Thread is done: Ticket intake (POST /tickets) 1-11
2026-10-07 11:42:22,759 INFO o.a.j.t.JMeterThread: Thread finished: Ticket intake (POST /tickets) 1-11
2026-10-07 11:42:39,332 INFO o.a.j.t.JMeterThread: Thread started: Agent searches (GET /search) 2-22
2026-10-07 11:42:39,555 INFO o.a.j.t.JMeterThread: Thread is done: Agent searches (GET /search) 2-22
2026-10-07 11:42:39,556 INFO o.a.j.t.JMeterThread: Thread finished: Agent searches (GET /search) 2-22
2026-10-07 11:42:41,246 INFO o.a.j.t.JMeterThread: Thread started: Agent searches (GET /search) 2-23
2026-10-07 11:42:41,469 INFO o.a.j.t.JMeterThread: Thread is done: Agent searches (GET /search) 2-23
2026-10-07 11:42:41,470 INFO o.a.j.t.JMeterThread: Thread finished: Agent searches (GET /search) 2-23
2026-10-07 11:43:10,530 INFO o.a.j.t.JMeterThread: Thread started: Ticket intake (POST /tickets) 1-12
2026-10-07 11:43:13,859 INFO o.a.j.t.JMeterThread: Thread is done: Ticket intake (POST /tickets) 1-12
2026-10-07 11:43:13,859 INFO o.a.j.t.JMeterThread: Thread finished: Ticket intake (POST /tickets) 1-12
2026-10-07 11:43:15,499 INFO o.a.j.t.JMeterThread: Thread started: Agent searches (GET /search) 2-24
2026-10-07 11:43:15,598 INFO o.a.j.t.JMeterThread: Thread is done: Agent searches (GET /search) 2-24
2026-10-07 11:43:15,598 INFO o.a.j.t.JMeterThread: Thread finished: Agent searches (GET /search) 2-24
2026-10-07 11:43:56,061 INFO o.a.j.t.JMeterThread: Thread started: Agent searches (GET /search) 2-25
2026-10-07 11:43:56,144 INFO o.a.j.t.JMeterThread: Thread is done: Agent searches (GET /search) 2-25
2026-10-07 11:43:56,145 INFO o.a.j.t.JMeterThread: Thread finished: Agent searches (GET /search) 2-25
2026-10-07 11:44:08,896 INFO o.a.j.t.JMeterThread: Thread started: Agent searches (GET /search) 2-26
2026-10-07 11:44:09,215 INFO o.a.j.t.JMeterThread: Thread is done: Agent searches (GET /search) 2-26
2026-10-07 11:44:09,215 INFO o.a.j.t.JMeterThread: Thread finished: Agent searches (GET /search) 2-26
2026-10-07 11:44:19,232 INFO o.a.j.t.JMeterThread: Thread started: Agent searches (GET /search) 2-27
2026-10-07 11:44:19,345 INFO o.a.j.t.JMeterThread: Thread is done: Agent searches (GET /search) 2-27
2026-10-07 11:44:19,345 INFO o.a.j.t.JMeterThread: Thread finished: Agent searches (GET /search) 2-27
2026-10-07 11:44:22,402 INFO o.a.j.t.JMeterThread: Thread started: Ticket intake (POST /tickets) 1-13
2026-10-07 11:44:22,932 INFO o.a.j.t.JMeterThread: Thread is done: Ticket intake (POST /tickets) 1-13
2026-10-07 11:44:22,933 INFO o.a.j.t.JMeterThread: Thread finished: Ticket intake (POST /tickets) 1-13
2026-10-07 11:44:30,182 INFO o.a.j.t.o.EvenArrivalsRamp: Generating 0 events, beginRate = 0.0 / sec, endRate = 0.0 / sec, duration = 300.0 sec
2026-10-07 11:44:30,183 INFO o.a.j.t.JMeterThread: Thread started: Ticket intake (POST /tickets) 1-14
2026-10-07 11:44:30,183 INFO o.a.j.t.o.OpenModelThreadGroup: There will be no more events, so will wait for 310 sec till the end of the schedule
2026-10-07 11:44:30,967 INFO o.a.j.r.Summariser: summary +     12 in 00:02:57 =    0.1/s Avg:   703 Min:    79 Max:  3326 Err:     0 (0.00%) Active: 1 Started: 41 Finished: 40
2026-10-07 11:44:30,968 INFO o.a.j.r.Summariser: summary =     41 in 00:09:50 =    0.1/s Avg:   491 Min:    79 Max:  3326 Err:     0 (0.00%)
2026-10-07 11:44:30,968 INFO o.a.j.t.JMeterThread: Thread is done: Ticket intake (POST /tickets) 1-14
2026-10-07 11:44:30,968 INFO o.a.j.t.JMeterThread: Thread finished: Ticket intake (POST /tickets) 1-14
2026-10-07 11:44:38,320 INFO o.a.j.t.JMeterThread: Thread started: Agent searches (GET /search) 2-28
2026-10-07 11:44:38,698 INFO o.a.j.t.JMeterThread: Thread is done: Agent searches (GET /search) 2-28
2026-10-07 11:44:38,698 INFO o.a.j.t.JMeterThread: Thread finished: Agent searches (GET /search) 2-28
2026-10-07 11:44:40,120 INFO o.a.j.t.o.EvenArrivalsRamp: Generating 0 events, beginRate = 0.0 / sec, endRate = 0.0 / sec, duration = 300.0 sec
2026-10-07 11:44:40,120 INFO o.a.j.t.JMeterThread: Thread started: Agent searches (GET /search) 2-29
2026-10-07 11:44:40,120 INFO o.a.j.t.o.OpenModelThreadGroup: There will be no more events, so will wait for 300 sec till the end of the schedule
2026-10-07 11:44:40,267 INFO o.a.j.t.JMeterThread: Thread is done: Agent searches (GET /search) 2-29
2026-10-07 11:44:40,268 INFO o.a.j.t.JMeterThread: Thread finished: Agent searches (GET /search) 2-29
2026-10-07 11:49:40,459 INFO o.a.j.t.o.OpenModelThreadGroup: There will be no more events, will shutdown the thread pool
2026-10-07 11:49:40,459 INFO o.a.j.t.o.OpenModelThreadGroup: There will be no more events, will shutdown the thread pool
2026-10-07 11:49:40,459 INFO o.a.j.t.o.OpenModelThreadGroup: Thread starting done
2026-10-07 11:49:40,462 INFO o.a.j.t.o.OpenModelThreadGroup: Thread starting done
2026-10-07 11:49:40,462 INFO o.a.j.e.StandardJMeterEngine: Notifying test listeners of end of test
2026-10-07 11:49:40,462 INFO o.a.j.s.FileServer: Close: /Users/ridwan/Documents/GitHub/ICT3113_A1_P1-3/loadtest/data/tickets.tsv
2026-10-07 11:49:40,468 INFO o.a.j.r.Summariser: summary +      2 in 00:05:10 =    0.0/s Avg:   259 Min:   144 Max:   375 Err:     0 (0.00%) Active: 0 Started: 43 Finished: 43
2026-10-07 11:49:40,469 INFO o.a.j.r.Summariser: summary =     43 in 00:15:00 =    0.0/s Avg:   481 Min:    79 Max:  3326 Err:     0 (0.00%)
2026-10-07 11:49:40,469 INFO o.a.j.e.StandardJMeterEngine: Forced JVM shutdown requested at end of test
