2026-10-07 12:08:03,477 INFO o.a.j.u.JMeterUtils: Setting Locale to en_EN
2026-10-07 12:08:03,485 INFO o.a.j.JMeter: Loading user properties from: /Users/ridwan/Downloads/apache-jmeter-5.6.3/bin/user.properties
2026-10-07 12:08:03,485 INFO o.a.j.JMeter: Loading system properties from: /Users/ridwan/Downloads/apache-jmeter-5.6.3/bin/system.properties
2026-10-07 12:08:03,485 INFO o.a.j.JMeter: Loading additional properties from: /Users/ridwan/Documents/GitHub/ICT3113_A1_P1-3/loadtest/triage.properties
2026-10-07 12:08:03,486 INFO o.a.j.JMeter: Setting JMeter property: host=172.20.10.2
2026-10-07 12:08:03,486 INFO o.a.j.JMeter: Setting JMeter property: port=8000
2026-10-07 12:08:03,486 INFO o.a.j.JMeter: Setting JMeter property: rate=1.45
2026-10-07 12:08:03,486 INFO o.a.j.JMeter: Setting JMeter property: rate_end=1.45
2026-10-07 12:08:03,486 INFO o.a.j.JMeter: Setting JMeter property: search_rate=2.9
2026-10-07 12:08:03,486 INFO o.a.j.JMeter: Setting JMeter property: duration=10
2026-10-07 12:08:03,486 INFO o.a.j.JMeter: Setting JMeter property: drain=5
2026-10-07 12:08:03,486 INFO o.a.j.JMeter: Setting JMeter property: timeout_ms=600000
2026-10-07 12:08:03,486 INFO o.a.j.JMeter: Setting JMeter property: data=/Users/ridwan/Documents/GitHub/ICT3113_A1_P1-3/loadtest/data/tickets.tsv
2026-10-07 12:08:03,488 INFO o.a.j.JMeter: Copyright (c) 1998-2024 The Apache Software Foundation
2026-10-07 12:08:03,488 INFO o.a.j.JMeter: Version 5.6.3
2026-10-07 12:08:03,488 INFO o.a.j.JMeter: java.version=17.0.17
2026-10-07 12:08:03,488 INFO o.a.j.JMeter: java.vm.name=OpenJDK 64-Bit Server VM
2026-10-07 12:08:03,488 INFO o.a.j.JMeter: os.name=Mac OS X
2026-10-07 12:08:03,488 INFO o.a.j.JMeter: os.arch=aarch64
2026-10-07 12:08:03,488 INFO o.a.j.JMeter: os.version=26.5
2026-10-07 12:08:03,488 INFO o.a.j.JMeter: file.encoding=UTF-8
2026-10-07 12:08:03,488 INFO o.a.j.JMeter: java.awt.headless=true
2026-10-07 12:08:03,488 INFO o.a.j.JMeter: Max memory     =1073741824
2026-10-07 12:08:03,488 INFO o.a.j.JMeter: Available Processors =10
2026-10-07 12:08:03,491 INFO o.a.j.JMeter: Default Locale=English (EN)
2026-10-07 12:08:03,491 INFO o.a.j.JMeter: JMeter  Locale=English (EN)
2026-10-07 12:08:03,491 INFO o.a.j.JMeter: JMeterHome=/Users/ridwan/Downloads/apache-jmeter-5.6.3
2026-10-07 12:08:03,491 INFO o.a.j.JMeter: user.dir  =/Users/ridwan/Documents/GitHub/ICT3113_A1_P1-3
2026-10-07 12:08:03,491 INFO o.a.j.JMeter: PWD       =/Users/ridwan/Documents/GitHub/ICT3113_A1_P1-3
2026-10-07 12:08:03,492 INFO o.a.j.JMeter: IP: 127.0.0.1 Name: Muhammads-MacBook-Air-4.local FullName: localhost
2026-10-07 12:08:03,498 INFO o.a.j.s.FileServer: Default base='/Users/ridwan/Documents/GitHub/ICT3113_A1_P1-3'
2026-10-07 12:08:03,499 INFO o.a.j.s.FileServer: Set new base='/Users/ridwan/Documents/GitHub/ICT3113_A1_P1-3/loadtest'
2026-10-07 12:08:03,555 INFO o.a.j.s.SaveService: Testplan (JMX) version: 2.2. Testlog (JTL) version: 2.2
2026-10-07 12:08:03,564 INFO o.a.j.s.SaveService: Using SaveService properties version 5.0
2026-10-07 12:08:03,565 INFO o.a.j.s.SaveService: Using SaveService properties file encoding UTF-8
2026-10-07 12:08:03,566 INFO o.a.j.s.SaveService: Loading file: /Users/ridwan/Documents/GitHub/ICT3113_A1_P1-3/loadtest/triage.jmx
2026-10-07 12:08:03,591 INFO o.a.j.p.h.s.HTTPSamplerBase: Parser for text/html is org.apache.jmeter.protocol.http.parser.LagartoBasedHtmlParser
2026-10-07 12:08:03,591 INFO o.a.j.p.h.s.HTTPSamplerBase: Parser for application/xhtml+xml is org.apache.jmeter.protocol.http.parser.LagartoBasedHtmlParser
2026-10-07 12:08:03,591 INFO o.a.j.p.h.s.HTTPSamplerBase: Parser for application/xml is org.apache.jmeter.protocol.http.parser.LagartoBasedHtmlParser
2026-10-07 12:08:03,591 INFO o.a.j.p.h.s.HTTPSamplerBase: Parser for text/xml is org.apache.jmeter.protocol.http.parser.LagartoBasedHtmlParser
2026-10-07 12:08:03,591 INFO o.a.j.p.h.s.HTTPSamplerBase: Parser for text/vnd.wap.wml is org.apache.jmeter.protocol.http.parser.RegexpHTMLParser
2026-10-07 12:08:03,591 INFO o.a.j.p.h.s.HTTPSamplerBase: Parser for text/css is org.apache.jmeter.protocol.http.parser.CssParser
2026-10-07 12:08:03,597 INFO o.a.j.JMeter: Creating summariser <summary>
2026-10-07 12:08:03,602 INFO o.a.j.e.StandardJMeterEngine: Running the test!
2026-10-07 12:08:03,603 INFO o.a.j.s.SampleEvent: List of sample_variables: [rid, row]
2026-10-07 12:08:03,603 INFO o.a.j.s.SampleEvent: List of sample_variables: [rid, row]
2026-10-07 12:08:03,604 INFO o.a.j.e.u.CompoundVariable: Note: Function class names must contain the string: '.functions.'
2026-10-07 12:08:03,604 INFO o.a.j.e.u.CompoundVariable: Note: Function class names must not contain the string: '.gui.'
2026-10-07 12:08:03,684 INFO o.a.j.JMeter: Running test (1791346083684)
2026-10-07 12:08:03,692 INFO o.a.j.e.StandardJMeterEngine: Starting ThreadGroup: 1 : Ticket intake (POST /tickets)
2026-10-07 12:08:03,692 INFO o.a.j.e.StandardJMeterEngine: Starting 0 threads for group Ticket intake (POST /tickets).
2026-10-07 12:08:03,692 INFO o.a.j.e.StandardJMeterEngine: Thread will continue on error
2026-10-07 12:08:03,692 INFO o.a.j.t.o.OpenModelThreadGroup: Starting OpenModelThreadGroup#1 with schedule rate(1.45/min) random_arrivals(10 min) rate(1.45/min) pause(5 min)
2026-10-07 12:08:03,705 INFO o.a.j.e.StandardJMeterEngine: Starting ThreadGroup: 2 : Agent searches (GET /search)
2026-10-07 12:08:03,705 INFO o.a.j.e.StandardJMeterEngine: Starting 0 threads for group Agent searches (GET /search).
2026-10-07 12:08:03,705 INFO o.a.j.e.StandardJMeterEngine: Thread will continue on error
2026-10-07 12:08:03,705 INFO o.a.j.t.o.OpenModelThreadGroup: Thread starting init
2026-10-07 12:08:03,705 INFO o.a.j.t.o.OpenModelThreadGroup: Starting OpenModelThreadGroup#2 with schedule rate(2.9/min) random_arrivals(10 min) rate(2.9/min) pause(5 min)
2026-10-07 12:08:03,705 INFO o.a.j.e.StandardJMeterEngine: All thread groups have been started
2026-10-07 12:08:03,705 INFO o.a.j.t.o.OpenModelThreadGroup: Thread starting init
2026-10-07 12:08:03,706 INFO o.a.j.t.o.PoissonArrivalsRamp: Generating 14 events, beginRate = 0.024166666666666666 / sec, endRate = 0.024166666666666666 / sec, duration = 600.0 sec
2026-10-07 12:08:03,706 INFO o.a.j.t.o.PoissonArrivalsRamp: Generating 29 events, beginRate = 0.04833333333333333 / sec, endRate = 0.04833333333333333 / sec, duration = 600.0 sec
2026-10-07 12:08:07,137 INFO o.a.j.t.JMeterThread: Thread started: Agent searches (GET /search) 2-1
2026-10-07 12:08:07,343 INFO o.a.j.p.h.s.HTTPHCAbstractImpl: Local host = Muhammads-MacBook-Air-4.local
2026-10-07 12:08:07,345 INFO o.a.j.p.h.s.HTTPHC4Impl: HTTP request retry count = 0
2026-10-07 12:08:07,346 INFO o.a.j.s.SampleResult: Note: Sample TimeStamps are START times
2026-10-07 12:08:07,346 INFO o.a.j.s.SampleResult: sampleresult.default.encoding is set to UTF-8
2026-10-07 12:08:07,346 INFO o.a.j.s.SampleResult: sampleresult.useNanoTime=true
2026-10-07 12:08:07,346 INFO o.a.j.s.SampleResult: sampleresult.nanoThreadSleep=5000
2026-10-07 12:08:07,482 INFO o.a.j.t.JMeterThread: Thread is done: Agent searches (GET /search) 2-1
2026-10-07 12:08:07,482 INFO o.a.j.t.JMeterThread: Thread finished: Agent searches (GET /search) 2-1
2026-10-07 12:08:18,728 INFO o.a.j.t.JMeterThread: Thread started: Agent searches (GET /search) 2-2
2026-10-07 12:08:18,845 INFO o.a.j.t.JMeterThread: Thread is done: Agent searches (GET /search) 2-2
2026-10-07 12:08:18,845 INFO o.a.j.t.JMeterThread: Thread finished: Agent searches (GET /search) 2-2
2026-10-07 12:08:37,496 INFO o.a.j.t.JMeterThread: Thread started: Agent searches (GET /search) 2-3
2026-10-07 12:08:37,969 INFO o.a.j.t.JMeterThread: Thread is done: Agent searches (GET /search) 2-3
2026-10-07 12:08:37,969 INFO o.a.j.t.JMeterThread: Thread finished: Agent searches (GET /search) 2-3
2026-10-07 12:08:46,840 INFO o.a.j.t.JMeterThread: Thread started: Agent searches (GET /search) 2-4
2026-10-07 12:08:47,020 INFO o.a.j.t.JMeterThread: Thread is done: Agent searches (GET /search) 2-4
2026-10-07 12:08:47,020 INFO o.a.j.t.JMeterThread: Thread finished: Agent searches (GET /search) 2-4
2026-10-07 12:08:58,943 INFO o.a.j.t.JMeterThread: Thread started: Ticket intake (POST /tickets) 1-1
2026-10-07 12:08:58,944 INFO o.a.j.s.FileServer: Stored: /Users/ridwan/Documents/GitHub/ICT3113_A1_P1-3/loadtest/data/tickets.tsv
2026-10-07 12:09:00,125 INFO o.a.j.r.Summariser: summary +      5 in 00:00:56 =    0.1/s Avg:   404 Min:   108 Max:  1155 Err:     0 (0.00%) Active: 1 Started: 5 Finished: 4
2026-10-07 12:09:00,125 INFO o.a.j.t.JMeterThread: Thread is done: Ticket intake (POST /tickets) 1-1
2026-10-07 12:09:00,125 INFO o.a.j.t.JMeterThread: Thread finished: Ticket intake (POST /tickets) 1-1
2026-10-07 12:09:07,896 INFO o.a.j.t.JMeterThread: Thread started: Agent searches (GET /search) 2-5
2026-10-07 12:09:08,176 INFO o.a.j.t.JMeterThread: Thread is done: Agent searches (GET /search) 2-5
2026-10-07 12:09:08,176 INFO o.a.j.t.JMeterThread: Thread finished: Agent searches (GET /search) 2-5
2026-10-07 12:09:27,690 INFO o.a.j.t.JMeterThread: Thread started: Ticket intake (POST /tickets) 1-2
2026-10-07 12:09:28,346 INFO o.a.j.t.JMeterThread: Thread is done: Ticket intake (POST /tickets) 1-2
2026-10-07 12:09:28,346 INFO o.a.j.t.JMeterThread: Thread finished: Ticket intake (POST /tickets) 1-2
2026-10-07 12:10:04,100 INFO o.a.j.t.JMeterThread: Thread started: Ticket intake (POST /tickets) 1-3
2026-10-07 12:10:05,180 INFO o.a.j.r.Summariser: summary +      3 in 00:01:05 =    0.0/s Avg:   668 Min:   276 Max:  1076 Err:     0 (0.00%) Active: 1 Started: 8 Finished: 7
2026-10-07 12:10:05,181 INFO o.a.j.r.Summariser: summary =      8 in 00:02:01 =    0.1/s Avg:   503 Min:   108 Max:  1155 Err:     0 (0.00%)
2026-10-07 12:10:05,181 INFO o.a.j.t.JMeterThread: Thread is done: Ticket intake (POST /tickets) 1-3
2026-10-07 12:10:05,181 INFO o.a.j.t.JMeterThread: Thread finished: Ticket intake (POST /tickets) 1-3
2026-10-07 12:10:10,534 INFO o.a.j.t.JMeterThread: Thread started: Agent searches (GET /search) 2-6
2026-10-07 12:10:10,661 INFO o.a.j.t.JMeterThread: Thread is done: Agent searches (GET /search) 2-6
2026-10-07 12:10:10,661 INFO o.a.j.t.JMeterThread: Thread finished: Agent searches (GET /search) 2-6
2026-10-07 12:10:13,651 INFO o.a.j.t.JMeterThread: Thread started: Agent searches (GET /search) 2-7
2026-10-07 12:10:13,808 INFO o.a.j.t.JMeterThread: Thread is done: Agent searches (GET /search) 2-7
2026-10-07 12:10:13,808 INFO o.a.j.t.JMeterThread: Thread finished: Agent searches (GET /search) 2-7
2026-10-07 12:10:27,897 INFO o.a.j.t.JMeterThread: Thread started: Agent searches (GET /search) 2-8
2026-10-07 12:10:27,942 INFO o.a.j.t.JMeterThread: Thread is done: Agent searches (GET /search) 2-8
2026-10-07 12:10:27,942 INFO o.a.j.t.JMeterThread: Thread finished: Agent searches (GET /search) 2-8
2026-10-07 12:10:46,675 INFO o.a.j.t.JMeterThread: Thread started: Agent searches (GET /search) 2-9
2026-10-07 12:10:46,780 INFO o.a.j.t.JMeterThread: Thread is done: Agent searches (GET /search) 2-9
2026-10-07 12:10:46,781 INFO o.a.j.t.JMeterThread: Thread finished: Agent searches (GET /search) 2-9
2026-10-07 12:10:53,934 INFO o.a.j.t.JMeterThread: Thread started: Agent searches (GET /search) 2-10
2026-10-07 12:10:54,036 INFO o.a.j.t.JMeterThread: Thread is done: Agent searches (GET /search) 2-10
2026-10-07 12:10:54,037 INFO o.a.j.t.JMeterThread: Thread finished: Agent searches (GET /search) 2-10
2026-10-07 12:10:55,492 INFO o.a.j.t.JMeterThread: Thread started: Agent searches (GET /search) 2-11
2026-10-07 12:10:55,587 INFO o.a.j.t.JMeterThread: Thread is done: Agent searches (GET /search) 2-11
2026-10-07 12:10:55,588 INFO o.a.j.t.JMeterThread: Thread finished: Agent searches (GET /search) 2-11
2026-10-07 12:11:20,006 INFO o.a.j.t.JMeterThread: Thread started: Agent searches (GET /search) 2-12
2026-10-07 12:11:20,172 INFO o.a.j.t.JMeterThread: Thread is done: Agent searches (GET /search) 2-12
2026-10-07 12:11:20,173 INFO o.a.j.t.JMeterThread: Thread finished: Agent searches (GET /search) 2-12
2026-10-07 12:11:31,684 INFO o.a.j.t.JMeterThread: Thread started: Ticket intake (POST /tickets) 1-4
2026-10-07 12:11:32,236 INFO o.a.j.r.Summariser: summary +      8 in 00:01:27 =    0.1/s Avg:   164 Min:    41 Max:   546 Err:     0 (0.00%) Active: 1 Started: 16 Finished: 15
2026-10-07 12:11:32,237 INFO o.a.j.r.Summariser: summary =     16 in 00:03:29 =    0.1/s Avg:   333 Min:    41 Max:  1155 Err:     0 (0.00%)
2026-10-07 12:11:32,237 INFO o.a.j.t.JMeterThread: Thread is done: Ticket intake (POST /tickets) 1-4
2026-10-07 12:11:32,238 INFO o.a.j.t.JMeterThread: Thread finished: Ticket intake (POST /tickets) 1-4
2026-10-07 12:11:33,279 INFO o.a.j.t.JMeterThread: Thread started: Agent searches (GET /search) 2-13
2026-10-07 12:11:33,442 INFO o.a.j.t.JMeterThread: Thread is done: Agent searches (GET /search) 2-13
2026-10-07 12:11:33,442 INFO o.a.j.t.JMeterThread: Thread finished: Agent searches (GET /search) 2-13
2026-10-07 12:11:35,890 INFO o.a.j.t.JMeterThread: Thread started: Agent searches (GET /search) 2-14
2026-10-07 12:11:36,123 INFO o.a.j.t.JMeterThread: Thread is done: Agent searches (GET /search) 2-14
2026-10-07 12:11:36,124 INFO o.a.j.t.JMeterThread: Thread finished: Agent searches (GET /search) 2-14
2026-10-07 12:11:39,156 INFO o.a.j.t.JMeterThread: Thread started: Ticket intake (POST /tickets) 1-5
2026-10-07 12:11:39,742 INFO o.a.j.t.JMeterThread: Thread is done: Ticket intake (POST /tickets) 1-5
2026-10-07 12:11:39,743 INFO o.a.j.t.JMeterThread: Thread finished: Ticket intake (POST /tickets) 1-5
2026-10-07 12:11:49,930 INFO o.a.j.t.JMeterThread: Thread started: Agent searches (GET /search) 2-15
2026-10-07 12:11:50,066 INFO o.a.j.t.JMeterThread: Thread is done: Agent searches (GET /search) 2-15
2026-10-07 12:11:50,066 INFO o.a.j.t.JMeterThread: Thread finished: Agent searches (GET /search) 2-15
2026-10-07 12:11:56,431 INFO o.a.j.t.JMeterThread: Thread started: Ticket intake (POST /tickets) 1-6
2026-10-07 12:11:57,224 INFO o.a.j.t.JMeterThread: Thread is done: Ticket intake (POST /tickets) 1-6
2026-10-07 12:11:57,225 INFO o.a.j.t.JMeterThread: Thread finished: Ticket intake (POST /tickets) 1-6
2026-10-07 12:12:04,553 INFO o.a.j.t.JMeterThread: Thread started: Ticket intake (POST /tickets) 1-7
2026-10-07 12:12:05,020 INFO o.a.j.r.Summariser: summary +      6 in 00:00:33 =    0.2/s Avg:   392 Min:   131 Max:   790 Err:     0 (0.00%) Active: 1 Started: 22 Finished: 21
2026-10-07 12:12:05,021 INFO o.a.j.r.Summariser: summary =     22 in 00:04:01 =    0.1/s Avg:   349 Min:    41 Max:  1155 Err:     0 (0.00%)
2026-10-07 12:12:05,021 INFO o.a.j.t.JMeterThread: Thread is done: Ticket intake (POST /tickets) 1-7
2026-10-07 12:12:05,021 INFO o.a.j.t.JMeterThread: Thread finished: Ticket intake (POST /tickets) 1-7
2026-10-07 12:12:09,164 INFO o.a.j.t.JMeterThread: Thread started: Agent searches (GET /search) 2-16
2026-10-07 12:12:09,292 INFO o.a.j.t.JMeterThread: Thread is done: Agent searches (GET /search) 2-16
2026-10-07 12:12:09,292 INFO o.a.j.t.JMeterThread: Thread finished: Agent searches (GET /search) 2-16
2026-10-07 12:12:42,280 INFO o.a.j.t.JMeterThread: Thread started: Ticket intake (POST /tickets) 1-8
2026-10-07 12:12:43,086 INFO o.a.j.t.JMeterThread: Thread is done: Ticket intake (POST /tickets) 1-8
2026-10-07 12:12:43,087 INFO o.a.j.t.JMeterThread: Thread finished: Ticket intake (POST /tickets) 1-8
2026-10-07 12:13:06,832 INFO o.a.j.t.JMeterThread: Thread started: Agent searches (GET /search) 2-17
2026-10-07 12:13:06,970 INFO o.a.j.t.JMeterThread: Thread is done: Agent searches (GET /search) 2-17
2026-10-07 12:13:06,971 INFO o.a.j.t.JMeterThread: Thread finished: Agent searches (GET /search) 2-17
2026-10-07 12:13:17,986 INFO o.a.j.t.JMeterThread: Thread started: Ticket intake (POST /tickets) 1-9
2026-10-07 12:13:19,178 INFO o.a.j.t.JMeterThread: Thread is done: Ticket intake (POST /tickets) 1-9
2026-10-07 12:13:19,179 INFO o.a.j.t.JMeterThread: Thread finished: Ticket intake (POST /tickets) 1-9
2026-10-07 12:13:54,194 INFO o.a.j.t.JMeterThread: Thread started: Agent searches (GET /search) 2-18
2026-10-07 12:13:54,468 INFO o.a.j.t.JMeterThread: Thread is done: Agent searches (GET /search) 2-18
2026-10-07 12:13:54,468 INFO o.a.j.t.JMeterThread: Thread finished: Agent searches (GET /search) 2-18
2026-10-07 12:14:11,032 INFO o.a.j.t.JMeterThread: Thread started: Ticket intake (POST /tickets) 1-10
2026-10-07 12:14:11,398 INFO o.a.j.t.JMeterThread: Thread is done: Ticket intake (POST /tickets) 1-10
2026-10-07 12:14:11,398 INFO o.a.j.t.JMeterThread: Thread finished: Ticket intake (POST /tickets) 1-10
2026-10-07 12:14:27,456 INFO o.a.j.t.JMeterThread: Thread started: Agent searches (GET /search) 2-19
2026-10-07 12:14:27,652 INFO o.a.j.t.JMeterThread: Thread is done: Agent searches (GET /search) 2-19
2026-10-07 12:14:27,653 INFO o.a.j.t.JMeterThread: Thread finished: Agent searches (GET /search) 2-19
2026-10-07 12:14:49,000 INFO o.a.j.t.JMeterThread: Thread started: Agent searches (GET /search) 2-20
2026-10-07 12:14:49,262 INFO o.a.j.t.JMeterThread: Thread is done: Agent searches (GET /search) 2-20
2026-10-07 12:14:49,262 INFO o.a.j.t.JMeterThread: Thread finished: Agent searches (GET /search) 2-20
2026-10-07 12:15:08,968 INFO o.a.j.t.JMeterThread: Thread started: Agent searches (GET /search) 2-21
2026-10-07 12:15:09,220 INFO o.a.j.t.JMeterThread: Thread is done: Agent searches (GET /search) 2-21
2026-10-07 12:15:09,221 INFO o.a.j.t.JMeterThread: Thread finished: Agent searches (GET /search) 2-21
2026-10-07 12:15:11,951 INFO o.a.j.t.JMeterThread: Thread started: Agent searches (GET /search) 2-22
2026-10-07 12:15:11,990 INFO o.a.j.t.JMeterThread: Thread is done: Agent searches (GET /search) 2-22
2026-10-07 12:15:11,990 INFO o.a.j.t.JMeterThread: Thread finished: Agent searches (GET /search) 2-22
2026-10-07 12:15:12,988 INFO o.a.j.t.JMeterThread: Thread started: Ticket intake (POST /tickets) 1-11
2026-10-07 12:15:13,910 INFO o.a.j.t.JMeterThread: Thread is done: Ticket intake (POST /tickets) 1-11
2026-10-07 12:15:13,910 INFO o.a.j.t.JMeterThread: Thread finished: Ticket intake (POST /tickets) 1-11
2026-10-07 12:15:19,949 INFO o.a.j.t.JMeterThread: Thread started: Ticket intake (POST /tickets) 1-12
2026-10-07 12:15:20,462 INFO o.a.j.t.JMeterThread: Thread is done: Ticket intake (POST /tickets) 1-12
2026-10-07 12:15:20,462 INFO o.a.j.t.JMeterThread: Thread finished: Ticket intake (POST /tickets) 1-12
2026-10-07 12:15:24,680 INFO o.a.j.t.JMeterThread: Thread started: Agent searches (GET /search) 2-23
2026-10-07 12:15:24,886 INFO o.a.j.t.JMeterThread: Thread is done: Agent searches (GET /search) 2-23
2026-10-07 12:15:24,886 INFO o.a.j.t.JMeterThread: Thread finished: Agent searches (GET /search) 2-23
2026-10-07 12:15:25,079 INFO o.a.j.t.JMeterThread: Thread started: Agent searches (GET /search) 2-24
2026-10-07 12:15:25,188 INFO o.a.j.t.JMeterThread: Thread is done: Agent searches (GET /search) 2-24
2026-10-07 12:15:25,189 INFO o.a.j.t.JMeterThread: Thread finished: Agent searches (GET /search) 2-24
2026-10-07 12:15:28,513 INFO o.a.j.t.JMeterThread: Thread started: Agent searches (GET /search) 2-25
2026-10-07 12:15:28,707 INFO o.a.j.t.JMeterThread: Thread is done: Agent searches (GET /search) 2-25
2026-10-07 12:15:28,707 INFO o.a.j.t.JMeterThread: Thread finished: Agent searches (GET /search) 2-25
2026-10-07 12:16:15,551 INFO o.a.j.t.JMeterThread: Thread started: Ticket intake (POST /tickets) 1-13
2026-10-07 12:16:15,979 INFO o.a.j.t.JMeterThread: Thread is done: Ticket intake (POST /tickets) 1-13
2026-10-07 12:16:15,980 INFO o.a.j.t.JMeterThread: Thread finished: Ticket intake (POST /tickets) 1-13
2026-10-07 12:16:40,381 INFO o.a.j.t.o.EvenArrivalsRamp: Generating 0 events, beginRate = 0.0 / sec, endRate = 0.0 / sec, duration = 300.0 sec
2026-10-07 12:16:40,381 INFO o.a.j.t.JMeterThread: Thread started: Ticket intake (POST /tickets) 1-14
2026-10-07 12:16:40,382 INFO o.a.j.t.o.OpenModelThreadGroup: There will be no more events, so will wait for 383 sec till the end of the schedule
2026-10-07 12:16:41,325 INFO o.a.j.t.JMeterThread: Thread is done: Ticket intake (POST /tickets) 1-14
2026-10-07 12:16:41,326 INFO o.a.j.t.JMeterThread: Thread finished: Ticket intake (POST /tickets) 1-14
2026-10-07 12:16:48,683 INFO o.a.j.t.JMeterThread: Thread started: Agent searches (GET /search) 2-26
2026-10-07 12:16:48,763 INFO o.a.j.t.JMeterThread: Thread is done: Agent searches (GET /search) 2-26
2026-10-07 12:16:48,763 INFO o.a.j.t.JMeterThread: Thread finished: Agent searches (GET /search) 2-26
2026-10-07 12:17:30,998 INFO o.a.j.t.JMeterThread: Thread started: Agent searches (GET /search) 2-27
2026-10-07 12:17:31,046 INFO o.a.j.r.Summariser: summary +     19 in 00:05:26 =    0.1/s Avg:   369 Min:    36 Max:  1189 Err:     0 (0.00%) Active: 1 Started: 41 Finished: 40
2026-10-07 12:17:31,047 INFO o.a.j.r.Summariser: summary =     41 in 00:09:27 =    0.1/s Avg:   358 Min:    36 Max:  1189 Err:     0 (0.00%)
2026-10-07 12:17:31,047 INFO o.a.j.t.JMeterThread: Thread is done: Agent searches (GET /search) 2-27
2026-10-07 12:17:31,047 INFO o.a.j.t.JMeterThread: Thread finished: Agent searches (GET /search) 2-27
2026-10-07 12:17:31,484 INFO o.a.j.t.JMeterThread: Thread started: Agent searches (GET /search) 2-28
2026-10-07 12:17:31,589 INFO o.a.j.t.JMeterThread: Thread is done: Agent searches (GET /search) 2-28
2026-10-07 12:17:31,589 INFO o.a.j.t.JMeterThread: Thread finished: Agent searches (GET /search) 2-28
2026-10-07 12:18:00,456 INFO o.a.j.t.JMeterThread: Thread started: Agent searches (GET /search) 2-29
2026-10-07 12:18:00,456 INFO o.a.j.t.o.EvenArrivalsRamp: Generating 0 events, beginRate = 0.0 / sec, endRate = 0.0 / sec, duration = 300.0 sec
2026-10-07 12:18:00,456 INFO o.a.j.t.o.OpenModelThreadGroup: There will be no more events, so will wait for 303 sec till the end of the schedule
2026-10-07 12:18:00,632 INFO o.a.j.r.Summariser: summary +      2 in 00:00:30 =    0.1/s Avg:   136 Min:   102 Max:   171 Err:     0 (0.00%) Active: 1 Started: 43 Finished: 42
2026-10-07 12:18:00,632 INFO o.a.j.r.Summariser: summary =     43 in 00:09:57 =    0.1/s Avg:   348 Min:    36 Max:  1189 Err:     0 (0.00%)
2026-10-07 12:18:00,633 INFO o.a.j.t.JMeterThread: Thread is done: Agent searches (GET /search) 2-29
2026-10-07 12:18:00,633 INFO o.a.j.t.JMeterThread: Thread finished: Agent searches (GET /search) 2-29
2026-10-07 12:23:03,498 INFO o.a.j.t.o.OpenModelThreadGroup: There will be no more events, will shutdown the thread pool
2026-10-07 12:23:03,498 INFO o.a.j.t.o.OpenModelThreadGroup: There will be no more events, will shutdown the thread pool
2026-10-07 12:23:03,500 INFO o.a.j.t.o.OpenModelThreadGroup: Thread starting done
2026-10-07 12:23:03,501 INFO o.a.j.t.o.OpenModelThreadGroup: Thread starting done
2026-10-07 12:23:03,501 INFO o.a.j.e.StandardJMeterEngine: Notifying test listeners of end of test
2026-10-07 12:23:03,501 INFO o.a.j.s.FileServer: Close: /Users/ridwan/Documents/GitHub/ICT3113_A1_P1-3/loadtest/data/tickets.tsv
2026-10-07 12:23:03,508 INFO o.a.j.r.Summariser: summary =     43 in 00:15:00 =    0.0/s Avg:   348 Min:    36 Max:  1189 Err:     0 (0.00%)
2026-10-07 12:23:03,509 INFO o.a.j.e.StandardJMeterEngine: Forced JVM shutdown requested at end of test
