2026-10-07 11:51:45,056 INFO o.a.j.u.JMeterUtils: Setting Locale to en_EN
2026-10-07 11:51:45,067 INFO o.a.j.JMeter: Loading user properties from: /Users/ridwan/Downloads/apache-jmeter-5.6.3/bin/user.properties
2026-10-07 11:51:45,067 INFO o.a.j.JMeter: Loading system properties from: /Users/ridwan/Downloads/apache-jmeter-5.6.3/bin/system.properties
2026-10-07 11:51:45,067 INFO o.a.j.JMeter: Loading additional properties from: /Users/ridwan/Documents/GitHub/ICT3113_A1_P1-3/loadtest/triage.properties
2026-10-07 11:51:45,067 INFO o.a.j.JMeter: Setting JMeter property: host=172.20.10.2
2026-10-07 11:51:45,068 INFO o.a.j.JMeter: Setting JMeter property: port=8000
2026-10-07 11:51:45,068 INFO o.a.j.JMeter: Setting JMeter property: rate=1.45
2026-10-07 11:51:45,068 INFO o.a.j.JMeter: Setting JMeter property: rate_end=1.45
2026-10-07 11:51:45,068 INFO o.a.j.JMeter: Setting JMeter property: search_rate=2.9
2026-10-07 11:51:45,068 INFO o.a.j.JMeter: Setting JMeter property: duration=10
2026-10-07 11:51:45,068 INFO o.a.j.JMeter: Setting JMeter property: drain=5
2026-10-07 11:51:45,068 INFO o.a.j.JMeter: Setting JMeter property: timeout_ms=600000
2026-10-07 11:51:45,068 INFO o.a.j.JMeter: Setting JMeter property: data=/Users/ridwan/Documents/GitHub/ICT3113_A1_P1-3/loadtest/data/tickets.tsv
2026-10-07 11:51:45,070 INFO o.a.j.JMeter: Copyright (c) 1998-2024 The Apache Software Foundation
2026-10-07 11:51:45,070 INFO o.a.j.JMeter: Version 5.6.3
2026-10-07 11:51:45,071 INFO o.a.j.JMeter: java.version=17.0.17
2026-10-07 11:51:45,071 INFO o.a.j.JMeter: java.vm.name=OpenJDK 64-Bit Server VM
2026-10-07 11:51:45,071 INFO o.a.j.JMeter: os.name=Mac OS X
2026-10-07 11:51:45,071 INFO o.a.j.JMeter: os.arch=aarch64
2026-10-07 11:51:45,071 INFO o.a.j.JMeter: os.version=26.5
2026-10-07 11:51:45,071 INFO o.a.j.JMeter: file.encoding=UTF-8
2026-10-07 11:51:45,071 INFO o.a.j.JMeter: java.awt.headless=true
2026-10-07 11:51:45,071 INFO o.a.j.JMeter: Max memory     =1073741824
2026-10-07 11:51:45,071 INFO o.a.j.JMeter: Available Processors =10
2026-10-07 11:51:45,075 INFO o.a.j.JMeter: Default Locale=English (EN)
2026-10-07 11:51:45,075 INFO o.a.j.JMeter: JMeter  Locale=English (EN)
2026-10-07 11:51:45,075 INFO o.a.j.JMeter: JMeterHome=/Users/ridwan/Downloads/apache-jmeter-5.6.3
2026-10-07 11:51:45,075 INFO o.a.j.JMeter: user.dir  =/Users/ridwan/Documents/GitHub/ICT3113_A1_P1-3
2026-10-07 11:51:45,075 INFO o.a.j.JMeter: PWD       =/Users/ridwan/Documents/GitHub/ICT3113_A1_P1-3
2026-10-07 11:51:45,077 INFO o.a.j.JMeter: IP: 127.0.0.1 Name: Muhammads-MacBook-Air-4.local FullName: localhost
2026-10-07 11:51:45,083 INFO o.a.j.s.FileServer: Default base='/Users/ridwan/Documents/GitHub/ICT3113_A1_P1-3'
2026-10-07 11:51:45,084 INFO o.a.j.s.FileServer: Set new base='/Users/ridwan/Documents/GitHub/ICT3113_A1_P1-3/loadtest'
2026-10-07 11:51:45,147 INFO o.a.j.s.SaveService: Testplan (JMX) version: 2.2. Testlog (JTL) version: 2.2
2026-10-07 11:51:45,160 INFO o.a.j.s.SaveService: Using SaveService properties version 5.0
2026-10-07 11:51:45,161 INFO o.a.j.s.SaveService: Using SaveService properties file encoding UTF-8
2026-10-07 11:51:45,162 INFO o.a.j.s.SaveService: Loading file: /Users/ridwan/Documents/GitHub/ICT3113_A1_P1-3/loadtest/triage.jmx
2026-10-07 11:51:45,189 INFO o.a.j.p.h.s.HTTPSamplerBase: Parser for text/html is org.apache.jmeter.protocol.http.parser.LagartoBasedHtmlParser
2026-10-07 11:51:45,189 INFO o.a.j.p.h.s.HTTPSamplerBase: Parser for application/xhtml+xml is org.apache.jmeter.protocol.http.parser.LagartoBasedHtmlParser
2026-10-07 11:51:45,189 INFO o.a.j.p.h.s.HTTPSamplerBase: Parser for application/xml is org.apache.jmeter.protocol.http.parser.LagartoBasedHtmlParser
2026-10-07 11:51:45,189 INFO o.a.j.p.h.s.HTTPSamplerBase: Parser for text/xml is org.apache.jmeter.protocol.http.parser.LagartoBasedHtmlParser
2026-10-07 11:51:45,189 INFO o.a.j.p.h.s.HTTPSamplerBase: Parser for text/vnd.wap.wml is org.apache.jmeter.protocol.http.parser.RegexpHTMLParser
2026-10-07 11:51:45,189 INFO o.a.j.p.h.s.HTTPSamplerBase: Parser for text/css is org.apache.jmeter.protocol.http.parser.CssParser
2026-10-07 11:51:45,196 INFO o.a.j.JMeter: Creating summariser <summary>
2026-10-07 11:51:45,203 INFO o.a.j.e.StandardJMeterEngine: Running the test!
2026-10-07 11:51:45,203 INFO o.a.j.s.SampleEvent: List of sample_variables: [rid, row]
2026-10-07 11:51:45,203 INFO o.a.j.s.SampleEvent: List of sample_variables: [rid, row]
2026-10-07 11:51:45,204 INFO o.a.j.e.u.CompoundVariable: Note: Function class names must contain the string: '.functions.'
2026-10-07 11:51:45,204 INFO o.a.j.e.u.CompoundVariable: Note: Function class names must not contain the string: '.gui.'
2026-10-07 11:51:45,297 INFO o.a.j.JMeter: Running test (1791345105297)
2026-10-07 11:51:45,306 INFO o.a.j.e.StandardJMeterEngine: Starting ThreadGroup: 1 : Ticket intake (POST /tickets)
2026-10-07 11:51:45,306 INFO o.a.j.e.StandardJMeterEngine: Starting 0 threads for group Ticket intake (POST /tickets).
2026-10-07 11:51:45,306 INFO o.a.j.e.StandardJMeterEngine: Thread will continue on error
2026-10-07 11:51:45,306 INFO o.a.j.t.o.OpenModelThreadGroup: Starting OpenModelThreadGroup#1 with schedule rate(1.45/min) random_arrivals(10 min) rate(1.45/min) pause(5 min)
2026-10-07 11:51:45,320 INFO o.a.j.e.StandardJMeterEngine: Starting ThreadGroup: 2 : Agent searches (GET /search)
2026-10-07 11:51:45,320 INFO o.a.j.e.StandardJMeterEngine: Starting 0 threads for group Agent searches (GET /search).
2026-10-07 11:51:45,320 INFO o.a.j.e.StandardJMeterEngine: Thread will continue on error
2026-10-07 11:51:45,320 INFO o.a.j.t.o.OpenModelThreadGroup: Starting OpenModelThreadGroup#2 with schedule rate(2.9/min) random_arrivals(10 min) rate(2.9/min) pause(5 min)
2026-10-07 11:51:45,320 INFO o.a.j.t.o.OpenModelThreadGroup: Thread starting init
2026-10-07 11:51:45,321 INFO o.a.j.e.StandardJMeterEngine: All thread groups have been started
2026-10-07 11:51:45,321 INFO o.a.j.t.o.OpenModelThreadGroup: Thread starting init
2026-10-07 11:51:45,322 INFO o.a.j.t.o.PoissonArrivalsRamp: Generating 29 events, beginRate = 0.04833333333333333 / sec, endRate = 0.04833333333333333 / sec, duration = 600.0 sec
2026-10-07 11:51:45,322 INFO o.a.j.t.o.PoissonArrivalsRamp: Generating 14 events, beginRate = 0.024166666666666666 / sec, endRate = 0.024166666666666666 / sec, duration = 600.0 sec
2026-10-07 11:52:39,692 INFO o.a.j.t.JMeterThread: Thread started: Ticket intake (POST /tickets) 1-1
2026-10-07 11:52:39,693 INFO o.a.j.s.FileServer: Stored: /Users/ridwan/Documents/GitHub/ICT3113_A1_P1-3/loadtest/data/tickets.tsv
2026-10-07 11:52:39,907 INFO o.a.j.p.h.s.HTTPHCAbstractImpl: Local host = Muhammads-MacBook-Air-4.local
2026-10-07 11:52:39,909 INFO o.a.j.p.h.s.HTTPHC4Impl: HTTP request retry count = 0
2026-10-07 11:52:39,909 INFO o.a.j.s.SampleResult: Note: Sample TimeStamps are START times
2026-10-07 11:52:39,909 INFO o.a.j.s.SampleResult: sampleresult.default.encoding is set to UTF-8
2026-10-07 11:52:39,909 INFO o.a.j.s.SampleResult: sampleresult.useNanoTime=true
2026-10-07 11:52:39,909 INFO o.a.j.s.SampleResult: sampleresult.nanoThreadSleep=5000
2026-10-07 11:52:41,077 INFO o.a.j.t.JMeterThread: Thread is done: Ticket intake (POST /tickets) 1-1
2026-10-07 11:52:41,077 INFO o.a.j.t.JMeterThread: Thread finished: Ticket intake (POST /tickets) 1-1
2026-10-07 11:52:59,073 INFO o.a.j.t.JMeterThread: Thread started: Agent searches (GET /search) 2-1
2026-10-07 11:52:59,197 INFO o.a.j.t.JMeterThread: Thread is done: Agent searches (GET /search) 2-1
2026-10-07 11:52:59,197 INFO o.a.j.t.JMeterThread: Thread finished: Agent searches (GET /search) 2-1
2026-10-07 11:52:59,337 INFO o.a.j.t.JMeterThread: Thread started: Agent searches (GET /search) 2-2
2026-10-07 11:52:59,501 INFO o.a.j.t.JMeterThread: Thread is done: Agent searches (GET /search) 2-2
2026-10-07 11:52:59,501 INFO o.a.j.t.JMeterThread: Thread finished: Agent searches (GET /search) 2-2
2026-10-07 11:53:26,247 INFO o.a.j.t.JMeterThread: Thread started: Agent searches (GET /search) 2-3
2026-10-07 11:53:26,471 INFO o.a.j.t.JMeterThread: Thread is done: Agent searches (GET /search) 2-3
2026-10-07 11:53:26,472 INFO o.a.j.t.JMeterThread: Thread finished: Agent searches (GET /search) 2-3
2026-10-07 11:53:33,385 INFO o.a.j.t.JMeterThread: Thread started: Ticket intake (POST /tickets) 1-2
2026-10-07 11:53:34,488 INFO o.a.j.r.Summariser: summary +      5 in 00:01:49 =    0.0/s Avg:   537 Min:    65 Max:  1143 Err:     0 (0.00%) Active: 1 Started: 5 Finished: 4
2026-10-07 11:53:34,489 INFO o.a.j.t.JMeterThread: Thread is done: Ticket intake (POST /tickets) 1-2
2026-10-07 11:53:34,489 INFO o.a.j.t.JMeterThread: Thread finished: Ticket intake (POST /tickets) 1-2
2026-10-07 11:53:42,944 INFO o.a.j.t.JMeterThread: Thread started: Ticket intake (POST /tickets) 1-3
2026-10-07 11:53:44,070 INFO o.a.j.t.JMeterThread: Thread is done: Ticket intake (POST /tickets) 1-3
2026-10-07 11:53:44,070 INFO o.a.j.t.JMeterThread: Thread finished: Ticket intake (POST /tickets) 1-3
2026-10-07 11:54:34,750 INFO o.a.j.t.JMeterThread: Thread started: Agent searches (GET /search) 2-4
2026-10-07 11:54:34,875 INFO o.a.j.r.Summariser: summary +      2 in 00:01:00 =    0.0/s Avg:   620 Min:   120 Max:  1121 Err:     0 (0.00%) Active: 1 Started: 7 Finished: 6
2026-10-07 11:54:34,875 INFO o.a.j.r.Summariser: summary =      7 in 00:02:50 =    0.0/s Avg:   561 Min:    65 Max:  1143 Err:     0 (0.00%)
2026-10-07 11:54:34,876 INFO o.a.j.t.JMeterThread: Thread is done: Agent searches (GET /search) 2-4
2026-10-07 11:54:34,876 INFO o.a.j.t.JMeterThread: Thread finished: Agent searches (GET /search) 2-4
2026-10-07 11:54:37,270 INFO o.a.j.t.JMeterThread: Thread started: Ticket intake (POST /tickets) 1-4
2026-10-07 11:54:38,009 INFO o.a.j.t.JMeterThread: Thread is done: Ticket intake (POST /tickets) 1-4
2026-10-07 11:54:38,009 INFO o.a.j.t.JMeterThread: Thread finished: Ticket intake (POST /tickets) 1-4
2026-10-07 11:54:40,421 INFO o.a.j.t.JMeterThread: Thread started: Ticket intake (POST /tickets) 1-5
2026-10-07 11:54:40,769 INFO o.a.j.t.JMeterThread: Thread is done: Ticket intake (POST /tickets) 1-5
2026-10-07 11:54:40,770 INFO o.a.j.t.JMeterThread: Thread finished: Ticket intake (POST /tickets) 1-5
2026-10-07 11:54:43,427 INFO o.a.j.t.JMeterThread: Thread started: Ticket intake (POST /tickets) 1-6
2026-10-07 11:54:44,240 INFO o.a.j.t.JMeterThread: Thread is done: Ticket intake (POST /tickets) 1-6
2026-10-07 11:54:44,240 INFO o.a.j.t.JMeterThread: Thread finished: Ticket intake (POST /tickets) 1-6
2026-10-07 11:54:52,652 INFO o.a.j.t.JMeterThread: Thread started: Ticket intake (POST /tickets) 1-7
2026-10-07 11:54:53,249 INFO o.a.j.t.JMeterThread: Thread is done: Ticket intake (POST /tickets) 1-7
2026-10-07 11:54:53,249 INFO o.a.j.t.JMeterThread: Thread finished: Ticket intake (POST /tickets) 1-7
2026-10-07 11:55:49,501 INFO o.a.j.t.JMeterThread: Thread started: Agent searches (GET /search) 2-5
2026-10-07 11:55:49,737 INFO o.a.j.t.JMeterThread: Thread is done: Agent searches (GET /search) 2-5
2026-10-07 11:55:49,737 INFO o.a.j.t.JMeterThread: Thread finished: Agent searches (GET /search) 2-5
2026-10-07 11:55:55,824 INFO o.a.j.t.JMeterThread: Thread started: Agent searches (GET /search) 2-6
2026-10-07 11:55:56,006 INFO o.a.j.t.JMeterThread: Thread is done: Agent searches (GET /search) 2-6
2026-10-07 11:55:56,007 INFO o.a.j.t.JMeterThread: Thread finished: Agent searches (GET /search) 2-6
2026-10-07 11:56:07,290 INFO o.a.j.t.JMeterThread: Thread started: Agent searches (GET /search) 2-7
2026-10-07 11:56:07,504 INFO o.a.j.t.JMeterThread: Thread is done: Agent searches (GET /search) 2-7
2026-10-07 11:56:07,504 INFO o.a.j.t.JMeterThread: Thread finished: Agent searches (GET /search) 2-7
2026-10-07 11:56:14,889 INFO o.a.j.t.JMeterThread: Thread started: Agent searches (GET /search) 2-8
2026-10-07 11:56:14,971 INFO o.a.j.t.JMeterThread: Thread is done: Agent searches (GET /search) 2-8
2026-10-07 11:56:14,972 INFO o.a.j.t.JMeterThread: Thread finished: Agent searches (GET /search) 2-8
2026-10-07 11:56:16,280 INFO o.a.j.t.JMeterThread: Thread started: Agent searches (GET /search) 2-9
2026-10-07 11:56:16,513 INFO o.a.j.t.JMeterThread: Thread is done: Agent searches (GET /search) 2-9
2026-10-07 11:56:16,513 INFO o.a.j.t.JMeterThread: Thread finished: Agent searches (GET /search) 2-9
2026-10-07 11:56:28,721 INFO o.a.j.t.JMeterThread: Thread started: Agent searches (GET /search) 2-10
2026-10-07 11:56:28,926 INFO o.a.j.t.JMeterThread: Thread is done: Agent searches (GET /search) 2-10
2026-10-07 11:56:28,926 INFO o.a.j.t.JMeterThread: Thread finished: Agent searches (GET /search) 2-10
2026-10-07 11:56:54,814 INFO o.a.j.t.JMeterThread: Thread started: Agent searches (GET /search) 2-11
2026-10-07 11:56:55,070 INFO o.a.j.t.JMeterThread: Thread is done: Agent searches (GET /search) 2-11
2026-10-07 11:56:55,071 INFO o.a.j.t.JMeterThread: Thread finished: Agent searches (GET /search) 2-11
2026-10-07 11:56:56,664 INFO o.a.j.t.JMeterThread: Thread started: Agent searches (GET /search) 2-12
2026-10-07 11:56:56,868 INFO o.a.j.t.JMeterThread: Thread is done: Agent searches (GET /search) 2-12
2026-10-07 11:56:56,869 INFO o.a.j.t.JMeterThread: Thread finished: Agent searches (GET /search) 2-12
2026-10-07 11:57:01,313 INFO o.a.j.t.JMeterThread: Thread started: Agent searches (GET /search) 2-13
2026-10-07 11:57:01,862 INFO o.a.j.r.Summariser: summary +     13 in 00:02:27 =    0.1/s Avg:   354 Min:    79 Max:   809 Err:     0 (0.00%) Active: 1 Started: 20 Finished: 19
2026-10-07 11:57:01,862 INFO o.a.j.r.Summariser: summary =     20 in 00:05:17 =    0.1/s Avg:   426 Min:    65 Max:  1143 Err:     0 (0.00%)
2026-10-07 11:57:01,863 INFO o.a.j.t.JMeterThread: Thread is done: Agent searches (GET /search) 2-13
2026-10-07 11:57:01,863 INFO o.a.j.t.JMeterThread: Thread finished: Agent searches (GET /search) 2-13
2026-10-07 11:57:09,553 INFO o.a.j.t.JMeterThread: Thread started: Agent searches (GET /search) 2-14
2026-10-07 11:57:09,704 INFO o.a.j.t.JMeterThread: Thread is done: Agent searches (GET /search) 2-14
2026-10-07 11:57:09,705 INFO o.a.j.t.JMeterThread: Thread finished: Agent searches (GET /search) 2-14
2026-10-07 11:57:13,452 INFO o.a.j.t.JMeterThread: Thread started: Agent searches (GET /search) 2-15
2026-10-07 11:57:13,748 INFO o.a.j.t.JMeterThread: Thread is done: Agent searches (GET /search) 2-15
2026-10-07 11:57:13,749 INFO o.a.j.t.JMeterThread: Thread finished: Agent searches (GET /search) 2-15
2026-10-07 11:57:44,059 INFO o.a.j.t.JMeterThread: Thread started: Ticket intake (POST /tickets) 1-8
2026-10-07 11:57:44,981 INFO o.a.j.t.JMeterThread: Thread is done: Ticket intake (POST /tickets) 1-8
2026-10-07 11:57:44,981 INFO o.a.j.t.JMeterThread: Thread finished: Ticket intake (POST /tickets) 1-8
2026-10-07 11:57:45,605 INFO o.a.j.t.JMeterThread: Thread started: Agent searches (GET /search) 2-16
2026-10-07 11:57:45,783 INFO o.a.j.t.JMeterThread: Thread is done: Agent searches (GET /search) 2-16
2026-10-07 11:57:45,783 INFO o.a.j.t.JMeterThread: Thread finished: Agent searches (GET /search) 2-16
2026-10-07 11:57:53,742 INFO o.a.j.t.JMeterThread: Thread started: Ticket intake (POST /tickets) 1-9
2026-10-07 11:57:54,556 INFO o.a.j.t.JMeterThread: Thread is done: Ticket intake (POST /tickets) 1-9
2026-10-07 11:57:54,557 INFO o.a.j.t.JMeterThread: Thread finished: Ticket intake (POST /tickets) 1-9
2026-10-07 11:57:57,259 INFO o.a.j.t.JMeterThread: Thread started: Agent searches (GET /search) 2-17
2026-10-07 11:57:57,537 INFO o.a.j.t.JMeterThread: Thread is done: Agent searches (GET /search) 2-17
2026-10-07 11:57:57,537 INFO o.a.j.t.JMeterThread: Thread finished: Agent searches (GET /search) 2-17
2026-10-07 11:57:57,655 INFO o.a.j.t.JMeterThread: Thread started: Agent searches (GET /search) 2-18
2026-10-07 11:57:57,897 INFO o.a.j.t.JMeterThread: Thread is done: Agent searches (GET /search) 2-18
2026-10-07 11:57:57,898 INFO o.a.j.t.JMeterThread: Thread finished: Agent searches (GET /search) 2-18
2026-10-07 11:58:25,335 INFO o.a.j.t.JMeterThread: Thread started: Agent searches (GET /search) 2-19
2026-10-07 11:58:25,526 INFO o.a.j.t.JMeterThread: Thread is done: Agent searches (GET /search) 2-19
2026-10-07 11:58:25,527 INFO o.a.j.t.JMeterThread: Thread finished: Agent searches (GET /search) 2-19
2026-10-07 11:58:30,033 INFO o.a.j.t.JMeterThread: Thread started: Ticket intake (POST /tickets) 1-10
2026-10-07 11:58:30,539 INFO o.a.j.r.Summariser: summary +      9 in 00:01:29 =    0.1/s Avg:   393 Min:   147 Max:   917 Err:     0 (0.00%) Active: 1 Started: 29 Finished: 28
2026-10-07 11:58:30,540 INFO o.a.j.r.Summariser: summary =     29 in 00:06:45 =    0.1/s Avg:   416 Min:    65 Max:  1143 Err:     0 (0.00%)
2026-10-07 11:58:30,540 INFO o.a.j.t.JMeterThread: Thread is done: Ticket intake (POST /tickets) 1-10
2026-10-07 11:58:30,540 INFO o.a.j.t.JMeterThread: Thread finished: Ticket intake (POST /tickets) 1-10
2026-10-07 11:58:41,147 INFO o.a.j.t.JMeterThread: Thread started: Agent searches (GET /search) 2-20
2026-10-07 11:58:41,314 INFO o.a.j.t.JMeterThread: Thread is done: Agent searches (GET /search) 2-20
2026-10-07 11:58:41,314 INFO o.a.j.t.JMeterThread: Thread finished: Agent searches (GET /search) 2-20
2026-10-07 11:58:52,555 INFO o.a.j.t.JMeterThread: Thread started: Ticket intake (POST /tickets) 1-11
2026-10-07 11:58:53,887 INFO o.a.j.t.JMeterThread: Thread is done: Ticket intake (POST /tickets) 1-11
2026-10-07 11:58:53,887 INFO o.a.j.t.JMeterThread: Thread finished: Ticket intake (POST /tickets) 1-11
2026-10-07 11:58:56,836 INFO o.a.j.t.JMeterThread: Thread started: Agent searches (GET /search) 2-21
2026-10-07 11:58:57,223 INFO o.a.j.t.JMeterThread: Thread is done: Agent searches (GET /search) 2-21
2026-10-07 11:58:57,223 INFO o.a.j.t.JMeterThread: Thread finished: Agent searches (GET /search) 2-21
2026-10-07 11:59:00,435 INFO o.a.j.t.JMeterThread: Thread started: Agent searches (GET /search) 2-22
2026-10-07 11:59:00,491 INFO o.a.j.t.JMeterThread: Thread started: Agent searches (GET /search) 2-23
2026-10-07 11:59:00,646 INFO o.a.j.r.Summariser: summary +      4 in 00:00:30 =    0.1/s Avg:   520 Min:   162 Max:  1328 Err:     0 (0.00%) Active: 2 Started: 34 Finished: 32
2026-10-07 11:59:00,647 INFO o.a.j.r.Summariser: summary =     33 in 00:07:15 =    0.1/s Avg:   429 Min:    65 Max:  1328 Err:     0 (0.00%)
2026-10-07 11:59:00,647 INFO o.a.j.t.JMeterThread: Thread is done: Agent searches (GET /search) 2-22
2026-10-07 11:59:00,647 INFO o.a.j.t.JMeterThread: Thread finished: Agent searches (GET /search) 2-22
2026-10-07 11:59:00,703 INFO o.a.j.t.JMeterThread: Thread is done: Agent searches (GET /search) 2-23
2026-10-07 11:59:00,703 INFO o.a.j.t.JMeterThread: Thread finished: Agent searches (GET /search) 2-23
2026-10-07 11:59:51,280 INFO o.a.j.t.JMeterThread: Thread started: Agent searches (GET /search) 2-24
2026-10-07 11:59:51,661 INFO o.a.j.t.JMeterThread: Thread is done: Agent searches (GET /search) 2-24
2026-10-07 11:59:51,661 INFO o.a.j.t.JMeterThread: Thread finished: Agent searches (GET /search) 2-24
2026-10-07 12:00:13,831 INFO o.a.j.t.JMeterThread: Thread started: Ticket intake (POST /tickets) 1-12
2026-10-07 12:00:14,664 INFO o.a.j.t.JMeterThread: Thread is done: Ticket intake (POST /tickets) 1-12
2026-10-07 12:00:14,665 INFO o.a.j.t.JMeterThread: Thread finished: Ticket intake (POST /tickets) 1-12
2026-10-07 12:00:33,307 INFO o.a.j.t.JMeterThread: Thread started: Agent searches (GET /search) 2-25
2026-10-07 12:00:33,480 INFO o.a.j.r.Summariser: summary +      4 in 00:01:33 =    0.0/s Avg:   395 Min:   168 Max:   829 Err:     0 (0.00%) Active: 1 Started: 37 Finished: 36
2026-10-07 12:00:33,480 INFO o.a.j.r.Summariser: summary =     37 in 00:08:48 =    0.1/s Avg:   425 Min:    65 Max:  1328 Err:     0 (0.00%)
2026-10-07 12:00:33,481 INFO o.a.j.t.JMeterThread: Thread is done: Agent searches (GET /search) 2-25
2026-10-07 12:00:33,481 INFO o.a.j.t.JMeterThread: Thread finished: Agent searches (GET /search) 2-25
2026-10-07 12:00:33,567 INFO o.a.j.t.JMeterThread: Thread started: Agent searches (GET /search) 2-26
2026-10-07 12:00:33,741 INFO o.a.j.t.JMeterThread: Thread is done: Agent searches (GET /search) 2-26
2026-10-07 12:00:33,741 INFO o.a.j.t.JMeterThread: Thread finished: Agent searches (GET /search) 2-26
2026-10-07 12:00:44,495 INFO o.a.j.t.JMeterThread: Thread started: Agent searches (GET /search) 2-27
2026-10-07 12:00:44,818 INFO o.a.j.t.JMeterThread: Thread is done: Agent searches (GET /search) 2-27
2026-10-07 12:00:44,818 INFO o.a.j.t.JMeterThread: Thread finished: Agent searches (GET /search) 2-27
2026-10-07 12:01:09,172 INFO o.a.j.t.JMeterThread: Thread started: Agent searches (GET /search) 2-28
2026-10-07 12:01:09,480 INFO o.a.j.t.JMeterThread: Thread is done: Agent searches (GET /search) 2-28
2026-10-07 12:01:09,481 INFO o.a.j.t.JMeterThread: Thread finished: Agent searches (GET /search) 2-28
2026-10-07 12:01:20,719 INFO o.a.j.t.JMeterThread: Thread started: Ticket intake (POST /tickets) 1-13
2026-10-07 12:01:21,124 INFO o.a.j.t.JMeterThread: Thread is done: Ticket intake (POST /tickets) 1-13
2026-10-07 12:01:21,125 INFO o.a.j.t.JMeterThread: Thread finished: Ticket intake (POST /tickets) 1-13
2026-10-07 12:01:28,487 INFO o.a.j.t.o.EvenArrivalsRamp: Generating 0 events, beginRate = 0.0 / sec, endRate = 0.0 / sec, duration = 300.0 sec
2026-10-07 12:01:28,487 INFO o.a.j.t.JMeterThread: Thread started: Agent searches (GET /search) 2-29
2026-10-07 12:01:28,488 INFO o.a.j.t.o.OpenModelThreadGroup: There will be no more events, so will wait for 316 sec till the end of the schedule
2026-10-07 12:01:28,674 INFO o.a.j.t.JMeterThread: Thread is done: Agent searches (GET /search) 2-29
2026-10-07 12:01:28,674 INFO o.a.j.t.JMeterThread: Thread finished: Agent searches (GET /search) 2-29
2026-10-07 12:01:35,637 INFO o.a.j.t.o.EvenArrivalsRamp: Generating 0 events, beginRate = 0.0 / sec, endRate = 0.0 / sec, duration = 300.0 sec
2026-10-07 12:01:35,637 INFO o.a.j.t.JMeterThread: Thread started: Ticket intake (POST /tickets) 1-14
2026-10-07 12:01:35,638 INFO o.a.j.t.o.OpenModelThreadGroup: There will be no more events, so will wait for 309 sec till the end of the schedule
2026-10-07 12:01:36,694 INFO o.a.j.t.JMeterThread: Thread is done: Ticket intake (POST /tickets) 1-14
2026-10-07 12:01:36,695 INFO o.a.j.t.JMeterThread: Thread finished: Ticket intake (POST /tickets) 1-14
2026-10-07 12:06:45,213 INFO o.a.j.t.o.OpenModelThreadGroup: There will be no more events, will shutdown the thread pool
2026-10-07 12:06:45,215 INFO o.a.j.t.o.OpenModelThreadGroup: Thread starting done
2026-10-07 12:06:45,216 INFO o.a.j.t.o.OpenModelThreadGroup: There will be no more events, will shutdown the thread pool
2026-10-07 12:06:45,216 INFO o.a.j.t.o.OpenModelThreadGroup: Thread starting done
2026-10-07 12:06:45,216 INFO o.a.j.e.StandardJMeterEngine: Notifying test listeners of end of test
2026-10-07 12:06:45,217 INFO o.a.j.s.FileServer: Close: /Users/ridwan/Documents/GitHub/ICT3113_A1_P1-3/loadtest/data/tickets.tsv
2026-10-07 12:06:45,224 INFO o.a.j.r.Summariser: summary +      6 in 00:06:12 =    0.0/s Avg:   405 Min:   172 Max:  1053 Err:     0 (0.00%) Active: 0 Started: 43 Finished: 43
2026-10-07 12:06:45,224 INFO o.a.j.r.Summariser: summary =     43 in 00:15:00 =    0.0/s Avg:   422 Min:    65 Max:  1328 Err:     0 (0.00%)
2026-10-07 12:06:45,225 INFO o.a.j.e.StandardJMeterEngine: Forced JVM shutdown requested at end of test
