2026-10-07 12:28:05,983 INFO o.a.j.u.JMeterUtils: Setting Locale to en_EN
2026-10-07 12:28:05,991 INFO o.a.j.JMeter: Loading user properties from: /Users/ridwan/Downloads/apache-jmeter-5.6.3/bin/user.properties
2026-10-07 12:28:05,992 INFO o.a.j.JMeter: Loading system properties from: /Users/ridwan/Downloads/apache-jmeter-5.6.3/bin/system.properties
2026-10-07 12:28:05,992 INFO o.a.j.JMeter: Loading additional properties from: /Users/ridwan/Documents/GitHub/ICT3113_A1_P1-3/loadtest/triage.properties
2026-10-07 12:28:05,992 INFO o.a.j.JMeter: Setting JMeter property: host=172.20.10.2
2026-10-07 12:28:05,992 INFO o.a.j.JMeter: Setting JMeter property: port=8000
2026-10-07 12:28:05,992 INFO o.a.j.JMeter: Setting JMeter property: rate=1.73
2026-10-07 12:28:05,992 INFO o.a.j.JMeter: Setting JMeter property: rate_end=1.73
2026-10-07 12:28:05,992 INFO o.a.j.JMeter: Setting JMeter property: search_rate=3.5
2026-10-07 12:28:05,992 INFO o.a.j.JMeter: Setting JMeter property: duration=10
2026-10-07 12:28:05,992 INFO o.a.j.JMeter: Setting JMeter property: drain=5
2026-10-07 12:28:05,992 INFO o.a.j.JMeter: Setting JMeter property: timeout_ms=600000
2026-10-07 12:28:05,992 INFO o.a.j.JMeter: Setting JMeter property: data=/Users/ridwan/Documents/GitHub/ICT3113_A1_P1-3/loadtest/data/tickets.tsv
2026-10-07 12:28:05,994 INFO o.a.j.JMeter: Copyright (c) 1998-2024 The Apache Software Foundation
2026-10-07 12:28:05,994 INFO o.a.j.JMeter: Version 5.6.3
2026-10-07 12:28:05,994 INFO o.a.j.JMeter: java.version=17.0.17
2026-10-07 12:28:05,994 INFO o.a.j.JMeter: java.vm.name=OpenJDK 64-Bit Server VM
2026-10-07 12:28:05,994 INFO o.a.j.JMeter: os.name=Mac OS X
2026-10-07 12:28:05,994 INFO o.a.j.JMeter: os.arch=aarch64
2026-10-07 12:28:05,994 INFO o.a.j.JMeter: os.version=26.5
2026-10-07 12:28:05,994 INFO o.a.j.JMeter: file.encoding=UTF-8
2026-10-07 12:28:05,995 INFO o.a.j.JMeter: java.awt.headless=true
2026-10-07 12:28:05,995 INFO o.a.j.JMeter: Max memory     =1073741824
2026-10-07 12:28:05,995 INFO o.a.j.JMeter: Available Processors =10
2026-10-07 12:28:05,998 INFO o.a.j.JMeter: Default Locale=English (EN)
2026-10-07 12:28:05,998 INFO o.a.j.JMeter: JMeter  Locale=English (EN)
2026-10-07 12:28:05,998 INFO o.a.j.JMeter: JMeterHome=/Users/ridwan/Downloads/apache-jmeter-5.6.3
2026-10-07 12:28:05,998 INFO o.a.j.JMeter: user.dir  =/Users/ridwan/Documents/GitHub/ICT3113_A1_P1-3
2026-10-07 12:28:05,998 INFO o.a.j.JMeter: PWD       =/Users/ridwan/Documents/GitHub/ICT3113_A1_P1-3
2026-10-07 12:28:05,999 INFO o.a.j.JMeter: IP: 127.0.0.1 Name: Muhammads-MacBook-Air-4.local FullName: localhost
2026-10-07 12:28:06,005 INFO o.a.j.s.FileServer: Default base='/Users/ridwan/Documents/GitHub/ICT3113_A1_P1-3'
2026-10-07 12:28:06,005 INFO o.a.j.s.FileServer: Set new base='/Users/ridwan/Documents/GitHub/ICT3113_A1_P1-3/loadtest'
2026-10-07 12:28:06,063 INFO o.a.j.s.SaveService: Testplan (JMX) version: 2.2. Testlog (JTL) version: 2.2
2026-10-07 12:28:06,072 INFO o.a.j.s.SaveService: Using SaveService properties version 5.0
2026-10-07 12:28:06,072 INFO o.a.j.s.SaveService: Using SaveService properties file encoding UTF-8
2026-10-07 12:28:06,073 INFO o.a.j.s.SaveService: Loading file: /Users/ridwan/Documents/GitHub/ICT3113_A1_P1-3/loadtest/triage.jmx
2026-10-07 12:28:06,099 INFO o.a.j.p.h.s.HTTPSamplerBase: Parser for text/html is org.apache.jmeter.protocol.http.parser.LagartoBasedHtmlParser
2026-10-07 12:28:06,099 INFO o.a.j.p.h.s.HTTPSamplerBase: Parser for application/xhtml+xml is org.apache.jmeter.protocol.http.parser.LagartoBasedHtmlParser
2026-10-07 12:28:06,099 INFO o.a.j.p.h.s.HTTPSamplerBase: Parser for application/xml is org.apache.jmeter.protocol.http.parser.LagartoBasedHtmlParser
2026-10-07 12:28:06,099 INFO o.a.j.p.h.s.HTTPSamplerBase: Parser for text/xml is org.apache.jmeter.protocol.http.parser.LagartoBasedHtmlParser
2026-10-07 12:28:06,099 INFO o.a.j.p.h.s.HTTPSamplerBase: Parser for text/vnd.wap.wml is org.apache.jmeter.protocol.http.parser.RegexpHTMLParser
2026-10-07 12:28:06,099 INFO o.a.j.p.h.s.HTTPSamplerBase: Parser for text/css is org.apache.jmeter.protocol.http.parser.CssParser
2026-10-07 12:28:06,105 INFO o.a.j.JMeter: Creating summariser <summary>
2026-10-07 12:28:06,111 INFO o.a.j.e.StandardJMeterEngine: Running the test!
2026-10-07 12:28:06,111 INFO o.a.j.s.SampleEvent: List of sample_variables: [rid, row]
2026-10-07 12:28:06,111 INFO o.a.j.s.SampleEvent: List of sample_variables: [rid, row]
2026-10-07 12:28:06,112 INFO o.a.j.e.u.CompoundVariable: Note: Function class names must contain the string: '.functions.'
2026-10-07 12:28:06,112 INFO o.a.j.e.u.CompoundVariable: Note: Function class names must not contain the string: '.gui.'
2026-10-07 12:28:06,190 INFO o.a.j.JMeter: Running test (1791347286190)
2026-10-07 12:28:06,197 INFO o.a.j.e.StandardJMeterEngine: Starting ThreadGroup: 1 : Ticket intake (POST /tickets)
2026-10-07 12:28:06,197 INFO o.a.j.e.StandardJMeterEngine: Starting 0 threads for group Ticket intake (POST /tickets).
2026-10-07 12:28:06,197 INFO o.a.j.e.StandardJMeterEngine: Thread will continue on error
2026-10-07 12:28:06,197 INFO o.a.j.t.o.OpenModelThreadGroup: Starting OpenModelThreadGroup#1 with schedule rate(1.73/min) random_arrivals(10 min) rate(1.73/min) pause(5 min)
2026-10-07 12:28:06,211 INFO o.a.j.e.StandardJMeterEngine: Starting ThreadGroup: 2 : Agent searches (GET /search)
2026-10-07 12:28:06,211 INFO o.a.j.e.StandardJMeterEngine: Starting 0 threads for group Agent searches (GET /search).
2026-10-07 12:28:06,211 INFO o.a.j.e.StandardJMeterEngine: Thread will continue on error
2026-10-07 12:28:06,211 INFO o.a.j.t.o.OpenModelThreadGroup: Thread starting init
2026-10-07 12:28:06,211 INFO o.a.j.t.o.OpenModelThreadGroup: Starting OpenModelThreadGroup#2 with schedule rate(3.5/min) random_arrivals(10 min) rate(3.5/min) pause(5 min)
2026-10-07 12:28:06,211 INFO o.a.j.e.StandardJMeterEngine: All thread groups have been started
2026-10-07 12:28:06,211 INFO o.a.j.t.o.OpenModelThreadGroup: Thread starting init
2026-10-07 12:28:06,212 INFO o.a.j.t.o.PoissonArrivalsRamp: Generating 35 events, beginRate = 0.058333333333333334 / sec, endRate = 0.058333333333333334 / sec, duration = 600.0 sec
2026-10-07 12:28:06,212 INFO o.a.j.t.o.PoissonArrivalsRamp: Generating 17 events, beginRate = 0.028833333333333332 / sec, endRate = 0.028833333333333332 / sec, duration = 600.0 sec
2026-10-07 12:28:09,630 INFO o.a.j.t.JMeterThread: Thread started: Agent searches (GET /search) 2-1
2026-10-07 12:28:09,846 INFO o.a.j.p.h.s.HTTPHCAbstractImpl: Local host = Muhammads-MacBook-Air-4.local
2026-10-07 12:28:09,848 INFO o.a.j.p.h.s.HTTPHC4Impl: HTTP request retry count = 0
2026-10-07 12:28:09,849 INFO o.a.j.s.SampleResult: Note: Sample TimeStamps are START times
2026-10-07 12:28:09,849 INFO o.a.j.s.SampleResult: sampleresult.default.encoding is set to UTF-8
2026-10-07 12:28:09,849 INFO o.a.j.s.SampleResult: sampleresult.useNanoTime=true
2026-10-07 12:28:09,849 INFO o.a.j.s.SampleResult: sampleresult.nanoThreadSleep=5000
2026-10-07 12:28:10,014 INFO o.a.j.t.JMeterThread: Thread is done: Agent searches (GET /search) 2-1
2026-10-07 12:28:10,014 INFO o.a.j.t.JMeterThread: Thread finished: Agent searches (GET /search) 2-1
2026-10-07 12:28:21,365 INFO o.a.j.t.JMeterThread: Thread started: Agent searches (GET /search) 2-2
2026-10-07 12:28:21,481 INFO o.a.j.t.JMeterThread: Thread is done: Agent searches (GET /search) 2-2
2026-10-07 12:28:21,482 INFO o.a.j.t.JMeterThread: Thread finished: Agent searches (GET /search) 2-2
2026-10-07 12:28:23,168 INFO o.a.j.t.JMeterThread: Thread started: Agent searches (GET /search) 2-3
2026-10-07 12:28:23,331 INFO o.a.j.t.JMeterThread: Thread is done: Agent searches (GET /search) 2-3
2026-10-07 12:28:23,331 INFO o.a.j.t.JMeterThread: Thread finished: Agent searches (GET /search) 2-3
2026-10-07 12:28:38,953 INFO o.a.j.t.JMeterThread: Thread started: Ticket intake (POST /tickets) 1-1
2026-10-07 12:28:38,953 INFO o.a.j.s.FileServer: Stored: /Users/ridwan/Documents/GitHub/ICT3113_A1_P1-3/loadtest/data/tickets.tsv
2026-10-07 12:28:39,919 INFO o.a.j.t.JMeterThread: Thread is done: Ticket intake (POST /tickets) 1-1
2026-10-07 12:28:39,920 INFO o.a.j.t.JMeterThread: Thread finished: Ticket intake (POST /tickets) 1-1
2026-10-07 12:28:47,053 INFO o.a.j.t.JMeterThread: Thread started: Ticket intake (POST /tickets) 1-2
2026-10-07 12:28:47,591 INFO o.a.j.t.JMeterThread: Thread started: Agent searches (GET /search) 2-4
2026-10-07 12:28:47,794 INFO o.a.j.t.JMeterThread: Thread is done: Ticket intake (POST /tickets) 1-2
2026-10-07 12:28:47,795 INFO o.a.j.t.JMeterThread: Thread finished: Ticket intake (POST /tickets) 1-2
2026-10-07 12:28:47,809 INFO o.a.j.t.JMeterThread: Thread is done: Agent searches (GET /search) 2-4
2026-10-07 12:28:47,809 INFO o.a.j.t.JMeterThread: Thread finished: Agent searches (GET /search) 2-4
2026-10-07 12:28:48,991 INFO o.a.j.t.JMeterThread: Thread started: Agent searches (GET /search) 2-5
2026-10-07 12:28:49,245 INFO o.a.j.t.JMeterThread: Thread is done: Agent searches (GET /search) 2-5
2026-10-07 12:28:49,246 INFO o.a.j.t.JMeterThread: Thread finished: Agent searches (GET /search) 2-5
2026-10-07 12:29:02,584 INFO o.a.j.t.JMeterThread: Thread started: Ticket intake (POST /tickets) 1-3
2026-10-07 12:29:03,604 INFO o.a.j.r.Summariser: summary +      8 in 00:00:57 =    0.1/s Avg:   446 Min:   112 Max:  1014 Err:     0 (0.00%) Active: 1 Started: 8 Finished: 7
2026-10-07 12:29:03,605 INFO o.a.j.t.JMeterThread: Thread is done: Ticket intake (POST /tickets) 1-3
2026-10-07 12:29:03,605 INFO o.a.j.t.JMeterThread: Thread finished: Ticket intake (POST /tickets) 1-3
2026-10-07 12:29:04,011 INFO o.a.j.t.JMeterThread: Thread started: Ticket intake (POST /tickets) 1-4
2026-10-07 12:29:04,534 INFO o.a.j.t.JMeterThread: Thread is done: Ticket intake (POST /tickets) 1-4
2026-10-07 12:29:04,534 INFO o.a.j.t.JMeterThread: Thread finished: Ticket intake (POST /tickets) 1-4
2026-10-07 12:29:07,247 INFO o.a.j.t.JMeterThread: Thread started: Ticket intake (POST /tickets) 1-5
2026-10-07 12:29:07,573 INFO o.a.j.t.JMeterThread: Thread is done: Ticket intake (POST /tickets) 1-5
2026-10-07 12:29:07,573 INFO o.a.j.t.JMeterThread: Thread finished: Ticket intake (POST /tickets) 1-5
2026-10-07 12:29:18,003 INFO o.a.j.t.JMeterThread: Thread started: Agent searches (GET /search) 2-6
2026-10-07 12:29:18,256 INFO o.a.j.t.JMeterThread: Thread is done: Agent searches (GET /search) 2-6
2026-10-07 12:29:18,257 INFO o.a.j.t.JMeterThread: Thread finished: Agent searches (GET /search) 2-6
2026-10-07 12:30:16,342 INFO o.a.j.t.JMeterThread: Thread started: Agent searches (GET /search) 2-7
2026-10-07 12:30:16,388 INFO o.a.j.t.JMeterThread: Thread is done: Agent searches (GET /search) 2-7
2026-10-07 12:30:16,389 INFO o.a.j.t.JMeterThread: Thread finished: Agent searches (GET /search) 2-7
2026-10-07 12:30:41,210 INFO o.a.j.t.JMeterThread: Thread started: Agent searches (GET /search) 2-8
2026-10-07 12:30:41,362 INFO o.a.j.t.JMeterThread: Thread is done: Agent searches (GET /search) 2-8
2026-10-07 12:30:41,362 INFO o.a.j.t.JMeterThread: Thread finished: Agent searches (GET /search) 2-8
2026-10-07 12:30:54,290 INFO o.a.j.t.JMeterThread: Thread started: Agent searches (GET /search) 2-9
2026-10-07 12:30:54,708 INFO o.a.j.t.JMeterThread: Thread is done: Agent searches (GET /search) 2-9
2026-10-07 12:30:54,709 INFO o.a.j.t.JMeterThread: Thread finished: Agent searches (GET /search) 2-9
2026-10-07 12:31:00,169 INFO o.a.j.t.JMeterThread: Thread started: Agent searches (GET /search) 2-10
2026-10-07 12:31:00,213 INFO o.a.j.r.Summariser: summary +      7 in 00:01:57 =    0.1/s Avg:   247 Min:    39 Max:   518 Err:     0 (0.00%) Active: 1 Started: 15 Finished: 14
2026-10-07 12:31:00,214 INFO o.a.j.r.Summariser: summary =     15 in 00:02:54 =    0.1/s Avg:   353 Min:    39 Max:  1014 Err:     0 (0.00%)
2026-10-07 12:31:00,214 INFO o.a.j.t.JMeterThread: Thread is done: Agent searches (GET /search) 2-10
2026-10-07 12:31:00,214 INFO o.a.j.t.JMeterThread: Thread finished: Agent searches (GET /search) 2-10
2026-10-07 12:31:50,104 INFO o.a.j.t.JMeterThread: Thread started: Agent searches (GET /search) 2-11
2026-10-07 12:31:50,374 INFO o.a.j.t.JMeterThread: Thread is done: Agent searches (GET /search) 2-11
2026-10-07 12:31:50,375 INFO o.a.j.t.JMeterThread: Thread finished: Agent searches (GET /search) 2-11
2026-10-07 12:31:54,947 INFO o.a.j.t.JMeterThread: Thread started: Agent searches (GET /search) 2-12
2026-10-07 12:31:55,097 INFO o.a.j.t.JMeterThread: Thread is done: Agent searches (GET /search) 2-12
2026-10-07 12:31:55,098 INFO o.a.j.t.JMeterThread: Thread finished: Agent searches (GET /search) 2-12
2026-10-07 12:32:01,778 INFO o.a.j.t.JMeterThread: Thread started: Ticket intake (POST /tickets) 1-6
2026-10-07 12:32:02,440 INFO o.a.j.r.Summariser: summary +      3 in 00:01:02 =    0.0/s Avg:   356 Min:   146 Max:   657 Err:     0 (0.00%) Active: 1 Started: 18 Finished: 17
2026-10-07 12:32:02,441 INFO o.a.j.r.Summariser: summary =     18 in 00:03:56 =    0.1/s Avg:   353 Min:    39 Max:  1014 Err:     0 (0.00%)
2026-10-07 12:32:02,442 INFO o.a.j.t.JMeterThread: Thread is done: Ticket intake (POST /tickets) 1-6
2026-10-07 12:32:02,442 INFO o.a.j.t.JMeterThread: Thread finished: Ticket intake (POST /tickets) 1-6
2026-10-07 12:32:10,156 INFO o.a.j.t.JMeterThread: Thread started: Agent searches (GET /search) 2-13
2026-10-07 12:32:10,254 INFO o.a.j.t.JMeterThread: Thread is done: Agent searches (GET /search) 2-13
2026-10-07 12:32:10,254 INFO o.a.j.t.JMeterThread: Thread finished: Agent searches (GET /search) 2-13
2026-10-07 12:32:35,327 INFO o.a.j.t.JMeterThread: Thread started: Agent searches (GET /search) 2-14
2026-10-07 12:32:35,568 INFO o.a.j.r.Summariser: summary +      2 in 00:00:33 =    0.1/s Avg:   164 Min:    93 Max:   236 Err:     0 (0.00%) Active: 1 Started: 20 Finished: 19
2026-10-07 12:32:35,569 INFO o.a.j.r.Summariser: summary =     20 in 00:04:29 =    0.1/s Avg:   335 Min:    39 Max:  1014 Err:     0 (0.00%)
2026-10-07 12:32:35,569 INFO o.a.j.t.JMeterThread: Thread is done: Agent searches (GET /search) 2-14
2026-10-07 12:32:35,569 INFO o.a.j.t.JMeterThread: Thread finished: Agent searches (GET /search) 2-14
2026-10-07 12:32:48,176 INFO o.a.j.t.JMeterThread: Thread started: Agent searches (GET /search) 2-15
2026-10-07 12:32:48,341 INFO o.a.j.t.JMeterThread: Thread is done: Agent searches (GET /search) 2-15
2026-10-07 12:32:48,341 INFO o.a.j.t.JMeterThread: Thread finished: Agent searches (GET /search) 2-15
2026-10-07 12:32:49,295 INFO o.a.j.t.JMeterThread: Thread started: Ticket intake (POST /tickets) 1-7
2026-10-07 12:32:49,802 INFO o.a.j.t.JMeterThread: Thread is done: Ticket intake (POST /tickets) 1-7
2026-10-07 12:32:49,803 INFO o.a.j.t.JMeterThread: Thread finished: Ticket intake (POST /tickets) 1-7
2026-10-07 12:33:05,752 INFO o.a.j.t.JMeterThread: Thread started: Ticket intake (POST /tickets) 1-8
2026-10-07 12:33:06,645 INFO o.a.j.t.JMeterThread: Thread is done: Ticket intake (POST /tickets) 1-8
2026-10-07 12:33:06,645 INFO o.a.j.t.JMeterThread: Thread finished: Ticket intake (POST /tickets) 1-8
2026-10-07 12:33:08,328 INFO o.a.j.t.JMeterThread: Thread started: Agent searches (GET /search) 2-16
2026-10-07 12:33:08,416 INFO o.a.j.t.JMeterThread: Thread is done: Agent searches (GET /search) 2-16
2026-10-07 12:33:08,417 INFO o.a.j.t.JMeterThread: Thread finished: Agent searches (GET /search) 2-16
2026-10-07 12:33:09,392 INFO o.a.j.t.JMeterThread: Thread started: Agent searches (GET /search) 2-17
2026-10-07 12:33:09,437 INFO o.a.j.t.JMeterThread: Thread is done: Agent searches (GET /search) 2-17
2026-10-07 12:33:09,437 INFO o.a.j.t.JMeterThread: Thread finished: Agent searches (GET /search) 2-17
2026-10-07 12:33:10,379 INFO o.a.j.t.JMeterThread: Thread started: Agent searches (GET /search) 2-18
2026-10-07 12:33:10,552 INFO o.a.j.t.JMeterThread: Thread is done: Agent searches (GET /search) 2-18
2026-10-07 12:33:10,552 INFO o.a.j.t.JMeterThread: Thread finished: Agent searches (GET /search) 2-18
2026-10-07 12:33:14,714 INFO o.a.j.t.JMeterThread: Thread started: Agent searches (GET /search) 2-19
2026-10-07 12:33:14,858 INFO o.a.j.t.JMeterThread: Thread is done: Agent searches (GET /search) 2-19
2026-10-07 12:33:14,858 INFO o.a.j.t.JMeterThread: Thread finished: Agent searches (GET /search) 2-19
2026-10-07 12:33:15,501 INFO o.a.j.t.JMeterThread: Thread started: Agent searches (GET /search) 2-20
2026-10-07 12:33:15,675 INFO o.a.j.t.JMeterThread: Thread is done: Agent searches (GET /search) 2-20
2026-10-07 12:33:15,675 INFO o.a.j.t.JMeterThread: Thread finished: Agent searches (GET /search) 2-20
2026-10-07 12:33:32,836 INFO o.a.j.t.JMeterThread: Thread started: Ticket intake (POST /tickets) 1-9
2026-10-07 12:33:33,694 INFO o.a.j.r.Summariser: summary +      9 in 00:00:58 =    0.2/s Avg:   334 Min:    41 Max:   888 Err:     0 (0.00%) Active: 1 Started: 29 Finished: 28
2026-10-07 12:33:33,694 INFO o.a.j.r.Summariser: summary =     29 in 00:05:28 =    0.1/s Avg:   334 Min:    39 Max:  1014 Err:     0 (0.00%)
2026-10-07 12:33:33,695 INFO o.a.j.t.JMeterThread: Thread is done: Ticket intake (POST /tickets) 1-9
2026-10-07 12:33:33,695 INFO o.a.j.t.JMeterThread: Thread finished: Ticket intake (POST /tickets) 1-9
2026-10-07 12:33:39,504 INFO o.a.j.t.JMeterThread: Thread started: Ticket intake (POST /tickets) 1-10
2026-10-07 12:33:39,534 INFO o.a.j.t.JMeterThread: Thread started: Agent searches (GET /search) 2-21
2026-10-07 12:33:39,752 INFO o.a.j.t.JMeterThread: Thread is done: Agent searches (GET /search) 2-21
2026-10-07 12:33:39,752 INFO o.a.j.t.JMeterThread: Thread finished: Agent searches (GET /search) 2-21
2026-10-07 12:33:40,044 INFO o.a.j.t.JMeterThread: Thread is done: Ticket intake (POST /tickets) 1-10
2026-10-07 12:33:40,044 INFO o.a.j.t.JMeterThread: Thread finished: Ticket intake (POST /tickets) 1-10
2026-10-07 12:33:50,666 INFO o.a.j.t.JMeterThread: Thread started: Agent searches (GET /search) 2-22
2026-10-07 12:33:50,904 INFO o.a.j.t.JMeterThread: Thread is done: Agent searches (GET /search) 2-22
2026-10-07 12:33:50,905 INFO o.a.j.t.JMeterThread: Thread finished: Agent searches (GET /search) 2-22
2026-10-07 12:34:13,258 INFO o.a.j.t.JMeterThread: Thread started: Agent searches (GET /search) 2-23
2026-10-07 12:34:13,330 INFO o.a.j.t.JMeterThread: Thread is done: Agent searches (GET /search) 2-23
2026-10-07 12:34:13,330 INFO o.a.j.t.JMeterThread: Thread finished: Agent searches (GET /search) 2-23
2026-10-07 12:34:17,022 INFO o.a.j.t.JMeterThread: Thread started: Ticket intake (POST /tickets) 1-11
2026-10-07 12:34:17,913 INFO o.a.j.t.JMeterThread: Thread is done: Ticket intake (POST /tickets) 1-11
2026-10-07 12:34:17,914 INFO o.a.j.t.JMeterThread: Thread finished: Ticket intake (POST /tickets) 1-11
2026-10-07 12:34:31,431 INFO o.a.j.t.JMeterThread: Thread started: Agent searches (GET /search) 2-24
2026-10-07 12:34:31,564 INFO o.a.j.r.Summariser: summary +      6 in 00:00:58 =    0.1/s Avg:   344 Min:    69 Max:   888 Err:     0 (0.00%) Active: 1 Started: 35 Finished: 34
2026-10-07 12:34:31,565 INFO o.a.j.r.Summariser: summary =     35 in 00:06:25 =    0.1/s Avg:   336 Min:    39 Max:  1014 Err:     0 (0.00%)
2026-10-07 12:34:31,566 INFO o.a.j.t.JMeterThread: Thread is done: Agent searches (GET /search) 2-24
2026-10-07 12:34:31,566 INFO o.a.j.t.JMeterThread: Thread finished: Agent searches (GET /search) 2-24
2026-10-07 12:34:45,152 INFO o.a.j.t.JMeterThread: Thread started: Agent searches (GET /search) 2-25
2026-10-07 12:34:45,205 INFO o.a.j.t.JMeterThread: Thread is done: Agent searches (GET /search) 2-25
2026-10-07 12:34:45,206 INFO o.a.j.t.JMeterThread: Thread finished: Agent searches (GET /search) 2-25
2026-10-07 12:34:49,503 INFO o.a.j.t.JMeterThread: Thread started: Agent searches (GET /search) 2-26
2026-10-07 12:34:49,808 INFO o.a.j.t.JMeterThread: Thread is done: Agent searches (GET /search) 2-26
2026-10-07 12:34:49,808 INFO o.a.j.t.JMeterThread: Thread finished: Agent searches (GET /search) 2-26
2026-10-07 12:35:06,534 INFO o.a.j.t.JMeterThread: Thread started: Ticket intake (POST /tickets) 1-12
2026-10-07 12:35:07,075 INFO o.a.j.t.JMeterThread: Thread is done: Ticket intake (POST /tickets) 1-12
2026-10-07 12:35:07,076 INFO o.a.j.t.JMeterThread: Thread finished: Ticket intake (POST /tickets) 1-12
2026-10-07 12:35:12,589 INFO o.a.j.t.JMeterThread: Thread started: Ticket intake (POST /tickets) 1-13
2026-10-07 12:35:13,073 INFO o.a.j.t.JMeterThread: Thread is done: Ticket intake (POST /tickets) 1-13
2026-10-07 12:35:13,073 INFO o.a.j.t.JMeterThread: Thread finished: Ticket intake (POST /tickets) 1-13
2026-10-07 12:35:21,953 INFO o.a.j.t.JMeterThread: Thread started: Ticket intake (POST /tickets) 1-14
2026-10-07 12:35:22,415 INFO o.a.j.t.JMeterThread: Thread started: Ticket intake (POST /tickets) 1-15
2026-10-07 12:35:22,835 INFO o.a.j.t.JMeterThread: Thread is done: Ticket intake (POST /tickets) 1-14
2026-10-07 12:35:22,835 INFO o.a.j.t.JMeterThread: Thread finished: Ticket intake (POST /tickets) 1-14
2026-10-07 12:35:23,170 INFO o.a.j.t.JMeterThread: Thread is done: Ticket intake (POST /tickets) 1-15
2026-10-07 12:35:23,170 INFO o.a.j.t.JMeterThread: Thread finished: Ticket intake (POST /tickets) 1-15
2026-10-07 12:35:33,655 INFO o.a.j.t.JMeterThread: Thread started: Agent searches (GET /search) 2-27
2026-10-07 12:35:33,753 INFO o.a.j.r.Summariser: summary +      7 in 00:01:02 =    0.1/s Avg:   441 Min:    49 Max:   879 Err:     0 (0.00%) Active: 1 Started: 42 Finished: 41
2026-10-07 12:35:33,753 INFO o.a.j.r.Summariser: summary =     42 in 00:07:28 =    0.1/s Avg:   354 Min:    39 Max:  1014 Err:     0 (0.00%)
2026-10-07 12:35:33,754 INFO o.a.j.t.JMeterThread: Thread is done: Agent searches (GET /search) 2-27
2026-10-07 12:35:33,754 INFO o.a.j.t.JMeterThread: Thread finished: Agent searches (GET /search) 2-27
2026-10-07 12:35:38,588 INFO o.a.j.t.JMeterThread: Thread started: Agent searches (GET /search) 2-28
2026-10-07 12:35:38,753 INFO o.a.j.t.JMeterThread: Thread is done: Agent searches (GET /search) 2-28
2026-10-07 12:35:38,754 INFO o.a.j.t.JMeterThread: Thread finished: Agent searches (GET /search) 2-28
2026-10-07 12:35:39,610 INFO o.a.j.t.JMeterThread: Thread started: Agent searches (GET /search) 2-29
2026-10-07 12:35:39,676 INFO o.a.j.t.JMeterThread: Thread is done: Agent searches (GET /search) 2-29
2026-10-07 12:35:39,676 INFO o.a.j.t.JMeterThread: Thread finished: Agent searches (GET /search) 2-29
2026-10-07 12:35:48,982 INFO o.a.j.t.JMeterThread: Thread started: Agent searches (GET /search) 2-30
2026-10-07 12:35:49,166 INFO o.a.j.t.JMeterThread: Thread is done: Agent searches (GET /search) 2-30
2026-10-07 12:35:49,166 INFO o.a.j.t.JMeterThread: Thread finished: Agent searches (GET /search) 2-30
2026-10-07 12:36:14,550 INFO o.a.j.t.JMeterThread: Thread started: Agent searches (GET /search) 2-31
2026-10-07 12:36:14,608 INFO o.a.j.t.JMeterThread: Thread is done: Agent searches (GET /search) 2-31
2026-10-07 12:36:14,608 INFO o.a.j.t.JMeterThread: Thread finished: Agent searches (GET /search) 2-31
2026-10-07 12:36:23,001 INFO o.a.j.t.JMeterThread: Thread started: Ticket intake (POST /tickets) 1-16
2026-10-07 12:36:23,487 INFO o.a.j.t.JMeterThread: Thread is done: Ticket intake (POST /tickets) 1-16
2026-10-07 12:36:23,487 INFO o.a.j.t.JMeterThread: Thread finished: Ticket intake (POST /tickets) 1-16
2026-10-07 12:37:14,466 INFO o.a.j.t.JMeterThread: Thread started: Agent searches (GET /search) 2-32
2026-10-07 12:37:14,683 INFO o.a.j.t.JMeterThread: Thread is done: Agent searches (GET /search) 2-32
2026-10-07 12:37:14,683 INFO o.a.j.t.JMeterThread: Thread finished: Agent searches (GET /search) 2-32
2026-10-07 12:37:33,535 INFO o.a.j.t.JMeterThread: Thread started: Agent searches (GET /search) 2-33
2026-10-07 12:37:33,633 INFO o.a.j.r.Summariser: summary +      7 in 00:02:00 =    0.1/s Avg:   177 Min:    54 Max:   481 Err:     0 (0.00%) Active: 1 Started: 49 Finished: 48
2026-10-07 12:37:33,633 INFO o.a.j.r.Summariser: summary =     49 in 00:09:27 =    0.1/s Avg:   328 Min:    39 Max:  1014 Err:     0 (0.00%)
2026-10-07 12:37:33,634 INFO o.a.j.t.JMeterThread: Thread is done: Agent searches (GET /search) 2-33
2026-10-07 12:37:33,634 INFO o.a.j.t.JMeterThread: Thread finished: Agent searches (GET /search) 2-33
2026-10-07 12:37:43,537 INFO o.a.j.t.o.EvenArrivalsRamp: Generating 0 events, beginRate = 0.0 / sec, endRate = 0.0 / sec, duration = 300.0 sec
2026-10-07 12:37:43,537 INFO o.a.j.t.o.OpenModelThreadGroup: There will be no more events, so will wait for 322 sec till the end of the schedule
2026-10-07 12:37:43,537 INFO o.a.j.t.JMeterThread: Thread started: Ticket intake (POST /tickets) 1-17
2026-10-07 12:37:44,213 INFO o.a.j.t.JMeterThread: Thread is done: Ticket intake (POST /tickets) 1-17
2026-10-07 12:37:44,213 INFO o.a.j.t.JMeterThread: Thread finished: Ticket intake (POST /tickets) 1-17
2026-10-07 12:37:52,707 INFO o.a.j.t.JMeterThread: Thread started: Agent searches (GET /search) 2-34
2026-10-07 12:37:52,865 INFO o.a.j.t.JMeterThread: Thread is done: Agent searches (GET /search) 2-34
2026-10-07 12:37:52,866 INFO o.a.j.t.JMeterThread: Thread finished: Agent searches (GET /search) 2-34
2026-10-07 12:37:56,009 INFO o.a.j.t.o.EvenArrivalsRamp: Generating 0 events, beginRate = 0.0 / sec, endRate = 0.0 / sec, duration = 300.0 sec
2026-10-07 12:37:56,009 INFO o.a.j.t.JMeterThread: Thread started: Agent searches (GET /search) 2-35
2026-10-07 12:37:56,010 INFO o.a.j.t.o.OpenModelThreadGroup: There will be no more events, so will wait for 310 sec till the end of the schedule
2026-10-07 12:37:56,066 INFO o.a.j.t.JMeterThread: Thread is done: Agent searches (GET /search) 2-35
2026-10-07 12:37:56,066 INFO o.a.j.t.JMeterThread: Thread finished: Agent searches (GET /search) 2-35
2026-10-07 12:43:06,106 INFO o.a.j.t.o.OpenModelThreadGroup: There will be no more events, will shutdown the thread pool
2026-10-07 12:43:06,107 INFO o.a.j.t.o.OpenModelThreadGroup: Thread starting done
2026-10-07 12:43:06,109 INFO o.a.j.t.o.OpenModelThreadGroup: There will be no more events, will shutdown the thread pool
2026-10-07 12:43:06,111 INFO o.a.j.t.o.OpenModelThreadGroup: Thread starting done
2026-10-07 12:43:06,111 INFO o.a.j.e.StandardJMeterEngine: Notifying test listeners of end of test
2026-10-07 12:43:06,112 INFO o.a.j.s.FileServer: Close: /Users/ridwan/Documents/GitHub/ICT3113_A1_P1-3/loadtest/data/tickets.tsv
2026-10-07 12:43:06,120 INFO o.a.j.r.Summariser: summary +      3 in 00:05:32 =    0.0/s Avg:   293 Min:    52 Max:   672 Err:     0 (0.00%) Active: 0 Started: 52 Finished: 52
2026-10-07 12:43:06,120 INFO o.a.j.r.Summariser: summary =     52 in 00:15:00 =    0.1/s Avg:   326 Min:    39 Max:  1014 Err:     0 (0.00%)
2026-10-07 12:43:06,121 INFO o.a.j.e.StandardJMeterEngine: Forced JVM shutdown requested at end of test
