2026-10-07 12:44:54,312 INFO o.a.j.u.JMeterUtils: Setting Locale to en_EN
2026-10-07 12:44:54,320 INFO o.a.j.JMeter: Loading user properties from: /Users/ridwan/Downloads/apache-jmeter-5.6.3/bin/user.properties
2026-10-07 12:44:54,320 INFO o.a.j.JMeter: Loading system properties from: /Users/ridwan/Downloads/apache-jmeter-5.6.3/bin/system.properties
2026-10-07 12:44:54,320 INFO o.a.j.JMeter: Loading additional properties from: /Users/ridwan/Documents/GitHub/ICT3113_A1_P1-3/loadtest/triage.properties
2026-10-07 12:44:54,320 INFO o.a.j.JMeter: Setting JMeter property: host=172.20.10.2
2026-10-07 12:44:54,321 INFO o.a.j.JMeter: Setting JMeter property: port=8000
2026-10-07 12:44:54,321 INFO o.a.j.JMeter: Setting JMeter property: rate=1.73
2026-10-07 12:44:54,321 INFO o.a.j.JMeter: Setting JMeter property: rate_end=1.73
2026-10-07 12:44:54,321 INFO o.a.j.JMeter: Setting JMeter property: search_rate=3.5
2026-10-07 12:44:54,321 INFO o.a.j.JMeter: Setting JMeter property: duration=10
2026-10-07 12:44:54,321 INFO o.a.j.JMeter: Setting JMeter property: drain=5
2026-10-07 12:44:54,321 INFO o.a.j.JMeter: Setting JMeter property: timeout_ms=600000
2026-10-07 12:44:54,321 INFO o.a.j.JMeter: Setting JMeter property: data=/Users/ridwan/Documents/GitHub/ICT3113_A1_P1-3/loadtest/data/tickets.tsv
2026-10-07 12:44:54,323 INFO o.a.j.JMeter: Copyright (c) 1998-2024 The Apache Software Foundation
2026-10-07 12:44:54,323 INFO o.a.j.JMeter: Version 5.6.3
2026-10-07 12:44:54,323 INFO o.a.j.JMeter: java.version=17.0.17
2026-10-07 12:44:54,323 INFO o.a.j.JMeter: java.vm.name=OpenJDK 64-Bit Server VM
2026-10-07 12:44:54,323 INFO o.a.j.JMeter: os.name=Mac OS X
2026-10-07 12:44:54,323 INFO o.a.j.JMeter: os.arch=aarch64
2026-10-07 12:44:54,323 INFO o.a.j.JMeter: os.version=26.5
2026-10-07 12:44:54,323 INFO o.a.j.JMeter: file.encoding=UTF-8
2026-10-07 12:44:54,323 INFO o.a.j.JMeter: java.awt.headless=true
2026-10-07 12:44:54,323 INFO o.a.j.JMeter: Max memory     =1073741824
2026-10-07 12:44:54,323 INFO o.a.j.JMeter: Available Processors =10
2026-10-07 12:44:54,326 INFO o.a.j.JMeter: Default Locale=English (EN)
2026-10-07 12:44:54,326 INFO o.a.j.JMeter: JMeter  Locale=English (EN)
2026-10-07 12:44:54,326 INFO o.a.j.JMeter: JMeterHome=/Users/ridwan/Downloads/apache-jmeter-5.6.3
2026-10-07 12:44:54,326 INFO o.a.j.JMeter: user.dir  =/Users/ridwan/Documents/GitHub/ICT3113_A1_P1-3
2026-10-07 12:44:54,326 INFO o.a.j.JMeter: PWD       =/Users/ridwan/Documents/GitHub/ICT3113_A1_P1-3
2026-10-07 12:44:54,328 INFO o.a.j.JMeter: IP: 127.0.0.1 Name: Muhammads-MacBook-Air-4.local FullName: localhost
2026-10-07 12:44:54,333 INFO o.a.j.s.FileServer: Default base='/Users/ridwan/Documents/GitHub/ICT3113_A1_P1-3'
2026-10-07 12:44:54,334 INFO o.a.j.s.FileServer: Set new base='/Users/ridwan/Documents/GitHub/ICT3113_A1_P1-3/loadtest'
2026-10-07 12:44:54,389 INFO o.a.j.s.SaveService: Testplan (JMX) version: 2.2. Testlog (JTL) version: 2.2
2026-10-07 12:44:54,399 INFO o.a.j.s.SaveService: Using SaveService properties version 5.0
2026-10-07 12:44:54,400 INFO o.a.j.s.SaveService: Using SaveService properties file encoding UTF-8
2026-10-07 12:44:54,400 INFO o.a.j.s.SaveService: Loading file: /Users/ridwan/Documents/GitHub/ICT3113_A1_P1-3/loadtest/triage.jmx
2026-10-07 12:44:54,426 INFO o.a.j.p.h.s.HTTPSamplerBase: Parser for text/html is org.apache.jmeter.protocol.http.parser.LagartoBasedHtmlParser
2026-10-07 12:44:54,426 INFO o.a.j.p.h.s.HTTPSamplerBase: Parser for application/xhtml+xml is org.apache.jmeter.protocol.http.parser.LagartoBasedHtmlParser
2026-10-07 12:44:54,426 INFO o.a.j.p.h.s.HTTPSamplerBase: Parser for application/xml is org.apache.jmeter.protocol.http.parser.LagartoBasedHtmlParser
2026-10-07 12:44:54,426 INFO o.a.j.p.h.s.HTTPSamplerBase: Parser for text/xml is org.apache.jmeter.protocol.http.parser.LagartoBasedHtmlParser
2026-10-07 12:44:54,426 INFO o.a.j.p.h.s.HTTPSamplerBase: Parser for text/vnd.wap.wml is org.apache.jmeter.protocol.http.parser.RegexpHTMLParser
2026-10-07 12:44:54,426 INFO o.a.j.p.h.s.HTTPSamplerBase: Parser for text/css is org.apache.jmeter.protocol.http.parser.CssParser
2026-10-07 12:44:54,432 INFO o.a.j.JMeter: Creating summariser <summary>
2026-10-07 12:44:54,437 INFO o.a.j.e.StandardJMeterEngine: Running the test!
2026-10-07 12:44:54,437 INFO o.a.j.s.SampleEvent: List of sample_variables: [rid, row]
2026-10-07 12:44:54,437 INFO o.a.j.s.SampleEvent: List of sample_variables: [rid, row]
2026-10-07 12:44:54,439 INFO o.a.j.e.u.CompoundVariable: Note: Function class names must contain the string: '.functions.'
2026-10-07 12:44:54,439 INFO o.a.j.e.u.CompoundVariable: Note: Function class names must not contain the string: '.gui.'
2026-10-07 12:44:54,516 INFO o.a.j.JMeter: Running test (1791348294516)
2026-10-07 12:44:54,524 INFO o.a.j.e.StandardJMeterEngine: Starting ThreadGroup: 1 : Ticket intake (POST /tickets)
2026-10-07 12:44:54,524 INFO o.a.j.e.StandardJMeterEngine: Starting 0 threads for group Ticket intake (POST /tickets).
2026-10-07 12:44:54,524 INFO o.a.j.e.StandardJMeterEngine: Thread will continue on error
2026-10-07 12:44:54,524 INFO o.a.j.t.o.OpenModelThreadGroup: Starting OpenModelThreadGroup#1 with schedule rate(1.73/min) random_arrivals(10 min) rate(1.73/min) pause(5 min)
2026-10-07 12:44:54,537 INFO o.a.j.e.StandardJMeterEngine: Starting ThreadGroup: 2 : Agent searches (GET /search)
2026-10-07 12:44:54,537 INFO o.a.j.e.StandardJMeterEngine: Starting 0 threads for group Agent searches (GET /search).
2026-10-07 12:44:54,537 INFO o.a.j.e.StandardJMeterEngine: Thread will continue on error
2026-10-07 12:44:54,537 INFO o.a.j.t.o.OpenModelThreadGroup: Starting OpenModelThreadGroup#2 with schedule rate(3.5/min) random_arrivals(10 min) rate(3.5/min) pause(5 min)
2026-10-07 12:44:54,537 INFO o.a.j.t.o.OpenModelThreadGroup: Thread starting init
2026-10-07 12:44:54,537 INFO o.a.j.e.StandardJMeterEngine: All thread groups have been started
2026-10-07 12:44:54,537 INFO o.a.j.t.o.OpenModelThreadGroup: Thread starting init
2026-10-07 12:44:54,538 INFO o.a.j.t.o.PoissonArrivalsRamp: Generating 17 events, beginRate = 0.028833333333333332 / sec, endRate = 0.028833333333333332 / sec, duration = 600.0 sec
2026-10-07 12:44:54,538 INFO o.a.j.t.o.PoissonArrivalsRamp: Generating 35 events, beginRate = 0.058333333333333334 / sec, endRate = 0.058333333333333334 / sec, duration = 600.0 sec
2026-10-07 12:44:56,844 INFO o.a.j.t.JMeterThread: Thread started: Agent searches (GET /search) 2-1
2026-10-07 12:44:57,049 INFO o.a.j.p.h.s.HTTPHCAbstractImpl: Local host = Muhammads-MacBook-Air-4.local
2026-10-07 12:44:57,050 INFO o.a.j.p.h.s.HTTPHC4Impl: HTTP request retry count = 0
2026-10-07 12:44:57,051 INFO o.a.j.s.SampleResult: Note: Sample TimeStamps are START times
2026-10-07 12:44:57,051 INFO o.a.j.s.SampleResult: sampleresult.default.encoding is set to UTF-8
2026-10-07 12:44:57,051 INFO o.a.j.s.SampleResult: sampleresult.useNanoTime=true
2026-10-07 12:44:57,051 INFO o.a.j.s.SampleResult: sampleresult.nanoThreadSleep=5000
2026-10-07 12:44:57,155 INFO o.a.j.t.JMeterThread: Thread is done: Agent searches (GET /search) 2-1
2026-10-07 12:44:57,155 INFO o.a.j.t.JMeterThread: Thread finished: Agent searches (GET /search) 2-1
2026-10-07 12:45:08,113 INFO o.a.j.t.JMeterThread: Thread started: Ticket intake (POST /tickets) 1-1
2026-10-07 12:45:08,114 INFO o.a.j.s.FileServer: Stored: /Users/ridwan/Documents/GitHub/ICT3113_A1_P1-3/loadtest/data/tickets.tsv
2026-10-07 12:45:09,024 INFO o.a.j.t.JMeterThread: Thread started: Ticket intake (POST /tickets) 1-2
2026-10-07 12:45:09,102 INFO o.a.j.t.JMeterThread: Thread is done: Ticket intake (POST /tickets) 1-1
2026-10-07 12:45:09,102 INFO o.a.j.t.JMeterThread: Thread finished: Ticket intake (POST /tickets) 1-1
2026-10-07 12:45:09,697 INFO o.a.j.t.JMeterThread: Thread is done: Ticket intake (POST /tickets) 1-2
2026-10-07 12:45:09,697 INFO o.a.j.t.JMeterThread: Thread finished: Ticket intake (POST /tickets) 1-2
2026-10-07 12:45:28,557 INFO o.a.j.t.JMeterThread: Thread started: Agent searches (GET /search) 2-2
2026-10-07 12:45:28,831 INFO o.a.j.t.JMeterThread: Thread is done: Agent searches (GET /search) 2-2
2026-10-07 12:45:28,832 INFO o.a.j.t.JMeterThread: Thread finished: Agent searches (GET /search) 2-2
2026-10-07 12:45:29,209 INFO o.a.j.t.JMeterThread: Thread started: Agent searches (GET /search) 2-3
2026-10-07 12:45:29,422 INFO o.a.j.t.JMeterThread: Thread is done: Agent searches (GET /search) 2-3
2026-10-07 12:45:29,422 INFO o.a.j.t.JMeterThread: Thread finished: Agent searches (GET /search) 2-3
2026-10-07 12:45:32,104 INFO o.a.j.t.JMeterThread: Thread started: Agent searches (GET /search) 2-4
2026-10-07 12:45:32,245 INFO o.a.j.r.Summariser: summary +      6 in 00:00:38 =    0.2/s Avg:   388 Min:    85 Max:   964 Err:     0 (0.00%) Active: 1 Started: 6 Finished: 5
2026-10-07 12:45:32,246 INFO o.a.j.t.JMeterThread: Thread is done: Agent searches (GET /search) 2-4
2026-10-07 12:45:32,246 INFO o.a.j.t.JMeterThread: Thread finished: Agent searches (GET /search) 2-4
2026-10-07 12:45:35,197 INFO o.a.j.t.JMeterThread: Thread started: Agent searches (GET /search) 2-5
2026-10-07 12:45:35,320 INFO o.a.j.t.JMeterThread: Thread is done: Agent searches (GET /search) 2-5
2026-10-07 12:45:35,320 INFO o.a.j.t.JMeterThread: Thread finished: Agent searches (GET /search) 2-5
2026-10-07 12:45:41,684 INFO o.a.j.t.JMeterThread: Thread started: Ticket intake (POST /tickets) 1-3
2026-10-07 12:45:42,719 INFO o.a.j.t.JMeterThread: Thread is done: Ticket intake (POST /tickets) 1-3
2026-10-07 12:45:42,719 INFO o.a.j.t.JMeterThread: Thread finished: Ticket intake (POST /tickets) 1-3
2026-10-07 12:45:54,443 INFO o.a.j.t.JMeterThread: Thread started: Agent searches (GET /search) 2-6
2026-10-07 12:45:54,875 INFO o.a.j.t.JMeterThread: Thread is done: Agent searches (GET /search) 2-6
2026-10-07 12:45:54,876 INFO o.a.j.t.JMeterThread: Thread finished: Agent searches (GET /search) 2-6
2026-10-07 12:46:03,652 INFO o.a.j.t.JMeterThread: Thread started: Agent searches (GET /search) 2-7
2026-10-07 12:46:03,866 INFO o.a.j.r.Summariser: summary +      4 in 00:00:32 =    0.1/s Avg:   446 Min:   119 Max:  1030 Err:     0 (0.00%) Active: 1 Started: 10 Finished: 9
2026-10-07 12:46:03,867 INFO o.a.j.r.Summariser: summary =     10 in 00:01:09 =    0.1/s Avg:   411 Min:    85 Max:  1030 Err:     0 (0.00%)
2026-10-07 12:46:03,867 INFO o.a.j.t.JMeterThread: Thread is done: Agent searches (GET /search) 2-7
2026-10-07 12:46:03,868 INFO o.a.j.t.JMeterThread: Thread finished: Agent searches (GET /search) 2-7
2026-10-07 12:46:21,615 INFO o.a.j.t.JMeterThread: Thread started: Agent searches (GET /search) 2-8
2026-10-07 12:46:21,786 INFO o.a.j.t.JMeterThread: Thread is done: Agent searches (GET /search) 2-8
2026-10-07 12:46:21,786 INFO o.a.j.t.JMeterThread: Thread finished: Agent searches (GET /search) 2-8
2026-10-07 12:46:50,322 INFO o.a.j.t.JMeterThread: Thread started: Agent searches (GET /search) 2-9
2026-10-07 12:46:50,400 INFO o.a.j.t.JMeterThread: Thread is done: Agent searches (GET /search) 2-9
2026-10-07 12:46:50,400 INFO o.a.j.t.JMeterThread: Thread finished: Agent searches (GET /search) 2-9
2026-10-07 12:47:04,687 INFO o.a.j.t.JMeterThread: Thread started: Ticket intake (POST /tickets) 1-4
2026-10-07 12:47:05,645 INFO o.a.j.r.Summariser: summary +      3 in 00:01:02 =    0.0/s Avg:   398 Min:    74 Max:   954 Err:     0 (0.00%) Active: 1 Started: 13 Finished: 12
2026-10-07 12:47:05,646 INFO o.a.j.r.Summariser: summary =     13 in 00:02:11 =    0.1/s Avg:   408 Min:    74 Max:  1030 Err:     0 (0.00%)
2026-10-07 12:47:05,647 INFO o.a.j.t.JMeterThread: Thread is done: Ticket intake (POST /tickets) 1-4
2026-10-07 12:47:05,647 INFO o.a.j.t.JMeterThread: Thread finished: Ticket intake (POST /tickets) 1-4
2026-10-07 12:47:10,401 INFO o.a.j.t.JMeterThread: Thread started: Ticket intake (POST /tickets) 1-5
2026-10-07 12:47:10,761 INFO o.a.j.t.JMeterThread: Thread is done: Ticket intake (POST /tickets) 1-5
2026-10-07 12:47:10,761 INFO o.a.j.t.JMeterThread: Thread finished: Ticket intake (POST /tickets) 1-5
2026-10-07 12:47:24,331 INFO o.a.j.t.JMeterThread: Thread started: Agent searches (GET /search) 2-10
2026-10-07 12:47:24,676 INFO o.a.j.t.JMeterThread: Thread is done: Agent searches (GET /search) 2-10
2026-10-07 12:47:24,676 INFO o.a.j.t.JMeterThread: Thread finished: Agent searches (GET /search) 2-10
2026-10-07 12:47:36,493 INFO o.a.j.t.JMeterThread: Thread started: Ticket intake (POST /tickets) 1-6
2026-10-07 12:47:37,192 INFO o.a.j.t.JMeterThread: Thread is done: Ticket intake (POST /tickets) 1-6
2026-10-07 12:47:37,192 INFO o.a.j.t.JMeterThread: Thread finished: Ticket intake (POST /tickets) 1-6
2026-10-07 12:47:39,517 INFO o.a.j.t.JMeterThread: Thread started: Agent searches (GET /search) 2-11
2026-10-07 12:47:39,631 INFO o.a.j.t.JMeterThread: Thread is done: Agent searches (GET /search) 2-11
2026-10-07 12:47:39,631 INFO o.a.j.t.JMeterThread: Thread finished: Agent searches (GET /search) 2-11
2026-10-07 12:48:51,528 INFO o.a.j.t.JMeterThread: Thread started: Agent searches (GET /search) 2-12
2026-10-07 12:48:51,599 INFO o.a.j.t.JMeterThread: Thread is done: Agent searches (GET /search) 2-12
2026-10-07 12:48:51,599 INFO o.a.j.t.JMeterThread: Thread finished: Agent searches (GET /search) 2-12
2026-10-07 12:48:53,405 INFO o.a.j.t.JMeterThread: Thread started: Agent searches (GET /search) 2-13
2026-10-07 12:48:53,486 INFO o.a.j.t.JMeterThread: Thread is done: Agent searches (GET /search) 2-13
2026-10-07 12:48:53,486 INFO o.a.j.t.JMeterThread: Thread finished: Agent searches (GET /search) 2-13
2026-10-07 12:48:56,620 INFO o.a.j.t.JMeterThread: Thread started: Agent searches (GET /search) 2-14
2026-10-07 12:48:56,703 INFO o.a.j.t.JMeterThread: Thread is done: Agent searches (GET /search) 2-14
2026-10-07 12:48:56,703 INFO o.a.j.t.JMeterThread: Thread finished: Agent searches (GET /search) 2-14
2026-10-07 12:49:26,722 INFO o.a.j.t.JMeterThread: Thread started: Ticket intake (POST /tickets) 1-7
2026-10-07 12:49:27,140 INFO o.a.j.t.JMeterThread: Thread is done: Ticket intake (POST /tickets) 1-7
2026-10-07 12:49:27,140 INFO o.a.j.t.JMeterThread: Thread finished: Ticket intake (POST /tickets) 1-7
2026-10-07 12:49:31,100 INFO o.a.j.t.JMeterThread: Thread started: Agent searches (GET /search) 2-15
2026-10-07 12:49:31,275 INFO o.a.j.r.Summariser: summary +      9 in 00:02:26 =    0.1/s Avg:   256 Min:    67 Max:   694 Err:     0 (0.00%) Active: 1 Started: 22 Finished: 21
2026-10-07 12:49:31,276 INFO o.a.j.r.Summariser: summary =     22 in 00:04:37 =    0.1/s Avg:   346 Min:    67 Max:  1030 Err:     0 (0.00%)
2026-10-07 12:49:31,277 INFO o.a.j.t.JMeterThread: Thread is done: Agent searches (GET /search) 2-15
2026-10-07 12:49:31,277 INFO o.a.j.t.JMeterThread: Thread finished: Agent searches (GET /search) 2-15
2026-10-07 12:49:31,764 INFO o.a.j.t.JMeterThread: Thread started: Ticket intake (POST /tickets) 1-8
2026-10-07 12:49:32,566 INFO o.a.j.t.JMeterThread: Thread is done: Ticket intake (POST /tickets) 1-8
2026-10-07 12:49:32,566 INFO o.a.j.t.JMeterThread: Thread finished: Ticket intake (POST /tickets) 1-8
2026-10-07 12:49:35,822 INFO o.a.j.t.JMeterThread: Thread started: Agent searches (GET /search) 2-16
2026-10-07 12:49:35,862 INFO o.a.j.t.JMeterThread: Thread is done: Agent searches (GET /search) 2-16
2026-10-07 12:49:35,862 INFO o.a.j.t.JMeterThread: Thread finished: Agent searches (GET /search) 2-16
2026-10-07 12:49:55,774 INFO o.a.j.t.JMeterThread: Thread started: Agent searches (GET /search) 2-17
2026-10-07 12:49:55,891 INFO o.a.j.t.JMeterThread: Thread is done: Agent searches (GET /search) 2-17
2026-10-07 12:49:55,891 INFO o.a.j.t.JMeterThread: Thread finished: Agent searches (GET /search) 2-17
2026-10-07 12:49:59,944 INFO o.a.j.t.JMeterThread: Thread started: Agent searches (GET /search) 2-18
2026-10-07 12:50:00,089 INFO o.a.j.r.Summariser: summary +      4 in 00:00:29 =    0.1/s Avg:   271 Min:    35 Max:   797 Err:     0 (0.00%) Active: 1 Started: 26 Finished: 25
2026-10-07 12:50:00,089 INFO o.a.j.r.Summariser: summary =     26 in 00:05:06 =    0.1/s Avg:   334 Min:    35 Max:  1030 Err:     0 (0.00%)
2026-10-07 12:50:00,090 INFO o.a.j.t.JMeterThread: Thread is done: Agent searches (GET /search) 2-18
2026-10-07 12:50:00,090 INFO o.a.j.t.JMeterThread: Thread finished: Agent searches (GET /search) 2-18
2026-10-07 12:50:06,504 INFO o.a.j.t.JMeterThread: Thread started: Ticket intake (POST /tickets) 1-9
2026-10-07 12:50:07,062 INFO o.a.j.t.JMeterThread: Thread started: Agent searches (GET /search) 2-19
2026-10-07 12:50:07,279 INFO o.a.j.t.JMeterThread: Thread is done: Agent searches (GET /search) 2-19
2026-10-07 12:50:07,279 INFO o.a.j.t.JMeterThread: Thread finished: Agent searches (GET /search) 2-19
2026-10-07 12:50:07,381 INFO o.a.j.t.JMeterThread: Thread is done: Ticket intake (POST /tickets) 1-9
2026-10-07 12:50:07,381 INFO o.a.j.t.JMeterThread: Thread finished: Ticket intake (POST /tickets) 1-9
2026-10-07 12:50:25,525 INFO o.a.j.t.JMeterThread: Thread started: Agent searches (GET /search) 2-20
2026-10-07 12:50:25,933 INFO o.a.j.t.JMeterThread: Thread is done: Agent searches (GET /search) 2-20
2026-10-07 12:50:25,933 INFO o.a.j.t.JMeterThread: Thread finished: Agent searches (GET /search) 2-20
2026-10-07 12:50:28,512 INFO o.a.j.t.JMeterThread: Thread started: Ticket intake (POST /tickets) 1-10
2026-10-07 12:50:28,925 INFO o.a.j.t.JMeterThread: Thread is done: Ticket intake (POST /tickets) 1-10
2026-10-07 12:50:28,926 INFO o.a.j.t.JMeterThread: Thread finished: Ticket intake (POST /tickets) 1-10
2026-10-07 12:50:36,165 INFO o.a.j.t.JMeterThread: Thread started: Agent searches (GET /search) 2-21
2026-10-07 12:50:36,271 INFO o.a.j.t.JMeterThread: Thread is done: Agent searches (GET /search) 2-21
2026-10-07 12:50:36,271 INFO o.a.j.t.JMeterThread: Thread finished: Agent searches (GET /search) 2-21
2026-10-07 12:50:38,430 INFO o.a.j.t.JMeterThread: Thread started: Agent searches (GET /search) 2-22
2026-10-07 12:50:38,623 INFO o.a.j.t.JMeterThread: Thread is done: Agent searches (GET /search) 2-22
2026-10-07 12:50:38,623 INFO o.a.j.t.JMeterThread: Thread finished: Agent searches (GET /search) 2-22
2026-10-07 12:50:52,702 INFO o.a.j.t.JMeterThread: Thread started: Ticket intake (POST /tickets) 1-11
2026-10-07 12:50:53,605 INFO o.a.j.t.JMeterThread: Thread is done: Ticket intake (POST /tickets) 1-11
2026-10-07 12:50:53,605 INFO o.a.j.t.JMeterThread: Thread finished: Ticket intake (POST /tickets) 1-11
2026-10-07 12:50:56,565 INFO o.a.j.t.JMeterThread: Thread started: Ticket intake (POST /tickets) 1-12
2026-10-07 12:50:57,048 INFO o.a.j.t.JMeterThread: Thread is done: Ticket intake (POST /tickets) 1-12
2026-10-07 12:50:57,048 INFO o.a.j.t.JMeterThread: Thread finished: Ticket intake (POST /tickets) 1-12
2026-10-07 12:51:09,935 INFO o.a.j.t.JMeterThread: Thread started: Agent searches (GET /search) 2-23
2026-10-07 12:51:10,175 INFO o.a.j.t.JMeterThread: Thread is done: Agent searches (GET /search) 2-23
2026-10-07 12:51:10,176 INFO o.a.j.t.JMeterThread: Thread finished: Agent searches (GET /search) 2-23
2026-10-07 12:51:22,939 INFO o.a.j.t.JMeterThread: Thread started: Agent searches (GET /search) 2-24
2026-10-07 12:51:23,077 INFO o.a.j.t.JMeterThread: Thread is done: Agent searches (GET /search) 2-24
2026-10-07 12:51:23,077 INFO o.a.j.t.JMeterThread: Thread finished: Agent searches (GET /search) 2-24
2026-10-07 12:51:55,140 INFO o.a.j.t.JMeterThread: Thread started: Agent searches (GET /search) 2-25
2026-10-07 12:51:55,315 INFO o.a.j.t.JMeterThread: Thread is done: Agent searches (GET /search) 2-25
2026-10-07 12:51:55,315 INFO o.a.j.t.JMeterThread: Thread finished: Agent searches (GET /search) 2-25
2026-10-07 12:51:56,509 INFO o.a.j.t.JMeterThread: Thread started: Agent searches (GET /search) 2-26
2026-10-07 12:51:56,645 INFO o.a.j.t.JMeterThread: Thread is done: Agent searches (GET /search) 2-26
2026-10-07 12:51:56,645 INFO o.a.j.t.JMeterThread: Thread finished: Agent searches (GET /search) 2-26
2026-10-07 12:52:05,291 INFO o.a.j.t.JMeterThread: Thread started: Ticket intake (POST /tickets) 1-13
2026-10-07 12:52:05,963 INFO o.a.j.r.Summariser: summary +     13 in 00:02:06 =    0.1/s Avg:   377 Min:   102 Max:   899 Err:     0 (0.00%) Active: 1 Started: 39 Finished: 38
2026-10-07 12:52:05,964 INFO o.a.j.r.Summariser: summary =     39 in 00:07:11 =    0.1/s Avg:   349 Min:    35 Max:  1030 Err:     0 (0.00%)
2026-10-07 12:52:05,964 INFO o.a.j.t.JMeterThread: Thread is done: Ticket intake (POST /tickets) 1-13
2026-10-07 12:52:05,965 INFO o.a.j.t.JMeterThread: Thread finished: Ticket intake (POST /tickets) 1-13
2026-10-07 12:52:51,709 INFO o.a.j.t.JMeterThread: Thread started: Ticket intake (POST /tickets) 1-14
2026-10-07 12:52:52,757 INFO o.a.j.t.JMeterThread: Thread is done: Ticket intake (POST /tickets) 1-14
2026-10-07 12:52:52,757 INFO o.a.j.t.JMeterThread: Thread finished: Ticket intake (POST /tickets) 1-14
2026-10-07 12:53:08,822 INFO o.a.j.t.JMeterThread: Thread started: Agent searches (GET /search) 2-27
2026-10-07 12:53:09,284 INFO o.a.j.t.JMeterThread: Thread is done: Agent searches (GET /search) 2-27
2026-10-07 12:53:09,284 INFO o.a.j.t.JMeterThread: Thread finished: Agent searches (GET /search) 2-27
2026-10-07 12:53:24,666 INFO o.a.j.t.JMeterThread: Thread started: Agent searches (GET /search) 2-28
2026-10-07 12:53:24,813 INFO o.a.j.t.JMeterThread: Thread is done: Agent searches (GET /search) 2-28
2026-10-07 12:53:24,814 INFO o.a.j.t.JMeterThread: Thread finished: Agent searches (GET /search) 2-28
2026-10-07 12:53:33,162 INFO o.a.j.t.JMeterThread: Thread started: Agent searches (GET /search) 2-29
2026-10-07 12:53:33,433 INFO o.a.j.r.Summariser: summary +      4 in 00:01:27 =    0.0/s Avg:   478 Min:   144 Max:  1044 Err:     0 (0.00%) Active: 1 Started: 43 Finished: 42
2026-10-07 12:53:33,434 INFO o.a.j.r.Summariser: summary =     43 in 00:08:39 =    0.1/s Avg:   361 Min:    35 Max:  1044 Err:     0 (0.00%)
2026-10-07 12:53:33,434 INFO o.a.j.t.JMeterThread: Thread is done: Agent searches (GET /search) 2-29
2026-10-07 12:53:33,435 INFO o.a.j.t.JMeterThread: Thread finished: Agent searches (GET /search) 2-29
2026-10-07 12:53:43,878 INFO o.a.j.t.JMeterThread: Thread started: Agent searches (GET /search) 2-30
2026-10-07 12:53:44,021 INFO o.a.j.t.JMeterThread: Thread is done: Agent searches (GET /search) 2-30
2026-10-07 12:53:44,021 INFO o.a.j.t.JMeterThread: Thread finished: Agent searches (GET /search) 2-30
2026-10-07 12:53:48,568 INFO o.a.j.t.JMeterThread: Thread started: Agent searches (GET /search) 2-31
2026-10-07 12:53:49,013 INFO o.a.j.t.JMeterThread: Thread is done: Agent searches (GET /search) 2-31
2026-10-07 12:53:49,014 INFO o.a.j.t.JMeterThread: Thread finished: Agent searches (GET /search) 2-31
2026-10-07 12:53:51,468 INFO o.a.j.t.JMeterThread: Thread started: Agent searches (GET /search) 2-32
2026-10-07 12:53:51,552 INFO o.a.j.t.JMeterThread: Thread is done: Agent searches (GET /search) 2-32
2026-10-07 12:53:51,552 INFO o.a.j.t.JMeterThread: Thread finished: Agent searches (GET /search) 2-32
2026-10-07 12:54:19,993 INFO o.a.j.t.JMeterThread: Thread started: Ticket intake (POST /tickets) 1-15
2026-10-07 12:54:20,508 INFO o.a.j.t.JMeterThread: Thread started: Ticket intake (POST /tickets) 1-16
2026-10-07 12:54:20,719 INFO o.a.j.t.JMeterThread: Thread is done: Ticket intake (POST /tickets) 1-15
2026-10-07 12:54:20,719 INFO o.a.j.t.JMeterThread: Thread finished: Ticket intake (POST /tickets) 1-15
2026-10-07 12:54:20,923 INFO o.a.j.t.JMeterThread: Thread is done: Ticket intake (POST /tickets) 1-16
2026-10-07 12:54:20,924 INFO o.a.j.t.JMeterThread: Thread finished: Ticket intake (POST /tickets) 1-16
2026-10-07 12:54:25,397 INFO o.a.j.t.JMeterThread: Thread started: Agent searches (GET /search) 2-33
2026-10-07 12:54:25,544 INFO o.a.j.t.JMeterThread: Thread is done: Agent searches (GET /search) 2-33
2026-10-07 12:54:25,545 INFO o.a.j.t.JMeterThread: Thread finished: Agent searches (GET /search) 2-33
2026-10-07 12:54:26,135 INFO o.a.j.t.o.EvenArrivalsRamp: Generating 0 events, beginRate = 0.0 / sec, endRate = 0.0 / sec, duration = 300.0 sec
2026-10-07 12:54:26,135 INFO o.a.j.t.JMeterThread: Thread started: Ticket intake (POST /tickets) 1-17
2026-10-07 12:54:26,135 INFO o.a.j.t.o.OpenModelThreadGroup: There will be no more events, so will wait for 328 sec till the end of the schedule
2026-10-07 12:54:26,696 INFO o.a.j.t.JMeterThread: Thread is done: Ticket intake (POST /tickets) 1-17
2026-10-07 12:54:26,696 INFO o.a.j.t.JMeterThread: Thread finished: Ticket intake (POST /tickets) 1-17
2026-10-07 12:54:40,497 INFO o.a.j.t.JMeterThread: Thread started: Agent searches (GET /search) 2-34
2026-10-07 12:54:40,688 INFO o.a.j.t.JMeterThread: Thread is done: Agent searches (GET /search) 2-34
2026-10-07 12:54:40,688 INFO o.a.j.t.JMeterThread: Thread finished: Agent searches (GET /search) 2-34
2026-10-07 12:54:53,256 INFO o.a.j.t.JMeterThread: Thread started: Agent searches (GET /search) 2-35
2026-10-07 12:54:53,256 INFO o.a.j.t.o.EvenArrivalsRamp: Generating 0 events, beginRate = 0.0 / sec, endRate = 0.0 / sec, duration = 300.0 sec
2026-10-07 12:54:53,257 INFO o.a.j.t.o.OpenModelThreadGroup: There will be no more events, so will wait for 301 sec till the end of the schedule
2026-10-07 12:54:53,313 INFO o.a.j.t.JMeterThread: Thread is done: Agent searches (GET /search) 2-35
2026-10-07 12:54:53,313 INFO o.a.j.t.JMeterThread: Thread finished: Agent searches (GET /search) 2-35
2026-10-07 12:59:54,435 INFO o.a.j.t.o.OpenModelThreadGroup: There will be no more events, will shutdown the thread pool
2026-10-07 12:59:54,435 INFO o.a.j.t.o.OpenModelThreadGroup: There will be no more events, will shutdown the thread pool
2026-10-07 12:59:54,435 INFO o.a.j.t.o.OpenModelThreadGroup: Thread starting done
2026-10-07 12:59:54,438 INFO o.a.j.t.o.OpenModelThreadGroup: Thread starting done
2026-10-07 12:59:54,438 INFO o.a.j.e.StandardJMeterEngine: Notifying test listeners of end of test
2026-10-07 12:59:54,438 INFO o.a.j.s.FileServer: Close: /Users/ridwan/Documents/GitHub/ICT3113_A1_P1-3/loadtest/data/tickets.tsv
2026-10-07 12:59:54,444 INFO o.a.j.r.Summariser: summary +      9 in 00:06:21 =    0.0/s Avg:   303 Min:    53 Max:   722 Err:     0 (0.00%) Active: 0 Started: 52 Finished: 52
2026-10-07 12:59:54,445 INFO o.a.j.r.Summariser: summary =     52 in 00:15:00 =    0.1/s Avg:   351 Min:    35 Max:  1044 Err:     0 (0.00%)
2026-10-07 12:59:54,445 INFO o.a.j.e.StandardJMeterEngine: Forced JVM shutdown requested at end of test
