2026-10-07 15:44:54,362 INFO o.a.j.u.JMeterUtils: Setting Locale to en_EN
2026-10-07 15:44:54,371 INFO o.a.j.JMeter: Loading user properties from: /Users/ridwan/Downloads/apache-jmeter-5.6.3/bin/user.properties
2026-10-07 15:44:54,372 INFO o.a.j.JMeter: Loading system properties from: /Users/ridwan/Downloads/apache-jmeter-5.6.3/bin/system.properties
2026-10-07 15:44:54,372 INFO o.a.j.JMeter: Loading additional properties from: /Users/ridwan/Documents/GitHub/ICT3113_A1_P1-3/loadtest/triage.properties
2026-10-07 15:44:54,372 INFO o.a.j.JMeter: Setting JMeter property: host=172.20.10.2
2026-10-07 15:44:54,372 INFO o.a.j.JMeter: Setting JMeter property: port=8000
2026-10-07 15:44:54,372 INFO o.a.j.JMeter: Setting JMeter property: rate=3.5
2026-10-07 15:44:54,372 INFO o.a.j.JMeter: Setting JMeter property: rate_end=3.5
2026-10-07 15:44:54,372 INFO o.a.j.JMeter: Setting JMeter property: search_rate=7
2026-10-07 15:44:54,372 INFO o.a.j.JMeter: Setting JMeter property: duration=10
2026-10-07 15:44:54,372 INFO o.a.j.JMeter: Setting JMeter property: drain=5
2026-10-07 15:44:54,372 INFO o.a.j.JMeter: Setting JMeter property: timeout_ms=600000
2026-10-07 15:44:54,372 INFO o.a.j.JMeter: Setting JMeter property: data=/Users/ridwan/Documents/GitHub/ICT3113_A1_P1-3/loadtest/data/tickets.tsv
2026-10-07 15:44:54,375 INFO o.a.j.JMeter: Copyright (c) 1998-2024 The Apache Software Foundation
2026-10-07 15:44:54,375 INFO o.a.j.JMeter: Version 5.6.3
2026-10-07 15:44:54,375 INFO o.a.j.JMeter: java.version=17.0.17
2026-10-07 15:44:54,375 INFO o.a.j.JMeter: java.vm.name=OpenJDK 64-Bit Server VM
2026-10-07 15:44:54,375 INFO o.a.j.JMeter: os.name=Mac OS X
2026-10-07 15:44:54,375 INFO o.a.j.JMeter: os.arch=aarch64
2026-10-07 15:44:54,375 INFO o.a.j.JMeter: os.version=26.5
2026-10-07 15:44:54,375 INFO o.a.j.JMeter: file.encoding=UTF-8
2026-10-07 15:44:54,375 INFO o.a.j.JMeter: java.awt.headless=true
2026-10-07 15:44:54,375 INFO o.a.j.JMeter: Max memory     =1073741824
2026-10-07 15:44:54,375 INFO o.a.j.JMeter: Available Processors =10
2026-10-07 15:44:54,379 INFO o.a.j.JMeter: Default Locale=English (EN)
2026-10-07 15:44:54,379 INFO o.a.j.JMeter: JMeter  Locale=English (EN)
2026-10-07 15:44:54,379 INFO o.a.j.JMeter: JMeterHome=/Users/ridwan/Downloads/apache-jmeter-5.6.3
2026-10-07 15:44:54,379 INFO o.a.j.JMeter: user.dir  =/Users/ridwan/Documents/GitHub/ICT3113_A1_P1-3
2026-10-07 15:44:54,379 INFO o.a.j.JMeter: PWD       =/Users/ridwan/Documents/GitHub/ICT3113_A1_P1-3
2026-10-07 15:44:54,380 INFO o.a.j.JMeter: IP: 127.0.0.1 Name: Muhammads-MacBook-Air-4.local FullName: localhost
2026-10-07 15:44:54,386 INFO o.a.j.s.FileServer: Default base='/Users/ridwan/Documents/GitHub/ICT3113_A1_P1-3'
2026-10-07 15:44:54,387 INFO o.a.j.s.FileServer: Set new base='/Users/ridwan/Documents/GitHub/ICT3113_A1_P1-3/loadtest'
2026-10-07 15:44:54,448 INFO o.a.j.s.SaveService: Testplan (JMX) version: 2.2. Testlog (JTL) version: 2.2
2026-10-07 15:44:54,460 INFO o.a.j.s.SaveService: Using SaveService properties version 5.0
2026-10-07 15:44:54,461 INFO o.a.j.s.SaveService: Using SaveService properties file encoding UTF-8
2026-10-07 15:44:54,462 INFO o.a.j.s.SaveService: Loading file: /Users/ridwan/Documents/GitHub/ICT3113_A1_P1-3/loadtest/triage.jmx
2026-10-07 15:44:54,489 INFO o.a.j.p.h.s.HTTPSamplerBase: Parser for text/html is org.apache.jmeter.protocol.http.parser.LagartoBasedHtmlParser
2026-10-07 15:44:54,490 INFO o.a.j.p.h.s.HTTPSamplerBase: Parser for application/xhtml+xml is org.apache.jmeter.protocol.http.parser.LagartoBasedHtmlParser
2026-10-07 15:44:54,490 INFO o.a.j.p.h.s.HTTPSamplerBase: Parser for application/xml is org.apache.jmeter.protocol.http.parser.LagartoBasedHtmlParser
2026-10-07 15:44:54,490 INFO o.a.j.p.h.s.HTTPSamplerBase: Parser for text/xml is org.apache.jmeter.protocol.http.parser.LagartoBasedHtmlParser
2026-10-07 15:44:54,490 INFO o.a.j.p.h.s.HTTPSamplerBase: Parser for text/vnd.wap.wml is org.apache.jmeter.protocol.http.parser.RegexpHTMLParser
2026-10-07 15:44:54,490 INFO o.a.j.p.h.s.HTTPSamplerBase: Parser for text/css is org.apache.jmeter.protocol.http.parser.CssParser
2026-10-07 15:44:54,496 INFO o.a.j.JMeter: Creating summariser <summary>
2026-10-07 15:44:54,503 INFO o.a.j.e.StandardJMeterEngine: Running the test!
2026-10-07 15:44:54,503 INFO o.a.j.s.SampleEvent: List of sample_variables: [rid, row]
2026-10-07 15:44:54,503 INFO o.a.j.s.SampleEvent: List of sample_variables: [rid, row]
2026-10-07 15:44:54,504 INFO o.a.j.e.u.CompoundVariable: Note: Function class names must contain the string: '.functions.'
2026-10-07 15:44:54,504 INFO o.a.j.e.u.CompoundVariable: Note: Function class names must not contain the string: '.gui.'
2026-10-07 15:44:54,597 INFO o.a.j.JMeter: Running test (1791359094597)
2026-10-07 15:44:54,605 INFO o.a.j.e.StandardJMeterEngine: Starting ThreadGroup: 1 : Ticket intake (POST /tickets)
2026-10-07 15:44:54,605 INFO o.a.j.e.StandardJMeterEngine: Starting 0 threads for group Ticket intake (POST /tickets).
2026-10-07 15:44:54,605 INFO o.a.j.e.StandardJMeterEngine: Thread will continue on error
2026-10-07 15:44:54,605 INFO o.a.j.t.o.OpenModelThreadGroup: Starting OpenModelThreadGroup#1 with schedule rate(3.5/min) random_arrivals(10 min) rate(3.5/min) pause(5 min)
2026-10-07 15:44:54,619 INFO o.a.j.e.StandardJMeterEngine: Starting ThreadGroup: 2 : Agent searches (GET /search)
2026-10-07 15:44:54,619 INFO o.a.j.e.StandardJMeterEngine: Starting 0 threads for group Agent searches (GET /search).
2026-10-07 15:44:54,619 INFO o.a.j.e.StandardJMeterEngine: Thread will continue on error
2026-10-07 15:44:54,619 INFO o.a.j.t.o.OpenModelThreadGroup: Thread starting init
2026-10-07 15:44:54,619 INFO o.a.j.t.o.OpenModelThreadGroup: Starting OpenModelThreadGroup#2 with schedule rate(7/min) random_arrivals(10 min) rate(7/min) pause(5 min)
2026-10-07 15:44:54,619 INFO o.a.j.e.StandardJMeterEngine: All thread groups have been started
2026-10-07 15:44:54,619 INFO o.a.j.t.o.OpenModelThreadGroup: Thread starting init
2026-10-07 15:44:54,620 INFO o.a.j.t.o.PoissonArrivalsRamp: Generating 70 events, beginRate = 0.11666666666666667 / sec, endRate = 0.11666666666666667 / sec, duration = 600.0 sec
2026-10-07 15:44:54,620 INFO o.a.j.t.o.PoissonArrivalsRamp: Generating 35 events, beginRate = 0.058333333333333334 / sec, endRate = 0.058333333333333334 / sec, duration = 600.0 sec
2026-10-07 15:45:03,570 INFO o.a.j.t.JMeterThread: Thread started: Agent searches (GET /search) 2-1
2026-10-07 15:45:03,786 INFO o.a.j.p.h.s.HTTPHCAbstractImpl: Local host = Muhammads-MacBook-Air-4.local
2026-10-07 15:45:03,788 INFO o.a.j.p.h.s.HTTPHC4Impl: HTTP request retry count = 0
2026-10-07 15:45:03,789 INFO o.a.j.s.SampleResult: Note: Sample TimeStamps are START times
2026-10-07 15:45:03,789 INFO o.a.j.s.SampleResult: sampleresult.default.encoding is set to UTF-8
2026-10-07 15:45:03,789 INFO o.a.j.s.SampleResult: sampleresult.useNanoTime=true
2026-10-07 15:45:03,789 INFO o.a.j.s.SampleResult: sampleresult.nanoThreadSleep=5000
2026-10-07 15:45:03,944 INFO o.a.j.r.Summariser: summary +      1 in 00:00:09 =    0.1/s Avg:   135 Min:   135 Max:   135 Err:     0 (0.00%) Active: 1 Started: 1 Finished: 0
2026-10-07 15:45:03,945 INFO o.a.j.t.JMeterThread: Thread is done: Agent searches (GET /search) 2-1
2026-10-07 15:45:03,945 INFO o.a.j.t.JMeterThread: Thread finished: Agent searches (GET /search) 2-1
2026-10-07 15:45:05,442 INFO o.a.j.t.JMeterThread: Thread started: Ticket intake (POST /tickets) 1-1
2026-10-07 15:45:05,443 INFO o.a.j.s.FileServer: Stored: /Users/ridwan/Documents/GitHub/ICT3113_A1_P1-3/loadtest/data/tickets.tsv
2026-10-07 15:45:05,920 INFO o.a.j.t.JMeterThread: Thread started: Agent searches (GET /search) 2-2
2026-10-07 15:45:06,038 INFO o.a.j.t.JMeterThread: Thread is done: Agent searches (GET /search) 2-2
2026-10-07 15:45:06,038 INFO o.a.j.t.JMeterThread: Thread finished: Agent searches (GET /search) 2-2
2026-10-07 15:45:06,857 INFO o.a.j.t.JMeterThread: Thread is done: Ticket intake (POST /tickets) 1-1
2026-10-07 15:45:06,857 INFO o.a.j.t.JMeterThread: Thread finished: Ticket intake (POST /tickets) 1-1
2026-10-07 15:45:11,165 INFO o.a.j.t.JMeterThread: Thread started: Agent searches (GET /search) 2-3
2026-10-07 15:45:11,442 INFO o.a.j.t.JMeterThread: Thread is done: Agent searches (GET /search) 2-3
2026-10-07 15:45:11,443 INFO o.a.j.t.JMeterThread: Thread finished: Agent searches (GET /search) 2-3
2026-10-07 15:45:15,512 INFO o.a.j.t.JMeterThread: Thread started: Ticket intake (POST /tickets) 1-2
2026-10-07 15:45:16,191 INFO o.a.j.t.JMeterThread: Thread is done: Ticket intake (POST /tickets) 1-2
2026-10-07 15:45:16,192 INFO o.a.j.t.JMeterThread: Thread finished: Ticket intake (POST /tickets) 1-2
2026-10-07 15:45:19,174 INFO o.a.j.t.JMeterThread: Thread started: Agent searches (GET /search) 2-4
2026-10-07 15:45:19,417 INFO o.a.j.t.JMeterThread: Thread is done: Agent searches (GET /search) 2-4
2026-10-07 15:45:19,417 INFO o.a.j.t.JMeterThread: Thread finished: Agent searches (GET /search) 2-4
2026-10-07 15:45:19,735 INFO o.a.j.t.JMeterThread: Thread started: Agent searches (GET /search) 2-5
2026-10-07 15:45:20,274 INFO o.a.j.t.JMeterThread: Thread is done: Agent searches (GET /search) 2-5
2026-10-07 15:45:20,274 INFO o.a.j.t.JMeterThread: Thread finished: Agent searches (GET /search) 2-5
2026-10-07 15:45:21,444 INFO o.a.j.t.JMeterThread: Thread started: Agent searches (GET /search) 2-6
2026-10-07 15:45:21,773 INFO o.a.j.t.JMeterThread: Thread is done: Agent searches (GET /search) 2-6
2026-10-07 15:45:21,773 INFO o.a.j.t.JMeterThread: Thread finished: Agent searches (GET /search) 2-6
2026-10-07 15:45:23,643 INFO o.a.j.t.JMeterThread: Thread started: Agent searches (GET /search) 2-7
2026-10-07 15:45:23,750 INFO o.a.j.t.JMeterThread: Thread is done: Agent searches (GET /search) 2-7
2026-10-07 15:45:23,750 INFO o.a.j.t.JMeterThread: Thread finished: Agent searches (GET /search) 2-7
2026-10-07 15:45:26,643 INFO o.a.j.t.JMeterThread: Thread started: Ticket intake (POST /tickets) 1-3
2026-10-07 15:45:27,763 INFO o.a.j.t.JMeterThread: Thread is done: Ticket intake (POST /tickets) 1-3
2026-10-07 15:45:27,763 INFO o.a.j.t.JMeterThread: Thread finished: Ticket intake (POST /tickets) 1-3
2026-10-07 15:45:28,115 INFO o.a.j.t.JMeterThread: Thread started: Agent searches (GET /search) 2-8
2026-10-07 15:45:28,362 INFO o.a.j.t.JMeterThread: Thread is done: Agent searches (GET /search) 2-8
2026-10-07 15:45:28,362 INFO o.a.j.t.JMeterThread: Thread finished: Agent searches (GET /search) 2-8
2026-10-07 15:45:39,419 INFO o.a.j.t.JMeterThread: Thread started: Agent searches (GET /search) 2-9
2026-10-07 15:45:39,879 INFO o.a.j.t.JMeterThread: Thread is done: Agent searches (GET /search) 2-9
2026-10-07 15:45:39,880 INFO o.a.j.t.JMeterThread: Thread finished: Agent searches (GET /search) 2-9
2026-10-07 15:45:43,634 INFO o.a.j.t.JMeterThread: Thread started: Ticket intake (POST /tickets) 1-4
2026-10-07 15:45:44,599 INFO o.a.j.t.JMeterThread: Thread is done: Ticket intake (POST /tickets) 1-4
2026-10-07 15:45:44,599 INFO o.a.j.t.JMeterThread: Thread finished: Ticket intake (POST /tickets) 1-4
2026-10-07 15:45:47,007 INFO o.a.j.t.JMeterThread: Thread started: Ticket intake (POST /tickets) 1-5
2026-10-07 15:45:47,353 INFO o.a.j.t.JMeterThread: Thread is done: Ticket intake (POST /tickets) 1-5
2026-10-07 15:45:47,353 INFO o.a.j.t.JMeterThread: Thread finished: Ticket intake (POST /tickets) 1-5
2026-10-07 15:45:54,595 INFO o.a.j.t.JMeterThread: Thread started: Ticket intake (POST /tickets) 1-6
2026-10-07 15:45:55,558 INFO o.a.j.t.JMeterThread: Thread is done: Ticket intake (POST /tickets) 1-6
2026-10-07 15:45:55,559 INFO o.a.j.t.JMeterThread: Thread finished: Ticket intake (POST /tickets) 1-6
2026-10-07 15:45:55,946 INFO o.a.j.t.JMeterThread: Thread started: Agent searches (GET /search) 2-10
2026-10-07 15:45:56,127 INFO o.a.j.t.JMeterThread: Thread is done: Agent searches (GET /search) 2-10
2026-10-07 15:45:56,128 INFO o.a.j.t.JMeterThread: Thread finished: Agent searches (GET /search) 2-10
2026-10-07 15:46:04,556 INFO o.a.j.t.JMeterThread: Thread started: Agent searches (GET /search) 2-11
2026-10-07 15:46:04,856 INFO o.a.j.t.JMeterThread: Thread started: Agent searches (GET /search) 2-12
2026-10-07 15:46:04,864 INFO o.a.j.r.Summariser: summary +     16 in 00:01:01 =    0.3/s Avg:   513 Min:   102 Max:  1397 Err:     0 (0.00%) Active: 2 Started: 18 Finished: 16
2026-10-07 15:46:04,865 INFO o.a.j.r.Summariser: summary =     17 in 00:01:10 =    0.2/s Avg:   490 Min:   102 Max:  1397 Err:     0 (0.00%)
2026-10-07 15:46:04,865 INFO o.a.j.t.JMeterThread: Thread is done: Agent searches (GET /search) 2-11
2026-10-07 15:46:04,866 INFO o.a.j.t.JMeterThread: Thread finished: Agent searches (GET /search) 2-11
2026-10-07 15:46:04,985 INFO o.a.j.t.JMeterThread: Thread is done: Agent searches (GET /search) 2-12
2026-10-07 15:46:04,985 INFO o.a.j.t.JMeterThread: Thread finished: Agent searches (GET /search) 2-12
2026-10-07 15:46:21,249 INFO o.a.j.t.JMeterThread: Thread started: Agent searches (GET /search) 2-13
2026-10-07 15:46:21,400 INFO o.a.j.t.JMeterThread: Thread is done: Agent searches (GET /search) 2-13
2026-10-07 15:46:21,400 INFO o.a.j.t.JMeterThread: Thread finished: Agent searches (GET /search) 2-13
2026-10-07 15:46:25,059 INFO o.a.j.t.JMeterThread: Thread started: Ticket intake (POST /tickets) 1-7
2026-10-07 15:46:25,709 INFO o.a.j.t.JMeterThread: Thread is done: Ticket intake (POST /tickets) 1-7
2026-10-07 15:46:25,709 INFO o.a.j.t.JMeterThread: Thread finished: Ticket intake (POST /tickets) 1-7
2026-10-07 15:46:31,891 INFO o.a.j.t.JMeterThread: Thread started: Ticket intake (POST /tickets) 1-8
2026-10-07 15:46:32,943 INFO o.a.j.r.Summariser: summary +      4 in 00:00:28 =    0.1/s Avg:   491 Min:   126 Max:  1046 Err:     0 (0.00%) Active: 1 Started: 21 Finished: 20
2026-10-07 15:46:32,943 INFO o.a.j.r.Summariser: summary =     21 in 00:01:38 =    0.2/s Avg:   490 Min:   102 Max:  1397 Err:     0 (0.00%)
2026-10-07 15:46:32,944 INFO o.a.j.t.JMeterThread: Thread is done: Ticket intake (POST /tickets) 1-8
2026-10-07 15:46:32,944 INFO o.a.j.t.JMeterThread: Thread finished: Ticket intake (POST /tickets) 1-8
2026-10-07 15:46:37,628 INFO o.a.j.t.JMeterThread: Thread started: Ticket intake (POST /tickets) 1-9
2026-10-07 15:46:37,772 INFO o.a.j.t.JMeterThread: Thread started: Agent searches (GET /search) 2-14
2026-10-07 15:46:37,864 INFO o.a.j.t.JMeterThread: Thread is done: Agent searches (GET /search) 2-14
2026-10-07 15:46:37,864 INFO o.a.j.t.JMeterThread: Thread finished: Agent searches (GET /search) 2-14
2026-10-07 15:46:38,770 INFO o.a.j.t.JMeterThread: Thread is done: Ticket intake (POST /tickets) 1-9
2026-10-07 15:46:38,770 INFO o.a.j.t.JMeterThread: Thread finished: Ticket intake (POST /tickets) 1-9
2026-10-07 15:46:39,859 INFO o.a.j.t.JMeterThread: Thread started: Agent searches (GET /search) 2-15
2026-10-07 15:46:40,140 INFO o.a.j.t.JMeterThread: Thread is done: Agent searches (GET /search) 2-15
2026-10-07 15:46:40,141 INFO o.a.j.t.JMeterThread: Thread finished: Agent searches (GET /search) 2-15
2026-10-07 15:46:45,774 INFO o.a.j.t.JMeterThread: Thread started: Ticket intake (POST /tickets) 1-10
2026-10-07 15:46:46,283 INFO o.a.j.t.JMeterThread: Thread is done: Ticket intake (POST /tickets) 1-10
2026-10-07 15:46:46,284 INFO o.a.j.t.JMeterThread: Thread finished: Ticket intake (POST /tickets) 1-10
2026-10-07 15:46:47,034 INFO o.a.j.t.JMeterThread: Thread started: Agent searches (GET /search) 2-16
2026-10-07 15:46:47,132 INFO o.a.j.t.JMeterThread: Thread is done: Agent searches (GET /search) 2-16
2026-10-07 15:46:47,132 INFO o.a.j.t.JMeterThread: Thread finished: Agent searches (GET /search) 2-16
2026-10-07 15:46:55,321 INFO o.a.j.t.JMeterThread: Thread started: Ticket intake (POST /tickets) 1-11
2026-10-07 15:46:56,866 INFO o.a.j.t.JMeterThread: Thread is done: Ticket intake (POST /tickets) 1-11
2026-10-07 15:46:56,866 INFO o.a.j.t.JMeterThread: Thread finished: Ticket intake (POST /tickets) 1-11
2026-10-07 15:47:00,732 INFO o.a.j.t.JMeterThread: Thread started: Agent searches (GET /search) 2-17
2026-10-07 15:47:01,035 INFO o.a.j.r.Summariser: summary +      7 in 00:00:28 =    0.2/s Avg:   563 Min:    88 Max:  1541 Err:     0 (0.00%) Active: 1 Started: 28 Finished: 27
2026-10-07 15:47:01,036 INFO o.a.j.r.Summariser: summary =     28 in 00:02:06 =    0.2/s Avg:   508 Min:    88 Max:  1541 Err:     0 (0.00%)
2026-10-07 15:47:01,037 INFO o.a.j.t.JMeterThread: Thread is done: Agent searches (GET /search) 2-17
2026-10-07 15:47:01,037 INFO o.a.j.t.JMeterThread: Thread finished: Agent searches (GET /search) 2-17
2026-10-07 15:47:06,796 INFO o.a.j.t.JMeterThread: Thread started: Ticket intake (POST /tickets) 1-12
2026-10-07 15:47:07,413 INFO o.a.j.t.JMeterThread: Thread is done: Ticket intake (POST /tickets) 1-12
2026-10-07 15:47:07,413 INFO o.a.j.t.JMeterThread: Thread finished: Ticket intake (POST /tickets) 1-12
2026-10-07 15:47:07,507 INFO o.a.j.t.JMeterThread: Thread started: Agent searches (GET /search) 2-18
2026-10-07 15:47:08,218 INFO o.a.j.t.JMeterThread: Thread is done: Agent searches (GET /search) 2-18
2026-10-07 15:47:08,218 INFO o.a.j.t.JMeterThread: Thread finished: Agent searches (GET /search) 2-18
2026-10-07 15:47:10,618 INFO o.a.j.t.JMeterThread: Thread started: Ticket intake (POST /tickets) 1-13
2026-10-07 15:47:11,274 INFO o.a.j.t.JMeterThread: Thread is done: Ticket intake (POST /tickets) 1-13
2026-10-07 15:47:11,275 INFO o.a.j.t.JMeterThread: Thread finished: Ticket intake (POST /tickets) 1-13
2026-10-07 15:47:13,746 INFO o.a.j.t.JMeterThread: Thread started: Ticket intake (POST /tickets) 1-14
2026-10-07 15:47:14,505 INFO o.a.j.t.JMeterThread: Thread is done: Ticket intake (POST /tickets) 1-14
2026-10-07 15:47:14,505 INFO o.a.j.t.JMeterThread: Thread finished: Ticket intake (POST /tickets) 1-14
2026-10-07 15:47:15,083 INFO o.a.j.t.JMeterThread: Thread started: Agent searches (GET /search) 2-19
2026-10-07 15:47:15,220 INFO o.a.j.t.JMeterThread: Thread is done: Agent searches (GET /search) 2-19
2026-10-07 15:47:15,220 INFO o.a.j.t.JMeterThread: Thread finished: Agent searches (GET /search) 2-19
2026-10-07 15:47:16,756 INFO o.a.j.t.JMeterThread: Thread started: Agent searches (GET /search) 2-20
2026-10-07 15:47:17,024 INFO o.a.j.t.JMeterThread: Thread is done: Agent searches (GET /search) 2-20
2026-10-07 15:47:17,024 INFO o.a.j.t.JMeterThread: Thread finished: Agent searches (GET /search) 2-20
2026-10-07 15:47:33,571 INFO o.a.j.t.JMeterThread: Thread started: Agent searches (GET /search) 2-21
2026-10-07 15:47:33,798 INFO o.a.j.r.Summariser: summary +      7 in 00:00:33 =    0.2/s Avg:   478 Min:   133 Max:   755 Err:     0 (0.00%) Active: 1 Started: 35 Finished: 34
2026-10-07 15:47:33,799 INFO o.a.j.r.Summariser: summary =     35 in 00:02:39 =    0.2/s Avg:   502 Min:    88 Max:  1541 Err:     0 (0.00%)
2026-10-07 15:47:33,799 INFO o.a.j.t.JMeterThread: Thread is done: Agent searches (GET /search) 2-21
2026-10-07 15:47:33,799 INFO o.a.j.t.JMeterThread: Thread finished: Agent searches (GET /search) 2-21
2026-10-07 15:47:44,056 INFO o.a.j.t.JMeterThread: Thread started: Ticket intake (POST /tickets) 1-15
2026-10-07 15:47:44,909 INFO o.a.j.t.JMeterThread: Thread is done: Ticket intake (POST /tickets) 1-15
2026-10-07 15:47:44,910 INFO o.a.j.t.JMeterThread: Thread finished: Ticket intake (POST /tickets) 1-15
2026-10-07 15:47:49,992 INFO o.a.j.t.JMeterThread: Thread started: Agent searches (GET /search) 2-22
2026-10-07 15:47:50,191 INFO o.a.j.t.JMeterThread: Thread is done: Agent searches (GET /search) 2-22
2026-10-07 15:47:50,191 INFO o.a.j.t.JMeterThread: Thread finished: Agent searches (GET /search) 2-22
2026-10-07 15:48:03,514 INFO o.a.j.t.JMeterThread: Thread started: Agent searches (GET /search) 2-23
2026-10-07 15:48:03,810 INFO o.a.j.r.Summariser: summary +      3 in 00:00:30 =    0.1/s Avg:   445 Min:   195 Max:   850 Err:     0 (0.00%) Active: 1 Started: 38 Finished: 37
2026-10-07 15:48:03,811 INFO o.a.j.r.Summariser: summary =     38 in 00:03:09 =    0.2/s Avg:   498 Min:    88 Max:  1541 Err:     0 (0.00%)
2026-10-07 15:48:03,811 INFO o.a.j.t.JMeterThread: Thread is done: Agent searches (GET /search) 2-23
2026-10-07 15:48:03,812 INFO o.a.j.t.JMeterThread: Thread finished: Agent searches (GET /search) 2-23
2026-10-07 15:48:04,168 INFO o.a.j.t.JMeterThread: Thread started: Agent searches (GET /search) 2-24
2026-10-07 15:48:04,521 INFO o.a.j.t.JMeterThread: Thread is done: Agent searches (GET /search) 2-24
2026-10-07 15:48:04,522 INFO o.a.j.t.JMeterThread: Thread finished: Agent searches (GET /search) 2-24
2026-10-07 15:48:13,373 INFO o.a.j.t.JMeterThread: Thread started: Agent searches (GET /search) 2-25
2026-10-07 15:48:13,790 INFO o.a.j.t.JMeterThread: Thread is done: Agent searches (GET /search) 2-25
2026-10-07 15:48:13,790 INFO o.a.j.t.JMeterThread: Thread finished: Agent searches (GET /search) 2-25
2026-10-07 15:48:18,802 INFO o.a.j.t.JMeterThread: Thread started: Agent searches (GET /search) 2-26
2026-10-07 15:48:18,957 INFO o.a.j.t.JMeterThread: Thread is done: Agent searches (GET /search) 2-26
2026-10-07 15:48:18,958 INFO o.a.j.t.JMeterThread: Thread finished: Agent searches (GET /search) 2-26
2026-10-07 15:48:19,742 INFO o.a.j.t.JMeterThread: Thread started: Agent searches (GET /search) 2-27
2026-10-07 15:48:19,986 INFO o.a.j.t.JMeterThread: Thread is done: Agent searches (GET /search) 2-27
2026-10-07 15:48:19,987 INFO o.a.j.t.JMeterThread: Thread finished: Agent searches (GET /search) 2-27
2026-10-07 15:48:27,165 INFO o.a.j.t.JMeterThread: Thread started: Agent searches (GET /search) 2-28
2026-10-07 15:48:27,561 INFO o.a.j.t.JMeterThread: Thread is done: Agent searches (GET /search) 2-28
2026-10-07 15:48:27,561 INFO o.a.j.t.JMeterThread: Thread finished: Agent searches (GET /search) 2-28
2026-10-07 15:48:31,680 INFO o.a.j.t.JMeterThread: Thread started: Agent searches (GET /search) 2-29
2026-10-07 15:48:31,883 INFO o.a.j.r.Summariser: summary +      6 in 00:00:28 =    0.2/s Avg:   290 Min:   151 Max:   413 Err:     0 (0.00%) Active: 1 Started: 44 Finished: 43
2026-10-07 15:48:31,884 INFO o.a.j.r.Summariser: summary =     44 in 00:03:37 =    0.2/s Avg:   470 Min:    88 Max:  1541 Err:     0 (0.00%)
2026-10-07 15:48:31,884 INFO o.a.j.t.JMeterThread: Thread is done: Agent searches (GET /search) 2-29
2026-10-07 15:48:31,885 INFO o.a.j.t.JMeterThread: Thread finished: Agent searches (GET /search) 2-29
2026-10-07 15:48:35,463 INFO o.a.j.t.JMeterThread: Thread started: Agent searches (GET /search) 2-30
2026-10-07 15:48:35,668 INFO o.a.j.t.JMeterThread: Thread is done: Agent searches (GET /search) 2-30
2026-10-07 15:48:35,668 INFO o.a.j.t.JMeterThread: Thread finished: Agent searches (GET /search) 2-30
2026-10-07 15:48:39,273 INFO o.a.j.t.JMeterThread: Thread started: Agent searches (GET /search) 2-31
2026-10-07 15:48:39,487 INFO o.a.j.t.JMeterThread: Thread is done: Agent searches (GET /search) 2-31
2026-10-07 15:48:39,487 INFO o.a.j.t.JMeterThread: Thread finished: Agent searches (GET /search) 2-31
2026-10-07 15:48:40,170 INFO o.a.j.t.JMeterThread: Thread started: Agent searches (GET /search) 2-32
2026-10-07 15:48:40,378 INFO o.a.j.t.JMeterThread: Thread is done: Agent searches (GET /search) 2-32
2026-10-07 15:48:40,378 INFO o.a.j.t.JMeterThread: Thread finished: Agent searches (GET /search) 2-32
2026-10-07 15:48:56,597 INFO o.a.j.t.JMeterThread: Thread started: Agent searches (GET /search) 2-33
2026-10-07 15:48:56,866 INFO o.a.j.t.JMeterThread: Thread is done: Agent searches (GET /search) 2-33
2026-10-07 15:48:56,867 INFO o.a.j.t.JMeterThread: Thread finished: Agent searches (GET /search) 2-33
2026-10-07 15:48:57,703 INFO o.a.j.t.JMeterThread: Thread started: Ticket intake (POST /tickets) 1-16
2026-10-07 15:48:58,281 INFO o.a.j.t.JMeterThread: Thread is done: Ticket intake (POST /tickets) 1-16
2026-10-07 15:48:58,282 INFO o.a.j.t.JMeterThread: Thread finished: Ticket intake (POST /tickets) 1-16
2026-10-07 15:48:59,300 INFO o.a.j.t.JMeterThread: Thread started: Agent searches (GET /search) 2-34
2026-10-07 15:48:59,592 INFO o.a.j.t.JMeterThread: Thread is done: Agent searches (GET /search) 2-34
2026-10-07 15:48:59,592 INFO o.a.j.t.JMeterThread: Thread finished: Agent searches (GET /search) 2-34
2026-10-07 15:49:11,717 INFO o.a.j.t.JMeterThread: Thread started: Agent searches (GET /search) 2-35
2026-10-07 15:49:11,815 INFO o.a.j.t.JMeterThread: Thread is done: Agent searches (GET /search) 2-35
2026-10-07 15:49:11,816 INFO o.a.j.t.JMeterThread: Thread finished: Agent searches (GET /search) 2-35
2026-10-07 15:49:17,637 INFO o.a.j.t.JMeterThread: Thread started: Ticket intake (POST /tickets) 1-17
2026-10-07 15:49:18,326 INFO o.a.j.t.JMeterThread: Thread is done: Ticket intake (POST /tickets) 1-17
2026-10-07 15:49:18,326 INFO o.a.j.t.JMeterThread: Thread finished: Ticket intake (POST /tickets) 1-17
2026-10-07 15:49:24,431 INFO o.a.j.t.JMeterThread: Thread started: Agent searches (GET /search) 2-36
2026-10-07 15:49:25,160 INFO o.a.j.t.JMeterThread: Thread is done: Agent searches (GET /search) 2-36
2026-10-07 15:49:25,160 INFO o.a.j.t.JMeterThread: Thread finished: Agent searches (GET /search) 2-36
2026-10-07 15:49:45,917 INFO o.a.j.t.JMeterThread: Thread started: Agent searches (GET /search) 2-37
2026-10-07 15:49:46,074 INFO o.a.j.t.JMeterThread: Thread is done: Agent searches (GET /search) 2-37
2026-10-07 15:49:46,074 INFO o.a.j.t.JMeterThread: Thread finished: Agent searches (GET /search) 2-37
2026-10-07 15:50:07,487 INFO o.a.j.t.JMeterThread: Thread started: Agent searches (GET /search) 2-38
2026-10-07 15:50:07,829 INFO o.a.j.t.JMeterThread: Thread is done: Agent searches (GET /search) 2-38
2026-10-07 15:50:07,829 INFO o.a.j.t.JMeterThread: Thread finished: Agent searches (GET /search) 2-38
2026-10-07 15:50:13,848 INFO o.a.j.t.JMeterThread: Thread started: Agent searches (GET /search) 2-39
2026-10-07 15:50:13,955 INFO o.a.j.t.JMeterThread: Thread is done: Agent searches (GET /search) 2-39
2026-10-07 15:50:13,956 INFO o.a.j.t.JMeterThread: Thread finished: Agent searches (GET /search) 2-39
2026-10-07 15:50:16,323 INFO o.a.j.t.JMeterThread: Thread started: Ticket intake (POST /tickets) 1-18
2026-10-07 15:50:17,453 INFO o.a.j.t.JMeterThread: Thread is done: Ticket intake (POST /tickets) 1-18
2026-10-07 15:50:17,454 INFO o.a.j.t.JMeterThread: Thread finished: Ticket intake (POST /tickets) 1-18
2026-10-07 15:50:20,568 INFO o.a.j.t.JMeterThread: Thread started: Agent searches (GET /search) 2-40
2026-10-07 15:50:20,886 INFO o.a.j.t.JMeterThread: Thread is done: Agent searches (GET /search) 2-40
2026-10-07 15:50:20,887 INFO o.a.j.t.JMeterThread: Thread finished: Agent searches (GET /search) 2-40
2026-10-07 15:50:28,578 INFO o.a.j.t.JMeterThread: Thread started: Agent searches (GET /search) 2-41
2026-10-07 15:50:28,921 INFO o.a.j.t.JMeterThread: Thread is done: Agent searches (GET /search) 2-41
2026-10-07 15:50:28,921 INFO o.a.j.t.JMeterThread: Thread finished: Agent searches (GET /search) 2-41
2026-10-07 15:50:31,131 INFO o.a.j.t.JMeterThread: Thread started: Agent searches (GET /search) 2-42
2026-10-07 15:50:31,568 INFO o.a.j.r.Summariser: summary +     16 in 00:02:00 =    0.1/s Avg:   378 Min:    96 Max:  1127 Err:     0 (0.00%) Active: 1 Started: 60 Finished: 59
2026-10-07 15:50:31,569 INFO o.a.j.r.Summariser: summary =     60 in 00:05:37 =    0.2/s Avg:   445 Min:    88 Max:  1541 Err:     0 (0.00%)
2026-10-07 15:50:31,569 INFO o.a.j.t.JMeterThread: Thread is done: Agent searches (GET /search) 2-42
2026-10-07 15:50:31,569 INFO o.a.j.t.JMeterThread: Thread finished: Agent searches (GET /search) 2-42
2026-10-07 15:50:34,241 INFO o.a.j.t.JMeterThread: Thread started: Ticket intake (POST /tickets) 1-19
2026-10-07 15:50:34,945 INFO o.a.j.t.JMeterThread: Thread is done: Ticket intake (POST /tickets) 1-19
2026-10-07 15:50:34,946 INFO o.a.j.t.JMeterThread: Thread finished: Ticket intake (POST /tickets) 1-19
2026-10-07 15:50:38,719 INFO o.a.j.t.JMeterThread: Thread started: Agent searches (GET /search) 2-43
2026-10-07 15:50:39,092 INFO o.a.j.t.JMeterThread: Thread is done: Agent searches (GET /search) 2-43
2026-10-07 15:50:39,093 INFO o.a.j.t.JMeterThread: Thread finished: Agent searches (GET /search) 2-43
2026-10-07 15:50:40,798 INFO o.a.j.t.JMeterThread: Thread started: Agent searches (GET /search) 2-44
2026-10-07 15:50:40,952 INFO o.a.j.t.JMeterThread: Thread is done: Agent searches (GET /search) 2-44
2026-10-07 15:50:40,952 INFO o.a.j.t.JMeterThread: Thread finished: Agent searches (GET /search) 2-44
2026-10-07 15:50:49,452 INFO o.a.j.t.JMeterThread: Thread started: Agent searches (GET /search) 2-45
2026-10-07 15:50:49,610 INFO o.a.j.t.JMeterThread: Thread is done: Agent searches (GET /search) 2-45
2026-10-07 15:50:49,610 INFO o.a.j.t.JMeterThread: Thread finished: Agent searches (GET /search) 2-45
2026-10-07 15:50:51,689 INFO o.a.j.t.JMeterThread: Thread started: Ticket intake (POST /tickets) 1-20
2026-10-07 15:50:52,516 INFO o.a.j.t.JMeterThread: Thread is done: Ticket intake (POST /tickets) 1-20
2026-10-07 15:50:52,516 INFO o.a.j.t.JMeterThread: Thread finished: Ticket intake (POST /tickets) 1-20
2026-10-07 15:51:12,928 INFO o.a.j.t.JMeterThread: Thread started: Ticket intake (POST /tickets) 1-21
2026-10-07 15:51:13,135 INFO o.a.j.t.JMeterThread: Thread started: Agent searches (GET /search) 2-46
2026-10-07 15:51:13,320 INFO o.a.j.t.JMeterThread: Thread is done: Agent searches (GET /search) 2-46
2026-10-07 15:51:13,320 INFO o.a.j.t.JMeterThread: Thread finished: Agent searches (GET /search) 2-46
2026-10-07 15:51:13,559 INFO o.a.j.t.JMeterThread: Thread is done: Ticket intake (POST /tickets) 1-21
2026-10-07 15:51:13,559 INFO o.a.j.t.JMeterThread: Thread finished: Ticket intake (POST /tickets) 1-21
2026-10-07 15:51:14,438 INFO o.a.j.t.JMeterThread: Thread started: Ticket intake (POST /tickets) 1-22
2026-10-07 15:51:15,007 INFO o.a.j.t.JMeterThread: Thread started: Agent searches (GET /search) 2-47
2026-10-07 15:51:15,087 INFO o.a.j.t.JMeterThread: Thread is done: Ticket intake (POST /tickets) 1-22
2026-10-07 15:51:15,088 INFO o.a.j.t.JMeterThread: Thread finished: Ticket intake (POST /tickets) 1-22
2026-10-07 15:51:15,173 INFO o.a.j.t.JMeterThread: Thread is done: Agent searches (GET /search) 2-47
2026-10-07 15:51:15,173 INFO o.a.j.t.JMeterThread: Thread finished: Agent searches (GET /search) 2-47
2026-10-07 15:51:16,908 INFO o.a.j.t.JMeterThread: Thread started: Ticket intake (POST /tickets) 1-23
2026-10-07 15:51:17,444 INFO o.a.j.t.JMeterThread: Thread is done: Ticket intake (POST /tickets) 1-23
2026-10-07 15:51:17,445 INFO o.a.j.t.JMeterThread: Thread finished: Ticket intake (POST /tickets) 1-23
2026-10-07 15:51:19,266 INFO o.a.j.t.JMeterThread: Thread started: Agent searches (GET /search) 2-48
2026-10-07 15:51:19,308 INFO o.a.j.t.JMeterThread: Thread is done: Agent searches (GET /search) 2-48
2026-10-07 15:51:19,309 INFO o.a.j.t.JMeterThread: Thread finished: Agent searches (GET /search) 2-48
2026-10-07 15:51:21,319 INFO o.a.j.t.JMeterThread: Thread started: Ticket intake (POST /tickets) 1-24
2026-10-07 15:51:22,273 INFO o.a.j.t.JMeterThread: Thread is done: Ticket intake (POST /tickets) 1-24
2026-10-07 15:51:22,274 INFO o.a.j.t.JMeterThread: Thread finished: Ticket intake (POST /tickets) 1-24
2026-10-07 15:51:23,803 INFO o.a.j.t.JMeterThread: Thread started: Agent searches (GET /search) 2-49
2026-10-07 15:51:24,151 INFO o.a.j.t.JMeterThread: Thread is done: Agent searches (GET /search) 2-49
2026-10-07 15:51:24,151 INFO o.a.j.t.JMeterThread: Thread finished: Agent searches (GET /search) 2-49
2026-10-07 15:51:29,337 INFO o.a.j.t.JMeterThread: Thread started: Agent searches (GET /search) 2-50
2026-10-07 15:51:29,601 INFO o.a.j.t.JMeterThread: Thread is done: Agent searches (GET /search) 2-50
2026-10-07 15:51:29,602 INFO o.a.j.t.JMeterThread: Thread finished: Agent searches (GET /search) 2-50
2026-10-07 15:51:32,567 INFO o.a.j.t.JMeterThread: Thread started: Agent searches (GET /search) 2-51
2026-10-07 15:51:32,955 INFO o.a.j.r.Summariser: summary +     15 in 00:01:01 =    0.2/s Avg:   421 Min:    38 Max:   951 Err:     0 (0.00%) Active: 1 Started: 75 Finished: 74
2026-10-07 15:51:32,956 INFO o.a.j.r.Summariser: summary =     75 in 00:06:38 =    0.2/s Avg:   440 Min:    38 Max:  1541 Err:     0 (0.00%)
2026-10-07 15:51:32,956 INFO o.a.j.t.JMeterThread: Thread is done: Agent searches (GET /search) 2-51
2026-10-07 15:51:32,956 INFO o.a.j.t.JMeterThread: Thread finished: Agent searches (GET /search) 2-51
2026-10-07 15:51:34,993 INFO o.a.j.t.JMeterThread: Thread started: Agent searches (GET /search) 2-52
2026-10-07 15:51:35,572 INFO o.a.j.t.JMeterThread: Thread is done: Agent searches (GET /search) 2-52
2026-10-07 15:51:35,572 INFO o.a.j.t.JMeterThread: Thread finished: Agent searches (GET /search) 2-52
2026-10-07 15:51:41,409 INFO o.a.j.t.JMeterThread: Thread started: Agent searches (GET /search) 2-53
2026-10-07 15:51:41,921 INFO o.a.j.t.JMeterThread: Thread is done: Agent searches (GET /search) 2-53
2026-10-07 15:51:41,922 INFO o.a.j.t.JMeterThread: Thread finished: Agent searches (GET /search) 2-53
2026-10-07 15:51:48,083 INFO o.a.j.t.JMeterThread: Thread started: Agent searches (GET /search) 2-54
2026-10-07 15:51:48,299 INFO o.a.j.t.JMeterThread: Thread is done: Agent searches (GET /search) 2-54
2026-10-07 15:51:48,299 INFO o.a.j.t.JMeterThread: Thread finished: Agent searches (GET /search) 2-54
2026-10-07 15:51:49,577 INFO o.a.j.t.JMeterThread: Thread started: Agent searches (GET /search) 2-55
2026-10-07 15:51:49,803 INFO o.a.j.t.JMeterThread: Thread is done: Agent searches (GET /search) 2-55
2026-10-07 15:51:49,804 INFO o.a.j.t.JMeterThread: Thread finished: Agent searches (GET /search) 2-55
2026-10-07 15:51:54,409 INFO o.a.j.t.JMeterThread: Thread started: Agent searches (GET /search) 2-56
2026-10-07 15:51:54,661 INFO o.a.j.t.JMeterThread: Thread is done: Agent searches (GET /search) 2-56
2026-10-07 15:51:54,662 INFO o.a.j.t.JMeterThread: Thread finished: Agent searches (GET /search) 2-56
2026-10-07 15:51:56,060 INFO o.a.j.t.JMeterThread: Thread started: Ticket intake (POST /tickets) 1-25
2026-10-07 15:51:57,022 INFO o.a.j.t.JMeterThread: Thread is done: Ticket intake (POST /tickets) 1-25
2026-10-07 15:51:57,022 INFO o.a.j.t.JMeterThread: Thread finished: Ticket intake (POST /tickets) 1-25
2026-10-07 15:52:03,303 INFO o.a.j.t.JMeterThread: Thread started: Agent searches (GET /search) 2-57
2026-10-07 15:52:03,448 INFO o.a.j.r.Summariser: summary +      7 in 00:00:30 =    0.2/s Avg:   409 Min:   141 Max:   957 Err:     0 (0.00%) Active: 1 Started: 82 Finished: 81
2026-10-07 15:52:03,449 INFO o.a.j.r.Summariser: summary =     82 in 00:07:09 =    0.2/s Avg:   438 Min:    38 Max:  1541 Err:     0 (0.00%)
2026-10-07 15:52:03,449 INFO o.a.j.t.JMeterThread: Thread is done: Agent searches (GET /search) 2-57
2026-10-07 15:52:03,449 INFO o.a.j.t.JMeterThread: Thread finished: Agent searches (GET /search) 2-57
2026-10-07 15:52:21,577 INFO o.a.j.t.JMeterThread: Thread started: Agent searches (GET /search) 2-58
2026-10-07 15:52:21,902 INFO o.a.j.t.JMeterThread: Thread is done: Agent searches (GET /search) 2-58
2026-10-07 15:52:21,903 INFO o.a.j.t.JMeterThread: Thread finished: Agent searches (GET /search) 2-58
2026-10-07 15:52:31,795 INFO o.a.j.t.JMeterThread: Thread started: Ticket intake (POST /tickets) 1-26
2026-10-07 15:52:33,033 INFO o.a.j.r.Summariser: summary +      2 in 00:00:30 =    0.1/s Avg:   778 Min:   321 Max:  1235 Err:     0 (0.00%) Active: 1 Started: 84 Finished: 83
2026-10-07 15:52:33,034 INFO o.a.j.r.Summariser: summary =     84 in 00:07:38 =    0.2/s Avg:   446 Min:    38 Max:  1541 Err:     0 (0.00%)
2026-10-07 15:52:33,034 INFO o.a.j.t.JMeterThread: Thread is done: Ticket intake (POST /tickets) 1-26
2026-10-07 15:52:33,035 INFO o.a.j.t.JMeterThread: Thread finished: Ticket intake (POST /tickets) 1-26
2026-10-07 15:52:38,454 INFO o.a.j.t.JMeterThread: Thread started: Agent searches (GET /search) 2-59
2026-10-07 15:52:38,656 INFO o.a.j.t.JMeterThread: Thread is done: Agent searches (GET /search) 2-59
2026-10-07 15:52:38,656 INFO o.a.j.t.JMeterThread: Thread finished: Agent searches (GET /search) 2-59
2026-10-07 15:52:43,640 INFO o.a.j.t.JMeterThread: Thread started: Ticket intake (POST /tickets) 1-27
2026-10-07 15:52:44,487 INFO o.a.j.t.JMeterThread: Thread is done: Ticket intake (POST /tickets) 1-27
2026-10-07 15:52:44,488 INFO o.a.j.t.JMeterThread: Thread finished: Ticket intake (POST /tickets) 1-27
2026-10-07 15:52:53,444 INFO o.a.j.t.JMeterThread: Thread started: Ticket intake (POST /tickets) 1-28
2026-10-07 15:52:54,007 INFO o.a.j.t.JMeterThread: Thread is done: Ticket intake (POST /tickets) 1-28
2026-10-07 15:52:54,008 INFO o.a.j.t.JMeterThread: Thread finished: Ticket intake (POST /tickets) 1-28
2026-10-07 15:52:54,915 INFO o.a.j.t.JMeterThread: Thread started: Agent searches (GET /search) 2-60
2026-10-07 15:52:55,459 INFO o.a.j.t.JMeterThread: Thread is done: Agent searches (GET /search) 2-60
2026-10-07 15:52:55,459 INFO o.a.j.t.JMeterThread: Thread finished: Agent searches (GET /search) 2-60
2026-10-07 15:52:57,224 INFO o.a.j.t.JMeterThread: Thread started: Agent searches (GET /search) 2-61
2026-10-07 15:52:57,492 INFO o.a.j.t.JMeterThread: Thread is done: Agent searches (GET /search) 2-61
2026-10-07 15:52:57,492 INFO o.a.j.t.JMeterThread: Thread finished: Agent searches (GET /search) 2-61
2026-10-07 15:52:57,707 INFO o.a.j.t.JMeterThread: Thread started: Ticket intake (POST /tickets) 1-29
2026-10-07 15:52:58,472 INFO o.a.j.t.JMeterThread: Thread is done: Ticket intake (POST /tickets) 1-29
2026-10-07 15:52:58,472 INFO o.a.j.t.JMeterThread: Thread finished: Ticket intake (POST /tickets) 1-29
2026-10-07 15:53:01,455 INFO o.a.j.t.JMeterThread: Thread started: Agent searches (GET /search) 2-62
2026-10-07 15:53:01,537 INFO o.a.j.r.Summariser: summary +      7 in 00:00:29 =    0.2/s Avg:   463 Min:    78 Max:   843 Err:     0 (0.00%) Active: 1 Started: 91 Finished: 90
2026-10-07 15:53:01,538 INFO o.a.j.r.Summariser: summary =     91 in 00:08:07 =    0.2/s Avg:   447 Min:    38 Max:  1541 Err:     0 (0.00%)
2026-10-07 15:53:01,538 INFO o.a.j.t.JMeterThread: Thread is done: Agent searches (GET /search) 2-62
2026-10-07 15:53:01,538 INFO o.a.j.t.JMeterThread: Thread finished: Agent searches (GET /search) 2-62
2026-10-07 15:53:03,842 INFO o.a.j.t.JMeterThread: Thread started: Ticket intake (POST /tickets) 1-30
2026-10-07 15:53:04,351 INFO o.a.j.t.JMeterThread: Thread is done: Ticket intake (POST /tickets) 1-30
2026-10-07 15:53:04,351 INFO o.a.j.t.JMeterThread: Thread finished: Ticket intake (POST /tickets) 1-30
2026-10-07 15:53:08,261 INFO o.a.j.t.JMeterThread: Thread started: Agent searches (GET /search) 2-63
2026-10-07 15:53:08,396 INFO o.a.j.t.JMeterThread: Thread is done: Agent searches (GET /search) 2-63
2026-10-07 15:53:08,396 INFO o.a.j.t.JMeterThread: Thread finished: Agent searches (GET /search) 2-63
2026-10-07 15:53:16,434 INFO o.a.j.t.JMeterThread: Thread started: Ticket intake (POST /tickets) 1-31
2026-10-07 15:53:17,328 INFO o.a.j.t.JMeterThread: Thread is done: Ticket intake (POST /tickets) 1-31
2026-10-07 15:53:17,328 INFO o.a.j.t.JMeterThread: Thread finished: Ticket intake (POST /tickets) 1-31
2026-10-07 15:53:31,978 INFO o.a.j.t.JMeterThread: Thread started: Agent searches (GET /search) 2-64
2026-10-07 15:53:32,312 INFO o.a.j.r.Summariser: summary +      4 in 00:00:31 =    0.1/s Avg:   464 Min:   132 Max:   891 Err:     0 (0.00%) Active: 1 Started: 95 Finished: 94
2026-10-07 15:53:32,313 INFO o.a.j.r.Summariser: summary =     95 in 00:08:38 =    0.2/s Avg:   448 Min:    38 Max:  1541 Err:     0 (0.00%)
2026-10-07 15:53:32,313 INFO o.a.j.t.JMeterThread: Thread is done: Agent searches (GET /search) 2-64
2026-10-07 15:53:32,313 INFO o.a.j.t.JMeterThread: Thread finished: Agent searches (GET /search) 2-64
2026-10-07 15:53:34,160 INFO o.a.j.t.JMeterThread: Thread started: Agent searches (GET /search) 2-65
2026-10-07 15:53:34,279 INFO o.a.j.t.JMeterThread: Thread is done: Agent searches (GET /search) 2-65
2026-10-07 15:53:34,279 INFO o.a.j.t.JMeterThread: Thread finished: Agent searches (GET /search) 2-65
2026-10-07 15:53:34,762 INFO o.a.j.t.JMeterThread: Thread started: Agent searches (GET /search) 2-66
2026-10-07 15:53:34,910 INFO o.a.j.t.JMeterThread: Thread is done: Agent searches (GET /search) 2-66
2026-10-07 15:53:34,910 INFO o.a.j.t.JMeterThread: Thread finished: Agent searches (GET /search) 2-66
2026-10-07 15:53:52,472 INFO o.a.j.t.JMeterThread: Thread started: Ticket intake (POST /tickets) 1-32
2026-10-07 15:53:53,328 INFO o.a.j.t.JMeterThread: Thread is done: Ticket intake (POST /tickets) 1-32
2026-10-07 15:53:53,329 INFO o.a.j.t.JMeterThread: Thread finished: Ticket intake (POST /tickets) 1-32
2026-10-07 15:54:03,115 INFO o.a.j.t.JMeterThread: Thread started: Ticket intake (POST /tickets) 1-33
2026-10-07 15:54:03,553 INFO o.a.j.t.JMeterThread: Thread started: Agent searches (GET /search) 2-67
2026-10-07 15:54:03,750 INFO o.a.j.r.Summariser: summary +      4 in 00:00:31 =    0.1/s Avg:   326 Min:   116 Max:   853 Err:     0 (0.00%) Active: 2 Started: 100 Finished: 98
2026-10-07 15:54:03,750 INFO o.a.j.r.Summariser: summary =     99 in 00:09:09 =    0.2/s Avg:   443 Min:    38 Max:  1541 Err:     0 (0.00%)
2026-10-07 15:54:03,750 INFO o.a.j.t.JMeterThread: Thread is done: Agent searches (GET /search) 2-67
2026-10-07 15:54:03,750 INFO o.a.j.t.JMeterThread: Thread finished: Agent searches (GET /search) 2-67
2026-10-07 15:54:03,849 INFO o.a.j.t.JMeterThread: Thread is done: Ticket intake (POST /tickets) 1-33
2026-10-07 15:54:03,850 INFO o.a.j.t.JMeterThread: Thread finished: Ticket intake (POST /tickets) 1-33
2026-10-07 15:54:06,559 INFO o.a.j.t.JMeterThread: Thread started: Agent searches (GET /search) 2-68
2026-10-07 15:54:07,148 INFO o.a.j.t.JMeterThread: Thread is done: Agent searches (GET /search) 2-68
2026-10-07 15:54:07,148 INFO o.a.j.t.JMeterThread: Thread finished: Agent searches (GET /search) 2-68
2026-10-07 15:54:11,093 INFO o.a.j.t.JMeterThread: Thread started: Ticket intake (POST /tickets) 1-34
2026-10-07 15:54:12,042 INFO o.a.j.t.JMeterThread: Thread is done: Ticket intake (POST /tickets) 1-34
2026-10-07 15:54:12,043 INFO o.a.j.t.JMeterThread: Thread finished: Ticket intake (POST /tickets) 1-34
2026-10-07 15:54:30,650 INFO o.a.j.t.o.EvenArrivalsRamp: Generating 0 events, beginRate = 0.0 / sec, endRate = 0.0 / sec, duration = 300.0 sec
2026-10-07 15:54:30,650 INFO o.a.j.t.JMeterThread: Thread started: Ticket intake (POST /tickets) 1-35
2026-10-07 15:54:30,651 INFO o.a.j.t.o.OpenModelThreadGroup: There will be no more events, so will wait for 323 sec till the end of the schedule
2026-10-07 15:54:31,465 INFO o.a.j.r.Summariser: summary +      4 in 00:00:28 =    0.1/s Avg:   767 Min:   584 Max:   946 Err:     0 (0.00%) Active: 1 Started: 103 Finished: 102
2026-10-07 15:54:31,465 INFO o.a.j.r.Summariser: summary =    103 in 00:09:37 =    0.2/s Avg:   455 Min:    38 Max:  1541 Err:     0 (0.00%)
2026-10-07 15:54:31,466 INFO o.a.j.t.JMeterThread: Thread is done: Ticket intake (POST /tickets) 1-35
2026-10-07 15:54:31,466 INFO o.a.j.t.JMeterThread: Thread finished: Ticket intake (POST /tickets) 1-35
2026-10-07 15:54:40,317 INFO o.a.j.t.JMeterThread: Thread started: Agent searches (GET /search) 2-69
2026-10-07 15:54:40,417 INFO o.a.j.t.JMeterThread: Thread is done: Agent searches (GET /search) 2-69
2026-10-07 15:54:40,417 INFO o.a.j.t.JMeterThread: Thread finished: Agent searches (GET /search) 2-69
2026-10-07 15:54:47,159 INFO o.a.j.t.JMeterThread: Thread started: Agent searches (GET /search) 2-70
2026-10-07 15:54:47,158 INFO o.a.j.t.o.EvenArrivalsRamp: Generating 0 events, beginRate = 0.0 / sec, endRate = 0.0 / sec, duration = 300.0 sec
2026-10-07 15:54:47,159 INFO o.a.j.t.o.OpenModelThreadGroup: There will be no more events, so will wait for 307 sec till the end of the schedule
2026-10-07 15:54:47,285 INFO o.a.j.t.JMeterThread: Thread is done: Agent searches (GET /search) 2-70
2026-10-07 15:54:47,286 INFO o.a.j.t.JMeterThread: Thread finished: Agent searches (GET /search) 2-70
2026-10-07 15:59:54,508 INFO o.a.j.t.o.OpenModelThreadGroup: There will be no more events, will shutdown the thread pool
2026-10-07 15:59:54,508 INFO o.a.j.t.o.OpenModelThreadGroup: There will be no more events, will shutdown the thread pool
2026-10-07 15:59:54,509 INFO o.a.j.t.o.OpenModelThreadGroup: Thread starting done
2026-10-07 15:59:54,511 INFO o.a.j.t.o.OpenModelThreadGroup: Thread starting done
2026-10-07 15:59:54,511 INFO o.a.j.e.StandardJMeterEngine: Notifying test listeners of end of test
2026-10-07 15:59:54,511 INFO o.a.j.s.FileServer: Close: /Users/ridwan/Documents/GitHub/ICT3113_A1_P1-3/loadtest/data/tickets.tsv
2026-10-07 15:59:54,517 INFO o.a.j.r.Summariser: summary +      2 in 00:05:23 =    0.0/s Avg:   110 Min:    97 Max:   123 Err:     0 (0.00%) Active: 0 Started: 105 Finished: 105
2026-10-07 15:59:54,517 INFO o.a.j.r.Summariser: summary =    105 in 00:15:00 =    0.1/s Avg:   449 Min:    38 Max:  1541 Err:     0 (0.00%)
2026-10-07 15:59:54,518 INFO o.a.j.e.StandardJMeterEngine: Forced JVM shutdown requested at end of test
