2026-10-06 16:42:47,722 INFO o.a.j.u.JMeterUtils: Setting Locale to en_EN
2026-10-06 16:42:47,731 INFO o.a.j.JMeter: Loading user properties from: /Users/ridwan/Downloads/apache-jmeter-5.6.3/bin/user.properties
2026-10-06 16:42:47,731 INFO o.a.j.JMeter: Loading system properties from: /Users/ridwan/Downloads/apache-jmeter-5.6.3/bin/system.properties
2026-10-06 16:42:47,731 INFO o.a.j.JMeter: Loading additional properties from: loadtest/triage.properties
2026-10-06 16:42:47,732 INFO o.a.j.JMeter: Setting JMeter property: host=172.20.10.2
2026-10-06 16:42:47,732 INFO o.a.j.JMeter: Setting JMeter property: port=8000
2026-10-06 16:42:47,732 INFO o.a.j.JMeter: Setting JMeter property: rate=1.45
2026-10-06 16:42:47,732 INFO o.a.j.JMeter: Setting JMeter property: rate_end=1.45
2026-10-06 16:42:47,732 INFO o.a.j.JMeter: Setting JMeter property: search_rate=2.9
2026-10-06 16:42:47,732 INFO o.a.j.JMeter: Setting JMeter property: duration=10
2026-10-06 16:42:47,732 INFO o.a.j.JMeter: Setting JMeter property: drain=5
2026-10-06 16:42:47,732 INFO o.a.j.JMeter: Setting JMeter property: data=/Users/ridwan/Documents/GitHub/ICT3113_A1_P1-3/loadtest/data/tickets.tsv
2026-10-06 16:42:47,734 INFO o.a.j.JMeter: Copyright (c) 1998-2024 The Apache Software Foundation
2026-10-06 16:42:47,734 INFO o.a.j.JMeter: Version 5.6.3
2026-10-06 16:42:47,734 INFO o.a.j.JMeter: java.version=17.0.17
2026-10-06 16:42:47,734 INFO o.a.j.JMeter: java.vm.name=OpenJDK 64-Bit Server VM
2026-10-06 16:42:47,734 INFO o.a.j.JMeter: os.name=Mac OS X
2026-10-06 16:42:47,734 INFO o.a.j.JMeter: os.arch=aarch64
2026-10-06 16:42:47,734 INFO o.a.j.JMeter: os.version=26.5
2026-10-06 16:42:47,734 INFO o.a.j.JMeter: file.encoding=UTF-8
2026-10-06 16:42:47,734 INFO o.a.j.JMeter: java.awt.headless=true
2026-10-06 16:42:47,734 INFO o.a.j.JMeter: Max memory     =1073741824
2026-10-06 16:42:47,735 INFO o.a.j.JMeter: Available Processors =10
2026-10-06 16:42:47,738 INFO o.a.j.JMeter: Default Locale=English (EN)
2026-10-06 16:42:47,738 INFO o.a.j.JMeter: JMeter  Locale=English (EN)
2026-10-06 16:42:47,738 INFO o.a.j.JMeter: JMeterHome=/Users/ridwan/Downloads/apache-jmeter-5.6.3
2026-10-06 16:42:47,738 INFO o.a.j.JMeter: user.dir  =/Users/ridwan/Documents/GitHub/ICT3113_A1_P1-3
2026-10-06 16:42:47,738 INFO o.a.j.JMeter: PWD       =/Users/ridwan/Documents/GitHub/ICT3113_A1_P1-3
2026-10-06 16:42:47,740 INFO o.a.j.JMeter: IP: 127.0.0.1 Name: Muhammads-MacBook-Air-4.local FullName: localhost
2026-10-06 16:42:47,744 INFO o.a.j.s.FileServer: Default base='/Users/ridwan/Documents/GitHub/ICT3113_A1_P1-3'
2026-10-06 16:42:47,746 INFO o.a.j.s.FileServer: Set new base='/Users/ridwan/Documents/GitHub/ICT3113_A1_P1-3/loadtest'
2026-10-06 16:42:47,813 INFO o.a.j.s.SaveService: Testplan (JMX) version: 2.2. Testlog (JTL) version: 2.2
2026-10-06 16:42:47,827 INFO o.a.j.s.SaveService: Using SaveService properties version 5.0
2026-10-06 16:42:47,828 INFO o.a.j.s.SaveService: Using SaveService properties file encoding UTF-8
2026-10-06 16:42:47,829 INFO o.a.j.s.SaveService: Loading file: loadtest/triage.jmx
2026-10-06 16:42:47,858 INFO o.a.j.p.h.s.HTTPSamplerBase: Parser for text/html is org.apache.jmeter.protocol.http.parser.LagartoBasedHtmlParser
2026-10-06 16:42:47,858 INFO o.a.j.p.h.s.HTTPSamplerBase: Parser for application/xhtml+xml is org.apache.jmeter.protocol.http.parser.LagartoBasedHtmlParser
2026-10-06 16:42:47,858 INFO o.a.j.p.h.s.HTTPSamplerBase: Parser for application/xml is org.apache.jmeter.protocol.http.parser.LagartoBasedHtmlParser
2026-10-06 16:42:47,858 INFO o.a.j.p.h.s.HTTPSamplerBase: Parser for text/xml is org.apache.jmeter.protocol.http.parser.LagartoBasedHtmlParser
2026-10-06 16:42:47,858 INFO o.a.j.p.h.s.HTTPSamplerBase: Parser for text/vnd.wap.wml is org.apache.jmeter.protocol.http.parser.RegexpHTMLParser
2026-10-06 16:42:47,858 INFO o.a.j.p.h.s.HTTPSamplerBase: Parser for text/css is org.apache.jmeter.protocol.http.parser.CssParser
2026-10-06 16:42:47,866 INFO o.a.j.JMeter: Creating summariser <summary>
2026-10-06 16:42:47,873 INFO o.a.j.e.StandardJMeterEngine: Running the test!
2026-10-06 16:42:47,873 INFO o.a.j.s.SampleEvent: List of sample_variables: [rid, row]
2026-10-06 16:42:47,873 INFO o.a.j.s.SampleEvent: List of sample_variables: [rid, row]
2026-10-06 16:42:47,876 INFO o.a.j.e.u.CompoundVariable: Note: Function class names must contain the string: '.functions.'
2026-10-06 16:42:47,876 INFO o.a.j.e.u.CompoundVariable: Note: Function class names must not contain the string: '.gui.'
2026-10-06 16:42:47,979 INFO o.a.j.JMeter: Running test (1791276167979)
2026-10-06 16:42:47,986 INFO o.a.j.e.StandardJMeterEngine: Starting ThreadGroup: 1 : Ticket intake (POST /tickets)
2026-10-06 16:42:47,987 INFO o.a.j.e.StandardJMeterEngine: Starting 0 threads for group Ticket intake (POST /tickets).
2026-10-06 16:42:47,987 INFO o.a.j.e.StandardJMeterEngine: Thread will continue on error
2026-10-06 16:42:47,987 INFO o.a.j.t.o.OpenModelThreadGroup: Starting OpenModelThreadGroup#1 with schedule rate(1.45/min) random_arrivals(10 min) rate(1.45/min) pause(5 min)
2026-10-06 16:42:48,000 INFO o.a.j.e.StandardJMeterEngine: Starting ThreadGroup: 2 : Agent searches (GET /search)
2026-10-06 16:42:48,000 INFO o.a.j.e.StandardJMeterEngine: Starting 0 threads for group Agent searches (GET /search).
2026-10-06 16:42:48,000 INFO o.a.j.e.StandardJMeterEngine: Thread will continue on error
2026-10-06 16:42:48,000 INFO o.a.j.t.o.OpenModelThreadGroup: Thread starting init
2026-10-06 16:42:48,000 INFO o.a.j.t.o.OpenModelThreadGroup: Starting OpenModelThreadGroup#2 with schedule rate(2.9/min) random_arrivals(10 min) rate(2.9/min) pause(5 min)
2026-10-06 16:42:48,000 INFO o.a.j.e.StandardJMeterEngine: All thread groups have been started
2026-10-06 16:42:48,001 INFO o.a.j.t.o.OpenModelThreadGroup: Thread starting init
2026-10-06 16:42:48,002 INFO o.a.j.t.o.PoissonArrivalsRamp: Generating 29 events, beginRate = 0.04833333333333333 / sec, endRate = 0.04833333333333333 / sec, duration = 600.0 sec
2026-10-06 16:42:48,002 INFO o.a.j.t.o.PoissonArrivalsRamp: Generating 14 events, beginRate = 0.024166666666666666 / sec, endRate = 0.024166666666666666 / sec, duration = 600.0 sec
2026-10-06 16:42:54,412 INFO o.a.j.t.JMeterThread: Thread started: Ticket intake (POST /tickets) 1-1
2026-10-06 16:42:54,413 INFO o.a.j.s.FileServer: Stored: /Users/ridwan/Documents/GitHub/ICT3113_A1_P1-3/loadtest/data/tickets.tsv
2026-10-06 16:42:54,627 INFO o.a.j.p.h.s.HTTPHCAbstractImpl: Local host = Muhammads-MacBook-Air-4.local
2026-10-06 16:42:54,629 INFO o.a.j.p.h.s.HTTPHC4Impl: HTTP request retry count = 0
2026-10-06 16:42:54,630 INFO o.a.j.s.SampleResult: Note: Sample TimeStamps are START times
2026-10-06 16:42:54,630 INFO o.a.j.s.SampleResult: sampleresult.default.encoding is set to UTF-8
2026-10-06 16:42:54,630 INFO o.a.j.s.SampleResult: sampleresult.useNanoTime=true
2026-10-06 16:42:54,630 INFO o.a.j.s.SampleResult: sampleresult.nanoThreadSleep=5000
2026-10-06 16:42:56,004 INFO o.a.j.t.JMeterThread: Thread is done: Ticket intake (POST /tickets) 1-1
2026-10-06 16:42:56,004 INFO o.a.j.t.JMeterThread: Thread finished: Ticket intake (POST /tickets) 1-1
2026-10-06 16:43:00,250 INFO o.a.j.t.JMeterThread: Thread started: Agent searches (GET /search) 2-1
2026-10-06 16:43:00,421 INFO o.a.j.r.Summariser: summary +      2 in 00:00:12 =    0.2/s Avg:   725 Min:   103 Max:  1347 Err:     0 (0.00%) Active: 1 Started: 2 Finished: 1
2026-10-06 16:43:00,421 INFO o.a.j.t.JMeterThread: Thread is done: Agent searches (GET /search) 2-1
2026-10-06 16:43:00,421 INFO o.a.j.t.JMeterThread: Thread finished: Agent searches (GET /search) 2-1
2026-10-06 16:43:06,196 INFO o.a.j.t.JMeterThread: Thread started: Agent searches (GET /search) 2-2
2026-10-06 16:43:06,505 INFO o.a.j.t.JMeterThread: Thread is done: Agent searches (GET /search) 2-2
2026-10-06 16:43:06,505 INFO o.a.j.t.JMeterThread: Thread finished: Agent searches (GET /search) 2-2
2026-10-06 16:43:28,944 INFO o.a.j.t.JMeterThread: Thread started: Ticket intake (POST /tickets) 1-2
2026-10-06 16:43:29,833 INFO o.a.j.t.JMeterThread: Thread is done: Ticket intake (POST /tickets) 1-2
2026-10-06 16:43:29,833 INFO o.a.j.t.JMeterThread: Thread finished: Ticket intake (POST /tickets) 1-2
2026-10-06 16:43:38,888 INFO o.a.j.t.JMeterThread: Thread started: Ticket intake (POST /tickets) 1-3
2026-10-06 16:43:40,019 INFO o.a.j.t.JMeterThread: Thread is done: Ticket intake (POST /tickets) 1-3
2026-10-06 16:43:40,019 INFO o.a.j.t.JMeterThread: Thread finished: Ticket intake (POST /tickets) 1-3
2026-10-06 16:43:55,614 INFO o.a.j.t.JMeterThread: Thread started: Agent searches (GET /search) 2-3
2026-10-06 16:43:55,923 INFO o.a.j.t.JMeterThread: Thread is done: Agent searches (GET /search) 2-3
2026-10-06 16:43:55,923 INFO o.a.j.t.JMeterThread: Thread finished: Agent searches (GET /search) 2-3
2026-10-06 16:43:56,444 INFO o.a.j.t.JMeterThread: Thread started: Agent searches (GET /search) 2-4
2026-10-06 16:43:56,608 INFO o.a.j.t.JMeterThread: Thread is done: Agent searches (GET /search) 2-4
2026-10-06 16:43:56,608 INFO o.a.j.t.JMeterThread: Thread finished: Agent searches (GET /search) 2-4
2026-10-06 16:44:13,975 INFO o.a.j.t.JMeterThread: Thread started: Agent searches (GET /search) 2-5
2026-10-06 16:44:14,020 INFO o.a.j.t.JMeterThread: Thread is done: Agent searches (GET /search) 2-5
2026-10-06 16:44:14,020 INFO o.a.j.t.JMeterThread: Thread finished: Agent searches (GET /search) 2-5
2026-10-06 16:44:15,614 INFO o.a.j.t.JMeterThread: Thread started: Agent searches (GET /search) 2-6
2026-10-06 16:44:15,680 INFO o.a.j.t.JMeterThread: Thread is done: Agent searches (GET /search) 2-6
2026-10-06 16:44:15,680 INFO o.a.j.t.JMeterThread: Thread finished: Agent searches (GET /search) 2-6
2026-10-06 16:45:04,238 INFO o.a.j.t.JMeterThread: Thread started: Agent searches (GET /search) 2-7
2026-10-06 16:45:04,371 INFO o.a.j.r.Summariser: summary +      8 in 00:02:04 =    0.1/s Avg:   376 Min:    42 Max:  1126 Err:     0 (0.00%) Active: 1 Started: 10 Finished: 9
2026-10-06 16:45:04,371 INFO o.a.j.r.Summariser: summary =     10 in 00:02:16 =    0.1/s Avg:   446 Min:    42 Max:  1347 Err:     0 (0.00%)
2026-10-06 16:45:04,372 INFO o.a.j.t.JMeterThread: Thread is done: Agent searches (GET /search) 2-7
2026-10-06 16:45:04,372 INFO o.a.j.t.JMeterThread: Thread finished: Agent searches (GET /search) 2-7
2026-10-06 16:45:05,887 INFO o.a.j.t.JMeterThread: Thread started: Ticket intake (POST /tickets) 1-4
2026-10-06 16:45:06,471 INFO o.a.j.t.JMeterThread: Thread is done: Ticket intake (POST /tickets) 1-4
2026-10-06 16:45:06,471 INFO o.a.j.t.JMeterThread: Thread finished: Ticket intake (POST /tickets) 1-4
2026-10-06 16:45:11,994 INFO o.a.j.t.JMeterThread: Thread started: Agent searches (GET /search) 2-8
2026-10-06 16:45:12,208 INFO o.a.j.t.JMeterThread: Thread is done: Agent searches (GET /search) 2-8
2026-10-06 16:45:12,208 INFO o.a.j.t.JMeterThread: Thread finished: Agent searches (GET /search) 2-8
2026-10-06 16:45:22,571 INFO o.a.j.t.JMeterThread: Thread started: Agent searches (GET /search) 2-9
2026-10-06 16:45:22,655 INFO o.a.j.t.JMeterThread: Thread is done: Agent searches (GET /search) 2-9
2026-10-06 16:45:22,655 INFO o.a.j.t.JMeterThread: Thread finished: Agent searches (GET /search) 2-9
2026-10-06 16:45:31,305 INFO o.a.j.t.JMeterThread: Thread started: Agent searches (GET /search) 2-10
2026-10-06 16:45:31,425 INFO o.a.j.r.Summariser: summary +      4 in 00:00:27 =    0.1/s Avg:   246 Min:    79 Max:   580 Err:     0 (0.00%) Active: 1 Started: 14 Finished: 13
2026-10-06 16:45:31,426 INFO o.a.j.r.Summariser: summary =     14 in 00:02:43 =    0.1/s Avg:   389 Min:    42 Max:  1347 Err:     0 (0.00%)
2026-10-06 16:45:31,426 INFO o.a.j.t.JMeterThread: Thread is done: Agent searches (GET /search) 2-10
2026-10-06 16:45:31,427 INFO o.a.j.t.JMeterThread: Thread finished: Agent searches (GET /search) 2-10
2026-10-06 16:46:08,531 INFO o.a.j.t.JMeterThread: Thread started: Ticket intake (POST /tickets) 1-5
2026-10-06 16:46:09,018 INFO o.a.j.t.JMeterThread: Thread is done: Ticket intake (POST /tickets) 1-5
2026-10-06 16:46:09,018 INFO o.a.j.t.JMeterThread: Thread finished: Ticket intake (POST /tickets) 1-5
2026-10-06 16:46:15,970 INFO o.a.j.r.ResultCollector: Shutdown hook started
2026-10-06 16:46:15,971 INFO o.a.j.r.ResultCollector: Shutdown hook ended
